Plate,Well,F-BC,R-BC,VariantCombo,AlignmentFrequency,WellSeqDepth,R1,R2
DI03,A01,GATCATG,TGAGCCT,SYSF,1.0,3,./TestDatasets/ForwardAndReverseDisagree/Set1/TestData_R1_test.fastq,./TestDatasets/ForwardAndReverseDisagree/Set1/TestData_R2_test.fastq
DI03,A03,AAGCACC,TCATTGC,YSYC,1.0,6,./TestDatasets/ForwardAndReverseDisagree/Set1/TestData_R1_test.fastq,./TestDatasets/ForwardAndReverseDisagree/Set1/TestData_R2_test.fastq
DI03,A04,TGGCTCA,AGCATCT,SFSS,1.0,4,./TestDatasets/ForwardAndReverseDisagree/Set1/TestData_R1_test.fastq,./TestDatasets/ForwardAndReverseDisagree/Set1/TestData_R2_test.fastq
DI03,A06,GAAGCGT,CAAGGAT,FYSL,1.0,13,./TestDatasets/ForwardAndReverseDisagree/Set1/TestData_R1_test.fastq,./TestDatasets/ForwardAndReverseDisagree/Set1/TestData_R2_test.fastq
DI03,A08,TTGAAGG,AGGTCAA,SYSF,1.0,9,./TestDatasets/ForwardAndReverseDisagree/Set1/TestData_R1_test.fastq,./TestDatasets/ForwardAndReverseDisagree/Set1/TestData_R2_test.fastq
DI03,B08,TGCTGTC,AACTGAC,FSSC,1.0,13,./TestDatasets/ForwardAndReverseDisagree/Set1/TestData_R1_test.fastq,./TestDatasets/ForwardAndReverseDisagree/Set1/TestData_R2_test.fastq
DI03,C11,ATGGACA,TCCGAAG,FSSC,1.0,8,./TestDatasets/ForwardAndReverseDisagree/Set1/TestData_R1_test.fastq,./TestDatasets/ForwardAndReverseDisagree/Set1/TestData_R2_test.fastq
DI03,D03,GAGTTGA,ACTACCG,LSFC,1.0,7,./TestDatasets/ForwardAndReverseDisagree/Set1/TestData_R1_test.fastq,./TestDatasets/ForwardAndReverseDisagree/Set1/TestData_R2_test.fastq
DI03,E02,AATCGGA,ACCGGAA,SYSS,1.0,3,./TestDatasets/ForwardAndReverseDisagree/Set1/TestData_R1_test.fastq,./TestDatasets/ForwardAndReverseDisagree/Set1/TestData_R2_test.fastq
DI03,E04,GGAATGT,GTTATGG,CFSC,1.0,6,./TestDatasets/ForwardAndReverseDisagree/Set1/TestData_R1_test.fastq,./TestDatasets/ForwardAndReverseDisagree/Set1/TestData_R2_test.fastq
DI03,E06,GCACCTA,CGAATAG,LCSC,1.0,13,./TestDatasets/ForwardAndReverseDisagree/Set1/TestData_R1_test.fastq,./TestDatasets/ForwardAndReverseDisagree/Set1/TestData_R2_test.fastq
DI03,E09,CTGCATA,TGTCGAC,CFSY,1.0,10,./TestDatasets/ForwardAndReverseDisagree/Set1/TestData_R1_test.fastq,./TestDatasets/ForwardAndReverseDisagree/Set1/TestData_R2_test.fastq
DI03,F07,GATGCCA,TGTGGTA,SFYC,1.0,14,./TestDatasets/ForwardAndReverseDisagree/Set1/TestData_R1_test.fastq,./TestDatasets/ForwardAndReverseDisagree/Set1/TestData_R2_test.fastq
DI03,F10,ATGAGCG,TTCCTGC,FLYF,1.0,10,./TestDatasets/ForwardAndReverseDisagree/Set1/TestData_R1_test.fastq,./TestDatasets/ForwardAndReverseDisagree/Set1/TestData_R2_test.fastq
DI03,F11,TACTCCG,TATGTCG,SCSS,1.0,14,./TestDatasets/ForwardAndReverseDisagree/Set1/TestData_R1_test.fastq,./TestDatasets/ForwardAndReverseDisagree/Set1/TestData_R2_test.fastq
DI03,G07,GTATAGC,GATTGCG,SSSY,1.0,12,./TestDatasets/ForwardAndReverseDisagree/Set1/TestData_R1_test.fastq,./TestDatasets/ForwardAndReverseDisagree/Set1/TestData_R2_test.fastq
DI03,H04,CTAGGTG,CACTTGC,SCSY,1.0,14,./TestDatasets/ForwardAndReverseDisagree/Set1/TestData_R1_test.fastq,./TestDatasets/ForwardAndReverseDisagree/Set1/TestData_R2_test.fastq
