Plate,Well,F-BC,R-BC,VariantCombo,AlignmentFrequency,WellSeqDepth,R1,R2,logseqdepth
DI04,A01,GATCATG,GTGTCTC,LSSS,1.0,6,./TestDatasets/ForwardAndReverseDisagree/Set1/TestData_R1_test.fastq,./TestDatasets/ForwardAndReverseDisagree/Set1/TestData_R2_test.fastq,1.791759469228055
DI04,A11,GCGTTAT,TTCAGCC,SCSS,1.0,10,./TestDatasets/ForwardAndReverseDisagree/Set1/TestData_R1_test.fastq,./TestDatasets/ForwardAndReverseDisagree/Set1/TestData_R2_test.fastq,2.302585092994046
DI04,B01,TGCCTAT,TGAGCCT,SYLY,1.0,4,./TestDatasets/ForwardAndReverseDisagree/Set1/TestData_R1_test.fastq,./TestDatasets/ForwardAndReverseDisagree/Set1/TestData_R2_test.fastq,1.3862943611198906
DI04,B06,CTTCAGC,CAAGGAT,CCFS,1.0,4,./TestDatasets/ForwardAndReverseDisagree/Set1/TestData_R1_test.fastq,./TestDatasets/ForwardAndReverseDisagree/Set1/TestData_R2_test.fastq,1.3862943611198906
DI04,B12,CTTCGCT,TCGAGCT,SYSC,1.0,1,./TestDatasets/ForwardAndReverseDisagree/Set1/TestData_R1_test.fastq,./TestDatasets/ForwardAndReverseDisagree/Set1/TestData_R2_test.fastq,0.0
DI04,C04,ACATGAG,ACGGTTC,LSSC,1.0,1,./TestDatasets/ForwardAndReverseDisagree/Set1/TestData_R1_test.fastq,./TestDatasets/ForwardAndReverseDisagree/Set1/TestData_R2_test.fastq,0.0
DI04,C11,ATGGACA,TCGACAC,SYSL,1.0,14,./TestDatasets/ForwardAndReverseDisagree/Set1/TestData_R1_test.fastq,./TestDatasets/ForwardAndReverseDisagree/Set1/TestData_R2_test.fastq,2.6390573296152584
DI04,D05,TGAAGCG,GTGGAAC,SYCF,1.0,5,./TestDatasets/ForwardAndReverseDisagree/Set1/TestData_R1_test.fastq,./TestDatasets/ForwardAndReverseDisagree/Set1/TestData_R2_test.fastq,1.6094379124341003
DI04,D07,AGAGAAC,GGTCTGA,CLSS,1.0,9,./TestDatasets/ForwardAndReverseDisagree/Set1/TestData_R1_test.fastq,./TestDatasets/ForwardAndReverseDisagree/Set1/TestData_R2_test.fastq,2.1972245773362196
DI04,D10,GTACGAC,ATGCCTG,SFCY,1.0,9,./TestDatasets/ForwardAndReverseDisagree/Set1/TestData_R1_test.fastq,./TestDatasets/ForwardAndReverseDisagree/Set1/TestData_R2_test.fastq,2.1972245773362196
DI04,E08,CAGGATT,GACGACT,YSCF,1.0,11,./TestDatasets/ForwardAndReverseDisagree/Set1/TestData_R1_test.fastq,./TestDatasets/ForwardAndReverseDisagree/Set1/TestData_R2_test.fastq,2.3978952727983707
DI04,F05,CGAGCAA,ATCCTCG,FCSC,1.0,6,./TestDatasets/ForwardAndReverseDisagree/Set1/TestData_R1_test.fastq,./TestDatasets/ForwardAndReverseDisagree/Set1/TestData_R2_test.fastq,1.791759469228055
DI04,F06,CTACTCC,CGAATAG,FSLF,1.0,16,./TestDatasets/ForwardAndReverseDisagree/Set1/TestData_R1_test.fastq,./TestDatasets/ForwardAndReverseDisagree/Set1/TestData_R2_test.fastq,2.772588722239781
DI04,G10,GAAGAAG,TTCCTGC,SYCL,1.0,11,./TestDatasets/ForwardAndReverseDisagree/Set1/TestData_R1_test.fastq,./TestDatasets/ForwardAndReverseDisagree/Set1/TestData_R2_test.fastq,2.3978952727983707
DI04,G11,AGCGGTT,TATGTCG,SSSY,1.0,3,./TestDatasets/ForwardAndReverseDisagree/Set1/TestData_R1_test.fastq,./TestDatasets/ForwardAndReverseDisagree/Set1/TestData_R2_test.fastq,1.0986122886681098
DI04,G12,TAAGGCC,GGAGAGA,FCYS,1.0,17,./TestDatasets/ForwardAndReverseDisagree/Set1/TestData_R1_test.fastq,./TestDatasets/ForwardAndReverseDisagree/Set1/TestData_R2_test.fastq,2.833213344056216
DI04,H07,CGGTTGT,GATTGCG,SSLC,1.0,10,./TestDatasets/ForwardAndReverseDisagree/Set1/TestData_R1_test.fastq,./TestDatasets/ForwardAndReverseDisagree/Set1/TestData_R2_test.fastq,2.302585092994046
DI04,H09,CATTCGA,TCACAGG,LSSS,1.0,2,./TestDatasets/ForwardAndReverseDisagree/Set1/TestData_R1_test.fastq,./TestDatasets/ForwardAndReverseDisagree/Set1/TestData_R2_test.fastq,0.6931471805599453
DI04,H12,CCTAATC,CCTCGAA,SFSS,1.0,8,./TestDatasets/ForwardAndReverseDisagree/Set1/TestData_R1_test.fastq,./TestDatasets/ForwardAndReverseDisagree/Set1/TestData_R2_test.fastq,2.0794415416798357
