Plate,Well,F-BC,R-BC,VariantCombo,AlignmentFrequency,WellSeqDepth,R1,R2
DI05,A01,GATCATG,CCTTAGG,KRAL,1.0,8,./TestDatasets/DifferentPositions/Pos3/TestData_R1_test.fastq,./TestDatasets/DifferentPositions/Pos3/TestData_R2_test.fastq
DI05,A02,TACATGG,TGTATCC,CLPA,1.0,3,./TestDatasets/DifferentPositions/Pos3/TestData_R1_test.fastq,./TestDatasets/DifferentPositions/Pos3/TestData_R2_test.fastq
DI05,A04,TGGCTCA,CTGATGA,VGWC,1.0,7,./TestDatasets/DifferentPositions/Pos3/TestData_R1_test.fastq,./TestDatasets/DifferentPositions/Pos3/TestData_R2_test.fastq
DI05,A05,CTTGCTC,AAGACAG,EA*D,1.0,4,./TestDatasets/DifferentPositions/Pos3/TestData_R1_test.fastq,./TestDatasets/DifferentPositions/Pos3/TestData_R2_test.fastq
DI05,A07,TCTCCAT,GATTGCG,HPQC,1.0,11,./TestDatasets/DifferentPositions/Pos3/TestData_R1_test.fastq,./TestDatasets/DifferentPositions/Pos3/TestData_R2_test.fastq
DI05,A08,TTGAAGG,TCCTTCA,GVSN,1.0,6,./TestDatasets/DifferentPositions/Pos3/TestData_R1_test.fastq,./TestDatasets/DifferentPositions/Pos3/TestData_R2_test.fastq
DI05,A10,ATCTCCA,AGAGCTG,DIPE,1.0,11,./TestDatasets/DifferentPositions/Pos3/TestData_R1_test.fastq,./TestDatasets/DifferentPositions/Pos3/TestData_R2_test.fastq
DI05,A11,GCGTTAT,CCTCTGT,DRYC,1.0,4,./TestDatasets/DifferentPositions/Pos3/TestData_R1_test.fastq,./TestDatasets/DifferentPositions/Pos3/TestData_R2_test.fastq
DI05,A12,TGCACCA,CCTCGAA,SCVA,1.0,2,./TestDatasets/DifferentPositions/Pos3/TestData_R1_test.fastq,./TestDatasets/DifferentPositions/Pos3/TestData_R2_test.fastq
DI05,B01,TGCCTAT,GTGTCTC,PGIK,1.0,3,./TestDatasets/DifferentPositions/Pos3/TestData_R1_test.fastq,./TestDatasets/DifferentPositions/Pos3/TestData_R2_test.fastq
DI05,B02,AGGAATC,ATTGAGG,*NTC,1.0,12,./TestDatasets/DifferentPositions/Pos3/TestData_R1_test.fastq,./TestDatasets/DifferentPositions/Pos3/TestData_R2_test.fastq
DI05,B03,TCCACTG,GACAATC,YLTG,1.0,9,./TestDatasets/DifferentPositions/Pos3/TestData_R1_test.fastq,./TestDatasets/DifferentPositions/Pos3/TestData_R2_test.fastq
DI05,B04,TTGTACC,CACTTGC,*EMR,1.0,17,./TestDatasets/DifferentPositions/Pos3/TestData_R1_test.fastq,./TestDatasets/DifferentPositions/Pos3/TestData_R2_test.fastq
DI05,B05,TTCGAGT,TGAACGC,AGSV,1.0,6,./TestDatasets/DifferentPositions/Pos3/TestData_R1_test.fastq,./TestDatasets/DifferentPositions/Pos3/TestData_R2_test.fastq
DI05,B06,CTTCAGC,CGTAGCA,PYIV,1.0,22,./TestDatasets/DifferentPositions/Pos3/TestData_R1_test.fastq,./TestDatasets/DifferentPositions/Pos3/TestData_R2_test.fastq
DI05,B07,CAGTGCA,AGGTTCC,TGNC,1.0,18,./TestDatasets/DifferentPositions/Pos3/TestData_R1_test.fastq,./TestDatasets/DifferentPositions/Pos3/TestData_R2_test.fastq
DI05,B08,TGCTGTC,GTACACA,RD**,1.0,19,./TestDatasets/DifferentPositions/Pos3/TestData_R1_test.fastq,./TestDatasets/DifferentPositions/Pos3/TestData_R2_test.fastq
DI05,B11,CACAACG,TTCAGCC,GS*R,1.0,1,./TestDatasets/DifferentPositions/Pos3/TestData_R1_test.fastq,./TestDatasets/DifferentPositions/Pos3/TestData_R2_test.fastq
DI05,B12,CTTCGCT,GGATTCA,THG*,1.0,8,./TestDatasets/DifferentPositions/Pos3/TestData_R1_test.fastq,./TestDatasets/DifferentPositions/Pos3/TestData_R2_test.fastq
DI05,C01,TCGTGAA,TGAGCCT,LSVS,1.0,5,./TestDatasets/DifferentPositions/Pos3/TestData_R1_test.fastq,./TestDatasets/DifferentPositions/Pos3/TestData_R2_test.fastq
DI05,C03,AGACCAT,TCATTGC,GLTA,1.0,10,./TestDatasets/DifferentPositions/Pos3/TestData_R1_test.fastq,./TestDatasets/DifferentPositions/Pos3/TestData_R2_test.fastq
DI05,C04,ACATGAG,AGCATCT,LIRS,1.0,9,./TestDatasets/DifferentPositions/Pos3/TestData_R1_test.fastq,./TestDatasets/DifferentPositions/Pos3/TestData_R2_test.fastq
DI05,C06,CACCTCA,CAAGGAT,RGCD,1.0,8,./TestDatasets/DifferentPositions/Pos3/TestData_R1_test.fastq,./TestDatasets/DifferentPositions/Pos3/TestData_R2_test.fastq
DI05,C07,GTTGGAG,AGACGTC,SLEA,1.0,5,./TestDatasets/DifferentPositions/Pos3/TestData_R1_test.fastq,./TestDatasets/DifferentPositions/Pos3/TestData_R2_test.fastq
DI05,C08,TGTTCTG,AGGTCAA,TSRR,1.0,1,./TestDatasets/DifferentPositions/Pos3/TestData_R1_test.fastq,./TestDatasets/DifferentPositions/Pos3/TestData_R2_test.fastq
DI05,C09,CTTACGT,ATGCTAC,GSNC,1.0,4,./TestDatasets/DifferentPositions/Pos3/TestData_R1_test.fastq,./TestDatasets/DifferentPositions/Pos3/TestData_R2_test.fastq
DI05,C11,ATGGACA,TCAAGTC,TNVG,1.0,9,./TestDatasets/DifferentPositions/Pos3/TestData_R1_test.fastq,./TestDatasets/DifferentPositions/Pos3/TestData_R2_test.fastq
DI05,D01,ATCTGTG,ACAGTCT,GLIN,1.0,3,./TestDatasets/DifferentPositions/Pos3/TestData_R1_test.fastq,./TestDatasets/DifferentPositions/Pos3/TestData_R2_test.fastq
DI05,D02,AATGTGC,CAGATAC,GANM,1.0,6,./TestDatasets/DifferentPositions/Pos3/TestData_R1_test.fastq,./TestDatasets/DifferentPositions/Pos3/TestData_R2_test.fastq
DI05,D04,TTCTCAC,ACGGTTC,CLRR,1.0,13,./TestDatasets/DifferentPositions/Pos3/TestData_R1_test.fastq,./TestDatasets/DifferentPositions/Pos3/TestData_R2_test.fastq
DI05,D05,TGAAGCG,CATCGTC,ELKC,1.0,4,./TestDatasets/DifferentPositions/Pos3/TestData_R1_test.fastq,./TestDatasets/DifferentPositions/Pos3/TestData_R2_test.fastq
DI05,D06,GCTACAA,TACGCAT,NREK,1.0,17,./TestDatasets/DifferentPositions/Pos3/TestData_R1_test.fastq,./TestDatasets/DifferentPositions/Pos3/TestData_R2_test.fastq
DI05,D07,AGAGAAC,CTTAGAC,GLRA,1.0,10,./TestDatasets/DifferentPositions/Pos3/TestData_R1_test.fastq,./TestDatasets/DifferentPositions/Pos3/TestData_R2_test.fastq
DI05,D08,CAGAGTG,AACTGAC,STSI,1.0,12,./TestDatasets/DifferentPositions/Pos3/TestData_R1_test.fastq,./TestDatasets/DifferentPositions/Pos3/TestData_R2_test.fastq
DI05,D09,TTCCGAA,ACTTGCA,AVGF,1.0,14,./TestDatasets/DifferentPositions/Pos3/TestData_R1_test.fastq,./TestDatasets/DifferentPositions/Pos3/TestData_R2_test.fastq
DI05,D10,GTACGAC,ACGCGAT,NARY,1.0,14,./TestDatasets/DifferentPositions/Pos3/TestData_R1_test.fastq,./TestDatasets/DifferentPositions/Pos3/TestData_R2_test.fastq
DI05,D11,ACTCTTG,TCGACAC,DRNE,1.0,3,./TestDatasets/DifferentPositions/Pos3/TestData_R1_test.fastq,./TestDatasets/DifferentPositions/Pos3/TestData_R2_test.fastq
DI05,D12,CCAACCA,ACTCAAC,LECQ,1.0,11,./TestDatasets/DifferentPositions/Pos3/TestData_R1_test.fastq,./TestDatasets/DifferentPositions/Pos3/TestData_R2_test.fastq
DI05,E01,CTCTAGA,GAACTGC,ELSR,1.0,11,./TestDatasets/DifferentPositions/Pos3/TestData_R1_test.fastq,./TestDatasets/DifferentPositions/Pos3/TestData_R2_test.fastq
DI05,E02,AATCGGA,ACCAGGT,FLST,1.0,5,./TestDatasets/DifferentPositions/Pos3/TestData_R1_test.fastq,./TestDatasets/DifferentPositions/Pos3/TestData_R2_test.fastq
DI05,E03,CGTCCTA,TCTAGAG,DS**,1.0,11,./TestDatasets/DifferentPositions/Pos3/TestData_R1_test.fastq,./TestDatasets/DifferentPositions/Pos3/TestData_R2_test.fastq
DI05,E04,GGAATGT,CACACAA,*HAI,1.0,14,./TestDatasets/DifferentPositions/Pos3/TestData_R1_test.fastq,./TestDatasets/DifferentPositions/Pos3/TestData_R2_test.fastq
DI05,E05,TCCAAGC,GTGGAAC,GEFS,1.0,8,./TestDatasets/DifferentPositions/Pos3/TestData_R1_test.fastq,./TestDatasets/DifferentPositions/Pos3/TestData_R2_test.fastq
DI05,E07,TTGCGTT,GGTCTGA,LLGI,1.0,19,./TestDatasets/DifferentPositions/Pos3/TestData_R1_test.fastq,./TestDatasets/DifferentPositions/Pos3/TestData_R2_test.fastq
DI05,E08,CAGGATT,GTGAGAT,ESAS,1.0,3,./TestDatasets/DifferentPositions/Pos3/TestData_R1_test.fastq,./TestDatasets/DifferentPositions/Pos3/TestData_R2_test.fastq
DI05,E09,CTGCATA,TTGGCAG,SYEY,1.0,7,./TestDatasets/DifferentPositions/Pos3/TestData_R1_test.fastq,./TestDatasets/DifferentPositions/Pos3/TestData_R2_test.fastq
DI05,E11,TGCTACT,TCCGAAG,RTP*,1.0,2,./TestDatasets/DifferentPositions/Pos3/TestData_R1_test.fastq,./TestDatasets/DifferentPositions/Pos3/TestData_R2_test.fastq
DI05,E12,GTGATCC,GGCTTAC,YHIA,1.0,7,./TestDatasets/DifferentPositions/Pos3/TestData_R1_test.fastq,./TestDatasets/DifferentPositions/Pos3/TestData_R2_test.fastq
DI05,F01,GCATGGT,AGTTGGC,SPYG,1.0,2,./TestDatasets/DifferentPositions/Pos3/TestData_R1_test.fastq,./TestDatasets/DifferentPositions/Pos3/TestData_R2_test.fastq
DI05,F02,GTCGTTA,AACGATG,LTFQ,1.0,14,./TestDatasets/DifferentPositions/Pos3/TestData_R1_test.fastq,./TestDatasets/DifferentPositions/Pos3/TestData_R2_test.fastq
DI05,F04,AGTGTAG,GGTGTCT,GFMT,1.0,10,./TestDatasets/DifferentPositions/Pos3/TestData_R1_test.fastq,./TestDatasets/DifferentPositions/Pos3/TestData_R2_test.fastq
DI05,F05,CGAGCAA,CCAGCTT,PVN*,1.0,2,./TestDatasets/DifferentPositions/Pos3/TestData_R1_test.fastq,./TestDatasets/DifferentPositions/Pos3/TestData_R2_test.fastq
DI05,F06,CTACTCC,TTAGACG,LNVI,1.0,5,./TestDatasets/DifferentPositions/Pos3/TestData_R1_test.fastq,./TestDatasets/DifferentPositions/Pos3/TestData_R2_test.fastq
DI05,F07,GATGCCA,ACCATAC,IKSS,1.0,10,./TestDatasets/DifferentPositions/Pos3/TestData_R1_test.fastq,./TestDatasets/DifferentPositions/Pos3/TestData_R2_test.fastq
DI05,F08,GACCGAT,GACGACT,YV**,1.0,2,./TestDatasets/DifferentPositions/Pos3/TestData_R1_test.fastq,./TestDatasets/DifferentPositions/Pos3/TestData_R2_test.fastq
DI05,F09,ACGTTGG,GTCACCT,LEGV,1.0,3,./TestDatasets/DifferentPositions/Pos3/TestData_R1_test.fastq,./TestDatasets/DifferentPositions/Pos3/TestData_R2_test.fastq
DI05,F10,ATGAGCG,CGTGATG,NFCL,1.0,9,./TestDatasets/DifferentPositions/Pos3/TestData_R1_test.fastq,./TestDatasets/DifferentPositions/Pos3/TestData_R2_test.fastq
DI05,F11,TACTCCG,GCTTCCT,PWRL,1.0,4,./TestDatasets/DifferentPositions/Pos3/TestData_R1_test.fastq,./TestDatasets/DifferentPositions/Pos3/TestData_R2_test.fastq
DI05,F12,GATTCAC,TAGACGT,SING,1.0,5,./TestDatasets/DifferentPositions/Pos3/TestData_R1_test.fastq,./TestDatasets/DifferentPositions/Pos3/TestData_R2_test.fastq
DI05,G01,ATGACGC,CGGACTT,QLLI,1.0,14,./TestDatasets/DifferentPositions/Pos3/TestData_R1_test.fastq,./TestDatasets/DifferentPositions/Pos3/TestData_R2_test.fastq
DI05,G04,TAGCAAG,GTTATGG,ISHK,1.0,3,./TestDatasets/DifferentPositions/Pos3/TestData_R1_test.fastq,./TestDatasets/DifferentPositions/Pos3/TestData_R2_test.fastq
DI05,G05,CTGCCAT,ATCCTCG,GYNS,1.0,1,./TestDatasets/DifferentPositions/Pos3/TestData_R1_test.fastq,./TestDatasets/DifferentPositions/Pos3/TestData_R2_test.fastq
DI05,G07,GTATAGC,TATCCGG,GK*E,1.0,14,./TestDatasets/DifferentPositions/Pos3/TestData_R1_test.fastq,./TestDatasets/DifferentPositions/Pos3/TestData_R2_test.fastq
DI05,G08,TGATGGA,AGCAAGA,PI*G,1.0,9,./TestDatasets/DifferentPositions/Pos3/TestData_R1_test.fastq,./TestDatasets/DifferentPositions/Pos3/TestData_R2_test.fastq
DI05,G10,GAAGAAG,TTCCATG,CGAQ,1.0,16,./TestDatasets/DifferentPositions/Pos3/TestData_R1_test.fastq,./TestDatasets/DifferentPositions/Pos3/TestData_R2_test.fastq
DI05,G11,AGCGGTT,GCAATCG,RRWF,1.0,7,./TestDatasets/DifferentPositions/Pos3/TestData_R1_test.fastq,./TestDatasets/DifferentPositions/Pos3/TestData_R2_test.fastq
DI05,G12,TAAGGCC,TGAGTGG,GFL*,1.0,1,./TestDatasets/DifferentPositions/Pos3/TestData_R1_test.fastq,./TestDatasets/DifferentPositions/Pos3/TestData_R2_test.fastq
DI05,H01,AACCTGT,TAGGAGA,AVTE,1.0,4,./TestDatasets/DifferentPositions/Pos3/TestData_R1_test.fastq,./TestDatasets/DifferentPositions/Pos3/TestData_R2_test.fastq
DI05,H03,CTCGTAG,GTGCTGT,RVCS,1.0,11,./TestDatasets/DifferentPositions/Pos3/TestData_R1_test.fastq,./TestDatasets/DifferentPositions/Pos3/TestData_R2_test.fastq
DI05,H04,CTAGGTG,CAACAAC,GVCP,1.0,3,./TestDatasets/DifferentPositions/Pos3/TestData_R1_test.fastq,./TestDatasets/DifferentPositions/Pos3/TestData_R2_test.fastq
DI05,H05,CGATACC,AATAGCC,VLDA,1.0,14,./TestDatasets/DifferentPositions/Pos3/TestData_R1_test.fastq,./TestDatasets/DifferentPositions/Pos3/TestData_R2_test.fastq
DI05,H06,TCGGCTA,TCTGTGA,FCAL,1.0,13,./TestDatasets/DifferentPositions/Pos3/TestData_R1_test.fastq,./TestDatasets/DifferentPositions/Pos3/TestData_R2_test.fastq
DI05,H08,ATTGCCT,GCGTATG,L*AI,1.0,1,./TestDatasets/DifferentPositions/Pos3/TestData_R1_test.fastq,./TestDatasets/DifferentPositions/Pos3/TestData_R2_test.fastq
DI05,H09,CATTCGA,AGTTACG,KSHT,1.0,5,./TestDatasets/DifferentPositions/Pos3/TestData_R1_test.fastq,./TestDatasets/DifferentPositions/Pos3/TestData_R2_test.fastq
DI05,H10,GCACAAT,TTCCTGC,RKDG,1.0,5,./TestDatasets/DifferentPositions/Pos3/TestData_R1_test.fastq,./TestDatasets/DifferentPositions/Pos3/TestData_R2_test.fastq
DI05,H11,GCAGTAA,TATGTCG,APTK,1.0,9,./TestDatasets/DifferentPositions/Pos3/TestData_R1_test.fastq,./TestDatasets/DifferentPositions/Pos3/TestData_R2_test.fastq
DI05,H12,CCTAATC,GGAGAGA,VADF,1.0,5,./TestDatasets/DifferentPositions/Pos3/TestData_R1_test.fastq,./TestDatasets/DifferentPositions/Pos3/TestData_R2_test.fastq
