Plate,Well,F-BC,R-BC,VariantCombo,AlignmentFrequency,WellSeqDepth,R1,R2
DI04,A01,GATCATG,GTGTCTC,DAPA,1.0,7,./TestDatasets/DifferentRefSeqByWell/TestData_R1_test.fastq,./TestDatasets/DifferentRefSeqByWell/TestData_R2_test.fastq
DI04,A02,TACATGG,ATTGAGG,FIAS,1.0,12,./TestDatasets/DifferentRefSeqByWell/TestData_R1_test.fastq,./TestDatasets/DifferentRefSeqByWell/TestData_R2_test.fastq
DI04,A04,TGGCTCA,CACTTGC,MWPI,1.0,1,./TestDatasets/DifferentRefSeqByWell/TestData_R1_test.fastq,./TestDatasets/DifferentRefSeqByWell/TestData_R2_test.fastq
DI04,A05,CTTGCTC,TGAACGC,KING,1.0,5,./TestDatasets/DifferentRefSeqByWell/TestData_R1_test.fastq,./TestDatasets/DifferentRefSeqByWell/TestData_R2_test.fastq
DI04,A06,GAAGCGT,CGTAGCA,TSSD,1.0,6,./TestDatasets/DifferentRefSeqByWell/TestData_R1_test.fastq,./TestDatasets/DifferentRefSeqByWell/TestData_R2_test.fastq
DI04,A07,TCTCCAT,AGGTTCC,SSID,1.0,2,./TestDatasets/DifferentRefSeqByWell/TestData_R1_test.fastq,./TestDatasets/DifferentRefSeqByWell/TestData_R2_test.fastq
DI04,A08,TTGAAGG,GTACACA,HRPL,1.0,2,./TestDatasets/DifferentRefSeqByWell/TestData_R1_test.fastq,./TestDatasets/DifferentRefSeqByWell/TestData_R2_test.fastq
DI04,A09,GAATGTC,GATAGGT,PRML,1.0,2,./TestDatasets/DifferentRefSeqByWell/TestData_R1_test.fastq,./TestDatasets/DifferentRefSeqByWell/TestData_R2_test.fastq
DI04,A10,ATCTCCA,TAGCCTC,I*SR,1.0,14,./TestDatasets/DifferentRefSeqByWell/TestData_R1_test.fastq,./TestDatasets/DifferentRefSeqByWell/TestData_R2_test.fastq
DI04,A12,TGCACCA,GGATTCA,ELAK,1.0,6,./TestDatasets/DifferentRefSeqByWell/TestData_R1_test.fastq,./TestDatasets/DifferentRefSeqByWell/TestData_R2_test.fastq
DI04,B01,TGCCTAT,TGAGCCT,HTTV,1.0,9,./TestDatasets/DifferentRefSeqByWell/TestData_R1_test.fastq,./TestDatasets/DifferentRefSeqByWell/TestData_R2_test.fastq
DI04,B02,AGGAATC,AACGCGA,ANRT,1.0,12,./TestDatasets/DifferentRefSeqByWell/TestData_R1_test.fastq,./TestDatasets/DifferentRefSeqByWell/TestData_R2_test.fastq
DI04,B05,TTCGAGT,TTGGTCT,KYLS,1.0,9,./TestDatasets/DifferentRefSeqByWell/TestData_R1_test.fastq,./TestDatasets/DifferentRefSeqByWell/TestData_R2_test.fastq
DI04,B06,CTTCAGC,CAAGGAT,IRNR,1.0,12,./TestDatasets/DifferentRefSeqByWell/TestData_R1_test.fastq,./TestDatasets/DifferentRefSeqByWell/TestData_R2_test.fastq
DI04,B07,CAGTGCA,AGACGTC,STNA,1.0,6,./TestDatasets/DifferentRefSeqByWell/TestData_R1_test.fastq,./TestDatasets/DifferentRefSeqByWell/TestData_R2_test.fastq
DI04,B08,TGCTGTC,AGGTCAA,DYRM,1.0,17,./TestDatasets/DifferentRefSeqByWell/TestData_R1_test.fastq,./TestDatasets/DifferentRefSeqByWell/TestData_R2_test.fastq
DI04,B09,CGCCATT,ATGCTAC,GFRC,1.0,6,./TestDatasets/DifferentRefSeqByWell/TestData_R1_test.fastq,./TestDatasets/DifferentRefSeqByWell/TestData_R2_test.fastq
DI04,B10,GCCATGA,CTCTGAT,FKAL,1.0,8,./TestDatasets/DifferentRefSeqByWell/TestData_R1_test.fastq,./TestDatasets/DifferentRefSeqByWell/TestData_R2_test.fastq
DI04,B11,CACAACG,TCAAGTC,QNLV,1.0,9,./TestDatasets/DifferentRefSeqByWell/TestData_R1_test.fastq,./TestDatasets/DifferentRefSeqByWell/TestData_R2_test.fastq
DI04,B12,CTTCGCT,TCGAGCT,FSGP,1.0,2,./TestDatasets/DifferentRefSeqByWell/TestData_R1_test.fastq,./TestDatasets/DifferentRefSeqByWell/TestData_R2_test.fastq
DI04,C01,TCGTGAA,ACAGTCT,KPYE,1.0,18,./TestDatasets/DifferentRefSeqByWell/TestData_R1_test.fastq,./TestDatasets/DifferentRefSeqByWell/TestData_R2_test.fastq
DI04,C02,TTATCGG,CAGATAC,TSLI,1.0,6,./TestDatasets/DifferentRefSeqByWell/TestData_R1_test.fastq,./TestDatasets/DifferentRefSeqByWell/TestData_R2_test.fastq
DI04,C03,AGACCAT,TACGTTC,YATG,1.0,8,./TestDatasets/DifferentRefSeqByWell/TestData_R1_test.fastq,./TestDatasets/DifferentRefSeqByWell/TestData_R2_test.fastq
DI04,C04,ACATGAG,ACGGTTC,SGTR,1.0,1,./TestDatasets/DifferentRefSeqByWell/TestData_R1_test.fastq,./TestDatasets/DifferentRefSeqByWell/TestData_R2_test.fastq
DI04,C05,ACGTACT,CATCGTC,TKRY,1.0,12,./TestDatasets/DifferentRefSeqByWell/TestData_R1_test.fastq,./TestDatasets/DifferentRefSeqByWell/TestData_R2_test.fastq
DI04,C06,CACCTCA,TACGCAT,AELS,1.0,2,./TestDatasets/DifferentRefSeqByWell/TestData_R1_test.fastq,./TestDatasets/DifferentRefSeqByWell/TestData_R2_test.fastq
DI04,C07,GTTGGAG,CTTAGAC,DHVR,1.0,7,./TestDatasets/DifferentRefSeqByWell/TestData_R1_test.fastq,./TestDatasets/DifferentRefSeqByWell/TestData_R2_test.fastq
DI04,C08,TGTTCTG,AACTGAC,*SSL,1.0,1,./TestDatasets/DifferentRefSeqByWell/TestData_R1_test.fastq,./TestDatasets/DifferentRefSeqByWell/TestData_R2_test.fastq
DI04,C09,CTTACGT,ACTTGCA,SWLA,1.0,1,./TestDatasets/DifferentRefSeqByWell/TestData_R1_test.fastq,./TestDatasets/DifferentRefSeqByWell/TestData_R2_test.fastq
DI04,C10,GAGGTTG,ACGCGAT,LLTT,1.0,16,./TestDatasets/DifferentRefSeqByWell/TestData_R1_test.fastq,./TestDatasets/DifferentRefSeqByWell/TestData_R2_test.fastq
DI04,C11,ATGGACA,TCGACAC,LGPR,1.0,6,./TestDatasets/DifferentRefSeqByWell/TestData_R1_test.fastq,./TestDatasets/DifferentRefSeqByWell/TestData_R2_test.fastq
DI04,C12,ACACTGA,ACTCAAC,*SVQ,1.0,5,./TestDatasets/DifferentRefSeqByWell/TestData_R1_test.fastq,./TestDatasets/DifferentRefSeqByWell/TestData_R2_test.fastq
DI04,D01,ATCTGTG,GAACTGC,*VMI,1.0,12,./TestDatasets/DifferentRefSeqByWell/TestData_R1_test.fastq,./TestDatasets/DifferentRefSeqByWell/TestData_R2_test.fastq
DI04,D02,AATGTGC,ACCAGGT,VLR*,1.0,2,./TestDatasets/DifferentRefSeqByWell/TestData_R1_test.fastq,./TestDatasets/DifferentRefSeqByWell/TestData_R2_test.fastq
DI04,D06,GCTACAA,ATATGCC,RGGD,1.0,1,./TestDatasets/DifferentRefSeqByWell/TestData_R1_test.fastq,./TestDatasets/DifferentRefSeqByWell/TestData_R2_test.fastq
DI04,D07,AGAGAAC,GGTCTGA,TCVI,1.0,1,./TestDatasets/DifferentRefSeqByWell/TestData_R1_test.fastq,./TestDatasets/DifferentRefSeqByWell/TestData_R2_test.fastq
DI04,D08,CAGAGTG,GTGAGAT,DLAP,1.0,17,./TestDatasets/DifferentRefSeqByWell/TestData_R1_test.fastq,./TestDatasets/DifferentRefSeqByWell/TestData_R2_test.fastq
DI04,D09,TTCCGAA,TTGGCAG,LKCH,1.0,7,./TestDatasets/DifferentRefSeqByWell/TestData_R1_test.fastq,./TestDatasets/DifferentRefSeqByWell/TestData_R2_test.fastq
DI04,D10,GTACGAC,ATGCCTG,QLKR,1.0,17,./TestDatasets/DifferentRefSeqByWell/TestData_R1_test.fastq,./TestDatasets/DifferentRefSeqByWell/TestData_R2_test.fastq
DI04,D11,ACTCTTG,TCCGAAG,KEDS,1.0,12,./TestDatasets/DifferentRefSeqByWell/TestData_R1_test.fastq,./TestDatasets/DifferentRefSeqByWell/TestData_R2_test.fastq
DI04,D12,CCAACCA,GGCTTAC,TLSA,1.0,1,./TestDatasets/DifferentRefSeqByWell/TestData_R1_test.fastq,./TestDatasets/DifferentRefSeqByWell/TestData_R2_test.fastq
DI04,E01,CTCTAGA,AGTTGGC,LTAV,1.0,6,./TestDatasets/DifferentRefSeqByWell/TestData_R1_test.fastq,./TestDatasets/DifferentRefSeqByWell/TestData_R2_test.fastq
DI04,E02,AATCGGA,AACGATG,D*NL,1.0,8,./TestDatasets/DifferentRefSeqByWell/TestData_R1_test.fastq,./TestDatasets/DifferentRefSeqByWell/TestData_R2_test.fastq
DI04,E03,CGTCCTA,ACTACCG,SLSL,1.0,16,./TestDatasets/DifferentRefSeqByWell/TestData_R1_test.fastq,./TestDatasets/DifferentRefSeqByWell/TestData_R2_test.fastq
DI04,E05,TCCAAGC,CCAGCTT,S*DV,1.0,10,./TestDatasets/DifferentRefSeqByWell/TestData_R1_test.fastq,./TestDatasets/DifferentRefSeqByWell/TestData_R2_test.fastq
DI04,E06,GCACCTA,TTAGACG,PIVF,1.0,9,./TestDatasets/DifferentRefSeqByWell/TestData_R1_test.fastq,./TestDatasets/DifferentRefSeqByWell/TestData_R2_test.fastq
DI04,E07,TTGCGTT,ACCATAC,SRLC,1.0,3,./TestDatasets/DifferentRefSeqByWell/TestData_R1_test.fastq,./TestDatasets/DifferentRefSeqByWell/TestData_R2_test.fastq
DI04,E08,CAGGATT,GACGACT,ASTL,1.0,10,./TestDatasets/DifferentRefSeqByWell/TestData_R1_test.fastq,./TestDatasets/DifferentRefSeqByWell/TestData_R2_test.fastq
DI04,E09,CTGCATA,GTCACCT,ILRF,1.0,9,./TestDatasets/DifferentRefSeqByWell/TestData_R1_test.fastq,./TestDatasets/DifferentRefSeqByWell/TestData_R2_test.fastq
DI04,E10,CGTTGAG,CGTGATG,VPSE,1.0,12,./TestDatasets/DifferentRefSeqByWell/TestData_R1_test.fastq,./TestDatasets/DifferentRefSeqByWell/TestData_R2_test.fastq
DI04,E11,TGCTACT,GCTTCCT,S*CA,1.0,16,./TestDatasets/DifferentRefSeqByWell/TestData_R1_test.fastq,./TestDatasets/DifferentRefSeqByWell/TestData_R2_test.fastq
DI04,E12,GTGATCC,TAGACGT,VPGS,1.0,3,./TestDatasets/DifferentRefSeqByWell/TestData_R1_test.fastq,./TestDatasets/DifferentRefSeqByWell/TestData_R2_test.fastq
DI04,F01,GCATGGT,CGGACTT,PVTP,1.0,6,./TestDatasets/DifferentRefSeqByWell/TestData_R1_test.fastq,./TestDatasets/DifferentRefSeqByWell/TestData_R2_test.fastq
DI04,F02,GTCGTTA,ACCGGAA,TPLL,1.0,3,./TestDatasets/DifferentRefSeqByWell/TestData_R1_test.fastq,./TestDatasets/DifferentRefSeqByWell/TestData_R2_test.fastq
DI04,F03,CCTGACA,CCGAAGT,SNDL,1.0,6,./TestDatasets/DifferentRefSeqByWell/TestData_R1_test.fastq,./TestDatasets/DifferentRefSeqByWell/TestData_R2_test.fastq
DI04,F04,AGTGTAG,GTTATGG,CPSK,1.0,11,./TestDatasets/DifferentRefSeqByWell/TestData_R1_test.fastq,./TestDatasets/DifferentRefSeqByWell/TestData_R2_test.fastq
DI04,F05,CGAGCAA,ATCCTCG,VSRP,1.0,16,./TestDatasets/DifferentRefSeqByWell/TestData_R1_test.fastq,./TestDatasets/DifferentRefSeqByWell/TestData_R2_test.fastq
DI04,F06,CTACTCC,CGAATAG,IVW*,1.0,10,./TestDatasets/DifferentRefSeqByWell/TestData_R1_test.fastq,./TestDatasets/DifferentRefSeqByWell/TestData_R2_test.fastq
DI04,F07,GATGCCA,TATCCGG,PNTA,1.0,10,./TestDatasets/DifferentRefSeqByWell/TestData_R1_test.fastq,./TestDatasets/DifferentRefSeqByWell/TestData_R2_test.fastq
DI04,F08,GACCGAT,AGCAAGA,RKMS,1.0,8,./TestDatasets/DifferentRefSeqByWell/TestData_R1_test.fastq,./TestDatasets/DifferentRefSeqByWell/TestData_R2_test.fastq
DI04,F09,ACGTTGG,TGTCGAC,AKDS,1.0,14,./TestDatasets/DifferentRefSeqByWell/TestData_R1_test.fastq,./TestDatasets/DifferentRefSeqByWell/TestData_R2_test.fastq
DI04,F11,TACTCCG,GCAATCG,EQVP,1.0,6,./TestDatasets/DifferentRefSeqByWell/TestData_R1_test.fastq,./TestDatasets/DifferentRefSeqByWell/TestData_R2_test.fastq
DI04,G01,ATGACGC,TAGGAGA,NLSL,1.0,7,./TestDatasets/DifferentRefSeqByWell/TestData_R1_test.fastq,./TestDatasets/DifferentRefSeqByWell/TestData_R2_test.fastq
DI04,G02,GGTTGTT,AGTCAGT,KPHS,1.0,11,./TestDatasets/DifferentRefSeqByWell/TestData_R1_test.fastq,./TestDatasets/DifferentRefSeqByWell/TestData_R2_test.fastq
DI04,G03,GTACTTG,GTGCTGT,ASSV,1.0,14,./TestDatasets/DifferentRefSeqByWell/TestData_R1_test.fastq,./TestDatasets/DifferentRefSeqByWell/TestData_R2_test.fastq
DI04,G04,TAGCAAG,CAACAAC,SSTE,1.0,18,./TestDatasets/DifferentRefSeqByWell/TestData_R1_test.fastq,./TestDatasets/DifferentRefSeqByWell/TestData_R2_test.fastq
DI04,G05,CTGCCAT,AATAGCC,PDTI,1.0,14,./TestDatasets/DifferentRefSeqByWell/TestData_R1_test.fastq,./TestDatasets/DifferentRefSeqByWell/TestData_R2_test.fastq
DI04,G06,GAGAACA,TCTGTGA,QRLG,1.0,3,./TestDatasets/DifferentRefSeqByWell/TestData_R1_test.fastq,./TestDatasets/DifferentRefSeqByWell/TestData_R2_test.fastq
DI04,G07,GTATAGC,TGTGGTA,VLRS,1.0,7,./TestDatasets/DifferentRefSeqByWell/TestData_R1_test.fastq,./TestDatasets/DifferentRefSeqByWell/TestData_R2_test.fastq
DI04,G08,TGATGGA,GCGTATG,QATY,1.0,11,./TestDatasets/DifferentRefSeqByWell/TestData_R1_test.fastq,./TestDatasets/DifferentRefSeqByWell/TestData_R2_test.fastq
DI04,G09,GGCAGTA,AGTTACG,INTS,1.0,13,./TestDatasets/DifferentRefSeqByWell/TestData_R1_test.fastq,./TestDatasets/DifferentRefSeqByWell/TestData_R2_test.fastq
DI04,G10,GAAGAAG,TTCCTGC,TRQR,1.0,2,./TestDatasets/DifferentRefSeqByWell/TestData_R1_test.fastq,./TestDatasets/DifferentRefSeqByWell/TestData_R2_test.fastq
DI04,G11,AGCGGTT,TATGTCG,IL*E,1.0,6,./TestDatasets/DifferentRefSeqByWell/TestData_R1_test.fastq,./TestDatasets/DifferentRefSeqByWell/TestData_R2_test.fastq
DI04,G12,TAAGGCC,GGAGAGA,LASL,1.0,12,./TestDatasets/DifferentRefSeqByWell/TestData_R1_test.fastq,./TestDatasets/DifferentRefSeqByWell/TestData_R2_test.fastq
DI04,H02,AGTACAC,TGTATCC,CKLN,1.0,14,./TestDatasets/DifferentRefSeqByWell/TestData_R1_test.fastq,./TestDatasets/DifferentRefSeqByWell/TestData_R2_test.fastq
DI04,H03,CTCGTAG,CAACCTG,LRGI,1.0,15,./TestDatasets/DifferentRefSeqByWell/TestData_R1_test.fastq,./TestDatasets/DifferentRefSeqByWell/TestData_R2_test.fastq
DI04,H05,CGATACC,AAGACAG,YHFC,1.0,8,./TestDatasets/DifferentRefSeqByWell/TestData_R1_test.fastq,./TestDatasets/DifferentRefSeqByWell/TestData_R2_test.fastq
DI04,H06,TCGGCTA,AGCTCGT,GVPL,1.0,3,./TestDatasets/DifferentRefSeqByWell/TestData_R1_test.fastq,./TestDatasets/DifferentRefSeqByWell/TestData_R2_test.fastq
DI04,H07,CGGTTGT,GATTGCG,SHGV,1.0,2,./TestDatasets/DifferentRefSeqByWell/TestData_R1_test.fastq,./TestDatasets/DifferentRefSeqByWell/TestData_R2_test.fastq
DI04,H08,ATTGCCT,TCCTTCA,SPCL,1.0,8,./TestDatasets/DifferentRefSeqByWell/TestData_R1_test.fastq,./TestDatasets/DifferentRefSeqByWell/TestData_R2_test.fastq
DI04,H09,CATTCGA,TCACAGG,IPDY,1.0,15,./TestDatasets/DifferentRefSeqByWell/TestData_R1_test.fastq,./TestDatasets/DifferentRefSeqByWell/TestData_R2_test.fastq
DI04,H11,GCAGTAA,CCTCTGT,MKCL,1.0,4,./TestDatasets/DifferentRefSeqByWell/TestData_R1_test.fastq,./TestDatasets/DifferentRefSeqByWell/TestData_R2_test.fastq
DI04,H12,CCTAATC,CCTCGAA,QTKP,1.0,8,./TestDatasets/DifferentRefSeqByWell/TestData_R1_test.fastq,./TestDatasets/DifferentRefSeqByWell/TestData_R2_test.fastq
