Plate,Well,F-BC,R-BC,VariantCombo,AlignmentFrequency,WellSeqDepth,R1,R2
DI03,A01,GATCATG,TGAGCCT,Y*YL,1.0,2,./TestDatasets/MixedWells/TestData_R1_test.fastq,./TestDatasets/MixedWells/TestData_R2_test.fastq
DI03,A02,TACATGG,AACGCGA,STEG,1.0,16,./TestDatasets/MixedWells/TestData_R1_test.fastq,./TestDatasets/MixedWells/TestData_R2_test.fastq
DI03,A03,AAGCACC,TCATTGC,*ICS,0.8823529411764706,17,./TestDatasets/MixedWells/TestData_R1_test.fastq,./TestDatasets/MixedWells/TestData_R2_test.fastq
DI03,A03,AAGCACC,TCATTGC,*QRA,0.11764705882352941,17,./TestDatasets/MixedWells/TestData_R1_test.fastq,./TestDatasets/MixedWells/TestData_R2_test.fastq
DI03,A04,TGGCTCA,AGCATCT,GDGI,0.44,25,./TestDatasets/MixedWells/TestData_R1_test.fastq,./TestDatasets/MixedWells/TestData_R2_test.fastq
DI03,A04,TGGCTCA,AGCATCT,FLMQ,0.56,25,./TestDatasets/MixedWells/TestData_R1_test.fastq,./TestDatasets/MixedWells/TestData_R2_test.fastq
DI03,A05,CTTGCTC,TTGGTCT,LPSL,0.9166666666666666,12,./TestDatasets/MixedWells/TestData_R1_test.fastq,./TestDatasets/MixedWells/TestData_R2_test.fastq
DI03,A05,CTTGCTC,TTGGTCT,WCFL,0.08333333333333333,12,./TestDatasets/MixedWells/TestData_R1_test.fastq,./TestDatasets/MixedWells/TestData_R2_test.fastq
DI03,A06,GAAGCGT,CAAGGAT,SHLQ,1.0,6,./TestDatasets/MixedWells/TestData_R1_test.fastq,./TestDatasets/MixedWells/TestData_R2_test.fastq
DI03,A07,TCTCCAT,AGACGTC,LEFS,0.6666666666666666,24,./TestDatasets/MixedWells/TestData_R1_test.fastq,./TestDatasets/MixedWells/TestData_R2_test.fastq
DI03,A07,TCTCCAT,AGACGTC,LY*R,0.3333333333333333,24,./TestDatasets/MixedWells/TestData_R1_test.fastq,./TestDatasets/MixedWells/TestData_R2_test.fastq
DI03,A08,TTGAAGG,AGGTCAA,YFSD,0.375,8,./TestDatasets/MixedWells/TestData_R1_test.fastq,./TestDatasets/MixedWells/TestData_R2_test.fastq
DI03,A08,TTGAAGG,AGGTCAA,RPVS,0.625,8,./TestDatasets/MixedWells/TestData_R1_test.fastq,./TestDatasets/MixedWells/TestData_R2_test.fastq
DI03,A09,GAATGTC,ATGCTAC,GHCL,1.0,1,./TestDatasets/MixedWells/TestData_R1_test.fastq,./TestDatasets/MixedWells/TestData_R2_test.fastq
DI03,A10,ATCTCCA,CTCTGAT,CL*H,0.5,26,./TestDatasets/MixedWells/TestData_R1_test.fastq,./TestDatasets/MixedWells/TestData_R2_test.fastq
DI03,A10,ATCTCCA,CTCTGAT,T*TL,0.5,26,./TestDatasets/MixedWells/TestData_R1_test.fastq,./TestDatasets/MixedWells/TestData_R2_test.fastq
DI03,A11,GCGTTAT,TCAAGTC,RDNF,0.41379310344827586,29,./TestDatasets/MixedWells/TestData_R1_test.fastq,./TestDatasets/MixedWells/TestData_R2_test.fastq
DI03,A11,GCGTTAT,TCAAGTC,KSRL,0.5862068965517241,29,./TestDatasets/MixedWells/TestData_R1_test.fastq,./TestDatasets/MixedWells/TestData_R2_test.fastq
DI03,A12,TGCACCA,TCGAGCT,NTGP,0.8,20,./TestDatasets/MixedWells/TestData_R1_test.fastq,./TestDatasets/MixedWells/TestData_R2_test.fastq
DI03,A12,TGCACCA,TCGAGCT,PERS,0.2,20,./TestDatasets/MixedWells/TestData_R1_test.fastq,./TestDatasets/MixedWells/TestData_R2_test.fastq
DI03,B01,TGCCTAT,ACAGTCT,ALNR,0.375,8,./TestDatasets/MixedWells/TestData_R1_test.fastq,./TestDatasets/MixedWells/TestData_R2_test.fastq
DI03,B01,TGCCTAT,ACAGTCT,EKAV,0.625,8,./TestDatasets/MixedWells/TestData_R1_test.fastq,./TestDatasets/MixedWells/TestData_R2_test.fastq
DI03,B02,AGGAATC,CAGATAC,WAPT,0.48,25,./TestDatasets/MixedWells/TestData_R1_test.fastq,./TestDatasets/MixedWells/TestData_R2_test.fastq
DI03,B02,AGGAATC,CAGATAC,ALKR,0.52,25,./TestDatasets/MixedWells/TestData_R1_test.fastq,./TestDatasets/MixedWells/TestData_R2_test.fastq
DI03,B03,TCCACTG,TACGTTC,*TAS,0.35,20,./TestDatasets/MixedWells/TestData_R1_test.fastq,./TestDatasets/MixedWells/TestData_R2_test.fastq
DI03,B03,TCCACTG,TACGTTC,CATR,0.65,20,./TestDatasets/MixedWells/TestData_R1_test.fastq,./TestDatasets/MixedWells/TestData_R2_test.fastq
DI03,B04,TTGTACC,ACGGTTC,A*TA,0.8,15,./TestDatasets/MixedWells/TestData_R1_test.fastq,./TestDatasets/MixedWells/TestData_R2_test.fastq
DI03,B04,TTGTACC,ACGGTTC,GEPC,0.2,15,./TestDatasets/MixedWells/TestData_R1_test.fastq,./TestDatasets/MixedWells/TestData_R2_test.fastq
DI03,B05,TTCGAGT,CATCGTC,VLLI,0.36363636363636365,22,./TestDatasets/MixedWells/TestData_R1_test.fastq,./TestDatasets/MixedWells/TestData_R2_test.fastq
DI03,B05,TTCGAGT,CATCGTC,SEGP,0.6363636363636364,22,./TestDatasets/MixedWells/TestData_R1_test.fastq,./TestDatasets/MixedWells/TestData_R2_test.fastq
DI03,B06,CTTCAGC,TACGCAT,QDPW,1.0,5,./TestDatasets/MixedWells/TestData_R1_test.fastq,./TestDatasets/MixedWells/TestData_R2_test.fastq
DI03,B07,CAGTGCA,CTTAGAC,RACL,0.4,5,./TestDatasets/MixedWells/TestData_R1_test.fastq,./TestDatasets/MixedWells/TestData_R2_test.fastq
DI03,B07,CAGTGCA,CTTAGAC,FMSG,0.6,5,./TestDatasets/MixedWells/TestData_R1_test.fastq,./TestDatasets/MixedWells/TestData_R2_test.fastq
DI03,B08,TGCTGTC,AACTGAC,CCF*,0.5,12,./TestDatasets/MixedWells/TestData_R1_test.fastq,./TestDatasets/MixedWells/TestData_R2_test.fastq
DI03,B08,TGCTGTC,AACTGAC,TRAL,0.5,12,./TestDatasets/MixedWells/TestData_R1_test.fastq,./TestDatasets/MixedWells/TestData_R2_test.fastq
DI03,B09,CGCCATT,ACTTGCA,D*LD,0.5789473684210527,19,./TestDatasets/MixedWells/TestData_R1_test.fastq,./TestDatasets/MixedWells/TestData_R2_test.fastq
DI03,B09,CGCCATT,ACTTGCA,VSCL,0.42105263157894735,19,./TestDatasets/MixedWells/TestData_R1_test.fastq,./TestDatasets/MixedWells/TestData_R2_test.fastq
DI03,B10,GCCATGA,ACGCGAT,RDVH,0.7619047619047619,21,./TestDatasets/MixedWells/TestData_R1_test.fastq,./TestDatasets/MixedWells/TestData_R2_test.fastq
DI03,B10,GCCATGA,ACGCGAT,HPTA,0.23809523809523808,21,./TestDatasets/MixedWells/TestData_R1_test.fastq,./TestDatasets/MixedWells/TestData_R2_test.fastq
DI03,B11,CACAACG,TCGACAC,VIRG,1.0,12,./TestDatasets/MixedWells/TestData_R1_test.fastq,./TestDatasets/MixedWells/TestData_R2_test.fastq
DI03,B12,CTTCGCT,ACTCAAC,MPNV,0.5185185185185185,27,./TestDatasets/MixedWells/TestData_R1_test.fastq,./TestDatasets/MixedWells/TestData_R2_test.fastq
DI03,B12,CTTCGCT,ACTCAAC,DRLI,0.48148148148148145,27,./TestDatasets/MixedWells/TestData_R1_test.fastq,./TestDatasets/MixedWells/TestData_R2_test.fastq
DI03,C02,TTATCGG,ACCAGGT,FIAF,0.2727272727272727,11,./TestDatasets/MixedWells/TestData_R1_test.fastq,./TestDatasets/MixedWells/TestData_R2_test.fastq
DI03,C02,TTATCGG,ACCAGGT,ELLH,0.7272727272727273,11,./TestDatasets/MixedWells/TestData_R1_test.fastq,./TestDatasets/MixedWells/TestData_R2_test.fastq
DI03,C03,AGACCAT,TCTAGAG,ECSY,1.0,18,./TestDatasets/MixedWells/TestData_R1_test.fastq,./TestDatasets/MixedWells/TestData_R2_test.fastq
DI03,C04,ACATGAG,CACACAA,RAGP,0.6818181818181818,22,./TestDatasets/MixedWells/TestData_R1_test.fastq,./TestDatasets/MixedWells/TestData_R2_test.fastq
DI03,C04,ACATGAG,CACACAA,LQKS,0.3181818181818182,22,./TestDatasets/MixedWells/TestData_R1_test.fastq,./TestDatasets/MixedWells/TestData_R2_test.fastq
DI03,C05,ACGTACT,GTGGAAC,ISPM,1.0,10,./TestDatasets/MixedWells/TestData_R1_test.fastq,./TestDatasets/MixedWells/TestData_R2_test.fastq
DI03,C06,CACCTCA,ATATGCC,*ESV,1.0,5,./TestDatasets/MixedWells/TestData_R1_test.fastq,./TestDatasets/MixedWells/TestData_R2_test.fastq
DI03,C07,GTTGGAG,GGTCTGA,MPV*,1.0,12,./TestDatasets/MixedWells/TestData_R1_test.fastq,./TestDatasets/MixedWells/TestData_R2_test.fastq
DI03,C08,TGTTCTG,GTGAGAT,DCHS,0.38095238095238093,21,./TestDatasets/MixedWells/TestData_R1_test.fastq,./TestDatasets/MixedWells/TestData_R2_test.fastq
DI03,C08,TGTTCTG,GTGAGAT,KPRN,0.6190476190476191,21,./TestDatasets/MixedWells/TestData_R1_test.fastq,./TestDatasets/MixedWells/TestData_R2_test.fastq
DI03,C09,CTTACGT,TTGGCAG,YVCT,0.3076923076923077,13,./TestDatasets/MixedWells/TestData_R1_test.fastq,./TestDatasets/MixedWells/TestData_R2_test.fastq
DI03,C09,CTTACGT,TTGGCAG,ANID,0.6923076923076923,13,./TestDatasets/MixedWells/TestData_R1_test.fastq,./TestDatasets/MixedWells/TestData_R2_test.fastq
DI03,C10,GAGGTTG,ATGCCTG,SEVS,1.0,8,./TestDatasets/MixedWells/TestData_R1_test.fastq,./TestDatasets/MixedWells/TestData_R2_test.fastq
DI03,C11,ATGGACA,TCCGAAG,RLS*,0.5384615384615384,13,./TestDatasets/MixedWells/TestData_R1_test.fastq,./TestDatasets/MixedWells/TestData_R2_test.fastq
DI03,C11,ATGGACA,TCCGAAG,TRK*,0.46153846153846156,13,./TestDatasets/MixedWells/TestData_R1_test.fastq,./TestDatasets/MixedWells/TestData_R2_test.fastq
DI03,C12,ACACTGA,GGCTTAC,YLKT,0.5833333333333334,12,./TestDatasets/MixedWells/TestData_R1_test.fastq,./TestDatasets/MixedWells/TestData_R2_test.fastq
DI03,C12,ACACTGA,GGCTTAC,GLDE,0.4166666666666667,12,./TestDatasets/MixedWells/TestData_R1_test.fastq,./TestDatasets/MixedWells/TestData_R2_test.fastq
DI03,D01,ATCTGTG,AGTTGGC,KL*G,0.35714285714285715,14,./TestDatasets/MixedWells/TestData_R1_test.fastq,./TestDatasets/MixedWells/TestData_R2_test.fastq
DI03,D01,ATCTGTG,AGTTGGC,*TCR,0.6428571428571429,14,./TestDatasets/MixedWells/TestData_R1_test.fastq,./TestDatasets/MixedWells/TestData_R2_test.fastq
DI03,D02,AATGTGC,AACGATG,KMIC,0.30303030303030304,33,./TestDatasets/MixedWells/TestData_R1_test.fastq,./TestDatasets/MixedWells/TestData_R2_test.fastq
DI03,D02,AATGTGC,AACGATG,SM*R,0.696969696969697,33,./TestDatasets/MixedWells/TestData_R1_test.fastq,./TestDatasets/MixedWells/TestData_R2_test.fastq
DI03,D03,GAGTTGA,ACTACCG,ECSI,0.1,10,./TestDatasets/MixedWells/TestData_R1_test.fastq,./TestDatasets/MixedWells/TestData_R2_test.fastq
DI03,D03,GAGTTGA,ACTACCG,LFA*,0.9,10,./TestDatasets/MixedWells/TestData_R1_test.fastq,./TestDatasets/MixedWells/TestData_R2_test.fastq
DI03,D04,TTCTCAC,GGTGTCT,LSAK,0.21052631578947367,19,./TestDatasets/MixedWells/TestData_R1_test.fastq,./TestDatasets/MixedWells/TestData_R2_test.fastq
DI03,D04,TTCTCAC,GGTGTCT,SPTI,0.7894736842105263,19,./TestDatasets/MixedWells/TestData_R1_test.fastq,./TestDatasets/MixedWells/TestData_R2_test.fastq
DI03,D05,TGAAGCG,CCAGCTT,GQQP,0.6111111111111112,18,./TestDatasets/MixedWells/TestData_R1_test.fastq,./TestDatasets/MixedWells/TestData_R2_test.fastq
DI03,D05,TGAAGCG,CCAGCTT,KYVG,0.3888888888888889,18,./TestDatasets/MixedWells/TestData_R1_test.fastq,./TestDatasets/MixedWells/TestData_R2_test.fastq
DI03,D06,GCTACAA,TTAGACG,PVRL,0.6666666666666666,6,./TestDatasets/MixedWells/TestData_R1_test.fastq,./TestDatasets/MixedWells/TestData_R2_test.fastq
DI03,D06,GCTACAA,TTAGACG,KYTR,0.3333333333333333,6,./TestDatasets/MixedWells/TestData_R1_test.fastq,./TestDatasets/MixedWells/TestData_R2_test.fastq
DI03,D07,AGAGAAC,ACCATAC,DT*E,0.6666666666666666,3,./TestDatasets/MixedWells/TestData_R1_test.fastq,./TestDatasets/MixedWells/TestData_R2_test.fastq
DI03,D07,AGAGAAC,ACCATAC,RRHV,0.3333333333333333,3,./TestDatasets/MixedWells/TestData_R1_test.fastq,./TestDatasets/MixedWells/TestData_R2_test.fastq
DI03,D08,CAGAGTG,GACGACT,IFRS,1.0,4,./TestDatasets/MixedWells/TestData_R1_test.fastq,./TestDatasets/MixedWells/TestData_R2_test.fastq
DI03,D09,TTCCGAA,GTCACCT,KT*A,1.0,10,./TestDatasets/MixedWells/TestData_R1_test.fastq,./TestDatasets/MixedWells/TestData_R2_test.fastq
DI03,D10,GTACGAC,CGTGATG,SRLG,0.5555555555555556,18,./TestDatasets/MixedWells/TestData_R1_test.fastq,./TestDatasets/MixedWells/TestData_R2_test.fastq
DI03,D10,GTACGAC,CGTGATG,REAG,0.4444444444444444,18,./TestDatasets/MixedWells/TestData_R1_test.fastq,./TestDatasets/MixedWells/TestData_R2_test.fastq
DI03,D11,ACTCTTG,GCTTCCT,RLIN,0.7857142857142857,14,./TestDatasets/MixedWells/TestData_R1_test.fastq,./TestDatasets/MixedWells/TestData_R2_test.fastq
DI03,D11,ACTCTTG,GCTTCCT,PHGD,0.21428571428571427,14,./TestDatasets/MixedWells/TestData_R1_test.fastq,./TestDatasets/MixedWells/TestData_R2_test.fastq
DI03,D12,CCAACCA,TAGACGT,PIYH,0.8571428571428571,7,./TestDatasets/MixedWells/TestData_R1_test.fastq,./TestDatasets/MixedWells/TestData_R2_test.fastq
DI03,D12,CCAACCA,TAGACGT,VEFW,0.14285714285714285,7,./TestDatasets/MixedWells/TestData_R1_test.fastq,./TestDatasets/MixedWells/TestData_R2_test.fastq
DI03,E01,CTCTAGA,CGGACTT,SPGL,0.625,24,./TestDatasets/MixedWells/TestData_R1_test.fastq,./TestDatasets/MixedWells/TestData_R2_test.fastq
DI03,E01,CTCTAGA,CGGACTT,PKAS,0.375,24,./TestDatasets/MixedWells/TestData_R1_test.fastq,./TestDatasets/MixedWells/TestData_R2_test.fastq
DI03,E02,AATCGGA,ACCGGAA,VRLP,1.0,8,./TestDatasets/MixedWells/TestData_R1_test.fastq,./TestDatasets/MixedWells/TestData_R2_test.fastq
DI03,E03,CGTCCTA,CCGAAGT,*LTG,0.48,25,./TestDatasets/MixedWells/TestData_R1_test.fastq,./TestDatasets/MixedWells/TestData_R2_test.fastq
DI03,E03,CGTCCTA,CCGAAGT,P***,0.52,25,./TestDatasets/MixedWells/TestData_R1_test.fastq,./TestDatasets/MixedWells/TestData_R2_test.fastq
DI03,E04,GGAATGT,GTTATGG,TLNR,0.41379310344827586,29,./TestDatasets/MixedWells/TestData_R1_test.fastq,./TestDatasets/MixedWells/TestData_R2_test.fastq
DI03,E04,GGAATGT,GTTATGG,LSRV,0.5862068965517241,29,./TestDatasets/MixedWells/TestData_R1_test.fastq,./TestDatasets/MixedWells/TestData_R2_test.fastq
DI03,E05,TCCAAGC,ATCCTCG,*PCE,0.625,8,./TestDatasets/MixedWells/TestData_R1_test.fastq,./TestDatasets/MixedWells/TestData_R2_test.fastq
DI03,E05,TCCAAGC,ATCCTCG,HVSL,0.375,8,./TestDatasets/MixedWells/TestData_R1_test.fastq,./TestDatasets/MixedWells/TestData_R2_test.fastq
DI03,E06,GCACCTA,CGAATAG,VRHL,1.0,18,./TestDatasets/MixedWells/TestData_R1_test.fastq,./TestDatasets/MixedWells/TestData_R2_test.fastq
DI03,E07,TTGCGTT,TATCCGG,GADR,1.0,17,./TestDatasets/MixedWells/TestData_R1_test.fastq,./TestDatasets/MixedWells/TestData_R2_test.fastq
DI03,E08,CAGGATT,AGCAAGA,PFQT,1.0,2,./TestDatasets/MixedWells/TestData_R1_test.fastq,./TestDatasets/MixedWells/TestData_R2_test.fastq
DI03,E09,CTGCATA,TGTCGAC,SVTC,1.0,3,./TestDatasets/MixedWells/TestData_R1_test.fastq,./TestDatasets/MixedWells/TestData_R2_test.fastq
DI03,E10,CGTTGAG,TTCCATG,SPTT,0.5,4,./TestDatasets/MixedWells/TestData_R1_test.fastq,./TestDatasets/MixedWells/TestData_R2_test.fastq
DI03,E10,CGTTGAG,TTCCATG,YNDF,0.5,4,./TestDatasets/MixedWells/TestData_R1_test.fastq,./TestDatasets/MixedWells/TestData_R2_test.fastq
DI03,E11,TGCTACT,GCAATCG,VIYT,0.11764705882352941,17,./TestDatasets/MixedWells/TestData_R1_test.fastq,./TestDatasets/MixedWells/TestData_R2_test.fastq
DI03,E11,TGCTACT,GCAATCG,T*AD,0.8823529411764706,17,./TestDatasets/MixedWells/TestData_R1_test.fastq,./TestDatasets/MixedWells/TestData_R2_test.fastq
DI03,E12,GTGATCC,TGAGTGG,QHCI,0.23076923076923078,13,./TestDatasets/MixedWells/TestData_R1_test.fastq,./TestDatasets/MixedWells/TestData_R2_test.fastq
DI03,E12,GTGATCC,TGAGTGG,ISRS,0.7692307692307693,13,./TestDatasets/MixedWells/TestData_R1_test.fastq,./TestDatasets/MixedWells/TestData_R2_test.fastq
DI03,F02,GTCGTTA,AGTCAGT,IVGT,1.0,3,./TestDatasets/MixedWells/TestData_R1_test.fastq,./TestDatasets/MixedWells/TestData_R2_test.fastq
DI03,F03,CCTGACA,GTGCTGT,ARFV,1.0,1,./TestDatasets/MixedWells/TestData_R1_test.fastq,./TestDatasets/MixedWells/TestData_R2_test.fastq
DI03,F04,AGTGTAG,CAACAAC,ATVN,1.0,3,./TestDatasets/MixedWells/TestData_R1_test.fastq,./TestDatasets/MixedWells/TestData_R2_test.fastq
DI03,F05,CGAGCAA,AATAGCC,PFCA,0.5333333333333333,30,./TestDatasets/MixedWells/TestData_R1_test.fastq,./TestDatasets/MixedWells/TestData_R2_test.fastq
DI03,F05,CGAGCAA,AATAGCC,FTGS,0.4666666666666667,30,./TestDatasets/MixedWells/TestData_R1_test.fastq,./TestDatasets/MixedWells/TestData_R2_test.fastq
DI03,F06,CTACTCC,TCTGTGA,NETQ,1.0,5,./TestDatasets/MixedWells/TestData_R1_test.fastq,./TestDatasets/MixedWells/TestData_R2_test.fastq
DI03,F07,GATGCCA,TGTGGTA,ETYM,0.4230769230769231,26,./TestDatasets/MixedWells/TestData_R1_test.fastq,./TestDatasets/MixedWells/TestData_R2_test.fastq
DI03,F07,GATGCCA,TGTGGTA,GDVR,0.5769230769230769,26,./TestDatasets/MixedWells/TestData_R1_test.fastq,./TestDatasets/MixedWells/TestData_R2_test.fastq
DI03,F08,GACCGAT,GCGTATG,SKNQ,1.0,8,./TestDatasets/MixedWells/TestData_R1_test.fastq,./TestDatasets/MixedWells/TestData_R2_test.fastq
DI03,F09,ACGTTGG,AGTTACG,RLLP,1.0,7,./TestDatasets/MixedWells/TestData_R1_test.fastq,./TestDatasets/MixedWells/TestData_R2_test.fastq
DI03,F10,ATGAGCG,TTCCTGC,GPDP,1.0,5,./TestDatasets/MixedWells/TestData_R1_test.fastq,./TestDatasets/MixedWells/TestData_R2_test.fastq
DI03,F11,TACTCCG,TATGTCG,LMVQ,1.0,19,./TestDatasets/MixedWells/TestData_R1_test.fastq,./TestDatasets/MixedWells/TestData_R2_test.fastq
DI03,F12,GATTCAC,GGAGAGA,*GGQ,0.16666666666666666,12,./TestDatasets/MixedWells/TestData_R1_test.fastq,./TestDatasets/MixedWells/TestData_R2_test.fastq
DI03,F12,GATTCAC,GGAGAGA,KLAK,0.8333333333333334,12,./TestDatasets/MixedWells/TestData_R1_test.fastq,./TestDatasets/MixedWells/TestData_R2_test.fastq
DI03,G01,ATGACGC,CCTTAGG,TVLH,0.42857142857142855,7,./TestDatasets/MixedWells/TestData_R1_test.fastq,./TestDatasets/MixedWells/TestData_R2_test.fastq
DI03,G01,ATGACGC,CCTTAGG,CRLT,0.5714285714285714,7,./TestDatasets/MixedWells/TestData_R1_test.fastq,./TestDatasets/MixedWells/TestData_R2_test.fastq
DI03,G02,GGTTGTT,TGTATCC,PGGC,0.7083333333333334,24,./TestDatasets/MixedWells/TestData_R1_test.fastq,./TestDatasets/MixedWells/TestData_R2_test.fastq
DI03,G02,GGTTGTT,TGTATCC,LRLG,0.2916666666666667,24,./TestDatasets/MixedWells/TestData_R1_test.fastq,./TestDatasets/MixedWells/TestData_R2_test.fastq
DI03,G03,GTACTTG,CAACCTG,PNSY,1.0,9,./TestDatasets/MixedWells/TestData_R1_test.fastq,./TestDatasets/MixedWells/TestData_R2_test.fastq
DI03,G04,TAGCAAG,CTGATGA,HFPD,0.3333333333333333,6,./TestDatasets/MixedWells/TestData_R1_test.fastq,./TestDatasets/MixedWells/TestData_R2_test.fastq
DI03,G04,TAGCAAG,CTGATGA,STTP,0.6666666666666666,6,./TestDatasets/MixedWells/TestData_R1_test.fastq,./TestDatasets/MixedWells/TestData_R2_test.fastq
DI03,G05,CTGCCAT,AAGACAG,WRA*,1.0,4,./TestDatasets/MixedWells/TestData_R1_test.fastq,./TestDatasets/MixedWells/TestData_R2_test.fastq
DI03,G06,GAGAACA,AGCTCGT,*VLE,0.7142857142857143,21,./TestDatasets/MixedWells/TestData_R1_test.fastq,./TestDatasets/MixedWells/TestData_R2_test.fastq
DI03,G06,GAGAACA,AGCTCGT,VKEG,0.2857142857142857,21,./TestDatasets/MixedWells/TestData_R1_test.fastq,./TestDatasets/MixedWells/TestData_R2_test.fastq
DI03,G07,GTATAGC,GATTGCG,IFPL,0.5333333333333333,15,./TestDatasets/MixedWells/TestData_R1_test.fastq,./TestDatasets/MixedWells/TestData_R2_test.fastq
DI03,G07,GTATAGC,GATTGCG,SLYT,0.4666666666666667,15,./TestDatasets/MixedWells/TestData_R1_test.fastq,./TestDatasets/MixedWells/TestData_R2_test.fastq
DI03,G08,TGATGGA,TCCTTCA,SFMY,0.75,16,./TestDatasets/MixedWells/TestData_R1_test.fastq,./TestDatasets/MixedWells/TestData_R2_test.fastq
DI03,G08,TGATGGA,TCCTTCA,IGPA,0.25,16,./TestDatasets/MixedWells/TestData_R1_test.fastq,./TestDatasets/MixedWells/TestData_R2_test.fastq
DI03,G09,GGCAGTA,TCACAGG,*DTK,1.0,6,./TestDatasets/MixedWells/TestData_R1_test.fastq,./TestDatasets/MixedWells/TestData_R2_test.fastq
DI03,G10,GAAGAAG,AGAGCTG,EG*E,0.07142857142857142,14,./TestDatasets/MixedWells/TestData_R1_test.fastq,./TestDatasets/MixedWells/TestData_R2_test.fastq
DI03,G10,GAAGAAG,AGAGCTG,YPWN,0.9285714285714286,14,./TestDatasets/MixedWells/TestData_R1_test.fastq,./TestDatasets/MixedWells/TestData_R2_test.fastq
DI03,G11,AGCGGTT,CCTCTGT,TAAC,0.18181818181818182,11,./TestDatasets/MixedWells/TestData_R1_test.fastq,./TestDatasets/MixedWells/TestData_R2_test.fastq
DI03,G11,AGCGGTT,CCTCTGT,QRLC,0.8181818181818182,11,./TestDatasets/MixedWells/TestData_R1_test.fastq,./TestDatasets/MixedWells/TestData_R2_test.fastq
DI03,G12,TAAGGCC,CCTCGAA,ATR*,0.5,8,./TestDatasets/MixedWells/TestData_R1_test.fastq,./TestDatasets/MixedWells/TestData_R2_test.fastq
DI03,G12,TAAGGCC,CCTCGAA,GLNP,0.5,8,./TestDatasets/MixedWells/TestData_R1_test.fastq,./TestDatasets/MixedWells/TestData_R2_test.fastq
DI03,H01,AACCTGT,GTGTCTC,FPPG,0.5652173913043478,23,./TestDatasets/MixedWells/TestData_R1_test.fastq,./TestDatasets/MixedWells/TestData_R2_test.fastq
DI03,H01,AACCTGT,GTGTCTC,AYRA,0.43478260869565216,23,./TestDatasets/MixedWells/TestData_R1_test.fastq,./TestDatasets/MixedWells/TestData_R2_test.fastq
DI03,H02,AGTACAC,ATTGAGG,ESLV,0.37037037037037035,27,./TestDatasets/MixedWells/TestData_R1_test.fastq,./TestDatasets/MixedWells/TestData_R2_test.fastq
DI03,H02,AGTACAC,ATTGAGG,TAQL,0.6296296296296297,27,./TestDatasets/MixedWells/TestData_R1_test.fastq,./TestDatasets/MixedWells/TestData_R2_test.fastq
DI03,H03,CTCGTAG,GACAATC,SRVD,0.7,20,./TestDatasets/MixedWells/TestData_R1_test.fastq,./TestDatasets/MixedWells/TestData_R2_test.fastq
DI03,H03,CTCGTAG,GACAATC,KYQT,0.3,20,./TestDatasets/MixedWells/TestData_R1_test.fastq,./TestDatasets/MixedWells/TestData_R2_test.fastq
DI03,H04,CTAGGTG,CACTTGC,LPLD,0.13333333333333333,15,./TestDatasets/MixedWells/TestData_R1_test.fastq,./TestDatasets/MixedWells/TestData_R2_test.fastq
DI03,H04,CTAGGTG,CACTTGC,DRIV,0.8666666666666667,15,./TestDatasets/MixedWells/TestData_R1_test.fastq,./TestDatasets/MixedWells/TestData_R2_test.fastq
DI03,H05,CGATACC,TGAACGC,*LTR,0.5454545454545454,11,./TestDatasets/MixedWells/TestData_R1_test.fastq,./TestDatasets/MixedWells/TestData_R2_test.fastq
DI03,H05,CGATACC,TGAACGC,TEGK,0.45454545454545453,11,./TestDatasets/MixedWells/TestData_R1_test.fastq,./TestDatasets/MixedWells/TestData_R2_test.fastq
DI03,H06,TCGGCTA,CGTAGCA,PMNL,0.35294117647058826,17,./TestDatasets/MixedWells/TestData_R1_test.fastq,./TestDatasets/MixedWells/TestData_R2_test.fastq
DI03,H06,TCGGCTA,CGTAGCA,SRGK,0.6470588235294118,17,./TestDatasets/MixedWells/TestData_R1_test.fastq,./TestDatasets/MixedWells/TestData_R2_test.fastq
DI03,H08,ATTGCCT,GTACACA,REDP,0.4444444444444444,18,./TestDatasets/MixedWells/TestData_R1_test.fastq,./TestDatasets/MixedWells/TestData_R2_test.fastq
DI03,H08,ATTGCCT,GTACACA,HHRS,0.5555555555555556,18,./TestDatasets/MixedWells/TestData_R1_test.fastq,./TestDatasets/MixedWells/TestData_R2_test.fastq
DI03,H09,CATTCGA,GATAGGT,VPLL,1.0,9,./TestDatasets/MixedWells/TestData_R1_test.fastq,./TestDatasets/MixedWells/TestData_R2_test.fastq
DI03,H10,GCACAAT,TAGCCTC,EVHA,0.14285714285714285,7,./TestDatasets/MixedWells/TestData_R1_test.fastq,./TestDatasets/MixedWells/TestData_R2_test.fastq
DI03,H10,GCACAAT,TAGCCTC,QDTF,0.8571428571428571,7,./TestDatasets/MixedWells/TestData_R1_test.fastq,./TestDatasets/MixedWells/TestData_R2_test.fastq
DI03,H11,GCAGTAA,TTCAGCC,MRRV,0.5833333333333334,24,./TestDatasets/MixedWells/TestData_R1_test.fastq,./TestDatasets/MixedWells/TestData_R2_test.fastq
DI03,H11,GCAGTAA,TTCAGCC,*FPC,0.4166666666666667,24,./TestDatasets/MixedWells/TestData_R1_test.fastq,./TestDatasets/MixedWells/TestData_R2_test.fastq
DI03,H12,CCTAATC,GGATTCA,NQIL,0.625,8,./TestDatasets/MixedWells/TestData_R1_test.fastq,./TestDatasets/MixedWells/TestData_R2_test.fastq
DI03,H12,CCTAATC,GGATTCA,INES,0.375,8,./TestDatasets/MixedWells/TestData_R1_test.fastq,./TestDatasets/MixedWells/TestData_R2_test.fastq
DI03,H07,CGGTTGT,AGGTTCC,LAIV,1.0,9,./TestDatasets/MixedWells/TestData_R1_test.fastq,./TestDatasets/MixedWells/TestData_R2_test.fastq
