Plate,Well,F-BC,R-BC,VariantCombo,AlignmentFrequency,WellSeqDepth,R1,R2,logseqdepth
DI01,A01,GATCATG,GAACTGC,SRFR,1.0,4,./TestDatasets/MixedWells/TestData_R1_test.fastq,./TestDatasets/MixedWells/TestData_R2_test.fastq,1.3862943611198906
DI01,A02,TACATGG,ACCAGGT,GNWS,0.75,16,./TestDatasets/MixedWells/TestData_R1_test.fastq,./TestDatasets/MixedWells/TestData_R2_test.fastq,2.772588722239781
DI01,A03,AAGCACC,TCTAGAG,EYAS,0.76,25,./TestDatasets/MixedWells/TestData_R1_test.fastq,./TestDatasets/MixedWells/TestData_R2_test.fastq,3.2188758248682006
DI01,A04,TGGCTCA,CACACAA,RSLY,0.6923076923076923,26,./TestDatasets/MixedWells/TestData_R1_test.fastq,./TestDatasets/MixedWells/TestData_R2_test.fastq,3.258096538021482
DI01,A05,CTTGCTC,GTGGAAC,HRPI,0.7272727272727273,11,./TestDatasets/MixedWells/TestData_R1_test.fastq,./TestDatasets/MixedWells/TestData_R2_test.fastq,2.3978952727983707
DI01,A06,GAAGCGT,ATATGCC,LLG*,0.5588235294117647,34,./TestDatasets/MixedWells/TestData_R1_test.fastq,./TestDatasets/MixedWells/TestData_R2_test.fastq,3.5263605246161616
DI01,A07,TCTCCAT,GGTCTGA,GRGK,0.6666666666666666,9,./TestDatasets/MixedWells/TestData_R1_test.fastq,./TestDatasets/MixedWells/TestData_R2_test.fastq,2.1972245773362196
DI01,A08,TTGAAGG,GTGAGAT,YPKY,0.5882352941176471,17,./TestDatasets/MixedWells/TestData_R1_test.fastq,./TestDatasets/MixedWells/TestData_R2_test.fastq,2.833213344056216
DI01,A09,GAATGTC,TTGGCAG,RNIR,0.6923076923076923,26,./TestDatasets/MixedWells/TestData_R1_test.fastq,./TestDatasets/MixedWells/TestData_R2_test.fastq,3.258096538021482
DI01,A10,ATCTCCA,ATGCCTG,IAT*,1.0,13,./TestDatasets/MixedWells/TestData_R1_test.fastq,./TestDatasets/MixedWells/TestData_R2_test.fastq,2.5649493574615367
DI01,A11,GCGTTAT,TCCGAAG,SDIL,0.68,25,./TestDatasets/MixedWells/TestData_R1_test.fastq,./TestDatasets/MixedWells/TestData_R2_test.fastq,3.2188758248682006
DI01,A12,TGCACCA,GGCTTAC,DLLP,1.0,2,./TestDatasets/MixedWells/TestData_R1_test.fastq,./TestDatasets/MixedWells/TestData_R2_test.fastq,0.6931471805599453
DI01,B01,TGCCTAT,AGTTGGC,AMTS,0.6666666666666666,12,./TestDatasets/MixedWells/TestData_R1_test.fastq,./TestDatasets/MixedWells/TestData_R2_test.fastq,2.4849066497880004
DI01,B02,AGGAATC,AACGATG,VQST,1.0,15,./TestDatasets/MixedWells/TestData_R1_test.fastq,./TestDatasets/MixedWells/TestData_R2_test.fastq,2.70805020110221
DI01,B03,TCCACTG,ACTACCG,STR*,0.625,8,./TestDatasets/MixedWells/TestData_R1_test.fastq,./TestDatasets/MixedWells/TestData_R2_test.fastq,2.0794415416798357
DI01,B04,TTGTACC,GGTGTCT,SYSR,0.5833333333333334,12,./TestDatasets/MixedWells/TestData_R1_test.fastq,./TestDatasets/MixedWells/TestData_R2_test.fastq,2.4849066497880004
DI01,B05,TTCGAGT,CCAGCTT,AARI,1.0,11,./TestDatasets/MixedWells/TestData_R1_test.fastq,./TestDatasets/MixedWells/TestData_R2_test.fastq,2.3978952727983707
DI01,B06,CTTCAGC,TTAGACG,DTPI,1.0,8,./TestDatasets/MixedWells/TestData_R1_test.fastq,./TestDatasets/MixedWells/TestData_R2_test.fastq,2.0794415416798357
DI01,B07,CAGTGCA,ACCATAC,ARRK,0.5,4,./TestDatasets/MixedWells/TestData_R1_test.fastq,./TestDatasets/MixedWells/TestData_R2_test.fastq,1.3862943611198906
DI01,B07,CAGTGCA,ACCATAC,RPPV,0.5,4,./TestDatasets/MixedWells/TestData_R1_test.fastq,./TestDatasets/MixedWells/TestData_R2_test.fastq,1.3862943611198906
DI01,B09,CGCCATT,GTCACCT,INLS,0.6875,16,./TestDatasets/MixedWells/TestData_R1_test.fastq,./TestDatasets/MixedWells/TestData_R2_test.fastq,2.772588722239781
DI01,B10,GCCATGA,CGTGATG,SPRN,0.75,8,./TestDatasets/MixedWells/TestData_R1_test.fastq,./TestDatasets/MixedWells/TestData_R2_test.fastq,2.0794415416798357
DI01,B11,CACAACG,GCTTCCT,VIPS,0.7777777777777778,9,./TestDatasets/MixedWells/TestData_R1_test.fastq,./TestDatasets/MixedWells/TestData_R2_test.fastq,2.1972245773362196
DI01,B12,CTTCGCT,TAGACGT,SHWV,0.9333333333333333,15,./TestDatasets/MixedWells/TestData_R1_test.fastq,./TestDatasets/MixedWells/TestData_R2_test.fastq,2.70805020110221
DI01,C01,TCGTGAA,CGGACTT,PLSD,0.5714285714285714,14,./TestDatasets/MixedWells/TestData_R1_test.fastq,./TestDatasets/MixedWells/TestData_R2_test.fastq,2.6390573296152584
DI01,C02,TTATCGG,ACCGGAA,SLVC,0.6,20,./TestDatasets/MixedWells/TestData_R1_test.fastq,./TestDatasets/MixedWells/TestData_R2_test.fastq,2.995732273553991
DI01,C03,AGACCAT,CCGAAGT,LIPD,0.7142857142857143,14,./TestDatasets/MixedWells/TestData_R1_test.fastq,./TestDatasets/MixedWells/TestData_R2_test.fastq,2.6390573296152584
DI01,C04,ACATGAG,GTTATGG,YVAW,0.6,20,./TestDatasets/MixedWells/TestData_R1_test.fastq,./TestDatasets/MixedWells/TestData_R2_test.fastq,2.995732273553991
DI01,C05,ACGTACT,ATCCTCG,TIDT,0.6666666666666666,30,./TestDatasets/MixedWells/TestData_R1_test.fastq,./TestDatasets/MixedWells/TestData_R2_test.fastq,3.4011973816621555
DI01,C06,CACCTCA,CGAATAG,*AES,0.5454545454545454,11,./TestDatasets/MixedWells/TestData_R1_test.fastq,./TestDatasets/MixedWells/TestData_R2_test.fastq,2.3978952727983707
DI01,C08,TGTTCTG,AGCAAGA,HSPA,1.0,13,./TestDatasets/MixedWells/TestData_R1_test.fastq,./TestDatasets/MixedWells/TestData_R2_test.fastq,2.5649493574615367
DI01,C09,CTTACGT,TGTCGAC,EPVV,0.6363636363636364,11,./TestDatasets/MixedWells/TestData_R1_test.fastq,./TestDatasets/MixedWells/TestData_R2_test.fastq,2.3978952727983707
DI01,C10,GAGGTTG,TTCCATG,KRGP,1.0,17,./TestDatasets/MixedWells/TestData_R1_test.fastq,./TestDatasets/MixedWells/TestData_R2_test.fastq,2.833213344056216
DI01,C11,ATGGACA,GCAATCG,RWEL,0.7272727272727273,11,./TestDatasets/MixedWells/TestData_R1_test.fastq,./TestDatasets/MixedWells/TestData_R2_test.fastq,2.3978952727983707
DI01,C12,ACACTGA,TGAGTGG,SS*F,0.9090909090909091,11,./TestDatasets/MixedWells/TestData_R1_test.fastq,./TestDatasets/MixedWells/TestData_R2_test.fastq,2.3978952727983707
DI01,D01,ATCTGTG,TAGGAGA,NSRP,0.8461538461538461,13,./TestDatasets/MixedWells/TestData_R1_test.fastq,./TestDatasets/MixedWells/TestData_R2_test.fastq,2.5649493574615367
DI01,D02,AATGTGC,AGTCAGT,CHEN,0.75,8,./TestDatasets/MixedWells/TestData_R1_test.fastq,./TestDatasets/MixedWells/TestData_R2_test.fastq,2.0794415416798357
DI01,D03,GAGTTGA,GTGCTGT,RPTL,0.6153846153846154,13,./TestDatasets/MixedWells/TestData_R1_test.fastq,./TestDatasets/MixedWells/TestData_R2_test.fastq,2.5649493574615367
DI01,D04,TTCTCAC,CAACAAC,GVGV,1.0,9,./TestDatasets/MixedWells/TestData_R1_test.fastq,./TestDatasets/MixedWells/TestData_R2_test.fastq,2.1972245773362196
DI01,D05,TGAAGCG,AATAGCC,LKQ*,0.5714285714285714,21,./TestDatasets/MixedWells/TestData_R1_test.fastq,./TestDatasets/MixedWells/TestData_R2_test.fastq,3.044522437723423
DI01,D06,GCTACAA,TCTGTGA,PLRT,0.9285714285714286,14,./TestDatasets/MixedWells/TestData_R1_test.fastq,./TestDatasets/MixedWells/TestData_R2_test.fastq,2.6390573296152584
DI01,D07,AGAGAAC,TGTGGTA,GN*A,1.0,13,./TestDatasets/MixedWells/TestData_R1_test.fastq,./TestDatasets/MixedWells/TestData_R2_test.fastq,2.5649493574615367
DI01,D08,CAGAGTG,GCGTATG,CFVR,0.6666666666666666,12,./TestDatasets/MixedWells/TestData_R1_test.fastq,./TestDatasets/MixedWells/TestData_R2_test.fastq,2.4849066497880004
DI01,D09,TTCCGAA,AGTTACG,GGHL,0.5625,16,./TestDatasets/MixedWells/TestData_R1_test.fastq,./TestDatasets/MixedWells/TestData_R2_test.fastq,2.772588722239781
DI01,D10,GTACGAC,TTCCTGC,PKSD,0.631578947368421,19,./TestDatasets/MixedWells/TestData_R1_test.fastq,./TestDatasets/MixedWells/TestData_R2_test.fastq,2.9444389791664403
DI01,D11,ACTCTTG,TATGTCG,VCL*,1.0,3,./TestDatasets/MixedWells/TestData_R1_test.fastq,./TestDatasets/MixedWells/TestData_R2_test.fastq,1.0986122886681098
DI01,D12,CCAACCA,GGAGAGA,VYSG,1.0,8,./TestDatasets/MixedWells/TestData_R1_test.fastq,./TestDatasets/MixedWells/TestData_R2_test.fastq,2.0794415416798357
DI01,E02,AATCGGA,TGTATCC,VRTI,0.7777777777777778,18,./TestDatasets/MixedWells/TestData_R1_test.fastq,./TestDatasets/MixedWells/TestData_R2_test.fastq,2.8903717578961645
DI01,E03,CGTCCTA,CAACCTG,VEGV,0.75,8,./TestDatasets/MixedWells/TestData_R1_test.fastq,./TestDatasets/MixedWells/TestData_R2_test.fastq,2.0794415416798357
DI01,E04,GGAATGT,CTGATGA,GQIF,0.6666666666666666,6,./TestDatasets/MixedWells/TestData_R1_test.fastq,./TestDatasets/MixedWells/TestData_R2_test.fastq,1.791759469228055
DI01,E05,TCCAAGC,AAGACAG,IYKS,0.5882352941176471,17,./TestDatasets/MixedWells/TestData_R1_test.fastq,./TestDatasets/MixedWells/TestData_R2_test.fastq,2.833213344056216
DI01,E06,GCACCTA,AGCTCGT,LVCL,1.0,8,./TestDatasets/MixedWells/TestData_R1_test.fastq,./TestDatasets/MixedWells/TestData_R2_test.fastq,2.0794415416798357
DI01,E07,TTGCGTT,GATTGCG,ELEV,0.5,18,./TestDatasets/MixedWells/TestData_R1_test.fastq,./TestDatasets/MixedWells/TestData_R2_test.fastq,2.8903717578961645
DI01,E07,TTGCGTT,GATTGCG,GPE*,0.5,18,./TestDatasets/MixedWells/TestData_R1_test.fastq,./TestDatasets/MixedWells/TestData_R2_test.fastq,2.8903717578961645
DI01,E08,CAGGATT,TCCTTCA,PNAV,0.5714285714285714,21,./TestDatasets/MixedWells/TestData_R1_test.fastq,./TestDatasets/MixedWells/TestData_R2_test.fastq,3.044522437723423
DI01,E09,CTGCATA,TCACAGG,GANC,0.6666666666666666,12,./TestDatasets/MixedWells/TestData_R1_test.fastq,./TestDatasets/MixedWells/TestData_R2_test.fastq,2.4849066497880004
DI01,E10,CGTTGAG,AGAGCTG,QKSL,1.0,5,./TestDatasets/MixedWells/TestData_R1_test.fastq,./TestDatasets/MixedWells/TestData_R2_test.fastq,1.6094379124341003
DI01,E11,TGCTACT,CCTCTGT,QGPK,0.625,16,./TestDatasets/MixedWells/TestData_R1_test.fastq,./TestDatasets/MixedWells/TestData_R2_test.fastq,2.772588722239781
DI01,E12,GTGATCC,CCTCGAA,RVTP,1.0,8,./TestDatasets/MixedWells/TestData_R1_test.fastq,./TestDatasets/MixedWells/TestData_R2_test.fastq,2.0794415416798357
DI01,F01,GCATGGT,GTGTCTC,SLPA,0.8181818181818182,22,./TestDatasets/MixedWells/TestData_R1_test.fastq,./TestDatasets/MixedWells/TestData_R2_test.fastq,3.091042453358316
DI01,F02,GTCGTTA,ATTGAGG,*YAG,0.75,12,./TestDatasets/MixedWells/TestData_R1_test.fastq,./TestDatasets/MixedWells/TestData_R2_test.fastq,2.4849066497880004
DI01,F03,CCTGACA,GACAATC,VPKR,0.6363636363636364,11,./TestDatasets/MixedWells/TestData_R1_test.fastq,./TestDatasets/MixedWells/TestData_R2_test.fastq,2.3978952727983707
DI01,F04,AGTGTAG,CACTTGC,VS*R,1.0,11,./TestDatasets/MixedWells/TestData_R1_test.fastq,./TestDatasets/MixedWells/TestData_R2_test.fastq,2.3978952727983707
DI01,F05,CGAGCAA,TGAACGC,*QRV,1.0,15,./TestDatasets/MixedWells/TestData_R1_test.fastq,./TestDatasets/MixedWells/TestData_R2_test.fastq,2.70805020110221
DI01,F06,CTACTCC,CGTAGCA,*KNH,0.5,12,./TestDatasets/MixedWells/TestData_R1_test.fastq,./TestDatasets/MixedWells/TestData_R2_test.fastq,2.4849066497880004
DI01,F06,CTACTCC,CGTAGCA,LLLP,0.5,12,./TestDatasets/MixedWells/TestData_R1_test.fastq,./TestDatasets/MixedWells/TestData_R2_test.fastq,2.4849066497880004
DI01,F07,GATGCCA,AGGTTCC,SGS*,0.875,8,./TestDatasets/MixedWells/TestData_R1_test.fastq,./TestDatasets/MixedWells/TestData_R2_test.fastq,2.0794415416798357
DI01,F08,GACCGAT,GTACACA,LRAY,0.75,4,./TestDatasets/MixedWells/TestData_R1_test.fastq,./TestDatasets/MixedWells/TestData_R2_test.fastq,1.3862943611198906
DI01,F09,ACGTTGG,GATAGGT,EQ*Y,0.7,20,./TestDatasets/MixedWells/TestData_R1_test.fastq,./TestDatasets/MixedWells/TestData_R2_test.fastq,2.995732273553991
DI01,F10,ATGAGCG,TAGCCTC,YDVL,0.8571428571428571,14,./TestDatasets/MixedWells/TestData_R1_test.fastq,./TestDatasets/MixedWells/TestData_R2_test.fastq,2.6390573296152584
DI01,F11,TACTCCG,TTCAGCC,FPRV,1.0,3,./TestDatasets/MixedWells/TestData_R1_test.fastq,./TestDatasets/MixedWells/TestData_R2_test.fastq,1.0986122886681098
DI01,F12,GATTCAC,GGATTCA,HSGP,1.0,8,./TestDatasets/MixedWells/TestData_R1_test.fastq,./TestDatasets/MixedWells/TestData_R2_test.fastq,2.0794415416798357
DI01,G01,ATGACGC,TGAGCCT,ISTS,1.0,4,./TestDatasets/MixedWells/TestData_R1_test.fastq,./TestDatasets/MixedWells/TestData_R2_test.fastq,1.3862943611198906
DI01,G02,GGTTGTT,AACGCGA,SLTC,1.0,5,./TestDatasets/MixedWells/TestData_R1_test.fastq,./TestDatasets/MixedWells/TestData_R2_test.fastq,1.6094379124341003
DI01,G03,GTACTTG,TCATTGC,CIEA,1.0,10,./TestDatasets/MixedWells/TestData_R1_test.fastq,./TestDatasets/MixedWells/TestData_R2_test.fastq,2.302585092994046
DI01,G04,TAGCAAG,AGCATCT,RTGG,1.0,4,./TestDatasets/MixedWells/TestData_R1_test.fastq,./TestDatasets/MixedWells/TestData_R2_test.fastq,1.3862943611198906
DI01,G05,CTGCCAT,TTGGTCT,*CYI,1.0,11,./TestDatasets/MixedWells/TestData_R1_test.fastq,./TestDatasets/MixedWells/TestData_R2_test.fastq,2.3978952727983707
DI01,G06,GAGAACA,CAAGGAT,ATYL,0.9523809523809523,21,./TestDatasets/MixedWells/TestData_R1_test.fastq,./TestDatasets/MixedWells/TestData_R2_test.fastq,3.044522437723423
DI01,G07,GTATAGC,AGACGTC,VLSG,0.8333333333333334,6,./TestDatasets/MixedWells/TestData_R1_test.fastq,./TestDatasets/MixedWells/TestData_R2_test.fastq,1.791759469228055
DI01,G08,TGATGGA,AGGTCAA,VRRL,0.7222222222222222,18,./TestDatasets/MixedWells/TestData_R1_test.fastq,./TestDatasets/MixedWells/TestData_R2_test.fastq,2.8903717578961645
DI01,G09,GGCAGTA,ATGCTAC,EVLI,0.7692307692307693,13,./TestDatasets/MixedWells/TestData_R1_test.fastq,./TestDatasets/MixedWells/TestData_R2_test.fastq,2.5649493574615367
DI01,G10,GAAGAAG,CTCTGAT,EL*K,1.0,11,./TestDatasets/MixedWells/TestData_R1_test.fastq,./TestDatasets/MixedWells/TestData_R2_test.fastq,2.3978952727983707
DI01,G12,TAAGGCC,TCGAGCT,AQSV,0.6666666666666666,12,./TestDatasets/MixedWells/TestData_R1_test.fastq,./TestDatasets/MixedWells/TestData_R2_test.fastq,2.4849066497880004
DI01,H01,AACCTGT,ACAGTCT,PFII,1.0,7,./TestDatasets/MixedWells/TestData_R1_test.fastq,./TestDatasets/MixedWells/TestData_R2_test.fastq,1.9459101490553132
DI01,H02,AGTACAC,CAGATAC,QGIS,1.0,11,./TestDatasets/MixedWells/TestData_R1_test.fastq,./TestDatasets/MixedWells/TestData_R2_test.fastq,2.3978952727983707
DI01,H03,CTCGTAG,TACGTTC,CLRR,0.6666666666666666,3,./TestDatasets/MixedWells/TestData_R1_test.fastq,./TestDatasets/MixedWells/TestData_R2_test.fastq,1.0986122886681098
DI01,H04,CTAGGTG,ACGGTTC,FSKR,1.0,4,./TestDatasets/MixedWells/TestData_R1_test.fastq,./TestDatasets/MixedWells/TestData_R2_test.fastq,1.3862943611198906
DI01,H05,CGATACC,CATCGTC,SLET,1.0,4,./TestDatasets/MixedWells/TestData_R1_test.fastq,./TestDatasets/MixedWells/TestData_R2_test.fastq,1.3862943611198906
DI01,H06,TCGGCTA,TACGCAT,*RPY,0.8333333333333334,6,./TestDatasets/MixedWells/TestData_R1_test.fastq,./TestDatasets/MixedWells/TestData_R2_test.fastq,1.791759469228055
DI01,H07,CGGTTGT,CTTAGAC,VTYN,0.631578947368421,19,./TestDatasets/MixedWells/TestData_R1_test.fastq,./TestDatasets/MixedWells/TestData_R2_test.fastq,2.9444389791664403
DI01,H08,ATTGCCT,AACTGAC,LASC,0.8333333333333334,18,./TestDatasets/MixedWells/TestData_R1_test.fastq,./TestDatasets/MixedWells/TestData_R2_test.fastq,2.8903717578961645
DI01,H09,CATTCGA,ACTTGCA,RHTS,0.8666666666666667,15,./TestDatasets/MixedWells/TestData_R1_test.fastq,./TestDatasets/MixedWells/TestData_R2_test.fastq,2.70805020110221
DI01,H10,GCACAAT,ACGCGAT,IALR,0.5333333333333333,15,./TestDatasets/MixedWells/TestData_R1_test.fastq,./TestDatasets/MixedWells/TestData_R2_test.fastq,2.70805020110221
DI01,H11,GCAGTAA,TCGACAC,YELK,1.0,1,./TestDatasets/MixedWells/TestData_R1_test.fastq,./TestDatasets/MixedWells/TestData_R2_test.fastq,0.0
DI01,H12,CCTAATC,ACTCAAC,DTCS,0.8181818181818182,11,./TestDatasets/MixedWells/TestData_R1_test.fastq,./TestDatasets/MixedWells/TestData_R2_test.fastq,2.3978952727983707
