Plate,Well,F-BC,R-BC,VariantCombo,AlignmentFrequency,WellSeqDepth,R1,R2,logseqdepth
DI07,A01,GATCATG,CGGACTT,RFME,0.75,24,./TestDatasets/MixedWells/TestData_R1_test.fastq,./TestDatasets/MixedWells/TestData_R2_test.fastq,3.1780538303479458
DI07,A02,TACATGG,ACCGGAA,AMSF,1.0,19,./TestDatasets/MixedWells/TestData_R1_test.fastq,./TestDatasets/MixedWells/TestData_R2_test.fastq,2.9444389791664403
DI07,A03,AAGCACC,CCGAAGT,CARR,1.0,9,./TestDatasets/MixedWells/TestData_R1_test.fastq,./TestDatasets/MixedWells/TestData_R2_test.fastq,2.1972245773362196
DI07,A04,TGGCTCA,GTTATGG,THLV,0.5714285714285714,14,./TestDatasets/MixedWells/TestData_R1_test.fastq,./TestDatasets/MixedWells/TestData_R2_test.fastq,2.6390573296152584
DI07,A05,CTTGCTC,ATCCTCG,EMFR,1.0,14,./TestDatasets/MixedWells/TestData_R1_test.fastq,./TestDatasets/MixedWells/TestData_R2_test.fastq,2.6390573296152584
DI07,A06,GAAGCGT,CGAATAG,TSAA,0.6363636363636364,22,./TestDatasets/MixedWells/TestData_R1_test.fastq,./TestDatasets/MixedWells/TestData_R2_test.fastq,3.091042453358316
DI07,A07,TCTCCAT,TATCCGG,V*CS,1.0,4,./TestDatasets/MixedWells/TestData_R1_test.fastq,./TestDatasets/MixedWells/TestData_R2_test.fastq,1.3862943611198906
DI07,A08,TTGAAGG,AGCAAGA,L*RI,1.0,12,./TestDatasets/MixedWells/TestData_R1_test.fastq,./TestDatasets/MixedWells/TestData_R2_test.fastq,2.4849066497880004
DI07,A09,GAATGTC,TGTCGAC,KCDE,1.0,8,./TestDatasets/MixedWells/TestData_R1_test.fastq,./TestDatasets/MixedWells/TestData_R2_test.fastq,2.0794415416798357
DI07,A10,ATCTCCA,TTCCATG,RLKS,1.0,5,./TestDatasets/MixedWells/TestData_R1_test.fastq,./TestDatasets/MixedWells/TestData_R2_test.fastq,1.6094379124341003
DI07,A11,GCGTTAT,GCAATCG,ISVA,1.0,10,./TestDatasets/MixedWells/TestData_R1_test.fastq,./TestDatasets/MixedWells/TestData_R2_test.fastq,2.302585092994046
DI07,A12,TGCACCA,TGAGTGG,SERR,1.0,14,./TestDatasets/MixedWells/TestData_R1_test.fastq,./TestDatasets/MixedWells/TestData_R2_test.fastq,2.6390573296152584
DI07,B01,TGCCTAT,TAGGAGA,SPLG,0.9090909090909091,11,./TestDatasets/MixedWells/TestData_R1_test.fastq,./TestDatasets/MixedWells/TestData_R2_test.fastq,2.3978952727983707
DI07,B04,TTGTACC,CAACAAC,NQ*G,0.7058823529411765,17,./TestDatasets/MixedWells/TestData_R1_test.fastq,./TestDatasets/MixedWells/TestData_R2_test.fastq,2.833213344056216
DI07,B05,TTCGAGT,AATAGCC,RLLL,0.875,8,./TestDatasets/MixedWells/TestData_R1_test.fastq,./TestDatasets/MixedWells/TestData_R2_test.fastq,2.0794415416798357
DI07,B06,CTTCAGC,TCTGTGA,KGSK,0.7777777777777778,27,./TestDatasets/MixedWells/TestData_R1_test.fastq,./TestDatasets/MixedWells/TestData_R2_test.fastq,3.295836866004329
DI07,B07,CAGTGCA,TGTGGTA,IGAA,0.7368421052631579,19,./TestDatasets/MixedWells/TestData_R1_test.fastq,./TestDatasets/MixedWells/TestData_R2_test.fastq,2.9444389791664403
DI07,B08,TGCTGTC,GCGTATG,TVIR,0.6,15,./TestDatasets/MixedWells/TestData_R1_test.fastq,./TestDatasets/MixedWells/TestData_R2_test.fastq,2.70805020110221
DI07,B09,CGCCATT,AGTTACG,GDGI,0.5714285714285714,7,./TestDatasets/MixedWells/TestData_R1_test.fastq,./TestDatasets/MixedWells/TestData_R2_test.fastq,1.9459101490553132
DI07,B10,GCCATGA,TTCCTGC,SFTV,0.8571428571428571,14,./TestDatasets/MixedWells/TestData_R1_test.fastq,./TestDatasets/MixedWells/TestData_R2_test.fastq,2.6390573296152584
DI07,B11,CACAACG,TATGTCG,SVDI,0.5833333333333334,24,./TestDatasets/MixedWells/TestData_R1_test.fastq,./TestDatasets/MixedWells/TestData_R2_test.fastq,3.1780538303479458
DI07,B12,CTTCGCT,GGAGAGA,TQPC,0.5555555555555556,18,./TestDatasets/MixedWells/TestData_R1_test.fastq,./TestDatasets/MixedWells/TestData_R2_test.fastq,2.8903717578961645
DI07,C01,TCGTGAA,CCTTAGG,PRLL,0.8333333333333334,6,./TestDatasets/MixedWells/TestData_R1_test.fastq,./TestDatasets/MixedWells/TestData_R2_test.fastq,1.791759469228055
DI07,C03,AGACCAT,CAACCTG,DFIQ,0.6428571428571429,14,./TestDatasets/MixedWells/TestData_R1_test.fastq,./TestDatasets/MixedWells/TestData_R2_test.fastq,2.6390573296152584
DI07,C04,ACATGAG,CTGATGA,LFEV,0.9090909090909091,11,./TestDatasets/MixedWells/TestData_R1_test.fastq,./TestDatasets/MixedWells/TestData_R2_test.fastq,2.3978952727983707
DI07,C05,ACGTACT,AAGACAG,LISR,1.0,12,./TestDatasets/MixedWells/TestData_R1_test.fastq,./TestDatasets/MixedWells/TestData_R2_test.fastq,2.4849066497880004
DI07,C06,CACCTCA,AGCTCGT,ERSS,1.0,8,./TestDatasets/MixedWells/TestData_R1_test.fastq,./TestDatasets/MixedWells/TestData_R2_test.fastq,2.0794415416798357
DI07,C07,GTTGGAG,GATTGCG,*CVD,0.8181818181818182,11,./TestDatasets/MixedWells/TestData_R1_test.fastq,./TestDatasets/MixedWells/TestData_R2_test.fastq,2.3978952727983707
DI07,C08,TGTTCTG,TCCTTCA,MGSS,1.0,10,./TestDatasets/MixedWells/TestData_R1_test.fastq,./TestDatasets/MixedWells/TestData_R2_test.fastq,2.302585092994046
DI07,C09,CTTACGT,TCACAGG,R*LK,0.5909090909090909,22,./TestDatasets/MixedWells/TestData_R1_test.fastq,./TestDatasets/MixedWells/TestData_R2_test.fastq,3.091042453358316
DI07,C10,GAGGTTG,AGAGCTG,FLRT,1.0,4,./TestDatasets/MixedWells/TestData_R1_test.fastq,./TestDatasets/MixedWells/TestData_R2_test.fastq,1.3862943611198906
DI07,C11,ATGGACA,CCTCTGT,SPVL,0.9090909090909091,11,./TestDatasets/MixedWells/TestData_R1_test.fastq,./TestDatasets/MixedWells/TestData_R2_test.fastq,2.3978952727983707
DI07,C12,ACACTGA,CCTCGAA,RIYR,1.0,7,./TestDatasets/MixedWells/TestData_R1_test.fastq,./TestDatasets/MixedWells/TestData_R2_test.fastq,1.9459101490553132
DI07,D01,ATCTGTG,GTGTCTC,MVRS,0.8888888888888888,9,./TestDatasets/MixedWells/TestData_R1_test.fastq,./TestDatasets/MixedWells/TestData_R2_test.fastq,2.1972245773362196
DI07,D02,AATGTGC,ATTGAGG,PQTV,0.6470588235294118,17,./TestDatasets/MixedWells/TestData_R1_test.fastq,./TestDatasets/MixedWells/TestData_R2_test.fastq,2.833213344056216
DI07,D04,TTCTCAC,CACTTGC,RRSI,1.0,7,./TestDatasets/MixedWells/TestData_R1_test.fastq,./TestDatasets/MixedWells/TestData_R2_test.fastq,1.9459101490553132
DI07,D05,TGAAGCG,TGAACGC,TTEK,0.5882352941176471,17,./TestDatasets/MixedWells/TestData_R1_test.fastq,./TestDatasets/MixedWells/TestData_R2_test.fastq,2.833213344056216
DI07,D06,GCTACAA,CGTAGCA,TIAV,0.6363636363636364,22,./TestDatasets/MixedWells/TestData_R1_test.fastq,./TestDatasets/MixedWells/TestData_R2_test.fastq,3.091042453358316
DI07,D07,AGAGAAC,AGGTTCC,RLGL,0.7272727272727273,11,./TestDatasets/MixedWells/TestData_R1_test.fastq,./TestDatasets/MixedWells/TestData_R2_test.fastq,2.3978952727983707
DI07,D08,CAGAGTG,GTACACA,AERQ,0.7142857142857143,14,./TestDatasets/MixedWells/TestData_R1_test.fastq,./TestDatasets/MixedWells/TestData_R2_test.fastq,2.6390573296152584
DI07,D09,TTCCGAA,GATAGGT,AWST,0.6666666666666666,18,./TestDatasets/MixedWells/TestData_R1_test.fastq,./TestDatasets/MixedWells/TestData_R2_test.fastq,2.8903717578961645
DI07,D10,GTACGAC,TAGCCTC,LRHC,0.6818181818181818,22,./TestDatasets/MixedWells/TestData_R1_test.fastq,./TestDatasets/MixedWells/TestData_R2_test.fastq,3.091042453358316
DI07,D11,ACTCTTG,TTCAGCC,RNDQ,0.6,15,./TestDatasets/MixedWells/TestData_R1_test.fastq,./TestDatasets/MixedWells/TestData_R2_test.fastq,2.70805020110221
DI07,E01,CTCTAGA,TGAGCCT,NLSA,1.0,2,./TestDatasets/MixedWells/TestData_R1_test.fastq,./TestDatasets/MixedWells/TestData_R2_test.fastq,0.6931471805599453
DI07,E02,AATCGGA,AACGCGA,EVPR,0.5789473684210527,19,./TestDatasets/MixedWells/TestData_R1_test.fastq,./TestDatasets/MixedWells/TestData_R2_test.fastq,2.9444389791664403
DI07,E03,CGTCCTA,TCATTGC,MPRW,1.0,1,./TestDatasets/MixedWells/TestData_R1_test.fastq,./TestDatasets/MixedWells/TestData_R2_test.fastq,0.0
DI07,E04,GGAATGT,AGCATCT,SKHR,1.0,11,./TestDatasets/MixedWells/TestData_R1_test.fastq,./TestDatasets/MixedWells/TestData_R2_test.fastq,2.3978952727983707
DI07,E05,TCCAAGC,TTGGTCT,LETM,0.5333333333333333,15,./TestDatasets/MixedWells/TestData_R1_test.fastq,./TestDatasets/MixedWells/TestData_R2_test.fastq,2.70805020110221
DI07,E06,GCACCTA,CAAGGAT,ALTA,1.0,12,./TestDatasets/MixedWells/TestData_R1_test.fastq,./TestDatasets/MixedWells/TestData_R2_test.fastq,2.4849066497880004
DI07,E07,TTGCGTT,AGACGTC,TQAR,0.9,10,./TestDatasets/MixedWells/TestData_R1_test.fastq,./TestDatasets/MixedWells/TestData_R2_test.fastq,2.302585092994046
DI07,E08,CAGGATT,AGGTCAA,ALPG,0.5357142857142857,28,./TestDatasets/MixedWells/TestData_R1_test.fastq,./TestDatasets/MixedWells/TestData_R2_test.fastq,3.332204510175204
DI07,E09,CTGCATA,ATGCTAC,PLLM,1.0,13,./TestDatasets/MixedWells/TestData_R1_test.fastq,./TestDatasets/MixedWells/TestData_R2_test.fastq,2.5649493574615367
DI07,E10,CGTTGAG,CTCTGAT,LSSR,1.0,3,./TestDatasets/MixedWells/TestData_R1_test.fastq,./TestDatasets/MixedWells/TestData_R2_test.fastq,1.0986122886681098
DI07,E11,TGCTACT,TCAAGTC,VRGH,0.75,12,./TestDatasets/MixedWells/TestData_R1_test.fastq,./TestDatasets/MixedWells/TestData_R2_test.fastq,2.4849066497880004
DI07,E12,GTGATCC,TCGAGCT,MTSF,0.8636363636363636,22,./TestDatasets/MixedWells/TestData_R1_test.fastq,./TestDatasets/MixedWells/TestData_R2_test.fastq,3.091042453358316
DI07,F01,GCATGGT,ACAGTCT,LRRV,0.6666666666666666,24,./TestDatasets/MixedWells/TestData_R1_test.fastq,./TestDatasets/MixedWells/TestData_R2_test.fastq,3.1780538303479458
DI07,F02,GTCGTTA,CAGATAC,PDK*,0.7272727272727273,11,./TestDatasets/MixedWells/TestData_R1_test.fastq,./TestDatasets/MixedWells/TestData_R2_test.fastq,2.3978952727983707
DI07,F03,CCTGACA,TACGTTC,VQSV,0.6785714285714286,28,./TestDatasets/MixedWells/TestData_R1_test.fastq,./TestDatasets/MixedWells/TestData_R2_test.fastq,3.332204510175204
DI07,F04,AGTGTAG,ACGGTTC,LQGR,0.7058823529411765,17,./TestDatasets/MixedWells/TestData_R1_test.fastq,./TestDatasets/MixedWells/TestData_R2_test.fastq,2.833213344056216
DI07,F05,CGAGCAA,CATCGTC,VICA,0.5882352941176471,17,./TestDatasets/MixedWells/TestData_R1_test.fastq,./TestDatasets/MixedWells/TestData_R2_test.fastq,2.833213344056216
DI07,F06,CTACTCC,TACGCAT,YHPN,0.5,8,./TestDatasets/MixedWells/TestData_R1_test.fastq,./TestDatasets/MixedWells/TestData_R2_test.fastq,2.0794415416798357
DI07,F06,CTACTCC,TACGCAT,SQTG,0.5,8,./TestDatasets/MixedWells/TestData_R1_test.fastq,./TestDatasets/MixedWells/TestData_R2_test.fastq,2.0794415416798357
DI07,F07,GATGCCA,CTTAGAC,IAT*,1.0,8,./TestDatasets/MixedWells/TestData_R1_test.fastq,./TestDatasets/MixedWells/TestData_R2_test.fastq,2.0794415416798357
DI07,F08,GACCGAT,AACTGAC,KVFR,0.5263157894736842,19,./TestDatasets/MixedWells/TestData_R1_test.fastq,./TestDatasets/MixedWells/TestData_R2_test.fastq,2.9444389791664403
DI07,F09,ACGTTGG,ACTTGCA,HSFI,0.6764705882352942,34,./TestDatasets/MixedWells/TestData_R1_test.fastq,./TestDatasets/MixedWells/TestData_R2_test.fastq,3.5263605246161616
DI07,F10,ATGAGCG,ACGCGAT,GARR,0.8461538461538461,13,./TestDatasets/MixedWells/TestData_R1_test.fastq,./TestDatasets/MixedWells/TestData_R2_test.fastq,2.5649493574615367
DI07,F11,TACTCCG,TCGACAC,DVTR,0.5,24,./TestDatasets/MixedWells/TestData_R1_test.fastq,./TestDatasets/MixedWells/TestData_R2_test.fastq,3.1780538303479458
DI07,F11,TACTCCG,TCGACAC,SVTL,0.5,24,./TestDatasets/MixedWells/TestData_R1_test.fastq,./TestDatasets/MixedWells/TestData_R2_test.fastq,3.1780538303479458
DI07,F12,GATTCAC,ACTCAAC,KWVR,0.64,25,./TestDatasets/MixedWells/TestData_R1_test.fastq,./TestDatasets/MixedWells/TestData_R2_test.fastq,3.2188758248682006
DI07,G01,ATGACGC,GAACTGC,ELTR,0.5,22,./TestDatasets/MixedWells/TestData_R1_test.fastq,./TestDatasets/MixedWells/TestData_R2_test.fastq,3.091042453358316
DI07,G01,ATGACGC,GAACTGC,VQPF,0.5,22,./TestDatasets/MixedWells/TestData_R1_test.fastq,./TestDatasets/MixedWells/TestData_R2_test.fastq,3.091042453358316
DI07,G02,GGTTGTT,ACCAGGT,ERTS,1.0,22,./TestDatasets/MixedWells/TestData_R1_test.fastq,./TestDatasets/MixedWells/TestData_R2_test.fastq,3.091042453358316
DI07,G03,GTACTTG,TCTAGAG,RFDS,0.65,20,./TestDatasets/MixedWells/TestData_R1_test.fastq,./TestDatasets/MixedWells/TestData_R2_test.fastq,2.995732273553991
DI07,G04,TAGCAAG,CACACAA,RLGQ,0.625,16,./TestDatasets/MixedWells/TestData_R1_test.fastq,./TestDatasets/MixedWells/TestData_R2_test.fastq,2.772588722239781
DI07,G05,CTGCCAT,GTGGAAC,R*TP,0.5714285714285714,14,./TestDatasets/MixedWells/TestData_R1_test.fastq,./TestDatasets/MixedWells/TestData_R2_test.fastq,2.6390573296152584
DI07,G06,GAGAACA,ATATGCC,SGPF,0.9473684210526315,19,./TestDatasets/MixedWells/TestData_R1_test.fastq,./TestDatasets/MixedWells/TestData_R2_test.fastq,2.9444389791664403
DI07,G07,GTATAGC,GGTCTGA,HEAP,0.8,15,./TestDatasets/MixedWells/TestData_R1_test.fastq,./TestDatasets/MixedWells/TestData_R2_test.fastq,2.70805020110221
DI07,G08,TGATGGA,GTGAGAT,PESC,0.6666666666666666,9,./TestDatasets/MixedWells/TestData_R1_test.fastq,./TestDatasets/MixedWells/TestData_R2_test.fastq,2.1972245773362196
DI07,G09,GGCAGTA,TTGGCAG,VVDA,1.0,13,./TestDatasets/MixedWells/TestData_R1_test.fastq,./TestDatasets/MixedWells/TestData_R2_test.fastq,2.5649493574615367
DI07,G10,GAAGAAG,ATGCCTG,*YWS,0.8333333333333334,18,./TestDatasets/MixedWells/TestData_R1_test.fastq,./TestDatasets/MixedWells/TestData_R2_test.fastq,2.8903717578961645
DI07,G11,AGCGGTT,TCCGAAG,SRRH,0.7777777777777778,9,./TestDatasets/MixedWells/TestData_R1_test.fastq,./TestDatasets/MixedWells/TestData_R2_test.fastq,2.1972245773362196
DI07,G12,TAAGGCC,GGCTTAC,RCGS,1.0,7,./TestDatasets/MixedWells/TestData_R1_test.fastq,./TestDatasets/MixedWells/TestData_R2_test.fastq,1.9459101490553132
DI07,H01,AACCTGT,AGTTGGC,NLLE,0.5555555555555556,9,./TestDatasets/MixedWells/TestData_R1_test.fastq,./TestDatasets/MixedWells/TestData_R2_test.fastq,2.1972245773362196
DI07,H02,AGTACAC,AACGATG,PDHR,0.52,25,./TestDatasets/MixedWells/TestData_R1_test.fastq,./TestDatasets/MixedWells/TestData_R2_test.fastq,3.2188758248682006
DI07,H03,CTCGTAG,ACTACCG,TCLS,0.7272727272727273,22,./TestDatasets/MixedWells/TestData_R1_test.fastq,./TestDatasets/MixedWells/TestData_R2_test.fastq,3.091042453358316
DI07,H04,CTAGGTG,GGTGTCT,STLG,1.0,17,./TestDatasets/MixedWells/TestData_R1_test.fastq,./TestDatasets/MixedWells/TestData_R2_test.fastq,2.833213344056216
DI07,H05,CGATACC,CCAGCTT,IRKR,0.9230769230769231,13,./TestDatasets/MixedWells/TestData_R1_test.fastq,./TestDatasets/MixedWells/TestData_R2_test.fastq,2.5649493574615367
DI07,H06,TCGGCTA,TTAGACG,ISLV,0.5925925925925926,27,./TestDatasets/MixedWells/TestData_R1_test.fastq,./TestDatasets/MixedWells/TestData_R2_test.fastq,3.295836866004329
DI07,H07,CGGTTGT,ACCATAC,LDIS,0.631578947368421,19,./TestDatasets/MixedWells/TestData_R1_test.fastq,./TestDatasets/MixedWells/TestData_R2_test.fastq,2.9444389791664403
DI07,H08,ATTGCCT,GACGACT,PGTA,1.0,4,./TestDatasets/MixedWells/TestData_R1_test.fastq,./TestDatasets/MixedWells/TestData_R2_test.fastq,1.3862943611198906
DI07,H09,CATTCGA,GTCACCT,HYVD,0.5454545454545454,22,./TestDatasets/MixedWells/TestData_R1_test.fastq,./TestDatasets/MixedWells/TestData_R2_test.fastq,3.091042453358316
DI07,H10,GCACAAT,CGTGATG,RSGE,0.6842105263157895,19,./TestDatasets/MixedWells/TestData_R1_test.fastq,./TestDatasets/MixedWells/TestData_R2_test.fastq,2.9444389791664403
DI07,H11,GCAGTAA,GCTTCCT,GE*P,0.6486486486486487,37,./TestDatasets/MixedWells/TestData_R1_test.fastq,./TestDatasets/MixedWells/TestData_R2_test.fastq,3.6109179126442243
DI07,H12,CCTAATC,TAGACGT,LGSQ,1.0,2,./TestDatasets/MixedWells/TestData_R1_test.fastq,./TestDatasets/MixedWells/TestData_R2_test.fastq,0.6931471805599453
