Plate,Well,F-BC,R-BC,VariantCombo,AlignmentFrequency,WellSeqDepth,R1,R2
DI06,A03,AAGCACC,GTGCTGT,*FFC,1.0,12,./TestDatasets/DifferentPositions/Pos2/TestData_R1_test.fastq,./TestDatasets/DifferentPositions/Pos2/TestData_R2_test.fastq
DI06,A04,TGGCTCA,CAACAAC,TILP,1.0,5,./TestDatasets/DifferentPositions/Pos2/TestData_R1_test.fastq,./TestDatasets/DifferentPositions/Pos2/TestData_R2_test.fastq
DI06,A06,GAAGCGT,TCTGTGA,RNLE,1.0,7,./TestDatasets/DifferentPositions/Pos2/TestData_R1_test.fastq,./TestDatasets/DifferentPositions/Pos2/TestData_R2_test.fastq
DI06,A07,TCTCCAT,TGTGGTA,YLPD,1.0,1,./TestDatasets/DifferentPositions/Pos2/TestData_R1_test.fastq,./TestDatasets/DifferentPositions/Pos2/TestData_R2_test.fastq
DI06,A08,TTGAAGG,GCGTATG,LHIR,1.0,15,./TestDatasets/DifferentPositions/Pos2/TestData_R1_test.fastq,./TestDatasets/DifferentPositions/Pos2/TestData_R2_test.fastq
DI06,A09,GAATGTC,AGTTACG,AATP,1.0,5,./TestDatasets/DifferentPositions/Pos2/TestData_R1_test.fastq,./TestDatasets/DifferentPositions/Pos2/TestData_R2_test.fastq
DI06,A10,ATCTCCA,TTCCTGC,Q*GT,1.0,12,./TestDatasets/DifferentPositions/Pos2/TestData_R1_test.fastq,./TestDatasets/DifferentPositions/Pos2/TestData_R2_test.fastq
DI06,B02,AGGAATC,TGTATCC,KLV*,1.0,9,./TestDatasets/DifferentPositions/Pos2/TestData_R1_test.fastq,./TestDatasets/DifferentPositions/Pos2/TestData_R2_test.fastq
DI06,B04,TTGTACC,CTGATGA,STDP,1.0,7,./TestDatasets/DifferentPositions/Pos2/TestData_R1_test.fastq,./TestDatasets/DifferentPositions/Pos2/TestData_R2_test.fastq
DI06,B06,CTTCAGC,AGCTCGT,HHSS,1.0,11,./TestDatasets/DifferentPositions/Pos2/TestData_R1_test.fastq,./TestDatasets/DifferentPositions/Pos2/TestData_R2_test.fastq
DI06,B08,TGCTGTC,TCCTTCA,AQDS,1.0,7,./TestDatasets/DifferentPositions/Pos2/TestData_R1_test.fastq,./TestDatasets/DifferentPositions/Pos2/TestData_R2_test.fastq
DI06,B09,CGCCATT,TCACAGG,LVPS,1.0,5,./TestDatasets/DifferentPositions/Pos2/TestData_R1_test.fastq,./TestDatasets/DifferentPositions/Pos2/TestData_R2_test.fastq
DI06,B10,GCCATGA,AGAGCTG,AFYR,1.0,17,./TestDatasets/DifferentPositions/Pos2/TestData_R1_test.fastq,./TestDatasets/DifferentPositions/Pos2/TestData_R2_test.fastq
DI06,B11,CACAACG,CCTCTGT,ACSE,1.0,16,./TestDatasets/DifferentPositions/Pos2/TestData_R1_test.fastq,./TestDatasets/DifferentPositions/Pos2/TestData_R2_test.fastq
DI06,B12,CTTCGCT,CCTCGAA,DAIS,1.0,6,./TestDatasets/DifferentPositions/Pos2/TestData_R1_test.fastq,./TestDatasets/DifferentPositions/Pos2/TestData_R2_test.fastq
DI06,C01,TCGTGAA,GTGTCTC,S*NE,1.0,3,./TestDatasets/DifferentPositions/Pos2/TestData_R1_test.fastq,./TestDatasets/DifferentPositions/Pos2/TestData_R2_test.fastq
DI06,C02,TTATCGG,ATTGAGG,*TYS,1.0,9,./TestDatasets/DifferentPositions/Pos2/TestData_R1_test.fastq,./TestDatasets/DifferentPositions/Pos2/TestData_R2_test.fastq
DI06,C03,AGACCAT,GACAATC,NYRL,1.0,13,./TestDatasets/DifferentPositions/Pos2/TestData_R1_test.fastq,./TestDatasets/DifferentPositions/Pos2/TestData_R2_test.fastq
DI06,C05,ACGTACT,TGAACGC,F*NS,1.0,1,./TestDatasets/DifferentPositions/Pos2/TestData_R1_test.fastq,./TestDatasets/DifferentPositions/Pos2/TestData_R2_test.fastq
DI06,C06,CACCTCA,CGTAGCA,KSVR,1.0,9,./TestDatasets/DifferentPositions/Pos2/TestData_R1_test.fastq,./TestDatasets/DifferentPositions/Pos2/TestData_R2_test.fastq
DI06,C07,GTTGGAG,AGGTTCC,ILLT,1.0,6,./TestDatasets/DifferentPositions/Pos2/TestData_R1_test.fastq,./TestDatasets/DifferentPositions/Pos2/TestData_R2_test.fastq
DI06,C08,TGTTCTG,GTACACA,MTLY,1.0,13,./TestDatasets/DifferentPositions/Pos2/TestData_R1_test.fastq,./TestDatasets/DifferentPositions/Pos2/TestData_R2_test.fastq
DI06,C09,CTTACGT,GATAGGT,P*NF,1.0,1,./TestDatasets/DifferentPositions/Pos2/TestData_R1_test.fastq,./TestDatasets/DifferentPositions/Pos2/TestData_R2_test.fastq
DI06,C10,GAGGTTG,TAGCCTC,LAGP,1.0,4,./TestDatasets/DifferentPositions/Pos2/TestData_R1_test.fastq,./TestDatasets/DifferentPositions/Pos2/TestData_R2_test.fastq
DI06,C12,ACACTGA,GGATTCA,LTTS,1.0,11,./TestDatasets/DifferentPositions/Pos2/TestData_R1_test.fastq,./TestDatasets/DifferentPositions/Pos2/TestData_R2_test.fastq
DI06,D01,ATCTGTG,TGAGCCT,SY*S,1.0,4,./TestDatasets/DifferentPositions/Pos2/TestData_R1_test.fastq,./TestDatasets/DifferentPositions/Pos2/TestData_R2_test.fastq
DI06,D03,GAGTTGA,TCATTGC,MPNC,1.0,3,./TestDatasets/DifferentPositions/Pos2/TestData_R1_test.fastq,./TestDatasets/DifferentPositions/Pos2/TestData_R2_test.fastq
DI06,D04,TTCTCAC,AGCATCT,SRDG,1.0,6,./TestDatasets/DifferentPositions/Pos2/TestData_R1_test.fastq,./TestDatasets/DifferentPositions/Pos2/TestData_R2_test.fastq
DI06,D05,TGAAGCG,TTGGTCT,MTHG,1.0,1,./TestDatasets/DifferentPositions/Pos2/TestData_R1_test.fastq,./TestDatasets/DifferentPositions/Pos2/TestData_R2_test.fastq
DI06,D06,GCTACAA,CAAGGAT,CTGR,1.0,2,./TestDatasets/DifferentPositions/Pos2/TestData_R1_test.fastq,./TestDatasets/DifferentPositions/Pos2/TestData_R2_test.fastq
DI06,D09,TTCCGAA,ATGCTAC,LRTW,1.0,13,./TestDatasets/DifferentPositions/Pos2/TestData_R1_test.fastq,./TestDatasets/DifferentPositions/Pos2/TestData_R2_test.fastq
DI06,D10,GTACGAC,CTCTGAT,VIRW,1.0,9,./TestDatasets/DifferentPositions/Pos2/TestData_R1_test.fastq,./TestDatasets/DifferentPositions/Pos2/TestData_R2_test.fastq
DI06,D11,ACTCTTG,TCAAGTC,SLSE,1.0,10,./TestDatasets/DifferentPositions/Pos2/TestData_R1_test.fastq,./TestDatasets/DifferentPositions/Pos2/TestData_R2_test.fastq
DI06,D12,CCAACCA,TCGAGCT,GFVI,1.0,8,./TestDatasets/DifferentPositions/Pos2/TestData_R1_test.fastq,./TestDatasets/DifferentPositions/Pos2/TestData_R2_test.fastq
DI06,E01,CTCTAGA,ACAGTCT,SAPW,1.0,8,./TestDatasets/DifferentPositions/Pos2/TestData_R1_test.fastq,./TestDatasets/DifferentPositions/Pos2/TestData_R2_test.fastq
DI06,E02,AATCGGA,CAGATAC,RIFG,1.0,6,./TestDatasets/DifferentPositions/Pos2/TestData_R1_test.fastq,./TestDatasets/DifferentPositions/Pos2/TestData_R2_test.fastq
DI06,E03,CGTCCTA,TACGTTC,SARR,1.0,8,./TestDatasets/DifferentPositions/Pos2/TestData_R1_test.fastq,./TestDatasets/DifferentPositions/Pos2/TestData_R2_test.fastq
DI06,E04,GGAATGT,ACGGTTC,SYPL,1.0,4,./TestDatasets/DifferentPositions/Pos2/TestData_R1_test.fastq,./TestDatasets/DifferentPositions/Pos2/TestData_R2_test.fastq
DI06,E06,GCACCTA,TACGCAT,DPVM,1.0,13,./TestDatasets/DifferentPositions/Pos2/TestData_R1_test.fastq,./TestDatasets/DifferentPositions/Pos2/TestData_R2_test.fastq
DI06,E08,CAGGATT,AACTGAC,SG*L,1.0,18,./TestDatasets/DifferentPositions/Pos2/TestData_R1_test.fastq,./TestDatasets/DifferentPositions/Pos2/TestData_R2_test.fastq
DI06,E09,CTGCATA,ACTTGCA,LRY*,1.0,2,./TestDatasets/DifferentPositions/Pos2/TestData_R1_test.fastq,./TestDatasets/DifferentPositions/Pos2/TestData_R2_test.fastq
DI06,E10,CGTTGAG,ACGCGAT,*RGE,1.0,16,./TestDatasets/DifferentPositions/Pos2/TestData_R1_test.fastq,./TestDatasets/DifferentPositions/Pos2/TestData_R2_test.fastq
DI06,E11,TGCTACT,TCGACAC,HSSN,1.0,11,./TestDatasets/DifferentPositions/Pos2/TestData_R1_test.fastq,./TestDatasets/DifferentPositions/Pos2/TestData_R2_test.fastq
DI06,E12,GTGATCC,ACTCAAC,TYPG,1.0,15,./TestDatasets/DifferentPositions/Pos2/TestData_R1_test.fastq,./TestDatasets/DifferentPositions/Pos2/TestData_R2_test.fastq
DI06,F01,GCATGGT,GAACTGC,INLA,1.0,2,./TestDatasets/DifferentPositions/Pos2/TestData_R1_test.fastq,./TestDatasets/DifferentPositions/Pos2/TestData_R2_test.fastq
DI06,F03,CCTGACA,TCTAGAG,DGTA,1.0,15,./TestDatasets/DifferentPositions/Pos2/TestData_R1_test.fastq,./TestDatasets/DifferentPositions/Pos2/TestData_R2_test.fastq
DI06,F04,AGTGTAG,CACACAA,GWDL,1.0,3,./TestDatasets/DifferentPositions/Pos2/TestData_R1_test.fastq,./TestDatasets/DifferentPositions/Pos2/TestData_R2_test.fastq
DI06,F05,CGAGCAA,GTGGAAC,LLIV,1.0,11,./TestDatasets/DifferentPositions/Pos2/TestData_R1_test.fastq,./TestDatasets/DifferentPositions/Pos2/TestData_R2_test.fastq
DI06,F06,CTACTCC,ATATGCC,AYRS,1.0,3,./TestDatasets/DifferentPositions/Pos2/TestData_R1_test.fastq,./TestDatasets/DifferentPositions/Pos2/TestData_R2_test.fastq
DI06,F07,GATGCCA,GGTCTGA,RLGK,1.0,16,./TestDatasets/DifferentPositions/Pos2/TestData_R1_test.fastq,./TestDatasets/DifferentPositions/Pos2/TestData_R2_test.fastq
DI06,F08,GACCGAT,GTGAGAT,LSAG,1.0,6,./TestDatasets/DifferentPositions/Pos2/TestData_R1_test.fastq,./TestDatasets/DifferentPositions/Pos2/TestData_R2_test.fastq
DI06,F09,ACGTTGG,TTGGCAG,ADQH,1.0,1,./TestDatasets/DifferentPositions/Pos2/TestData_R1_test.fastq,./TestDatasets/DifferentPositions/Pos2/TestData_R2_test.fastq
DI06,F10,ATGAGCG,ATGCCTG,DHSG,1.0,11,./TestDatasets/DifferentPositions/Pos2/TestData_R1_test.fastq,./TestDatasets/DifferentPositions/Pos2/TestData_R2_test.fastq
DI06,F11,TACTCCG,TCCGAAG,G*DS,1.0,14,./TestDatasets/DifferentPositions/Pos2/TestData_R1_test.fastq,./TestDatasets/DifferentPositions/Pos2/TestData_R2_test.fastq
DI06,G01,ATGACGC,AGTTGGC,IRML,1.0,5,./TestDatasets/DifferentPositions/Pos2/TestData_R1_test.fastq,./TestDatasets/DifferentPositions/Pos2/TestData_R2_test.fastq
DI06,G02,GGTTGTT,AACGATG,GEDA,1.0,8,./TestDatasets/DifferentPositions/Pos2/TestData_R1_test.fastq,./TestDatasets/DifferentPositions/Pos2/TestData_R2_test.fastq
DI06,G03,GTACTTG,ACTACCG,RDSA,1.0,2,./TestDatasets/DifferentPositions/Pos2/TestData_R1_test.fastq,./TestDatasets/DifferentPositions/Pos2/TestData_R2_test.fastq
DI06,G04,TAGCAAG,GGTGTCT,SYGR,1.0,19,./TestDatasets/DifferentPositions/Pos2/TestData_R1_test.fastq,./TestDatasets/DifferentPositions/Pos2/TestData_R2_test.fastq
DI06,G05,CTGCCAT,CCAGCTT,SYP*,1.0,6,./TestDatasets/DifferentPositions/Pos2/TestData_R1_test.fastq,./TestDatasets/DifferentPositions/Pos2/TestData_R2_test.fastq
DI06,G06,GAGAACA,TTAGACG,LARD,1.0,6,./TestDatasets/DifferentPositions/Pos2/TestData_R1_test.fastq,./TestDatasets/DifferentPositions/Pos2/TestData_R2_test.fastq
DI06,G07,GTATAGC,ACCATAC,NDKI,1.0,7,./TestDatasets/DifferentPositions/Pos2/TestData_R1_test.fastq,./TestDatasets/DifferentPositions/Pos2/TestData_R2_test.fastq
DI06,G10,GAAGAAG,CGTGATG,VVLI,1.0,4,./TestDatasets/DifferentPositions/Pos2/TestData_R1_test.fastq,./TestDatasets/DifferentPositions/Pos2/TestData_R2_test.fastq
DI06,G11,AGCGGTT,GCTTCCT,VGP*,1.0,9,./TestDatasets/DifferentPositions/Pos2/TestData_R1_test.fastq,./TestDatasets/DifferentPositions/Pos2/TestData_R2_test.fastq
DI06,G12,TAAGGCC,TAGACGT,RRGM,1.0,2,./TestDatasets/DifferentPositions/Pos2/TestData_R1_test.fastq,./TestDatasets/DifferentPositions/Pos2/TestData_R2_test.fastq
DI06,H01,AACCTGT,CGGACTT,*CAS,1.0,17,./TestDatasets/DifferentPositions/Pos2/TestData_R1_test.fastq,./TestDatasets/DifferentPositions/Pos2/TestData_R2_test.fastq
DI06,H02,AGTACAC,ACCGGAA,ICFR,1.0,5,./TestDatasets/DifferentPositions/Pos2/TestData_R1_test.fastq,./TestDatasets/DifferentPositions/Pos2/TestData_R2_test.fastq
DI06,H03,CTCGTAG,CCGAAGT,RLTP,1.0,17,./TestDatasets/DifferentPositions/Pos2/TestData_R1_test.fastq,./TestDatasets/DifferentPositions/Pos2/TestData_R2_test.fastq
DI06,H04,CTAGGTG,GTTATGG,GKVR,1.0,18,./TestDatasets/DifferentPositions/Pos2/TestData_R1_test.fastq,./TestDatasets/DifferentPositions/Pos2/TestData_R2_test.fastq
DI06,H05,CGATACC,ATCCTCG,RSNI,1.0,10,./TestDatasets/DifferentPositions/Pos2/TestData_R1_test.fastq,./TestDatasets/DifferentPositions/Pos2/TestData_R2_test.fastq
DI06,H07,CGGTTGT,TATCCGG,GRLA,1.0,10,./TestDatasets/DifferentPositions/Pos2/TestData_R1_test.fastq,./TestDatasets/DifferentPositions/Pos2/TestData_R2_test.fastq
DI06,H09,CATTCGA,TGTCGAC,RPES,1.0,1,./TestDatasets/DifferentPositions/Pos2/TestData_R1_test.fastq,./TestDatasets/DifferentPositions/Pos2/TestData_R2_test.fastq
DI06,H10,GCACAAT,TTCCATG,AASD,1.0,11,./TestDatasets/DifferentPositions/Pos2/TestData_R1_test.fastq,./TestDatasets/DifferentPositions/Pos2/TestData_R2_test.fastq
DI06,H11,GCAGTAA,GCAATCG,PPWS,1.0,6,./TestDatasets/DifferentPositions/Pos2/TestData_R1_test.fastq,./TestDatasets/DifferentPositions/Pos2/TestData_R2_test.fastq
DI06,H12,CCTAATC,TGAGTGG,LNDE,1.0,7,./TestDatasets/DifferentPositions/Pos2/TestData_R1_test.fastq,./TestDatasets/DifferentPositions/Pos2/TestData_R2_test.fastq
