Plate,Well,F-BC,R-BC,VariantCombo,AlignmentFrequency,WellSeqDepth,R1,R2,logseqdepth
DI04,A01,GATCATG,GTGTCTC,CTAI,1.0,3,./TestDatasets/DifferentOverlapDegrees/Set3/TestData_R1_test.fastq,./TestDatasets/DifferentOverlapDegrees/Set3/TestData_R2_test.fastq,1.0986122886681098
DI04,A04,TGGCTCA,CACTTGC,YPSG,1.0,2,./TestDatasets/DifferentOverlapDegrees/Set3/TestData_R1_test.fastq,./TestDatasets/DifferentOverlapDegrees/Set3/TestData_R2_test.fastq,0.6931471805599453
DI04,A07,TCTCCAT,AGGTTCC,NILR,1.0,2,./TestDatasets/DifferentOverlapDegrees/Set3/TestData_R1_test.fastq,./TestDatasets/DifferentOverlapDegrees/Set3/TestData_R2_test.fastq,0.6931471805599453
DI04,A08,TTGAAGG,GTACACA,AIER,1.0,2,./TestDatasets/DifferentOverlapDegrees/Set3/TestData_R1_test.fastq,./TestDatasets/DifferentOverlapDegrees/Set3/TestData_R2_test.fastq,0.6931471805599453
DI04,A09,GAATGTC,GATAGGT,TDLV,1.0,3,./TestDatasets/DifferentOverlapDegrees/Set3/TestData_R1_test.fastq,./TestDatasets/DifferentOverlapDegrees/Set3/TestData_R2_test.fastq,1.0986122886681098
DI04,A12,TGCACCA,GGATTCA,IVKD,1.0,1,./TestDatasets/DifferentOverlapDegrees/Set3/TestData_R1_test.fastq,./TestDatasets/DifferentOverlapDegrees/Set3/TestData_R2_test.fastq,0.0
DI04,B02,AGGAATC,AACGCGA,RYLM,1.0,2,./TestDatasets/DifferentOverlapDegrees/Set3/TestData_R1_test.fastq,./TestDatasets/DifferentOverlapDegrees/Set3/TestData_R2_test.fastq,0.6931471805599453
DI04,B04,TTGTACC,AGCATCT,GM*S,1.0,1,./TestDatasets/DifferentOverlapDegrees/Set3/TestData_R1_test.fastq,./TestDatasets/DifferentOverlapDegrees/Set3/TestData_R2_test.fastq,0.0
DI04,B05,TTCGAGT,TTGGTCT,NTSG,1.0,1,./TestDatasets/DifferentOverlapDegrees/Set3/TestData_R1_test.fastq,./TestDatasets/DifferentOverlapDegrees/Set3/TestData_R2_test.fastq,0.0
DI04,B07,CAGTGCA,AGACGTC,GLTR,1.0,1,./TestDatasets/DifferentOverlapDegrees/Set3/TestData_R1_test.fastq,./TestDatasets/DifferentOverlapDegrees/Set3/TestData_R2_test.fastq,0.0
DI04,B09,CGCCATT,ATGCTAC,CVET,1.0,1,./TestDatasets/DifferentOverlapDegrees/Set3/TestData_R1_test.fastq,./TestDatasets/DifferentOverlapDegrees/Set3/TestData_R2_test.fastq,0.0
DI04,B10,GCCATGA,CTCTGAT,FDLY,1.0,1,./TestDatasets/DifferentOverlapDegrees/Set3/TestData_R1_test.fastq,./TestDatasets/DifferentOverlapDegrees/Set3/TestData_R2_test.fastq,0.0
DI04,B11,CACAACG,TCAAGTC,KQEY,1.0,4,./TestDatasets/DifferentOverlapDegrees/Set3/TestData_R1_test.fastq,./TestDatasets/DifferentOverlapDegrees/Set3/TestData_R2_test.fastq,1.3862943611198906
DI04,C01,TCGTGAA,ACAGTCT,RIIP,1.0,3,./TestDatasets/DifferentOverlapDegrees/Set3/TestData_R1_test.fastq,./TestDatasets/DifferentOverlapDegrees/Set3/TestData_R2_test.fastq,1.0986122886681098
DI04,C04,ACATGAG,ACGGTTC,RSVR,1.0,4,./TestDatasets/DifferentOverlapDegrees/Set3/TestData_R1_test.fastq,./TestDatasets/DifferentOverlapDegrees/Set3/TestData_R2_test.fastq,1.3862943611198906
DI04,C06,CACCTCA,TACGCAT,CHCG,1.0,2,./TestDatasets/DifferentOverlapDegrees/Set3/TestData_R1_test.fastq,./TestDatasets/DifferentOverlapDegrees/Set3/TestData_R2_test.fastq,0.6931471805599453
DI04,C07,GTTGGAG,CTTAGAC,CS*K,1.0,1,./TestDatasets/DifferentOverlapDegrees/Set3/TestData_R1_test.fastq,./TestDatasets/DifferentOverlapDegrees/Set3/TestData_R2_test.fastq,0.0
DI04,C08,TGTTCTG,AACTGAC,GMVA,1.0,2,./TestDatasets/DifferentOverlapDegrees/Set3/TestData_R1_test.fastq,./TestDatasets/DifferentOverlapDegrees/Set3/TestData_R2_test.fastq,0.6931471805599453
DI04,C09,CTTACGT,ACTTGCA,*RAI,1.0,1,./TestDatasets/DifferentOverlapDegrees/Set3/TestData_R1_test.fastq,./TestDatasets/DifferentOverlapDegrees/Set3/TestData_R2_test.fastq,0.0
DI04,C10,GAGGTTG,ACGCGAT,GKQI,1.0,3,./TestDatasets/DifferentOverlapDegrees/Set3/TestData_R1_test.fastq,./TestDatasets/DifferentOverlapDegrees/Set3/TestData_R2_test.fastq,1.0986122886681098
DI04,C11,ATGGACA,TCGACAC,SPED,1.0,1,./TestDatasets/DifferentOverlapDegrees/Set3/TestData_R1_test.fastq,./TestDatasets/DifferentOverlapDegrees/Set3/TestData_R2_test.fastq,0.0
DI04,C12,ACACTGA,ACTCAAC,PVC*,1.0,2,./TestDatasets/DifferentOverlapDegrees/Set3/TestData_R1_test.fastq,./TestDatasets/DifferentOverlapDegrees/Set3/TestData_R2_test.fastq,0.6931471805599453
DI04,D01,ATCTGTG,GAACTGC,RSAL,1.0,3,./TestDatasets/DifferentOverlapDegrees/Set3/TestData_R1_test.fastq,./TestDatasets/DifferentOverlapDegrees/Set3/TestData_R2_test.fastq,1.0986122886681098
DI04,D02,AATGTGC,ACCAGGT,RSFL,1.0,1,./TestDatasets/DifferentOverlapDegrees/Set3/TestData_R1_test.fastq,./TestDatasets/DifferentOverlapDegrees/Set3/TestData_R2_test.fastq,0.0
DI04,D03,GAGTTGA,TCTAGAG,KNLS,1.0,1,./TestDatasets/DifferentOverlapDegrees/Set3/TestData_R1_test.fastq,./TestDatasets/DifferentOverlapDegrees/Set3/TestData_R2_test.fastq,0.0
DI04,D04,TTCTCAC,CACACAA,LNIR,1.0,1,./TestDatasets/DifferentOverlapDegrees/Set3/TestData_R1_test.fastq,./TestDatasets/DifferentOverlapDegrees/Set3/TestData_R2_test.fastq,0.0
DI04,D05,TGAAGCG,GTGGAAC,TNQI,1.0,3,./TestDatasets/DifferentOverlapDegrees/Set3/TestData_R1_test.fastq,./TestDatasets/DifferentOverlapDegrees/Set3/TestData_R2_test.fastq,1.0986122886681098
DI04,D06,GCTACAA,ATATGCC,VFGL,1.0,1,./TestDatasets/DifferentOverlapDegrees/Set3/TestData_R1_test.fastq,./TestDatasets/DifferentOverlapDegrees/Set3/TestData_R2_test.fastq,0.0
DI04,D08,CAGAGTG,GTGAGAT,PQSA,1.0,2,./TestDatasets/DifferentOverlapDegrees/Set3/TestData_R1_test.fastq,./TestDatasets/DifferentOverlapDegrees/Set3/TestData_R2_test.fastq,0.6931471805599453
DI04,D09,TTCCGAA,TTGGCAG,R*SV,1.0,4,./TestDatasets/DifferentOverlapDegrees/Set3/TestData_R1_test.fastq,./TestDatasets/DifferentOverlapDegrees/Set3/TestData_R2_test.fastq,1.3862943611198906
DI04,D10,GTACGAC,ATGCCTG,PGMT,1.0,1,./TestDatasets/DifferentOverlapDegrees/Set3/TestData_R1_test.fastq,./TestDatasets/DifferentOverlapDegrees/Set3/TestData_R2_test.fastq,0.0
DI04,D11,ACTCTTG,TCCGAAG,A*HR,1.0,1,./TestDatasets/DifferentOverlapDegrees/Set3/TestData_R1_test.fastq,./TestDatasets/DifferentOverlapDegrees/Set3/TestData_R2_test.fastq,0.0
DI04,D12,CCAACCA,GGCTTAC,RVVT,1.0,3,./TestDatasets/DifferentOverlapDegrees/Set3/TestData_R1_test.fastq,./TestDatasets/DifferentOverlapDegrees/Set3/TestData_R2_test.fastq,1.0986122886681098
DI04,E03,CGTCCTA,ACTACCG,W*GH,1.0,3,./TestDatasets/DifferentOverlapDegrees/Set3/TestData_R1_test.fastq,./TestDatasets/DifferentOverlapDegrees/Set3/TestData_R2_test.fastq,1.0986122886681098
DI04,E04,GGAATGT,GGTGTCT,THMG,1.0,1,./TestDatasets/DifferentOverlapDegrees/Set3/TestData_R1_test.fastq,./TestDatasets/DifferentOverlapDegrees/Set3/TestData_R2_test.fastq,0.0
DI04,E05,TCCAAGC,CCAGCTT,GLHG,1.0,2,./TestDatasets/DifferentOverlapDegrees/Set3/TestData_R1_test.fastq,./TestDatasets/DifferentOverlapDegrees/Set3/TestData_R2_test.fastq,0.6931471805599453
DI04,E06,GCACCTA,TTAGACG,RRCA,1.0,5,./TestDatasets/DifferentOverlapDegrees/Set3/TestData_R1_test.fastq,./TestDatasets/DifferentOverlapDegrees/Set3/TestData_R2_test.fastq,1.6094379124341003
DI04,E07,TTGCGTT,ACCATAC,ASSM,1.0,1,./TestDatasets/DifferentOverlapDegrees/Set3/TestData_R1_test.fastq,./TestDatasets/DifferentOverlapDegrees/Set3/TestData_R2_test.fastq,0.0
DI04,F01,GCATGGT,CGGACTT,I*LF,1.0,2,./TestDatasets/DifferentOverlapDegrees/Set3/TestData_R1_test.fastq,./TestDatasets/DifferentOverlapDegrees/Set3/TestData_R2_test.fastq,0.6931471805599453
DI04,F02,GTCGTTA,ACCGGAA,NL*G,1.0,1,./TestDatasets/DifferentOverlapDegrees/Set3/TestData_R1_test.fastq,./TestDatasets/DifferentOverlapDegrees/Set3/TestData_R2_test.fastq,0.0
DI04,F03,CCTGACA,CCGAAGT,SKLA,1.0,7,./TestDatasets/DifferentOverlapDegrees/Set3/TestData_R1_test.fastq,./TestDatasets/DifferentOverlapDegrees/Set3/TestData_R2_test.fastq,1.9459101490553132
DI04,F04,AGTGTAG,GTTATGG,DQHH,1.0,1,./TestDatasets/DifferentOverlapDegrees/Set3/TestData_R1_test.fastq,./TestDatasets/DifferentOverlapDegrees/Set3/TestData_R2_test.fastq,0.0
DI04,F05,CGAGCAA,ATCCTCG,RTNT,1.0,2,./TestDatasets/DifferentOverlapDegrees/Set3/TestData_R1_test.fastq,./TestDatasets/DifferentOverlapDegrees/Set3/TestData_R2_test.fastq,0.6931471805599453
DI04,F06,CTACTCC,CGAATAG,LADR,1.0,1,./TestDatasets/DifferentOverlapDegrees/Set3/TestData_R1_test.fastq,./TestDatasets/DifferentOverlapDegrees/Set3/TestData_R2_test.fastq,0.0
DI04,F09,ACGTTGG,TGTCGAC,DFPI,1.0,2,./TestDatasets/DifferentOverlapDegrees/Set3/TestData_R1_test.fastq,./TestDatasets/DifferentOverlapDegrees/Set3/TestData_R2_test.fastq,0.6931471805599453
DI04,F12,GATTCAC,TGAGTGG,DTGI,1.0,4,./TestDatasets/DifferentOverlapDegrees/Set3/TestData_R1_test.fastq,./TestDatasets/DifferentOverlapDegrees/Set3/TestData_R2_test.fastq,1.3862943611198906
DI04,G01,ATGACGC,TAGGAGA,ATLT,1.0,1,./TestDatasets/DifferentOverlapDegrees/Set3/TestData_R1_test.fastq,./TestDatasets/DifferentOverlapDegrees/Set3/TestData_R2_test.fastq,0.0
DI04,G03,GTACTTG,GTGCTGT,VTKV,1.0,5,./TestDatasets/DifferentOverlapDegrees/Set3/TestData_R1_test.fastq,./TestDatasets/DifferentOverlapDegrees/Set3/TestData_R2_test.fastq,1.6094379124341003
DI04,G04,TAGCAAG,CAACAAC,GAVF,1.0,3,./TestDatasets/DifferentOverlapDegrees/Set3/TestData_R1_test.fastq,./TestDatasets/DifferentOverlapDegrees/Set3/TestData_R2_test.fastq,1.0986122886681098
DI04,G05,CTGCCAT,AATAGCC,IGKD,1.0,1,./TestDatasets/DifferentOverlapDegrees/Set3/TestData_R1_test.fastq,./TestDatasets/DifferentOverlapDegrees/Set3/TestData_R2_test.fastq,0.0
DI04,G06,GAGAACA,TCTGTGA,LHAL,1.0,2,./TestDatasets/DifferentOverlapDegrees/Set3/TestData_R1_test.fastq,./TestDatasets/DifferentOverlapDegrees/Set3/TestData_R2_test.fastq,0.6931471805599453
DI04,G07,GTATAGC,TGTGGTA,ANGA,1.0,2,./TestDatasets/DifferentOverlapDegrees/Set3/TestData_R1_test.fastq,./TestDatasets/DifferentOverlapDegrees/Set3/TestData_R2_test.fastq,0.6931471805599453
DI04,G08,TGATGGA,GCGTATG,VTIG,1.0,2,./TestDatasets/DifferentOverlapDegrees/Set3/TestData_R1_test.fastq,./TestDatasets/DifferentOverlapDegrees/Set3/TestData_R2_test.fastq,0.6931471805599453
DI04,G09,GGCAGTA,AGTTACG,RGRV,1.0,5,./TestDatasets/DifferentOverlapDegrees/Set3/TestData_R1_test.fastq,./TestDatasets/DifferentOverlapDegrees/Set3/TestData_R2_test.fastq,1.6094379124341003
DI04,G10,GAAGAAG,TTCCTGC,YNIR,1.0,4,./TestDatasets/DifferentOverlapDegrees/Set3/TestData_R1_test.fastq,./TestDatasets/DifferentOverlapDegrees/Set3/TestData_R2_test.fastq,1.3862943611198906
DI04,H01,AACCTGT,CCTTAGG,SPLR,1.0,4,./TestDatasets/DifferentOverlapDegrees/Set3/TestData_R1_test.fastq,./TestDatasets/DifferentOverlapDegrees/Set3/TestData_R2_test.fastq,1.3862943611198906
DI04,H05,CGATACC,AAGACAG,*RPS,1.0,3,./TestDatasets/DifferentOverlapDegrees/Set3/TestData_R1_test.fastq,./TestDatasets/DifferentOverlapDegrees/Set3/TestData_R2_test.fastq,1.0986122886681098
DI04,H06,TCGGCTA,AGCTCGT,SWHS,1.0,2,./TestDatasets/DifferentOverlapDegrees/Set3/TestData_R1_test.fastq,./TestDatasets/DifferentOverlapDegrees/Set3/TestData_R2_test.fastq,0.6931471805599453
DI04,H07,CGGTTGT,GATTGCG,VSHL,1.0,2,./TestDatasets/DifferentOverlapDegrees/Set3/TestData_R1_test.fastq,./TestDatasets/DifferentOverlapDegrees/Set3/TestData_R2_test.fastq,0.6931471805599453
DI04,H09,CATTCGA,TCACAGG,TNLY,1.0,2,./TestDatasets/DifferentOverlapDegrees/Set3/TestData_R1_test.fastq,./TestDatasets/DifferentOverlapDegrees/Set3/TestData_R2_test.fastq,0.6931471805599453
DI04,H10,GCACAAT,AGAGCTG,HKYE,1.0,2,./TestDatasets/DifferentOverlapDegrees/Set3/TestData_R1_test.fastq,./TestDatasets/DifferentOverlapDegrees/Set3/TestData_R2_test.fastq,0.6931471805599453
DI04,H11,GCAGTAA,CCTCTGT,IHLG,1.0,2,./TestDatasets/DifferentOverlapDegrees/Set3/TestData_R1_test.fastq,./TestDatasets/DifferentOverlapDegrees/Set3/TestData_R2_test.fastq,0.6931471805599453
DI04,H12,CCTAATC,CCTCGAA,WVHL,1.0,6,./TestDatasets/DifferentOverlapDegrees/Set3/TestData_R1_test.fastq,./TestDatasets/DifferentOverlapDegrees/Set3/TestData_R2_test.fastq,1.791759469228055
