Plate,Well,F-BC,R-BC,VariantCombo,AlignmentFrequency,WellSeqDepth,R1,R2
DI05,A03,AAGCACC,CAACCTG,L*CV,1.0,1,./TestDatasets/DifferentOverlapDegrees/Set3/TestData_R1_test.fastq,./TestDatasets/DifferentOverlapDegrees/Set3/TestData_R2_test.fastq
DI05,A04,TGGCTCA,CTGATGA,PTRL,1.0,2,./TestDatasets/DifferentOverlapDegrees/Set3/TestData_R1_test.fastq,./TestDatasets/DifferentOverlapDegrees/Set3/TestData_R2_test.fastq
DI05,A05,CTTGCTC,AAGACAG,RFSQ,1.0,4,./TestDatasets/DifferentOverlapDegrees/Set3/TestData_R1_test.fastq,./TestDatasets/DifferentOverlapDegrees/Set3/TestData_R2_test.fastq
DI05,A06,GAAGCGT,AGCTCGT,PSYG,1.0,1,./TestDatasets/DifferentOverlapDegrees/Set3/TestData_R1_test.fastq,./TestDatasets/DifferentOverlapDegrees/Set3/TestData_R2_test.fastq
DI05,A08,TTGAAGG,TCCTTCA,P*RK,1.0,2,./TestDatasets/DifferentOverlapDegrees/Set3/TestData_R1_test.fastq,./TestDatasets/DifferentOverlapDegrees/Set3/TestData_R2_test.fastq
DI05,A10,ATCTCCA,AGAGCTG,HLCP,1.0,1,./TestDatasets/DifferentOverlapDegrees/Set3/TestData_R1_test.fastq,./TestDatasets/DifferentOverlapDegrees/Set3/TestData_R2_test.fastq
DI05,A11,GCGTTAT,CCTCTGT,TGCL,1.0,3,./TestDatasets/DifferentOverlapDegrees/Set3/TestData_R1_test.fastq,./TestDatasets/DifferentOverlapDegrees/Set3/TestData_R2_test.fastq
DI05,B01,TGCCTAT,GTGTCTC,KH*L,1.0,3,./TestDatasets/DifferentOverlapDegrees/Set3/TestData_R1_test.fastq,./TestDatasets/DifferentOverlapDegrees/Set3/TestData_R2_test.fastq
DI05,B05,TTCGAGT,TGAACGC,TR*W,1.0,1,./TestDatasets/DifferentOverlapDegrees/Set3/TestData_R1_test.fastq,./TestDatasets/DifferentOverlapDegrees/Set3/TestData_R2_test.fastq
DI05,B06,CTTCAGC,CGTAGCA,EFRS,1.0,6,./TestDatasets/DifferentOverlapDegrees/Set3/TestData_R1_test.fastq,./TestDatasets/DifferentOverlapDegrees/Set3/TestData_R2_test.fastq
DI05,B07,CAGTGCA,AGGTTCC,GTRT,1.0,3,./TestDatasets/DifferentOverlapDegrees/Set3/TestData_R1_test.fastq,./TestDatasets/DifferentOverlapDegrees/Set3/TestData_R2_test.fastq
DI05,B08,TGCTGTC,GTACACA,SFQP,1.0,1,./TestDatasets/DifferentOverlapDegrees/Set3/TestData_R1_test.fastq,./TestDatasets/DifferentOverlapDegrees/Set3/TestData_R2_test.fastq
DI05,B09,CGCCATT,GATAGGT,PNER,1.0,1,./TestDatasets/DifferentOverlapDegrees/Set3/TestData_R1_test.fastq,./TestDatasets/DifferentOverlapDegrees/Set3/TestData_R2_test.fastq
DI05,B10,GCCATGA,TAGCCTC,ELHA,1.0,2,./TestDatasets/DifferentOverlapDegrees/Set3/TestData_R1_test.fastq,./TestDatasets/DifferentOverlapDegrees/Set3/TestData_R2_test.fastq
DI05,B11,CACAACG,TTCAGCC,VREF,1.0,2,./TestDatasets/DifferentOverlapDegrees/Set3/TestData_R1_test.fastq,./TestDatasets/DifferentOverlapDegrees/Set3/TestData_R2_test.fastq
DI05,C01,TCGTGAA,TGAGCCT,RSYI,1.0,6,./TestDatasets/DifferentOverlapDegrees/Set3/TestData_R1_test.fastq,./TestDatasets/DifferentOverlapDegrees/Set3/TestData_R2_test.fastq
DI05,C03,AGACCAT,TCATTGC,*CCL,1.0,1,./TestDatasets/DifferentOverlapDegrees/Set3/TestData_R1_test.fastq,./TestDatasets/DifferentOverlapDegrees/Set3/TestData_R2_test.fastq
DI05,C04,ACATGAG,AGCATCT,TA*E,1.0,1,./TestDatasets/DifferentOverlapDegrees/Set3/TestData_R1_test.fastq,./TestDatasets/DifferentOverlapDegrees/Set3/TestData_R2_test.fastq
DI05,C05,ACGTACT,TTGGTCT,LFSV,1.0,3,./TestDatasets/DifferentOverlapDegrees/Set3/TestData_R1_test.fastq,./TestDatasets/DifferentOverlapDegrees/Set3/TestData_R2_test.fastq
DI05,C07,GTTGGAG,AGACGTC,VTPQ,1.0,2,./TestDatasets/DifferentOverlapDegrees/Set3/TestData_R1_test.fastq,./TestDatasets/DifferentOverlapDegrees/Set3/TestData_R2_test.fastq
DI05,C08,TGTTCTG,AGGTCAA,PPSE,1.0,1,./TestDatasets/DifferentOverlapDegrees/Set3/TestData_R1_test.fastq,./TestDatasets/DifferentOverlapDegrees/Set3/TestData_R2_test.fastq
DI05,C09,CTTACGT,ATGCTAC,VTRP,1.0,2,./TestDatasets/DifferentOverlapDegrees/Set3/TestData_R1_test.fastq,./TestDatasets/DifferentOverlapDegrees/Set3/TestData_R2_test.fastq
DI05,C10,GAGGTTG,CTCTGAT,NSAT,1.0,1,./TestDatasets/DifferentOverlapDegrees/Set3/TestData_R1_test.fastq,./TestDatasets/DifferentOverlapDegrees/Set3/TestData_R2_test.fastq
DI05,C12,ACACTGA,TCGAGCT,SCVV,1.0,1,./TestDatasets/DifferentOverlapDegrees/Set3/TestData_R1_test.fastq,./TestDatasets/DifferentOverlapDegrees/Set3/TestData_R2_test.fastq
DI05,D01,ATCTGTG,ACAGTCT,REMV,1.0,1,./TestDatasets/DifferentOverlapDegrees/Set3/TestData_R1_test.fastq,./TestDatasets/DifferentOverlapDegrees/Set3/TestData_R2_test.fastq
DI05,D03,GAGTTGA,TACGTTC,EGSG,1.0,5,./TestDatasets/DifferentOverlapDegrees/Set3/TestData_R1_test.fastq,./TestDatasets/DifferentOverlapDegrees/Set3/TestData_R2_test.fastq
DI05,D05,TGAAGCG,CATCGTC,ENLM,1.0,4,./TestDatasets/DifferentOverlapDegrees/Set3/TestData_R1_test.fastq,./TestDatasets/DifferentOverlapDegrees/Set3/TestData_R2_test.fastq
DI05,D06,GCTACAA,TACGCAT,SC*S,1.0,2,./TestDatasets/DifferentOverlapDegrees/Set3/TestData_R1_test.fastq,./TestDatasets/DifferentOverlapDegrees/Set3/TestData_R2_test.fastq
DI05,D07,AGAGAAC,CTTAGAC,RCTN,1.0,6,./TestDatasets/DifferentOverlapDegrees/Set3/TestData_R1_test.fastq,./TestDatasets/DifferentOverlapDegrees/Set3/TestData_R2_test.fastq
DI05,D10,GTACGAC,ACGCGAT,AHVR,1.0,1,./TestDatasets/DifferentOverlapDegrees/Set3/TestData_R1_test.fastq,./TestDatasets/DifferentOverlapDegrees/Set3/TestData_R2_test.fastq
DI05,D11,ACTCTTG,TCGACAC,VVTG,1.0,3,./TestDatasets/DifferentOverlapDegrees/Set3/TestData_R1_test.fastq,./TestDatasets/DifferentOverlapDegrees/Set3/TestData_R2_test.fastq
DI05,D12,CCAACCA,ACTCAAC,LCTC,1.0,3,./TestDatasets/DifferentOverlapDegrees/Set3/TestData_R1_test.fastq,./TestDatasets/DifferentOverlapDegrees/Set3/TestData_R2_test.fastq
DI05,E01,CTCTAGA,GAACTGC,INSC,1.0,1,./TestDatasets/DifferentOverlapDegrees/Set3/TestData_R1_test.fastq,./TestDatasets/DifferentOverlapDegrees/Set3/TestData_R2_test.fastq
DI05,E03,CGTCCTA,TCTAGAG,QLTL,1.0,4,./TestDatasets/DifferentOverlapDegrees/Set3/TestData_R1_test.fastq,./TestDatasets/DifferentOverlapDegrees/Set3/TestData_R2_test.fastq
DI05,E04,GGAATGT,CACACAA,TGLP,1.0,2,./TestDatasets/DifferentOverlapDegrees/Set3/TestData_R1_test.fastq,./TestDatasets/DifferentOverlapDegrees/Set3/TestData_R2_test.fastq
DI05,E07,TTGCGTT,GGTCTGA,SFGT,1.0,3,./TestDatasets/DifferentOverlapDegrees/Set3/TestData_R1_test.fastq,./TestDatasets/DifferentOverlapDegrees/Set3/TestData_R2_test.fastq
DI05,E09,CTGCATA,TTGGCAG,LLEI,1.0,5,./TestDatasets/DifferentOverlapDegrees/Set3/TestData_R1_test.fastq,./TestDatasets/DifferentOverlapDegrees/Set3/TestData_R2_test.fastq
DI05,E11,TGCTACT,TCCGAAG,RDQP,1.0,2,./TestDatasets/DifferentOverlapDegrees/Set3/TestData_R1_test.fastq,./TestDatasets/DifferentOverlapDegrees/Set3/TestData_R2_test.fastq
DI05,E12,GTGATCC,GGCTTAC,TGST,1.0,2,./TestDatasets/DifferentOverlapDegrees/Set3/TestData_R1_test.fastq,./TestDatasets/DifferentOverlapDegrees/Set3/TestData_R2_test.fastq
DI05,F01,GCATGGT,AGTTGGC,LLED,1.0,2,./TestDatasets/DifferentOverlapDegrees/Set3/TestData_R1_test.fastq,./TestDatasets/DifferentOverlapDegrees/Set3/TestData_R2_test.fastq
DI05,F02,GTCGTTA,AACGATG,TRLG,1.0,2,./TestDatasets/DifferentOverlapDegrees/Set3/TestData_R1_test.fastq,./TestDatasets/DifferentOverlapDegrees/Set3/TestData_R2_test.fastq
DI05,F04,AGTGTAG,GGTGTCT,NGLL,1.0,2,./TestDatasets/DifferentOverlapDegrees/Set3/TestData_R1_test.fastq,./TestDatasets/DifferentOverlapDegrees/Set3/TestData_R2_test.fastq
DI05,F05,CGAGCAA,CCAGCTT,GP*S,1.0,9,./TestDatasets/DifferentOverlapDegrees/Set3/TestData_R1_test.fastq,./TestDatasets/DifferentOverlapDegrees/Set3/TestData_R2_test.fastq
DI05,F07,GATGCCA,ACCATAC,SYSR,1.0,1,./TestDatasets/DifferentOverlapDegrees/Set3/TestData_R1_test.fastq,./TestDatasets/DifferentOverlapDegrees/Set3/TestData_R2_test.fastq
DI05,F08,GACCGAT,GACGACT,AYRV,1.0,1,./TestDatasets/DifferentOverlapDegrees/Set3/TestData_R1_test.fastq,./TestDatasets/DifferentOverlapDegrees/Set3/TestData_R2_test.fastq
DI05,F10,ATGAGCG,CGTGATG,AEPT,1.0,1,./TestDatasets/DifferentOverlapDegrees/Set3/TestData_R1_test.fastq,./TestDatasets/DifferentOverlapDegrees/Set3/TestData_R2_test.fastq
DI05,F11,TACTCCG,GCTTCCT,KWLE,1.0,1,./TestDatasets/DifferentOverlapDegrees/Set3/TestData_R1_test.fastq,./TestDatasets/DifferentOverlapDegrees/Set3/TestData_R2_test.fastq
DI05,F12,GATTCAC,TAGACGT,SATI,1.0,1,./TestDatasets/DifferentOverlapDegrees/Set3/TestData_R1_test.fastq,./TestDatasets/DifferentOverlapDegrees/Set3/TestData_R2_test.fastq
DI05,G03,GTACTTG,CCGAAGT,R*RL,1.0,2,./TestDatasets/DifferentOverlapDegrees/Set3/TestData_R1_test.fastq,./TestDatasets/DifferentOverlapDegrees/Set3/TestData_R2_test.fastq
DI05,G04,TAGCAAG,GTTATGG,SRYL,1.0,5,./TestDatasets/DifferentOverlapDegrees/Set3/TestData_R1_test.fastq,./TestDatasets/DifferentOverlapDegrees/Set3/TestData_R2_test.fastq
DI05,G05,CTGCCAT,ATCCTCG,EPCQ,1.0,2,./TestDatasets/DifferentOverlapDegrees/Set3/TestData_R1_test.fastq,./TestDatasets/DifferentOverlapDegrees/Set3/TestData_R2_test.fastq
DI05,G08,TGATGGA,AGCAAGA,PVPW,1.0,2,./TestDatasets/DifferentOverlapDegrees/Set3/TestData_R1_test.fastq,./TestDatasets/DifferentOverlapDegrees/Set3/TestData_R2_test.fastq
DI05,G09,GGCAGTA,TGTCGAC,LILR,1.0,4,./TestDatasets/DifferentOverlapDegrees/Set3/TestData_R1_test.fastq,./TestDatasets/DifferentOverlapDegrees/Set3/TestData_R2_test.fastq
DI05,G11,AGCGGTT,GCAATCG,ISAW,1.0,4,./TestDatasets/DifferentOverlapDegrees/Set3/TestData_R1_test.fastq,./TestDatasets/DifferentOverlapDegrees/Set3/TestData_R2_test.fastq
DI05,G12,TAAGGCC,TGAGTGG,SPDL,1.0,1,./TestDatasets/DifferentOverlapDegrees/Set3/TestData_R1_test.fastq,./TestDatasets/DifferentOverlapDegrees/Set3/TestData_R2_test.fastq
DI05,H01,AACCTGT,TAGGAGA,DMTN,1.0,3,./TestDatasets/DifferentOverlapDegrees/Set3/TestData_R1_test.fastq,./TestDatasets/DifferentOverlapDegrees/Set3/TestData_R2_test.fastq
DI05,H02,AGTACAC,AGTCAGT,DPNV,1.0,1,./TestDatasets/DifferentOverlapDegrees/Set3/TestData_R1_test.fastq,./TestDatasets/DifferentOverlapDegrees/Set3/TestData_R2_test.fastq
DI05,H04,CTAGGTG,CAACAAC,KRGR,1.0,1,./TestDatasets/DifferentOverlapDegrees/Set3/TestData_R1_test.fastq,./TestDatasets/DifferentOverlapDegrees/Set3/TestData_R2_test.fastq
DI05,H05,CGATACC,AATAGCC,LCRL,1.0,1,./TestDatasets/DifferentOverlapDegrees/Set3/TestData_R1_test.fastq,./TestDatasets/DifferentOverlapDegrees/Set3/TestData_R2_test.fastq
DI05,H07,CGGTTGT,TGTGGTA,AHNA,1.0,3,./TestDatasets/DifferentOverlapDegrees/Set3/TestData_R1_test.fastq,./TestDatasets/DifferentOverlapDegrees/Set3/TestData_R2_test.fastq
DI05,H09,CATTCGA,AGTTACG,*VSR,1.0,1,./TestDatasets/DifferentOverlapDegrees/Set3/TestData_R1_test.fastq,./TestDatasets/DifferentOverlapDegrees/Set3/TestData_R2_test.fastq
DI05,H10,GCACAAT,TTCCTGC,DRHE,1.0,1,./TestDatasets/DifferentOverlapDegrees/Set3/TestData_R1_test.fastq,./TestDatasets/DifferentOverlapDegrees/Set3/TestData_R2_test.fastq
