Plate,Well,F-BC,R-BC,VariantCombo,AlignmentFrequency,WellSeqDepth,R1,R2
DI01,A01,GATCATG,GAACTGC,YLSA,1.0,3,./TestDatasets/DifferentOverlapDegrees/Set4/TestData_R1_test.fastq,./TestDatasets/DifferentOverlapDegrees/Set4/TestData_R2_test.fastq
DI01,A03,AAGCACC,TCTAGAG,TWPL,1.0,1,./TestDatasets/DifferentOverlapDegrees/Set4/TestData_R1_test.fastq,./TestDatasets/DifferentOverlapDegrees/Set4/TestData_R2_test.fastq
DI01,A05,CTTGCTC,GTGGAAC,ANMP,1.0,4,./TestDatasets/DifferentOverlapDegrees/Set4/TestData_R1_test.fastq,./TestDatasets/DifferentOverlapDegrees/Set4/TestData_R2_test.fastq
DI01,A08,TTGAAGG,GTGAGAT,RGSP,1.0,1,./TestDatasets/DifferentOverlapDegrees/Set4/TestData_R1_test.fastq,./TestDatasets/DifferentOverlapDegrees/Set4/TestData_R2_test.fastq
DI01,A09,GAATGTC,TTGGCAG,TAQS,1.0,1,./TestDatasets/DifferentOverlapDegrees/Set4/TestData_R1_test.fastq,./TestDatasets/DifferentOverlapDegrees/Set4/TestData_R2_test.fastq
DI01,A10,ATCTCCA,ATGCCTG,KIGE,1.0,1,./TestDatasets/DifferentOverlapDegrees/Set4/TestData_R1_test.fastq,./TestDatasets/DifferentOverlapDegrees/Set4/TestData_R2_test.fastq
DI01,A11,GCGTTAT,TCCGAAG,LIVW,1.0,1,./TestDatasets/DifferentOverlapDegrees/Set4/TestData_R1_test.fastq,./TestDatasets/DifferentOverlapDegrees/Set4/TestData_R2_test.fastq
DI01,A12,TGCACCA,GGCTTAC,LSVD,1.0,1,./TestDatasets/DifferentOverlapDegrees/Set4/TestData_R1_test.fastq,./TestDatasets/DifferentOverlapDegrees/Set4/TestData_R2_test.fastq
DI01,B02,AGGAATC,AACGATG,TGPI,1.0,1,./TestDatasets/DifferentOverlapDegrees/Set4/TestData_R1_test.fastq,./TestDatasets/DifferentOverlapDegrees/Set4/TestData_R2_test.fastq
DI01,B03,TCCACTG,ACTACCG,CGSL,1.0,1,./TestDatasets/DifferentOverlapDegrees/Set4/TestData_R1_test.fastq,./TestDatasets/DifferentOverlapDegrees/Set4/TestData_R2_test.fastq
DI01,B05,TTCGAGT,CCAGCTT,QFR*,1.0,3,./TestDatasets/DifferentOverlapDegrees/Set4/TestData_R1_test.fastq,./TestDatasets/DifferentOverlapDegrees/Set4/TestData_R2_test.fastq
DI01,B06,CTTCAGC,TTAGACG,DLLM,1.0,1,./TestDatasets/DifferentOverlapDegrees/Set4/TestData_R1_test.fastq,./TestDatasets/DifferentOverlapDegrees/Set4/TestData_R2_test.fastq
DI01,B07,CAGTGCA,ACCATAC,RG*R,1.0,3,./TestDatasets/DifferentOverlapDegrees/Set4/TestData_R1_test.fastq,./TestDatasets/DifferentOverlapDegrees/Set4/TestData_R2_test.fastq
DI01,B08,TGCTGTC,GACGACT,QSGA,1.0,1,./TestDatasets/DifferentOverlapDegrees/Set4/TestData_R1_test.fastq,./TestDatasets/DifferentOverlapDegrees/Set4/TestData_R2_test.fastq
DI01,B09,CGCCATT,GTCACCT,*LYI,1.0,2,./TestDatasets/DifferentOverlapDegrees/Set4/TestData_R1_test.fastq,./TestDatasets/DifferentOverlapDegrees/Set4/TestData_R2_test.fastq
DI01,B12,CTTCGCT,TAGACGT,EAS*,1.0,1,./TestDatasets/DifferentOverlapDegrees/Set4/TestData_R1_test.fastq,./TestDatasets/DifferentOverlapDegrees/Set4/TestData_R2_test.fastq
DI01,C01,TCGTGAA,CGGACTT,*FRT,1.0,2,./TestDatasets/DifferentOverlapDegrees/Set4/TestData_R1_test.fastq,./TestDatasets/DifferentOverlapDegrees/Set4/TestData_R2_test.fastq
DI01,C03,AGACCAT,CCGAAGT,RQTG,1.0,1,./TestDatasets/DifferentOverlapDegrees/Set4/TestData_R1_test.fastq,./TestDatasets/DifferentOverlapDegrees/Set4/TestData_R2_test.fastq
DI01,C04,ACATGAG,GTTATGG,ENHL,1.0,5,./TestDatasets/DifferentOverlapDegrees/Set4/TestData_R1_test.fastq,./TestDatasets/DifferentOverlapDegrees/Set4/TestData_R2_test.fastq
DI01,C06,CACCTCA,CGAATAG,ARRR,1.0,3,./TestDatasets/DifferentOverlapDegrees/Set4/TestData_R1_test.fastq,./TestDatasets/DifferentOverlapDegrees/Set4/TestData_R2_test.fastq
DI01,C07,GTTGGAG,TATCCGG,T*RS,1.0,2,./TestDatasets/DifferentOverlapDegrees/Set4/TestData_R1_test.fastq,./TestDatasets/DifferentOverlapDegrees/Set4/TestData_R2_test.fastq
DI01,C10,GAGGTTG,TTCCATG,LPES,1.0,2,./TestDatasets/DifferentOverlapDegrees/Set4/TestData_R1_test.fastq,./TestDatasets/DifferentOverlapDegrees/Set4/TestData_R2_test.fastq
DI01,C11,ATGGACA,GCAATCG,VVLR,1.0,3,./TestDatasets/DifferentOverlapDegrees/Set4/TestData_R1_test.fastq,./TestDatasets/DifferentOverlapDegrees/Set4/TestData_R2_test.fastq
DI01,C12,ACACTGA,TGAGTGG,PRPS,1.0,2,./TestDatasets/DifferentOverlapDegrees/Set4/TestData_R1_test.fastq,./TestDatasets/DifferentOverlapDegrees/Set4/TestData_R2_test.fastq
DI01,D02,AATGTGC,AGTCAGT,EHP*,1.0,1,./TestDatasets/DifferentOverlapDegrees/Set4/TestData_R1_test.fastq,./TestDatasets/DifferentOverlapDegrees/Set4/TestData_R2_test.fastq
DI01,D04,TTCTCAC,CAACAAC,RLLL,1.0,2,./TestDatasets/DifferentOverlapDegrees/Set4/TestData_R1_test.fastq,./TestDatasets/DifferentOverlapDegrees/Set4/TestData_R2_test.fastq
DI01,D06,GCTACAA,TCTGTGA,ESDP,1.0,1,./TestDatasets/DifferentOverlapDegrees/Set4/TestData_R1_test.fastq,./TestDatasets/DifferentOverlapDegrees/Set4/TestData_R2_test.fastq
DI01,D07,AGAGAAC,TGTGGTA,RIDE,1.0,1,./TestDatasets/DifferentOverlapDegrees/Set4/TestData_R1_test.fastq,./TestDatasets/DifferentOverlapDegrees/Set4/TestData_R2_test.fastq
DI01,D08,CAGAGTG,GCGTATG,HGMR,1.0,3,./TestDatasets/DifferentOverlapDegrees/Set4/TestData_R1_test.fastq,./TestDatasets/DifferentOverlapDegrees/Set4/TestData_R2_test.fastq
DI01,D10,GTACGAC,TTCCTGC,CPYT,1.0,2,./TestDatasets/DifferentOverlapDegrees/Set4/TestData_R1_test.fastq,./TestDatasets/DifferentOverlapDegrees/Set4/TestData_R2_test.fastq
DI01,D11,ACTCTTG,TATGTCG,*FHF,1.0,3,./TestDatasets/DifferentOverlapDegrees/Set4/TestData_R1_test.fastq,./TestDatasets/DifferentOverlapDegrees/Set4/TestData_R2_test.fastq
DI01,E02,AATCGGA,TGTATCC,AVT*,1.0,2,./TestDatasets/DifferentOverlapDegrees/Set4/TestData_R1_test.fastq,./TestDatasets/DifferentOverlapDegrees/Set4/TestData_R2_test.fastq
DI01,E03,CGTCCTA,CAACCTG,RVPE,1.0,2,./TestDatasets/DifferentOverlapDegrees/Set4/TestData_R1_test.fastq,./TestDatasets/DifferentOverlapDegrees/Set4/TestData_R2_test.fastq
DI01,E04,GGAATGT,CTGATGA,VFRT,1.0,1,./TestDatasets/DifferentOverlapDegrees/Set4/TestData_R1_test.fastq,./TestDatasets/DifferentOverlapDegrees/Set4/TestData_R2_test.fastq
DI01,E07,TTGCGTT,GATTGCG,VQRL,1.0,1,./TestDatasets/DifferentOverlapDegrees/Set4/TestData_R1_test.fastq,./TestDatasets/DifferentOverlapDegrees/Set4/TestData_R2_test.fastq
DI01,E08,CAGGATT,TCCTTCA,MGSS,1.0,1,./TestDatasets/DifferentOverlapDegrees/Set4/TestData_R1_test.fastq,./TestDatasets/DifferentOverlapDegrees/Set4/TestData_R2_test.fastq
DI01,F02,GTCGTTA,ATTGAGG,PVIL,1.0,1,./TestDatasets/DifferentOverlapDegrees/Set4/TestData_R1_test.fastq,./TestDatasets/DifferentOverlapDegrees/Set4/TestData_R2_test.fastq
DI01,F03,CCTGACA,GACAATC,YPAR,1.0,1,./TestDatasets/DifferentOverlapDegrees/Set4/TestData_R1_test.fastq,./TestDatasets/DifferentOverlapDegrees/Set4/TestData_R2_test.fastq
DI01,F07,GATGCCA,AGGTTCC,TTT*,1.0,1,./TestDatasets/DifferentOverlapDegrees/Set4/TestData_R1_test.fastq,./TestDatasets/DifferentOverlapDegrees/Set4/TestData_R2_test.fastq
DI01,F08,GACCGAT,GTACACA,LQCL,1.0,2,./TestDatasets/DifferentOverlapDegrees/Set4/TestData_R1_test.fastq,./TestDatasets/DifferentOverlapDegrees/Set4/TestData_R2_test.fastq
DI01,F09,ACGTTGG,GATAGGT,VFCI,1.0,2,./TestDatasets/DifferentOverlapDegrees/Set4/TestData_R1_test.fastq,./TestDatasets/DifferentOverlapDegrees/Set4/TestData_R2_test.fastq
DI01,F11,TACTCCG,TTCAGCC,VAES,1.0,2,./TestDatasets/DifferentOverlapDegrees/Set4/TestData_R1_test.fastq,./TestDatasets/DifferentOverlapDegrees/Set4/TestData_R2_test.fastq
DI01,F12,GATTCAC,GGATTCA,EDYQ,1.0,2,./TestDatasets/DifferentOverlapDegrees/Set4/TestData_R1_test.fastq,./TestDatasets/DifferentOverlapDegrees/Set4/TestData_R2_test.fastq
DI01,G03,GTACTTG,TCATTGC,LPTT,1.0,2,./TestDatasets/DifferentOverlapDegrees/Set4/TestData_R1_test.fastq,./TestDatasets/DifferentOverlapDegrees/Set4/TestData_R2_test.fastq
DI01,G06,GAGAACA,CAAGGAT,RIYA,1.0,3,./TestDatasets/DifferentOverlapDegrees/Set4/TestData_R1_test.fastq,./TestDatasets/DifferentOverlapDegrees/Set4/TestData_R2_test.fastq
DI01,G07,GTATAGC,AGACGTC,DTTV,1.0,1,./TestDatasets/DifferentOverlapDegrees/Set4/TestData_R1_test.fastq,./TestDatasets/DifferentOverlapDegrees/Set4/TestData_R2_test.fastq
DI01,G08,TGATGGA,AGGTCAA,RTGQ,1.0,3,./TestDatasets/DifferentOverlapDegrees/Set4/TestData_R1_test.fastq,./TestDatasets/DifferentOverlapDegrees/Set4/TestData_R2_test.fastq
DI01,G12,TAAGGCC,TCGAGCT,GVSV,1.0,2,./TestDatasets/DifferentOverlapDegrees/Set4/TestData_R1_test.fastq,./TestDatasets/DifferentOverlapDegrees/Set4/TestData_R2_test.fastq
DI01,H04,CTAGGTG,ACGGTTC,RELP,1.0,2,./TestDatasets/DifferentOverlapDegrees/Set4/TestData_R1_test.fastq,./TestDatasets/DifferentOverlapDegrees/Set4/TestData_R2_test.fastq
DI01,H05,CGATACC,CATCGTC,KTGE,1.0,3,./TestDatasets/DifferentOverlapDegrees/Set4/TestData_R1_test.fastq,./TestDatasets/DifferentOverlapDegrees/Set4/TestData_R2_test.fastq
DI01,H07,CGGTTGT,CTTAGAC,TSRK,1.0,2,./TestDatasets/DifferentOverlapDegrees/Set4/TestData_R1_test.fastq,./TestDatasets/DifferentOverlapDegrees/Set4/TestData_R2_test.fastq
DI01,H08,ATTGCCT,AACTGAC,PWPR,1.0,2,./TestDatasets/DifferentOverlapDegrees/Set4/TestData_R1_test.fastq,./TestDatasets/DifferentOverlapDegrees/Set4/TestData_R2_test.fastq
DI01,H10,GCACAAT,ACGCGAT,GETL,1.0,2,./TestDatasets/DifferentOverlapDegrees/Set4/TestData_R1_test.fastq,./TestDatasets/DifferentOverlapDegrees/Set4/TestData_R2_test.fastq
