Plate,Well,F-BC,R-BC,VariantCombo,AlignmentFrequency,WellSeqDepth,R1,R2,logseqdepth
DI02,A01,GATCATG,ACAGTCT,CALD,1.0,2,./TestDatasets/DifferentOverlapDegrees/Set4/TestData_R1_test.fastq,./TestDatasets/DifferentOverlapDegrees/Set4/TestData_R2_test.fastq,0.6931471805599453
DI02,A05,CTTGCTC,CATCGTC,LRVS,1.0,2,./TestDatasets/DifferentOverlapDegrees/Set4/TestData_R1_test.fastq,./TestDatasets/DifferentOverlapDegrees/Set4/TestData_R2_test.fastq,0.6931471805599453
DI02,A07,TCTCCAT,CTTAGAC,TQNV,1.0,2,./TestDatasets/DifferentOverlapDegrees/Set4/TestData_R1_test.fastq,./TestDatasets/DifferentOverlapDegrees/Set4/TestData_R2_test.fastq,0.6931471805599453
DI02,A10,ATCTCCA,ACGCGAT,AASH,1.0,2,./TestDatasets/DifferentOverlapDegrees/Set4/TestData_R1_test.fastq,./TestDatasets/DifferentOverlapDegrees/Set4/TestData_R2_test.fastq,0.6931471805599453
DI02,A12,TGCACCA,ACTCAAC,YWLF,1.0,2,./TestDatasets/DifferentOverlapDegrees/Set4/TestData_R1_test.fastq,./TestDatasets/DifferentOverlapDegrees/Set4/TestData_R2_test.fastq,0.6931471805599453
DI02,B01,TGCCTAT,GAACTGC,YEVP,1.0,2,./TestDatasets/DifferentOverlapDegrees/Set4/TestData_R1_test.fastq,./TestDatasets/DifferentOverlapDegrees/Set4/TestData_R2_test.fastq,0.6931471805599453
DI02,B04,TTGTACC,CACACAA,GQSC,1.0,1,./TestDatasets/DifferentOverlapDegrees/Set4/TestData_R1_test.fastq,./TestDatasets/DifferentOverlapDegrees/Set4/TestData_R2_test.fastq,0.0
DI02,B06,CTTCAGC,ATATGCC,DKLL,1.0,2,./TestDatasets/DifferentOverlapDegrees/Set4/TestData_R1_test.fastq,./TestDatasets/DifferentOverlapDegrees/Set4/TestData_R2_test.fastq,0.6931471805599453
DI02,B07,CAGTGCA,GGTCTGA,VSTC,1.0,2,./TestDatasets/DifferentOverlapDegrees/Set4/TestData_R1_test.fastq,./TestDatasets/DifferentOverlapDegrees/Set4/TestData_R2_test.fastq,0.6931471805599453
DI02,B08,TGCTGTC,GTGAGAT,SS*K,1.0,1,./TestDatasets/DifferentOverlapDegrees/Set4/TestData_R1_test.fastq,./TestDatasets/DifferentOverlapDegrees/Set4/TestData_R2_test.fastq,0.0
DI02,C01,TCGTGAA,AGTTGGC,RLLS,1.0,1,./TestDatasets/DifferentOverlapDegrees/Set4/TestData_R1_test.fastq,./TestDatasets/DifferentOverlapDegrees/Set4/TestData_R2_test.fastq,0.0
DI02,C02,TTATCGG,AACGATG,STSA,1.0,1,./TestDatasets/DifferentOverlapDegrees/Set4/TestData_R1_test.fastq,./TestDatasets/DifferentOverlapDegrees/Set4/TestData_R2_test.fastq,0.0
DI02,C04,ACATGAG,GGTGTCT,PVSL,1.0,1,./TestDatasets/DifferentOverlapDegrees/Set4/TestData_R1_test.fastq,./TestDatasets/DifferentOverlapDegrees/Set4/TestData_R2_test.fastq,0.0
DI02,C05,ACGTACT,CCAGCTT,TQVF,1.0,1,./TestDatasets/DifferentOverlapDegrees/Set4/TestData_R1_test.fastq,./TestDatasets/DifferentOverlapDegrees/Set4/TestData_R2_test.fastq,0.0
DI02,C07,GTTGGAG,ACCATAC,TQPF,1.0,2,./TestDatasets/DifferentOverlapDegrees/Set4/TestData_R1_test.fastq,./TestDatasets/DifferentOverlapDegrees/Set4/TestData_R2_test.fastq,0.6931471805599453
DI02,C08,TGTTCTG,GACGACT,NG*I,1.0,1,./TestDatasets/DifferentOverlapDegrees/Set4/TestData_R1_test.fastq,./TestDatasets/DifferentOverlapDegrees/Set4/TestData_R2_test.fastq,0.0
DI02,C09,CTTACGT,GTCACCT,P*QL,1.0,1,./TestDatasets/DifferentOverlapDegrees/Set4/TestData_R1_test.fastq,./TestDatasets/DifferentOverlapDegrees/Set4/TestData_R2_test.fastq,0.0
DI02,C10,GAGGTTG,CGTGATG,FSAI,1.0,1,./TestDatasets/DifferentOverlapDegrees/Set4/TestData_R1_test.fastq,./TestDatasets/DifferentOverlapDegrees/Set4/TestData_R2_test.fastq,0.0
DI02,C11,ATGGACA,GCTTCCT,VLSE,1.0,2,./TestDatasets/DifferentOverlapDegrees/Set4/TestData_R1_test.fastq,./TestDatasets/DifferentOverlapDegrees/Set4/TestData_R2_test.fastq,0.6931471805599453
DI02,C12,ACACTGA,TAGACGT,VPEL,1.0,1,./TestDatasets/DifferentOverlapDegrees/Set4/TestData_R1_test.fastq,./TestDatasets/DifferentOverlapDegrees/Set4/TestData_R2_test.fastq,0.0
DI02,D01,ATCTGTG,CGGACTT,IPNA,1.0,6,./TestDatasets/DifferentOverlapDegrees/Set4/TestData_R1_test.fastq,./TestDatasets/DifferentOverlapDegrees/Set4/TestData_R2_test.fastq,1.791759469228055
DI02,D03,GAGTTGA,CCGAAGT,LHDI,1.0,1,./TestDatasets/DifferentOverlapDegrees/Set4/TestData_R1_test.fastq,./TestDatasets/DifferentOverlapDegrees/Set4/TestData_R2_test.fastq,0.0
DI02,D04,TTCTCAC,GTTATGG,ATSV,1.0,1,./TestDatasets/DifferentOverlapDegrees/Set4/TestData_R1_test.fastq,./TestDatasets/DifferentOverlapDegrees/Set4/TestData_R2_test.fastq,0.0
DI02,D05,TGAAGCG,ATCCTCG,THP*,1.0,2,./TestDatasets/DifferentOverlapDegrees/Set4/TestData_R1_test.fastq,./TestDatasets/DifferentOverlapDegrees/Set4/TestData_R2_test.fastq,0.6931471805599453
DI02,D06,GCTACAA,CGAATAG,IVKP,1.0,2,./TestDatasets/DifferentOverlapDegrees/Set4/TestData_R1_test.fastq,./TestDatasets/DifferentOverlapDegrees/Set4/TestData_R2_test.fastq,0.6931471805599453
DI02,D08,CAGAGTG,AGCAAGA,WPIR,1.0,3,./TestDatasets/DifferentOverlapDegrees/Set4/TestData_R1_test.fastq,./TestDatasets/DifferentOverlapDegrees/Set4/TestData_R2_test.fastq,1.0986122886681098
DI02,D09,TTCCGAA,TGTCGAC,LYLG,1.0,1,./TestDatasets/DifferentOverlapDegrees/Set4/TestData_R1_test.fastq,./TestDatasets/DifferentOverlapDegrees/Set4/TestData_R2_test.fastq,0.0
DI02,D11,ACTCTTG,GCAATCG,ARCT,1.0,4,./TestDatasets/DifferentOverlapDegrees/Set4/TestData_R1_test.fastq,./TestDatasets/DifferentOverlapDegrees/Set4/TestData_R2_test.fastq,1.3862943611198906
DI02,E01,CTCTAGA,TAGGAGA,PAFS,1.0,2,./TestDatasets/DifferentOverlapDegrees/Set4/TestData_R1_test.fastq,./TestDatasets/DifferentOverlapDegrees/Set4/TestData_R2_test.fastq,0.6931471805599453
DI02,E03,CGTCCTA,GTGCTGT,CRS*,1.0,6,./TestDatasets/DifferentOverlapDegrees/Set4/TestData_R1_test.fastq,./TestDatasets/DifferentOverlapDegrees/Set4/TestData_R2_test.fastq,1.791759469228055
DI02,E04,GGAATGT,CAACAAC,*LPW,1.0,2,./TestDatasets/DifferentOverlapDegrees/Set4/TestData_R1_test.fastq,./TestDatasets/DifferentOverlapDegrees/Set4/TestData_R2_test.fastq,0.6931471805599453
DI02,E05,TCCAAGC,AATAGCC,ELGC,1.0,1,./TestDatasets/DifferentOverlapDegrees/Set4/TestData_R1_test.fastq,./TestDatasets/DifferentOverlapDegrees/Set4/TestData_R2_test.fastq,0.0
DI02,E06,GCACCTA,TCTGTGA,CRWM,1.0,2,./TestDatasets/DifferentOverlapDegrees/Set4/TestData_R1_test.fastq,./TestDatasets/DifferentOverlapDegrees/Set4/TestData_R2_test.fastq,0.6931471805599453
DI02,E07,TTGCGTT,TGTGGTA,CETS,1.0,1,./TestDatasets/DifferentOverlapDegrees/Set4/TestData_R1_test.fastq,./TestDatasets/DifferentOverlapDegrees/Set4/TestData_R2_test.fastq,0.0
DI02,E09,CTGCATA,AGTTACG,RRQT,1.0,1,./TestDatasets/DifferentOverlapDegrees/Set4/TestData_R1_test.fastq,./TestDatasets/DifferentOverlapDegrees/Set4/TestData_R2_test.fastq,0.0
DI02,E10,CGTTGAG,TTCCTGC,NAII,1.0,3,./TestDatasets/DifferentOverlapDegrees/Set4/TestData_R1_test.fastq,./TestDatasets/DifferentOverlapDegrees/Set4/TestData_R2_test.fastq,1.0986122886681098
DI02,E12,GTGATCC,GGAGAGA,ESK*,1.0,2,./TestDatasets/DifferentOverlapDegrees/Set4/TestData_R1_test.fastq,./TestDatasets/DifferentOverlapDegrees/Set4/TestData_R2_test.fastq,0.6931471805599453
DI02,F02,GTCGTTA,TGTATCC,R*CH,1.0,5,./TestDatasets/DifferentOverlapDegrees/Set4/TestData_R1_test.fastq,./TestDatasets/DifferentOverlapDegrees/Set4/TestData_R2_test.fastq,1.6094379124341003
DI02,F06,CTACTCC,AGCTCGT,MTSP,1.0,4,./TestDatasets/DifferentOverlapDegrees/Set4/TestData_R1_test.fastq,./TestDatasets/DifferentOverlapDegrees/Set4/TestData_R2_test.fastq,1.3862943611198906
DI02,F09,ACGTTGG,TCACAGG,LQW*,1.0,3,./TestDatasets/DifferentOverlapDegrees/Set4/TestData_R1_test.fastq,./TestDatasets/DifferentOverlapDegrees/Set4/TestData_R2_test.fastq,1.0986122886681098
DI02,F10,ATGAGCG,AGAGCTG,ARSF,1.0,2,./TestDatasets/DifferentOverlapDegrees/Set4/TestData_R1_test.fastq,./TestDatasets/DifferentOverlapDegrees/Set4/TestData_R2_test.fastq,0.6931471805599453
DI02,F11,TACTCCG,CCTCTGT,CIIS,1.0,1,./TestDatasets/DifferentOverlapDegrees/Set4/TestData_R1_test.fastq,./TestDatasets/DifferentOverlapDegrees/Set4/TestData_R2_test.fastq,0.0
DI02,F12,GATTCAC,CCTCGAA,SQP*,1.0,3,./TestDatasets/DifferentOverlapDegrees/Set4/TestData_R1_test.fastq,./TestDatasets/DifferentOverlapDegrees/Set4/TestData_R2_test.fastq,1.0986122886681098
DI02,G01,ATGACGC,GTGTCTC,VSFC,1.0,3,./TestDatasets/DifferentOverlapDegrees/Set4/TestData_R1_test.fastq,./TestDatasets/DifferentOverlapDegrees/Set4/TestData_R2_test.fastq,1.0986122886681098
DI02,G03,GTACTTG,GACAATC,LGNP,1.0,1,./TestDatasets/DifferentOverlapDegrees/Set4/TestData_R1_test.fastq,./TestDatasets/DifferentOverlapDegrees/Set4/TestData_R2_test.fastq,0.0
DI02,G04,TAGCAAG,CACTTGC,T*RV,1.0,2,./TestDatasets/DifferentOverlapDegrees/Set4/TestData_R1_test.fastq,./TestDatasets/DifferentOverlapDegrees/Set4/TestData_R2_test.fastq,0.6931471805599453
DI02,G05,CTGCCAT,TGAACGC,NHSQ,1.0,4,./TestDatasets/DifferentOverlapDegrees/Set4/TestData_R1_test.fastq,./TestDatasets/DifferentOverlapDegrees/Set4/TestData_R2_test.fastq,1.3862943611198906
DI02,G06,GAGAACA,CGTAGCA,KISD,1.0,3,./TestDatasets/DifferentOverlapDegrees/Set4/TestData_R1_test.fastq,./TestDatasets/DifferentOverlapDegrees/Set4/TestData_R2_test.fastq,1.0986122886681098
DI02,G07,GTATAGC,AGGTTCC,SLTG,1.0,1,./TestDatasets/DifferentOverlapDegrees/Set4/TestData_R1_test.fastq,./TestDatasets/DifferentOverlapDegrees/Set4/TestData_R2_test.fastq,0.0
DI02,G10,GAAGAAG,TAGCCTC,RGPS,1.0,1,./TestDatasets/DifferentOverlapDegrees/Set4/TestData_R1_test.fastq,./TestDatasets/DifferentOverlapDegrees/Set4/TestData_R2_test.fastq,0.0
DI02,G11,AGCGGTT,TTCAGCC,AGAE,1.0,2,./TestDatasets/DifferentOverlapDegrees/Set4/TestData_R1_test.fastq,./TestDatasets/DifferentOverlapDegrees/Set4/TestData_R2_test.fastq,0.6931471805599453
DI02,G12,TAAGGCC,GGATTCA,LPPN,1.0,2,./TestDatasets/DifferentOverlapDegrees/Set4/TestData_R1_test.fastq,./TestDatasets/DifferentOverlapDegrees/Set4/TestData_R2_test.fastq,0.6931471805599453
DI02,H01,AACCTGT,TGAGCCT,PNHV,1.0,1,./TestDatasets/DifferentOverlapDegrees/Set4/TestData_R1_test.fastq,./TestDatasets/DifferentOverlapDegrees/Set4/TestData_R2_test.fastq,0.0
DI02,H03,CTCGTAG,TCATTGC,QWRK,1.0,2,./TestDatasets/DifferentOverlapDegrees/Set4/TestData_R1_test.fastq,./TestDatasets/DifferentOverlapDegrees/Set4/TestData_R2_test.fastq,0.6931471805599453
DI02,H06,TCGGCTA,CAAGGAT,PSSG,1.0,2,./TestDatasets/DifferentOverlapDegrees/Set4/TestData_R1_test.fastq,./TestDatasets/DifferentOverlapDegrees/Set4/TestData_R2_test.fastq,0.6931471805599453
DI02,H07,CGGTTGT,AGACGTC,AASN,1.0,1,./TestDatasets/DifferentOverlapDegrees/Set4/TestData_R1_test.fastq,./TestDatasets/DifferentOverlapDegrees/Set4/TestData_R2_test.fastq,0.0
DI02,H08,ATTGCCT,AGGTCAA,FIQS,1.0,2,./TestDatasets/DifferentOverlapDegrees/Set4/TestData_R1_test.fastq,./TestDatasets/DifferentOverlapDegrees/Set4/TestData_R2_test.fastq,0.6931471805599453
DI02,H09,CATTCGA,ATGCTAC,SDQY,1.0,3,./TestDatasets/DifferentOverlapDegrees/Set4/TestData_R1_test.fastq,./TestDatasets/DifferentOverlapDegrees/Set4/TestData_R2_test.fastq,1.0986122886681098
DI02,H11,GCAGTAA,TCAAGTC,LQSC,1.0,4,./TestDatasets/DifferentOverlapDegrees/Set4/TestData_R1_test.fastq,./TestDatasets/DifferentOverlapDegrees/Set4/TestData_R2_test.fastq,1.3862943611198906
DI02,H12,CCTAATC,TCGAGCT,GLTW,1.0,3,./TestDatasets/DifferentOverlapDegrees/Set4/TestData_R1_test.fastq,./TestDatasets/DifferentOverlapDegrees/Set4/TestData_R2_test.fastq,1.0986122886681098
