Plate,Well,F-BC,R-BC,VariantCombo,AlignmentFrequency,WellSeqDepth,R1,R2,logseqdepth
DI04,A01,GATCATG,GTGTCTC,YPST,1.0,3,./TestDatasets/DifferentOverlapDegrees/Set4/TestData_R1_test.fastq,./TestDatasets/DifferentOverlapDegrees/Set4/TestData_R2_test.fastq,1.0986122886681098
DI04,A02,TACATGG,ATTGAGG,VESS,1.0,5,./TestDatasets/DifferentOverlapDegrees/Set4/TestData_R1_test.fastq,./TestDatasets/DifferentOverlapDegrees/Set4/TestData_R2_test.fastq,1.6094379124341003
DI04,A04,TGGCTCA,CACTTGC,RWIG,1.0,1,./TestDatasets/DifferentOverlapDegrees/Set4/TestData_R1_test.fastq,./TestDatasets/DifferentOverlapDegrees/Set4/TestData_R2_test.fastq,0.0
DI04,A05,CTTGCTC,TGAACGC,GARA,1.0,2,./TestDatasets/DifferentOverlapDegrees/Set4/TestData_R1_test.fastq,./TestDatasets/DifferentOverlapDegrees/Set4/TestData_R2_test.fastq,0.6931471805599453
DI04,A07,TCTCCAT,AGGTTCC,CFYV,1.0,2,./TestDatasets/DifferentOverlapDegrees/Set4/TestData_R1_test.fastq,./TestDatasets/DifferentOverlapDegrees/Set4/TestData_R2_test.fastq,0.6931471805599453
DI04,A09,GAATGTC,GATAGGT,FKME,1.0,2,./TestDatasets/DifferentOverlapDegrees/Set4/TestData_R1_test.fastq,./TestDatasets/DifferentOverlapDegrees/Set4/TestData_R2_test.fastq,0.6931471805599453
DI04,A10,ATCTCCA,TAGCCTC,PSVS,1.0,4,./TestDatasets/DifferentOverlapDegrees/Set4/TestData_R1_test.fastq,./TestDatasets/DifferentOverlapDegrees/Set4/TestData_R2_test.fastq,1.3862943611198906
DI04,A11,GCGTTAT,TTCAGCC,RNQL,1.0,3,./TestDatasets/DifferentOverlapDegrees/Set4/TestData_R1_test.fastq,./TestDatasets/DifferentOverlapDegrees/Set4/TestData_R2_test.fastq,1.0986122886681098
DI04,A12,TGCACCA,GGATTCA,MRYT,1.0,4,./TestDatasets/DifferentOverlapDegrees/Set4/TestData_R1_test.fastq,./TestDatasets/DifferentOverlapDegrees/Set4/TestData_R2_test.fastq,1.3862943611198906
DI04,B01,TGCCTAT,TGAGCCT,NASF,1.0,1,./TestDatasets/DifferentOverlapDegrees/Set4/TestData_R1_test.fastq,./TestDatasets/DifferentOverlapDegrees/Set4/TestData_R2_test.fastq,0.0
DI04,B02,AGGAATC,AACGCGA,SLVL,1.0,1,./TestDatasets/DifferentOverlapDegrees/Set4/TestData_R1_test.fastq,./TestDatasets/DifferentOverlapDegrees/Set4/TestData_R2_test.fastq,0.0
DI04,B03,TCCACTG,TCATTGC,NSSP,1.0,1,./TestDatasets/DifferentOverlapDegrees/Set4/TestData_R1_test.fastq,./TestDatasets/DifferentOverlapDegrees/Set4/TestData_R2_test.fastq,0.0
DI04,B04,TTGTACC,AGCATCT,RGVD,1.0,5,./TestDatasets/DifferentOverlapDegrees/Set4/TestData_R1_test.fastq,./TestDatasets/DifferentOverlapDegrees/Set4/TestData_R2_test.fastq,1.6094379124341003
DI04,B05,TTCGAGT,TTGGTCT,FKAY,1.0,4,./TestDatasets/DifferentOverlapDegrees/Set4/TestData_R1_test.fastq,./TestDatasets/DifferentOverlapDegrees/Set4/TestData_R2_test.fastq,1.3862943611198906
DI04,B09,CGCCATT,ATGCTAC,RAGH,1.0,10,./TestDatasets/DifferentOverlapDegrees/Set4/TestData_R1_test.fastq,./TestDatasets/DifferentOverlapDegrees/Set4/TestData_R2_test.fastq,2.302585092994046
DI04,B10,GCCATGA,CTCTGAT,LRA*,1.0,5,./TestDatasets/DifferentOverlapDegrees/Set4/TestData_R1_test.fastq,./TestDatasets/DifferentOverlapDegrees/Set4/TestData_R2_test.fastq,1.6094379124341003
DI04,C02,TTATCGG,CAGATAC,NDAH,1.0,1,./TestDatasets/DifferentOverlapDegrees/Set4/TestData_R1_test.fastq,./TestDatasets/DifferentOverlapDegrees/Set4/TestData_R2_test.fastq,0.0
DI04,C04,ACATGAG,ACGGTTC,ALGE,1.0,2,./TestDatasets/DifferentOverlapDegrees/Set4/TestData_R1_test.fastq,./TestDatasets/DifferentOverlapDegrees/Set4/TestData_R2_test.fastq,0.6931471805599453
DI04,C07,GTTGGAG,CTTAGAC,KFCG,1.0,3,./TestDatasets/DifferentOverlapDegrees/Set4/TestData_R1_test.fastq,./TestDatasets/DifferentOverlapDegrees/Set4/TestData_R2_test.fastq,1.0986122886681098
DI04,C12,ACACTGA,ACTCAAC,LLSQ,1.0,1,./TestDatasets/DifferentOverlapDegrees/Set4/TestData_R1_test.fastq,./TestDatasets/DifferentOverlapDegrees/Set4/TestData_R2_test.fastq,0.0
DI04,D01,ATCTGTG,GAACTGC,RKTC,1.0,1,./TestDatasets/DifferentOverlapDegrees/Set4/TestData_R1_test.fastq,./TestDatasets/DifferentOverlapDegrees/Set4/TestData_R2_test.fastq,0.0
DI04,D02,AATGTGC,ACCAGGT,SGAL,1.0,1,./TestDatasets/DifferentOverlapDegrees/Set4/TestData_R1_test.fastq,./TestDatasets/DifferentOverlapDegrees/Set4/TestData_R2_test.fastq,0.0
DI04,D03,GAGTTGA,TCTAGAG,*RRK,1.0,2,./TestDatasets/DifferentOverlapDegrees/Set4/TestData_R1_test.fastq,./TestDatasets/DifferentOverlapDegrees/Set4/TestData_R2_test.fastq,0.6931471805599453
DI04,D04,TTCTCAC,CACACAA,IRWG,1.0,2,./TestDatasets/DifferentOverlapDegrees/Set4/TestData_R1_test.fastq,./TestDatasets/DifferentOverlapDegrees/Set4/TestData_R2_test.fastq,0.6931471805599453
DI04,D06,GCTACAA,ATATGCC,LFLV,1.0,6,./TestDatasets/DifferentOverlapDegrees/Set4/TestData_R1_test.fastq,./TestDatasets/DifferentOverlapDegrees/Set4/TestData_R2_test.fastq,1.791759469228055
DI04,D07,AGAGAAC,GGTCTGA,SRAP,1.0,2,./TestDatasets/DifferentOverlapDegrees/Set4/TestData_R1_test.fastq,./TestDatasets/DifferentOverlapDegrees/Set4/TestData_R2_test.fastq,0.6931471805599453
DI04,D08,CAGAGTG,GTGAGAT,YAP*,1.0,1,./TestDatasets/DifferentOverlapDegrees/Set4/TestData_R1_test.fastq,./TestDatasets/DifferentOverlapDegrees/Set4/TestData_R2_test.fastq,0.0
DI04,D11,ACTCTTG,TCCGAAG,YLTS,1.0,1,./TestDatasets/DifferentOverlapDegrees/Set4/TestData_R1_test.fastq,./TestDatasets/DifferentOverlapDegrees/Set4/TestData_R2_test.fastq,0.0
DI04,D12,CCAACCA,GGCTTAC,SFKD,1.0,2,./TestDatasets/DifferentOverlapDegrees/Set4/TestData_R1_test.fastq,./TestDatasets/DifferentOverlapDegrees/Set4/TestData_R2_test.fastq,0.6931471805599453
DI04,E01,CTCTAGA,AGTTGGC,*SPK,1.0,2,./TestDatasets/DifferentOverlapDegrees/Set4/TestData_R1_test.fastq,./TestDatasets/DifferentOverlapDegrees/Set4/TestData_R2_test.fastq,0.6931471805599453
DI04,E03,CGTCCTA,ACTACCG,RQTS,1.0,3,./TestDatasets/DifferentOverlapDegrees/Set4/TestData_R1_test.fastq,./TestDatasets/DifferentOverlapDegrees/Set4/TestData_R2_test.fastq,1.0986122886681098
DI04,E04,GGAATGT,GGTGTCT,RQFA,1.0,1,./TestDatasets/DifferentOverlapDegrees/Set4/TestData_R1_test.fastq,./TestDatasets/DifferentOverlapDegrees/Set4/TestData_R2_test.fastq,0.0
DI04,E05,TCCAAGC,CCAGCTT,PITL,1.0,3,./TestDatasets/DifferentOverlapDegrees/Set4/TestData_R1_test.fastq,./TestDatasets/DifferentOverlapDegrees/Set4/TestData_R2_test.fastq,1.0986122886681098
DI04,E06,GCACCTA,TTAGACG,*K*N,1.0,1,./TestDatasets/DifferentOverlapDegrees/Set4/TestData_R1_test.fastq,./TestDatasets/DifferentOverlapDegrees/Set4/TestData_R2_test.fastq,0.0
DI04,E09,CTGCATA,GTCACCT,RYG*,1.0,1,./TestDatasets/DifferentOverlapDegrees/Set4/TestData_R1_test.fastq,./TestDatasets/DifferentOverlapDegrees/Set4/TestData_R2_test.fastq,0.0
DI04,E12,GTGATCC,TAGACGT,RH*R,1.0,1,./TestDatasets/DifferentOverlapDegrees/Set4/TestData_R1_test.fastq,./TestDatasets/DifferentOverlapDegrees/Set4/TestData_R2_test.fastq,0.0
DI04,F01,GCATGGT,CGGACTT,EPKG,1.0,2,./TestDatasets/DifferentOverlapDegrees/Set4/TestData_R1_test.fastq,./TestDatasets/DifferentOverlapDegrees/Set4/TestData_R2_test.fastq,0.6931471805599453
DI04,F04,AGTGTAG,GTTATGG,RHLT,1.0,2,./TestDatasets/DifferentOverlapDegrees/Set4/TestData_R1_test.fastq,./TestDatasets/DifferentOverlapDegrees/Set4/TestData_R2_test.fastq,0.6931471805599453
DI04,F05,CGAGCAA,ATCCTCG,I*PG,1.0,3,./TestDatasets/DifferentOverlapDegrees/Set4/TestData_R1_test.fastq,./TestDatasets/DifferentOverlapDegrees/Set4/TestData_R2_test.fastq,1.0986122886681098
DI04,F07,GATGCCA,TATCCGG,P*GT,1.0,1,./TestDatasets/DifferentOverlapDegrees/Set4/TestData_R1_test.fastq,./TestDatasets/DifferentOverlapDegrees/Set4/TestData_R2_test.fastq,0.0
DI04,F08,GACCGAT,AGCAAGA,GSPS,1.0,1,./TestDatasets/DifferentOverlapDegrees/Set4/TestData_R1_test.fastq,./TestDatasets/DifferentOverlapDegrees/Set4/TestData_R2_test.fastq,0.0
DI04,F12,GATTCAC,TGAGTGG,RRLA,1.0,2,./TestDatasets/DifferentOverlapDegrees/Set4/TestData_R1_test.fastq,./TestDatasets/DifferentOverlapDegrees/Set4/TestData_R2_test.fastq,0.6931471805599453
DI04,G01,ATGACGC,TAGGAGA,R*Q*,1.0,1,./TestDatasets/DifferentOverlapDegrees/Set4/TestData_R1_test.fastq,./TestDatasets/DifferentOverlapDegrees/Set4/TestData_R2_test.fastq,0.0
DI04,G02,GGTTGTT,AGTCAGT,ATFV,1.0,1,./TestDatasets/DifferentOverlapDegrees/Set4/TestData_R1_test.fastq,./TestDatasets/DifferentOverlapDegrees/Set4/TestData_R2_test.fastq,0.0
DI04,G05,CTGCCAT,AATAGCC,TLGL,1.0,3,./TestDatasets/DifferentOverlapDegrees/Set4/TestData_R1_test.fastq,./TestDatasets/DifferentOverlapDegrees/Set4/TestData_R2_test.fastq,1.0986122886681098
DI04,G06,GAGAACA,TCTGTGA,TPRQ,1.0,2,./TestDatasets/DifferentOverlapDegrees/Set4/TestData_R1_test.fastq,./TestDatasets/DifferentOverlapDegrees/Set4/TestData_R2_test.fastq,0.6931471805599453
DI04,G07,GTATAGC,TGTGGTA,*IAE,1.0,4,./TestDatasets/DifferentOverlapDegrees/Set4/TestData_R1_test.fastq,./TestDatasets/DifferentOverlapDegrees/Set4/TestData_R2_test.fastq,1.3862943611198906
DI04,H02,AGTACAC,TGTATCC,LYMR,1.0,3,./TestDatasets/DifferentOverlapDegrees/Set4/TestData_R1_test.fastq,./TestDatasets/DifferentOverlapDegrees/Set4/TestData_R2_test.fastq,1.0986122886681098
DI04,H03,CTCGTAG,CAACCTG,LGVH,1.0,3,./TestDatasets/DifferentOverlapDegrees/Set4/TestData_R1_test.fastq,./TestDatasets/DifferentOverlapDegrees/Set4/TestData_R2_test.fastq,1.0986122886681098
DI04,H08,ATTGCCT,TCCTTCA,LGSD,1.0,1,./TestDatasets/DifferentOverlapDegrees/Set4/TestData_R1_test.fastq,./TestDatasets/DifferentOverlapDegrees/Set4/TestData_R2_test.fastq,0.0
DI04,H11,GCAGTAA,CCTCTGT,*YVV,1.0,3,./TestDatasets/DifferentOverlapDegrees/Set4/TestData_R1_test.fastq,./TestDatasets/DifferentOverlapDegrees/Set4/TestData_R2_test.fastq,1.0986122886681098
