Plate,Well,F-BC,R-BC,VariantCombo,AlignmentFrequency,WellSeqDepth,R1,R2
DI06,A01,GATCATG,TAGGAGA,LTTR,1.0,3,./TestDatasets/DifferentOverlapDegrees/Set4/TestData_R1_test.fastq,./TestDatasets/DifferentOverlapDegrees/Set4/TestData_R2_test.fastq
DI06,A03,AAGCACC,GTGCTGT,GFSR,1.0,1,./TestDatasets/DifferentOverlapDegrees/Set4/TestData_R1_test.fastq,./TestDatasets/DifferentOverlapDegrees/Set4/TestData_R2_test.fastq
DI06,A07,TCTCCAT,TGTGGTA,PLDS,1.0,1,./TestDatasets/DifferentOverlapDegrees/Set4/TestData_R1_test.fastq,./TestDatasets/DifferentOverlapDegrees/Set4/TestData_R2_test.fastq
DI06,A08,TTGAAGG,GCGTATG,SIRG,1.0,2,./TestDatasets/DifferentOverlapDegrees/Set4/TestData_R1_test.fastq,./TestDatasets/DifferentOverlapDegrees/Set4/TestData_R2_test.fastq
DI06,A10,ATCTCCA,TTCCTGC,RTRG,1.0,4,./TestDatasets/DifferentOverlapDegrees/Set4/TestData_R1_test.fastq,./TestDatasets/DifferentOverlapDegrees/Set4/TestData_R2_test.fastq
DI06,A11,GCGTTAT,TATGTCG,SFKC,1.0,1,./TestDatasets/DifferentOverlapDegrees/Set4/TestData_R1_test.fastq,./TestDatasets/DifferentOverlapDegrees/Set4/TestData_R2_test.fastq
DI06,B02,AGGAATC,TGTATCC,TRVG,1.0,5,./TestDatasets/DifferentOverlapDegrees/Set4/TestData_R1_test.fastq,./TestDatasets/DifferentOverlapDegrees/Set4/TestData_R2_test.fastq
DI06,B03,TCCACTG,CAACCTG,ALRY,1.0,1,./TestDatasets/DifferentOverlapDegrees/Set4/TestData_R1_test.fastq,./TestDatasets/DifferentOverlapDegrees/Set4/TestData_R2_test.fastq
DI06,B04,TTGTACC,CTGATGA,PRNC,1.0,2,./TestDatasets/DifferentOverlapDegrees/Set4/TestData_R1_test.fastq,./TestDatasets/DifferentOverlapDegrees/Set4/TestData_R2_test.fastq
DI06,B06,CTTCAGC,AGCTCGT,SRAM,1.0,1,./TestDatasets/DifferentOverlapDegrees/Set4/TestData_R1_test.fastq,./TestDatasets/DifferentOverlapDegrees/Set4/TestData_R2_test.fastq
DI06,B08,TGCTGTC,TCCTTCA,LSFA,1.0,1,./TestDatasets/DifferentOverlapDegrees/Set4/TestData_R1_test.fastq,./TestDatasets/DifferentOverlapDegrees/Set4/TestData_R2_test.fastq
DI06,B10,GCCATGA,AGAGCTG,KLLQ,1.0,2,./TestDatasets/DifferentOverlapDegrees/Set4/TestData_R1_test.fastq,./TestDatasets/DifferentOverlapDegrees/Set4/TestData_R2_test.fastq
DI06,B11,CACAACG,CCTCTGT,LNTP,1.0,1,./TestDatasets/DifferentOverlapDegrees/Set4/TestData_R1_test.fastq,./TestDatasets/DifferentOverlapDegrees/Set4/TestData_R2_test.fastq
DI06,C01,TCGTGAA,GTGTCTC,GWHL,1.0,2,./TestDatasets/DifferentOverlapDegrees/Set4/TestData_R1_test.fastq,./TestDatasets/DifferentOverlapDegrees/Set4/TestData_R2_test.fastq
DI06,C02,TTATCGG,ATTGAGG,SRLS,1.0,1,./TestDatasets/DifferentOverlapDegrees/Set4/TestData_R1_test.fastq,./TestDatasets/DifferentOverlapDegrees/Set4/TestData_R2_test.fastq
DI06,C03,AGACCAT,GACAATC,LFY*,1.0,1,./TestDatasets/DifferentOverlapDegrees/Set4/TestData_R1_test.fastq,./TestDatasets/DifferentOverlapDegrees/Set4/TestData_R2_test.fastq
DI06,C07,GTTGGAG,AGGTTCC,KKT*,1.0,1,./TestDatasets/DifferentOverlapDegrees/Set4/TestData_R1_test.fastq,./TestDatasets/DifferentOverlapDegrees/Set4/TestData_R2_test.fastq
DI06,C09,CTTACGT,GATAGGT,VKMA,1.0,3,./TestDatasets/DifferentOverlapDegrees/Set4/TestData_R1_test.fastq,./TestDatasets/DifferentOverlapDegrees/Set4/TestData_R2_test.fastq
DI06,C10,GAGGTTG,TAGCCTC,NECS,1.0,1,./TestDatasets/DifferentOverlapDegrees/Set4/TestData_R1_test.fastq,./TestDatasets/DifferentOverlapDegrees/Set4/TestData_R2_test.fastq
DI06,C11,ATGGACA,TTCAGCC,*SPL,1.0,1,./TestDatasets/DifferentOverlapDegrees/Set4/TestData_R1_test.fastq,./TestDatasets/DifferentOverlapDegrees/Set4/TestData_R2_test.fastq
DI06,D01,ATCTGTG,TGAGCCT,IAGS,1.0,2,./TestDatasets/DifferentOverlapDegrees/Set4/TestData_R1_test.fastq,./TestDatasets/DifferentOverlapDegrees/Set4/TestData_R2_test.fastq
DI06,D02,AATGTGC,AACGCGA,NRQF,1.0,2,./TestDatasets/DifferentOverlapDegrees/Set4/TestData_R1_test.fastq,./TestDatasets/DifferentOverlapDegrees/Set4/TestData_R2_test.fastq
DI06,D03,GAGTTGA,TCATTGC,FENR,1.0,1,./TestDatasets/DifferentOverlapDegrees/Set4/TestData_R1_test.fastq,./TestDatasets/DifferentOverlapDegrees/Set4/TestData_R2_test.fastq
DI06,D04,TTCTCAC,AGCATCT,VASP,1.0,1,./TestDatasets/DifferentOverlapDegrees/Set4/TestData_R1_test.fastq,./TestDatasets/DifferentOverlapDegrees/Set4/TestData_R2_test.fastq
DI06,D08,CAGAGTG,AGGTCAA,HLLA,1.0,4,./TestDatasets/DifferentOverlapDegrees/Set4/TestData_R1_test.fastq,./TestDatasets/DifferentOverlapDegrees/Set4/TestData_R2_test.fastq
DI06,D09,TTCCGAA,ATGCTAC,SFSR,1.0,1,./TestDatasets/DifferentOverlapDegrees/Set4/TestData_R1_test.fastq,./TestDatasets/DifferentOverlapDegrees/Set4/TestData_R2_test.fastq
DI06,D11,ACTCTTG,TCAAGTC,TNLE,1.0,2,./TestDatasets/DifferentOverlapDegrees/Set4/TestData_R1_test.fastq,./TestDatasets/DifferentOverlapDegrees/Set4/TestData_R2_test.fastq
DI06,D12,CCAACCA,TCGAGCT,IRVA,1.0,2,./TestDatasets/DifferentOverlapDegrees/Set4/TestData_R1_test.fastq,./TestDatasets/DifferentOverlapDegrees/Set4/TestData_R2_test.fastq
DI06,E02,AATCGGA,CAGATAC,ISPL,1.0,2,./TestDatasets/DifferentOverlapDegrees/Set4/TestData_R1_test.fastq,./TestDatasets/DifferentOverlapDegrees/Set4/TestData_R2_test.fastq
DI06,E03,CGTCCTA,TACGTTC,PK*G,1.0,4,./TestDatasets/DifferentOverlapDegrees/Set4/TestData_R1_test.fastq,./TestDatasets/DifferentOverlapDegrees/Set4/TestData_R2_test.fastq
DI06,E07,TTGCGTT,CTTAGAC,TRRV,1.0,2,./TestDatasets/DifferentOverlapDegrees/Set4/TestData_R1_test.fastq,./TestDatasets/DifferentOverlapDegrees/Set4/TestData_R2_test.fastq
DI06,F01,GCATGGT,GAACTGC,CIT*,1.0,1,./TestDatasets/DifferentOverlapDegrees/Set4/TestData_R1_test.fastq,./TestDatasets/DifferentOverlapDegrees/Set4/TestData_R2_test.fastq
DI06,F02,GTCGTTA,ACCAGGT,SYYS,1.0,1,./TestDatasets/DifferentOverlapDegrees/Set4/TestData_R1_test.fastq,./TestDatasets/DifferentOverlapDegrees/Set4/TestData_R2_test.fastq
DI06,F04,AGTGTAG,CACACAA,QTRL,1.0,2,./TestDatasets/DifferentOverlapDegrees/Set4/TestData_R1_test.fastq,./TestDatasets/DifferentOverlapDegrees/Set4/TestData_R2_test.fastq
DI06,F08,GACCGAT,GTGAGAT,RRQR,1.0,1,./TestDatasets/DifferentOverlapDegrees/Set4/TestData_R1_test.fastq,./TestDatasets/DifferentOverlapDegrees/Set4/TestData_R2_test.fastq
DI06,F12,GATTCAC,GGCTTAC,RLRV,1.0,4,./TestDatasets/DifferentOverlapDegrees/Set4/TestData_R1_test.fastq,./TestDatasets/DifferentOverlapDegrees/Set4/TestData_R2_test.fastq
DI06,G02,GGTTGTT,AACGATG,RAML,1.0,4,./TestDatasets/DifferentOverlapDegrees/Set4/TestData_R1_test.fastq,./TestDatasets/DifferentOverlapDegrees/Set4/TestData_R2_test.fastq
DI06,G03,GTACTTG,ACTACCG,QTLP,1.0,4,./TestDatasets/DifferentOverlapDegrees/Set4/TestData_R1_test.fastq,./TestDatasets/DifferentOverlapDegrees/Set4/TestData_R2_test.fastq
DI06,G04,TAGCAAG,GGTGTCT,SALI,1.0,2,./TestDatasets/DifferentOverlapDegrees/Set4/TestData_R1_test.fastq,./TestDatasets/DifferentOverlapDegrees/Set4/TestData_R2_test.fastq
DI06,G05,CTGCCAT,CCAGCTT,LSSI,1.0,1,./TestDatasets/DifferentOverlapDegrees/Set4/TestData_R1_test.fastq,./TestDatasets/DifferentOverlapDegrees/Set4/TestData_R2_test.fastq
DI06,G08,TGATGGA,GACGACT,LGWS,1.0,1,./TestDatasets/DifferentOverlapDegrees/Set4/TestData_R1_test.fastq,./TestDatasets/DifferentOverlapDegrees/Set4/TestData_R2_test.fastq
DI06,G09,GGCAGTA,GTCACCT,FPER,1.0,1,./TestDatasets/DifferentOverlapDegrees/Set4/TestData_R1_test.fastq,./TestDatasets/DifferentOverlapDegrees/Set4/TestData_R2_test.fastq
DI06,G12,TAAGGCC,TAGACGT,MDIG,1.0,2,./TestDatasets/DifferentOverlapDegrees/Set4/TestData_R1_test.fastq,./TestDatasets/DifferentOverlapDegrees/Set4/TestData_R2_test.fastq
DI06,H01,AACCTGT,CGGACTT,KSPT,1.0,1,./TestDatasets/DifferentOverlapDegrees/Set4/TestData_R1_test.fastq,./TestDatasets/DifferentOverlapDegrees/Set4/TestData_R2_test.fastq
DI06,H05,CGATACC,ATCCTCG,YRMP,1.0,1,./TestDatasets/DifferentOverlapDegrees/Set4/TestData_R1_test.fastq,./TestDatasets/DifferentOverlapDegrees/Set4/TestData_R2_test.fastq
DI06,H06,TCGGCTA,CGAATAG,WRPP,1.0,1,./TestDatasets/DifferentOverlapDegrees/Set4/TestData_R1_test.fastq,./TestDatasets/DifferentOverlapDegrees/Set4/TestData_R2_test.fastq
DI06,H07,CGGTTGT,TATCCGG,VRIL,1.0,1,./TestDatasets/DifferentOverlapDegrees/Set4/TestData_R1_test.fastq,./TestDatasets/DifferentOverlapDegrees/Set4/TestData_R2_test.fastq
DI06,H08,ATTGCCT,AGCAAGA,PDDA,1.0,1,./TestDatasets/DifferentOverlapDegrees/Set4/TestData_R1_test.fastq,./TestDatasets/DifferentOverlapDegrees/Set4/TestData_R2_test.fastq
DI06,H11,GCAGTAA,GCAATCG,PGVC,1.0,5,./TestDatasets/DifferentOverlapDegrees/Set4/TestData_R1_test.fastq,./TestDatasets/DifferentOverlapDegrees/Set4/TestData_R2_test.fastq
DI06,H12,CCTAATC,TGAGTGG,*EGS,1.0,1,./TestDatasets/DifferentOverlapDegrees/Set4/TestData_R1_test.fastq,./TestDatasets/DifferentOverlapDegrees/Set4/TestData_R2_test.fastq
