Plate,Well,F-BC,R-BC,VariantCombo,AlignmentFrequency,WellSeqDepth,R1,R2,logseqdepth
DI04,A01,GATCATG,GTGTCTC,NIKT,1.0,2,./TestDatasets/DifferentOverlapDegrees/Set3/TestData_R1_test.fastq,./TestDatasets/DifferentOverlapDegrees/Set3/TestData_R2_test.fastq,0.6931471805599453
DI04,A02,TACATGG,ATTGAGG,SPST,1.0,3,./TestDatasets/DifferentOverlapDegrees/Set3/TestData_R1_test.fastq,./TestDatasets/DifferentOverlapDegrees/Set3/TestData_R2_test.fastq,1.0986122886681098
DI04,A04,TGGCTCA,CACTTGC,RAHV,1.0,1,./TestDatasets/DifferentOverlapDegrees/Set3/TestData_R1_test.fastq,./TestDatasets/DifferentOverlapDegrees/Set3/TestData_R2_test.fastq,0.0
DI04,A06,GAAGCGT,CGTAGCA,PGLR,1.0,4,./TestDatasets/DifferentOverlapDegrees/Set3/TestData_R1_test.fastq,./TestDatasets/DifferentOverlapDegrees/Set3/TestData_R2_test.fastq,1.3862943611198906
DI04,A07,TCTCCAT,AGGTTCC,TCIS,1.0,3,./TestDatasets/DifferentOverlapDegrees/Set3/TestData_R1_test.fastq,./TestDatasets/DifferentOverlapDegrees/Set3/TestData_R2_test.fastq,1.0986122886681098
DI04,A08,TTGAAGG,GTACACA,INVP,1.0,3,./TestDatasets/DifferentOverlapDegrees/Set3/TestData_R1_test.fastq,./TestDatasets/DifferentOverlapDegrees/Set3/TestData_R2_test.fastq,1.0986122886681098
DI04,A09,GAATGTC,GATAGGT,*D**,1.0,1,./TestDatasets/DifferentOverlapDegrees/Set3/TestData_R1_test.fastq,./TestDatasets/DifferentOverlapDegrees/Set3/TestData_R2_test.fastq,0.0
DI04,A11,GCGTTAT,TTCAGCC,IQ*G,1.0,7,./TestDatasets/DifferentOverlapDegrees/Set3/TestData_R1_test.fastq,./TestDatasets/DifferentOverlapDegrees/Set3/TestData_R2_test.fastq,1.9459101490553132
DI04,A12,TGCACCA,GGATTCA,ARHC,1.0,1,./TestDatasets/DifferentOverlapDegrees/Set3/TestData_R1_test.fastq,./TestDatasets/DifferentOverlapDegrees/Set3/TestData_R2_test.fastq,0.0
DI04,B01,TGCCTAT,TGAGCCT,IVCP,1.0,1,./TestDatasets/DifferentOverlapDegrees/Set3/TestData_R1_test.fastq,./TestDatasets/DifferentOverlapDegrees/Set3/TestData_R2_test.fastq,0.0
DI04,B03,TCCACTG,TCATTGC,LEHL,1.0,2,./TestDatasets/DifferentOverlapDegrees/Set3/TestData_R1_test.fastq,./TestDatasets/DifferentOverlapDegrees/Set3/TestData_R2_test.fastq,0.6931471805599453
DI04,B04,TTGTACC,AGCATCT,AVAG,1.0,7,./TestDatasets/DifferentOverlapDegrees/Set3/TestData_R1_test.fastq,./TestDatasets/DifferentOverlapDegrees/Set3/TestData_R2_test.fastq,1.9459101490553132
DI04,B07,CAGTGCA,AGACGTC,Y*EL,1.0,3,./TestDatasets/DifferentOverlapDegrees/Set3/TestData_R1_test.fastq,./TestDatasets/DifferentOverlapDegrees/Set3/TestData_R2_test.fastq,1.0986122886681098
DI04,B08,TGCTGTC,AGGTCAA,IKT*,1.0,4,./TestDatasets/DifferentOverlapDegrees/Set3/TestData_R1_test.fastq,./TestDatasets/DifferentOverlapDegrees/Set3/TestData_R2_test.fastq,1.3862943611198906
DI04,B09,CGCCATT,ATGCTAC,YGLE,1.0,1,./TestDatasets/DifferentOverlapDegrees/Set3/TestData_R1_test.fastq,./TestDatasets/DifferentOverlapDegrees/Set3/TestData_R2_test.fastq,0.0
DI04,B10,GCCATGA,CTCTGAT,AVVC,1.0,5,./TestDatasets/DifferentOverlapDegrees/Set3/TestData_R1_test.fastq,./TestDatasets/DifferentOverlapDegrees/Set3/TestData_R2_test.fastq,1.6094379124341003
DI04,B11,CACAACG,TCAAGTC,CASP,1.0,1,./TestDatasets/DifferentOverlapDegrees/Set3/TestData_R1_test.fastq,./TestDatasets/DifferentOverlapDegrees/Set3/TestData_R2_test.fastq,0.0
DI04,C01,TCGTGAA,ACAGTCT,LQLW,1.0,1,./TestDatasets/DifferentOverlapDegrees/Set3/TestData_R1_test.fastq,./TestDatasets/DifferentOverlapDegrees/Set3/TestData_R2_test.fastq,0.0
DI04,C02,TTATCGG,CAGATAC,HESA,1.0,4,./TestDatasets/DifferentOverlapDegrees/Set3/TestData_R1_test.fastq,./TestDatasets/DifferentOverlapDegrees/Set3/TestData_R2_test.fastq,1.3862943611198906
DI04,C03,AGACCAT,TACGTTC,ARA*,1.0,3,./TestDatasets/DifferentOverlapDegrees/Set3/TestData_R1_test.fastq,./TestDatasets/DifferentOverlapDegrees/Set3/TestData_R2_test.fastq,1.0986122886681098
DI04,C04,ACATGAG,ACGGTTC,ATRP,1.0,3,./TestDatasets/DifferentOverlapDegrees/Set3/TestData_R1_test.fastq,./TestDatasets/DifferentOverlapDegrees/Set3/TestData_R2_test.fastq,1.0986122886681098
DI04,C06,CACCTCA,TACGCAT,FARM,1.0,2,./TestDatasets/DifferentOverlapDegrees/Set3/TestData_R1_test.fastq,./TestDatasets/DifferentOverlapDegrees/Set3/TestData_R2_test.fastq,0.6931471805599453
DI04,C08,TGTTCTG,AACTGAC,TEPL,1.0,4,./TestDatasets/DifferentOverlapDegrees/Set3/TestData_R1_test.fastq,./TestDatasets/DifferentOverlapDegrees/Set3/TestData_R2_test.fastq,1.3862943611198906
DI04,C09,CTTACGT,ACTTGCA,SKMP,1.0,2,./TestDatasets/DifferentOverlapDegrees/Set3/TestData_R1_test.fastq,./TestDatasets/DifferentOverlapDegrees/Set3/TestData_R2_test.fastq,0.6931471805599453
DI04,C12,ACACTGA,ACTCAAC,VSCR,1.0,1,./TestDatasets/DifferentOverlapDegrees/Set3/TestData_R1_test.fastq,./TestDatasets/DifferentOverlapDegrees/Set3/TestData_R2_test.fastq,0.0
DI04,D01,ATCTGTG,GAACTGC,MRTS,1.0,2,./TestDatasets/DifferentOverlapDegrees/Set3/TestData_R1_test.fastq,./TestDatasets/DifferentOverlapDegrees/Set3/TestData_R2_test.fastq,0.6931471805599453
DI04,D02,AATGTGC,ACCAGGT,GGSF,1.0,1,./TestDatasets/DifferentOverlapDegrees/Set3/TestData_R1_test.fastq,./TestDatasets/DifferentOverlapDegrees/Set3/TestData_R2_test.fastq,0.0
DI04,D03,GAGTTGA,TCTAGAG,SRKR,1.0,1,./TestDatasets/DifferentOverlapDegrees/Set3/TestData_R1_test.fastq,./TestDatasets/DifferentOverlapDegrees/Set3/TestData_R2_test.fastq,0.0
DI04,D05,TGAAGCG,GTGGAAC,AHST,1.0,3,./TestDatasets/DifferentOverlapDegrees/Set3/TestData_R1_test.fastq,./TestDatasets/DifferentOverlapDegrees/Set3/TestData_R2_test.fastq,1.0986122886681098
DI04,D07,AGAGAAC,GGTCTGA,VTC*,1.0,2,./TestDatasets/DifferentOverlapDegrees/Set3/TestData_R1_test.fastq,./TestDatasets/DifferentOverlapDegrees/Set3/TestData_R2_test.fastq,0.6931471805599453
DI04,D08,CAGAGTG,GTGAGAT,LGGT,1.0,1,./TestDatasets/DifferentOverlapDegrees/Set3/TestData_R1_test.fastq,./TestDatasets/DifferentOverlapDegrees/Set3/TestData_R2_test.fastq,0.0
DI04,D09,TTCCGAA,TTGGCAG,VRIF,1.0,3,./TestDatasets/DifferentOverlapDegrees/Set3/TestData_R1_test.fastq,./TestDatasets/DifferentOverlapDegrees/Set3/TestData_R2_test.fastq,1.0986122886681098
DI04,D10,GTACGAC,ATGCCTG,PLAQ,1.0,2,./TestDatasets/DifferentOverlapDegrees/Set3/TestData_R1_test.fastq,./TestDatasets/DifferentOverlapDegrees/Set3/TestData_R2_test.fastq,0.6931471805599453
DI04,D11,ACTCTTG,TCCGAAG,V*YA,1.0,2,./TestDatasets/DifferentOverlapDegrees/Set3/TestData_R1_test.fastq,./TestDatasets/DifferentOverlapDegrees/Set3/TestData_R2_test.fastq,0.6931471805599453
DI04,D12,CCAACCA,GGCTTAC,SGGA,1.0,2,./TestDatasets/DifferentOverlapDegrees/Set3/TestData_R1_test.fastq,./TestDatasets/DifferentOverlapDegrees/Set3/TestData_R2_test.fastq,0.6931471805599453
DI04,E01,CTCTAGA,AGTTGGC,HSLG,1.0,2,./TestDatasets/DifferentOverlapDegrees/Set3/TestData_R1_test.fastq,./TestDatasets/DifferentOverlapDegrees/Set3/TestData_R2_test.fastq,0.6931471805599453
DI04,E02,AATCGGA,AACGATG,*GLQ,1.0,1,./TestDatasets/DifferentOverlapDegrees/Set3/TestData_R1_test.fastq,./TestDatasets/DifferentOverlapDegrees/Set3/TestData_R2_test.fastq,0.0
DI04,E03,CGTCCTA,ACTACCG,WDVG,1.0,1,./TestDatasets/DifferentOverlapDegrees/Set3/TestData_R1_test.fastq,./TestDatasets/DifferentOverlapDegrees/Set3/TestData_R2_test.fastq,0.0
DI04,E05,TCCAAGC,CCAGCTT,*SNK,1.0,2,./TestDatasets/DifferentOverlapDegrees/Set3/TestData_R1_test.fastq,./TestDatasets/DifferentOverlapDegrees/Set3/TestData_R2_test.fastq,0.6931471805599453
DI04,E06,GCACCTA,TTAGACG,KPHY,1.0,2,./TestDatasets/DifferentOverlapDegrees/Set3/TestData_R1_test.fastq,./TestDatasets/DifferentOverlapDegrees/Set3/TestData_R2_test.fastq,0.6931471805599453
DI04,E08,CAGGATT,GACGACT,RTHS,1.0,3,./TestDatasets/DifferentOverlapDegrees/Set3/TestData_R1_test.fastq,./TestDatasets/DifferentOverlapDegrees/Set3/TestData_R2_test.fastq,1.0986122886681098
DI04,E11,TGCTACT,GCTTCCT,SECV,1.0,1,./TestDatasets/DifferentOverlapDegrees/Set3/TestData_R1_test.fastq,./TestDatasets/DifferentOverlapDegrees/Set3/TestData_R2_test.fastq,0.0
DI04,F01,GCATGGT,CGGACTT,VSEG,1.0,2,./TestDatasets/DifferentOverlapDegrees/Set3/TestData_R1_test.fastq,./TestDatasets/DifferentOverlapDegrees/Set3/TestData_R2_test.fastq,0.6931471805599453
DI04,F02,GTCGTTA,ACCGGAA,LVQR,1.0,2,./TestDatasets/DifferentOverlapDegrees/Set3/TestData_R1_test.fastq,./TestDatasets/DifferentOverlapDegrees/Set3/TestData_R2_test.fastq,0.6931471805599453
DI04,F04,AGTGTAG,GTTATGG,RATK,1.0,2,./TestDatasets/DifferentOverlapDegrees/Set3/TestData_R1_test.fastq,./TestDatasets/DifferentOverlapDegrees/Set3/TestData_R2_test.fastq,0.6931471805599453
DI04,F05,CGAGCAA,ATCCTCG,EISL,1.0,3,./TestDatasets/DifferentOverlapDegrees/Set3/TestData_R1_test.fastq,./TestDatasets/DifferentOverlapDegrees/Set3/TestData_R2_test.fastq,1.0986122886681098
DI04,F06,CTACTCC,CGAATAG,DLGH,1.0,2,./TestDatasets/DifferentOverlapDegrees/Set3/TestData_R1_test.fastq,./TestDatasets/DifferentOverlapDegrees/Set3/TestData_R2_test.fastq,0.6931471805599453
DI04,F07,GATGCCA,TATCCGG,GSYK,1.0,2,./TestDatasets/DifferentOverlapDegrees/Set3/TestData_R1_test.fastq,./TestDatasets/DifferentOverlapDegrees/Set3/TestData_R2_test.fastq,0.6931471805599453
DI04,F08,GACCGAT,AGCAAGA,ATTY,1.0,2,./TestDatasets/DifferentOverlapDegrees/Set3/TestData_R1_test.fastq,./TestDatasets/DifferentOverlapDegrees/Set3/TestData_R2_test.fastq,0.6931471805599453
DI04,F09,ACGTTGG,TGTCGAC,TG**,1.0,2,./TestDatasets/DifferentOverlapDegrees/Set3/TestData_R1_test.fastq,./TestDatasets/DifferentOverlapDegrees/Set3/TestData_R2_test.fastq,0.6931471805599453
DI04,G01,ATGACGC,TAGGAGA,FQ*T,1.0,2,./TestDatasets/DifferentOverlapDegrees/Set3/TestData_R1_test.fastq,./TestDatasets/DifferentOverlapDegrees/Set3/TestData_R2_test.fastq,0.6931471805599453
DI04,G06,GAGAACA,TCTGTGA,PHDE,1.0,3,./TestDatasets/DifferentOverlapDegrees/Set3/TestData_R1_test.fastq,./TestDatasets/DifferentOverlapDegrees/Set3/TestData_R2_test.fastq,1.0986122886681098
DI04,G07,GTATAGC,TGTGGTA,QYLC,1.0,4,./TestDatasets/DifferentOverlapDegrees/Set3/TestData_R1_test.fastq,./TestDatasets/DifferentOverlapDegrees/Set3/TestData_R2_test.fastq,1.3862943611198906
DI04,G08,TGATGGA,GCGTATG,VDP*,1.0,4,./TestDatasets/DifferentOverlapDegrees/Set3/TestData_R1_test.fastq,./TestDatasets/DifferentOverlapDegrees/Set3/TestData_R2_test.fastq,1.3862943611198906
DI04,G10,GAAGAAG,TTCCTGC,IHKN,1.0,3,./TestDatasets/DifferentOverlapDegrees/Set3/TestData_R1_test.fastq,./TestDatasets/DifferentOverlapDegrees/Set3/TestData_R2_test.fastq,1.0986122886681098
DI04,G11,AGCGGTT,TATGTCG,RKGR,1.0,3,./TestDatasets/DifferentOverlapDegrees/Set3/TestData_R1_test.fastq,./TestDatasets/DifferentOverlapDegrees/Set3/TestData_R2_test.fastq,1.0986122886681098
DI04,H01,AACCTGT,CCTTAGG,ISDV,1.0,3,./TestDatasets/DifferentOverlapDegrees/Set3/TestData_R1_test.fastq,./TestDatasets/DifferentOverlapDegrees/Set3/TestData_R2_test.fastq,1.0986122886681098
DI04,H04,CTAGGTG,CTGATGA,MSFL,1.0,4,./TestDatasets/DifferentOverlapDegrees/Set3/TestData_R1_test.fastq,./TestDatasets/DifferentOverlapDegrees/Set3/TestData_R2_test.fastq,1.3862943611198906
DI04,H06,TCGGCTA,AGCTCGT,ATGF,1.0,4,./TestDatasets/DifferentOverlapDegrees/Set3/TestData_R1_test.fastq,./TestDatasets/DifferentOverlapDegrees/Set3/TestData_R2_test.fastq,1.3862943611198906
DI04,H07,CGGTTGT,GATTGCG,HMCV,1.0,1,./TestDatasets/DifferentOverlapDegrees/Set3/TestData_R1_test.fastq,./TestDatasets/DifferentOverlapDegrees/Set3/TestData_R2_test.fastq,0.0
DI04,H10,GCACAAT,AGAGCTG,AYDK,1.0,3,./TestDatasets/DifferentOverlapDegrees/Set3/TestData_R1_test.fastq,./TestDatasets/DifferentOverlapDegrees/Set3/TestData_R2_test.fastq,1.0986122886681098
DI04,H11,GCAGTAA,CCTCTGT,HDVT,1.0,4,./TestDatasets/DifferentOverlapDegrees/Set3/TestData_R1_test.fastq,./TestDatasets/DifferentOverlapDegrees/Set3/TestData_R2_test.fastq,1.3862943611198906
DI04,H12,CCTAATC,CCTCGAA,FFGG,1.0,2,./TestDatasets/DifferentOverlapDegrees/Set3/TestData_R1_test.fastq,./TestDatasets/DifferentOverlapDegrees/Set3/TestData_R2_test.fastq,0.6931471805599453
