Plate,Well,F-BC,R-BC,VariantCombo,AlignmentFrequency,WellSeqDepth,R1,R2,logseqdepth
DI07,A01,GATCATG,CGGACTT,LMYG,1.0,6,./TestDatasets/DifferentOverlapDegrees/Set1/TestData_R1_test.fastq,./TestDatasets/DifferentOverlapDegrees/Set1/TestData_R2_test.fastq,1.791759469228055
DI07,A02,TACATGG,ACCGGAA,GPIR,1.0,1,./TestDatasets/DifferentOverlapDegrees/Set1/TestData_R1_test.fastq,./TestDatasets/DifferentOverlapDegrees/Set1/TestData_R2_test.fastq,0.0
DI07,A03,AAGCACC,CCGAAGT,GSNT,1.0,12,./TestDatasets/DifferentOverlapDegrees/Set1/TestData_R1_test.fastq,./TestDatasets/DifferentOverlapDegrees/Set1/TestData_R2_test.fastq,2.4849066497880004
DI07,A04,TGGCTCA,GTTATGG,ALIP,1.0,6,./TestDatasets/DifferentOverlapDegrees/Set1/TestData_R1_test.fastq,./TestDatasets/DifferentOverlapDegrees/Set1/TestData_R2_test.fastq,1.791759469228055
DI07,A05,CTTGCTC,ATCCTCG,LARN,1.0,11,./TestDatasets/DifferentOverlapDegrees/Set1/TestData_R1_test.fastq,./TestDatasets/DifferentOverlapDegrees/Set1/TestData_R2_test.fastq,2.3978952727983707
DI07,A10,ATCTCCA,TTCCATG,LLAD,1.0,5,./TestDatasets/DifferentOverlapDegrees/Set1/TestData_R1_test.fastq,./TestDatasets/DifferentOverlapDegrees/Set1/TestData_R2_test.fastq,1.6094379124341003
DI07,A11,GCGTTAT,GCAATCG,RFA*,1.0,4,./TestDatasets/DifferentOverlapDegrees/Set1/TestData_R1_test.fastq,./TestDatasets/DifferentOverlapDegrees/Set1/TestData_R2_test.fastq,1.3862943611198906
DI07,B03,TCCACTG,GTGCTGT,IALD,1.0,10,./TestDatasets/DifferentOverlapDegrees/Set1/TestData_R1_test.fastq,./TestDatasets/DifferentOverlapDegrees/Set1/TestData_R2_test.fastq,2.302585092994046
DI07,B04,TTGTACC,CAACAAC,IVLT,1.0,7,./TestDatasets/DifferentOverlapDegrees/Set1/TestData_R1_test.fastq,./TestDatasets/DifferentOverlapDegrees/Set1/TestData_R2_test.fastq,1.9459101490553132
DI07,B06,CTTCAGC,TCTGTGA,FSSF,1.0,6,./TestDatasets/DifferentOverlapDegrees/Set1/TestData_R1_test.fastq,./TestDatasets/DifferentOverlapDegrees/Set1/TestData_R2_test.fastq,1.791759469228055
DI07,B07,CAGTGCA,TGTGGTA,RDGQ,1.0,9,./TestDatasets/DifferentOverlapDegrees/Set1/TestData_R1_test.fastq,./TestDatasets/DifferentOverlapDegrees/Set1/TestData_R2_test.fastq,2.1972245773362196
DI07,B08,TGCTGTC,GCGTATG,IIFD,1.0,3,./TestDatasets/DifferentOverlapDegrees/Set1/TestData_R1_test.fastq,./TestDatasets/DifferentOverlapDegrees/Set1/TestData_R2_test.fastq,1.0986122886681098
DI07,B09,CGCCATT,AGTTACG,HSNC,1.0,2,./TestDatasets/DifferentOverlapDegrees/Set1/TestData_R1_test.fastq,./TestDatasets/DifferentOverlapDegrees/Set1/TestData_R2_test.fastq,0.6931471805599453
DI07,B10,GCCATGA,TTCCTGC,LRAT,1.0,10,./TestDatasets/DifferentOverlapDegrees/Set1/TestData_R1_test.fastq,./TestDatasets/DifferentOverlapDegrees/Set1/TestData_R2_test.fastq,2.302585092994046
DI07,B11,CACAACG,TATGTCG,PGLS,1.0,1,./TestDatasets/DifferentOverlapDegrees/Set1/TestData_R1_test.fastq,./TestDatasets/DifferentOverlapDegrees/Set1/TestData_R2_test.fastq,0.0
DI07,C01,TCGTGAA,CCTTAGG,FWR*,1.0,1,./TestDatasets/DifferentOverlapDegrees/Set1/TestData_R1_test.fastq,./TestDatasets/DifferentOverlapDegrees/Set1/TestData_R2_test.fastq,0.0
DI07,C02,TTATCGG,TGTATCC,WCAI,1.0,5,./TestDatasets/DifferentOverlapDegrees/Set1/TestData_R1_test.fastq,./TestDatasets/DifferentOverlapDegrees/Set1/TestData_R2_test.fastq,1.6094379124341003
DI07,C03,AGACCAT,CAACCTG,LKTI,1.0,10,./TestDatasets/DifferentOverlapDegrees/Set1/TestData_R1_test.fastq,./TestDatasets/DifferentOverlapDegrees/Set1/TestData_R2_test.fastq,2.302585092994046
DI07,C06,CACCTCA,AGCTCGT,IFRT,1.0,2,./TestDatasets/DifferentOverlapDegrees/Set1/TestData_R1_test.fastq,./TestDatasets/DifferentOverlapDegrees/Set1/TestData_R2_test.fastq,0.6931471805599453
DI07,C08,TGTTCTG,TCCTTCA,SGTT,1.0,10,./TestDatasets/DifferentOverlapDegrees/Set1/TestData_R1_test.fastq,./TestDatasets/DifferentOverlapDegrees/Set1/TestData_R2_test.fastq,2.302585092994046
DI07,C09,CTTACGT,TCACAGG,DP*G,1.0,4,./TestDatasets/DifferentOverlapDegrees/Set1/TestData_R1_test.fastq,./TestDatasets/DifferentOverlapDegrees/Set1/TestData_R2_test.fastq,1.3862943611198906
DI07,C11,ATGGACA,CCTCTGT,DNCV,1.0,8,./TestDatasets/DifferentOverlapDegrees/Set1/TestData_R1_test.fastq,./TestDatasets/DifferentOverlapDegrees/Set1/TestData_R2_test.fastq,2.0794415416798357
DI07,C12,ACACTGA,CCTCGAA,RAE*,1.0,2,./TestDatasets/DifferentOverlapDegrees/Set1/TestData_R1_test.fastq,./TestDatasets/DifferentOverlapDegrees/Set1/TestData_R2_test.fastq,0.6931471805599453
DI07,D01,ATCTGTG,GTGTCTC,TAGF,1.0,1,./TestDatasets/DifferentOverlapDegrees/Set1/TestData_R1_test.fastq,./TestDatasets/DifferentOverlapDegrees/Set1/TestData_R2_test.fastq,0.0
DI07,D03,GAGTTGA,GACAATC,RIG*,1.0,12,./TestDatasets/DifferentOverlapDegrees/Set1/TestData_R1_test.fastq,./TestDatasets/DifferentOverlapDegrees/Set1/TestData_R2_test.fastq,2.4849066497880004
DI07,D04,TTCTCAC,CACTTGC,TAAL,1.0,6,./TestDatasets/DifferentOverlapDegrees/Set1/TestData_R1_test.fastq,./TestDatasets/DifferentOverlapDegrees/Set1/TestData_R2_test.fastq,1.791759469228055
DI07,D07,AGAGAAC,AGGTTCC,GCST,1.0,7,./TestDatasets/DifferentOverlapDegrees/Set1/TestData_R1_test.fastq,./TestDatasets/DifferentOverlapDegrees/Set1/TestData_R2_test.fastq,1.9459101490553132
DI07,D08,CAGAGTG,GTACACA,ARSR,1.0,3,./TestDatasets/DifferentOverlapDegrees/Set1/TestData_R1_test.fastq,./TestDatasets/DifferentOverlapDegrees/Set1/TestData_R2_test.fastq,1.0986122886681098
DI07,D09,TTCCGAA,GATAGGT,YCDC,1.0,9,./TestDatasets/DifferentOverlapDegrees/Set1/TestData_R1_test.fastq,./TestDatasets/DifferentOverlapDegrees/Set1/TestData_R2_test.fastq,2.1972245773362196
DI07,D10,GTACGAC,TAGCCTC,GMNI,1.0,2,./TestDatasets/DifferentOverlapDegrees/Set1/TestData_R1_test.fastq,./TestDatasets/DifferentOverlapDegrees/Set1/TestData_R2_test.fastq,0.6931471805599453
DI07,D12,CCAACCA,GGATTCA,FPGQ,1.0,7,./TestDatasets/DifferentOverlapDegrees/Set1/TestData_R1_test.fastq,./TestDatasets/DifferentOverlapDegrees/Set1/TestData_R2_test.fastq,1.9459101490553132
DI07,E01,CTCTAGA,TGAGCCT,NTLI,1.0,2,./TestDatasets/DifferentOverlapDegrees/Set1/TestData_R1_test.fastq,./TestDatasets/DifferentOverlapDegrees/Set1/TestData_R2_test.fastq,0.6931471805599453
DI07,E02,AATCGGA,AACGCGA,PGAY,1.0,2,./TestDatasets/DifferentOverlapDegrees/Set1/TestData_R1_test.fastq,./TestDatasets/DifferentOverlapDegrees/Set1/TestData_R2_test.fastq,0.6931471805599453
DI07,E03,CGTCCTA,TCATTGC,FKDT,1.0,10,./TestDatasets/DifferentOverlapDegrees/Set1/TestData_R1_test.fastq,./TestDatasets/DifferentOverlapDegrees/Set1/TestData_R2_test.fastq,2.302585092994046
DI07,E06,GCACCTA,CAAGGAT,SMLR,1.0,9,./TestDatasets/DifferentOverlapDegrees/Set1/TestData_R1_test.fastq,./TestDatasets/DifferentOverlapDegrees/Set1/TestData_R2_test.fastq,2.1972245773362196
DI07,E07,TTGCGTT,AGACGTC,SRLR,1.0,1,./TestDatasets/DifferentOverlapDegrees/Set1/TestData_R1_test.fastq,./TestDatasets/DifferentOverlapDegrees/Set1/TestData_R2_test.fastq,0.0
DI07,E08,CAGGATT,AGGTCAA,EKSL,1.0,12,./TestDatasets/DifferentOverlapDegrees/Set1/TestData_R1_test.fastq,./TestDatasets/DifferentOverlapDegrees/Set1/TestData_R2_test.fastq,2.4849066497880004
DI07,E10,CGTTGAG,CTCTGAT,EDLN,1.0,1,./TestDatasets/DifferentOverlapDegrees/Set1/TestData_R1_test.fastq,./TestDatasets/DifferentOverlapDegrees/Set1/TestData_R2_test.fastq,0.0
DI07,E11,TGCTACT,TCAAGTC,YGPR,1.0,1,./TestDatasets/DifferentOverlapDegrees/Set1/TestData_R1_test.fastq,./TestDatasets/DifferentOverlapDegrees/Set1/TestData_R2_test.fastq,0.0
DI07,E12,GTGATCC,TCGAGCT,LWAY,1.0,9,./TestDatasets/DifferentOverlapDegrees/Set1/TestData_R1_test.fastq,./TestDatasets/DifferentOverlapDegrees/Set1/TestData_R2_test.fastq,2.1972245773362196
DI07,F01,GCATGGT,ACAGTCT,LYGR,1.0,8,./TestDatasets/DifferentOverlapDegrees/Set1/TestData_R1_test.fastq,./TestDatasets/DifferentOverlapDegrees/Set1/TestData_R2_test.fastq,2.0794415416798357
DI07,F02,GTCGTTA,CAGATAC,SEQT,1.0,6,./TestDatasets/DifferentOverlapDegrees/Set1/TestData_R1_test.fastq,./TestDatasets/DifferentOverlapDegrees/Set1/TestData_R2_test.fastq,1.791759469228055
DI07,F03,CCTGACA,TACGTTC,IKSI,1.0,8,./TestDatasets/DifferentOverlapDegrees/Set1/TestData_R1_test.fastq,./TestDatasets/DifferentOverlapDegrees/Set1/TestData_R2_test.fastq,2.0794415416798357
DI07,F04,AGTGTAG,ACGGTTC,RDVW,1.0,11,./TestDatasets/DifferentOverlapDegrees/Set1/TestData_R1_test.fastq,./TestDatasets/DifferentOverlapDegrees/Set1/TestData_R2_test.fastq,2.3978952727983707
DI07,F05,CGAGCAA,CATCGTC,HVQF,1.0,6,./TestDatasets/DifferentOverlapDegrees/Set1/TestData_R1_test.fastq,./TestDatasets/DifferentOverlapDegrees/Set1/TestData_R2_test.fastq,1.791759469228055
DI07,F06,CTACTCC,TACGCAT,DRRG,1.0,1,./TestDatasets/DifferentOverlapDegrees/Set1/TestData_R1_test.fastq,./TestDatasets/DifferentOverlapDegrees/Set1/TestData_R2_test.fastq,0.0
DI07,F07,GATGCCA,CTTAGAC,VTKF,1.0,3,./TestDatasets/DifferentOverlapDegrees/Set1/TestData_R1_test.fastq,./TestDatasets/DifferentOverlapDegrees/Set1/TestData_R2_test.fastq,1.0986122886681098
DI07,F09,ACGTTGG,ACTTGCA,TSTR,1.0,10,./TestDatasets/DifferentOverlapDegrees/Set1/TestData_R1_test.fastq,./TestDatasets/DifferentOverlapDegrees/Set1/TestData_R2_test.fastq,2.302585092994046
DI07,F10,ATGAGCG,ACGCGAT,IRGL,1.0,5,./TestDatasets/DifferentOverlapDegrees/Set1/TestData_R1_test.fastq,./TestDatasets/DifferentOverlapDegrees/Set1/TestData_R2_test.fastq,1.6094379124341003
DI07,F11,TACTCCG,TCGACAC,KLPA,1.0,9,./TestDatasets/DifferentOverlapDegrees/Set1/TestData_R1_test.fastq,./TestDatasets/DifferentOverlapDegrees/Set1/TestData_R2_test.fastq,2.1972245773362196
DI07,G02,GGTTGTT,ACCAGGT,C*VL,1.0,12,./TestDatasets/DifferentOverlapDegrees/Set1/TestData_R1_test.fastq,./TestDatasets/DifferentOverlapDegrees/Set1/TestData_R2_test.fastq,2.4849066497880004
DI07,G03,GTACTTG,TCTAGAG,QCGY,1.0,7,./TestDatasets/DifferentOverlapDegrees/Set1/TestData_R1_test.fastq,./TestDatasets/DifferentOverlapDegrees/Set1/TestData_R2_test.fastq,1.9459101490553132
DI07,G04,TAGCAAG,CACACAA,VTHR,1.0,7,./TestDatasets/DifferentOverlapDegrees/Set1/TestData_R1_test.fastq,./TestDatasets/DifferentOverlapDegrees/Set1/TestData_R2_test.fastq,1.9459101490553132
DI07,G05,CTGCCAT,GTGGAAC,LPVL,1.0,9,./TestDatasets/DifferentOverlapDegrees/Set1/TestData_R1_test.fastq,./TestDatasets/DifferentOverlapDegrees/Set1/TestData_R2_test.fastq,2.1972245773362196
DI07,G06,GAGAACA,ATATGCC,YDKD,1.0,4,./TestDatasets/DifferentOverlapDegrees/Set1/TestData_R1_test.fastq,./TestDatasets/DifferentOverlapDegrees/Set1/TestData_R2_test.fastq,1.3862943611198906
DI07,G07,GTATAGC,GGTCTGA,SGLK,1.0,15,./TestDatasets/DifferentOverlapDegrees/Set1/TestData_R1_test.fastq,./TestDatasets/DifferentOverlapDegrees/Set1/TestData_R2_test.fastq,2.70805020110221
DI07,G09,GGCAGTA,TTGGCAG,PRPN,1.0,5,./TestDatasets/DifferentOverlapDegrees/Set1/TestData_R1_test.fastq,./TestDatasets/DifferentOverlapDegrees/Set1/TestData_R2_test.fastq,1.6094379124341003
DI07,G11,AGCGGTT,TCCGAAG,*LFL,1.0,9,./TestDatasets/DifferentOverlapDegrees/Set1/TestData_R1_test.fastq,./TestDatasets/DifferentOverlapDegrees/Set1/TestData_R2_test.fastq,2.1972245773362196
DI07,G12,TAAGGCC,GGCTTAC,*MQN,1.0,6,./TestDatasets/DifferentOverlapDegrees/Set1/TestData_R1_test.fastq,./TestDatasets/DifferentOverlapDegrees/Set1/TestData_R2_test.fastq,1.791759469228055
DI07,H01,AACCTGT,AGTTGGC,CIPL,1.0,4,./TestDatasets/DifferentOverlapDegrees/Set1/TestData_R1_test.fastq,./TestDatasets/DifferentOverlapDegrees/Set1/TestData_R2_test.fastq,1.3862943611198906
DI07,H02,AGTACAC,AACGATG,RLRA,1.0,5,./TestDatasets/DifferentOverlapDegrees/Set1/TestData_R1_test.fastq,./TestDatasets/DifferentOverlapDegrees/Set1/TestData_R2_test.fastq,1.6094379124341003
DI07,H04,CTAGGTG,GGTGTCT,NLSI,1.0,3,./TestDatasets/DifferentOverlapDegrees/Set1/TestData_R1_test.fastq,./TestDatasets/DifferentOverlapDegrees/Set1/TestData_R2_test.fastq,1.0986122886681098
DI07,H05,CGATACC,CCAGCTT,GEFN,1.0,2,./TestDatasets/DifferentOverlapDegrees/Set1/TestData_R1_test.fastq,./TestDatasets/DifferentOverlapDegrees/Set1/TestData_R2_test.fastq,0.6931471805599453
DI07,H06,TCGGCTA,TTAGACG,SFNM,1.0,11,./TestDatasets/DifferentOverlapDegrees/Set1/TestData_R1_test.fastq,./TestDatasets/DifferentOverlapDegrees/Set1/TestData_R2_test.fastq,2.3978952727983707
DI07,H07,CGGTTGT,ACCATAC,WTLR,1.0,3,./TestDatasets/DifferentOverlapDegrees/Set1/TestData_R1_test.fastq,./TestDatasets/DifferentOverlapDegrees/Set1/TestData_R2_test.fastq,1.0986122886681098
DI07,H08,ATTGCCT,GACGACT,LVSY,1.0,1,./TestDatasets/DifferentOverlapDegrees/Set1/TestData_R1_test.fastq,./TestDatasets/DifferentOverlapDegrees/Set1/TestData_R2_test.fastq,0.0
DI07,H09,CATTCGA,GTCACCT,RKIW,1.0,3,./TestDatasets/DifferentOverlapDegrees/Set1/TestData_R1_test.fastq,./TestDatasets/DifferentOverlapDegrees/Set1/TestData_R2_test.fastq,1.0986122886681098
DI07,H10,GCACAAT,CGTGATG,KDQH,1.0,10,./TestDatasets/DifferentOverlapDegrees/Set1/TestData_R1_test.fastq,./TestDatasets/DifferentOverlapDegrees/Set1/TestData_R2_test.fastq,2.302585092994046
DI07,H12,CCTAATC,TAGACGT,FQTT,1.0,9,./TestDatasets/DifferentOverlapDegrees/Set1/TestData_R1_test.fastq,./TestDatasets/DifferentOverlapDegrees/Set1/TestData_R2_test.fastq,2.1972245773362196
