Plate,Well,F-BC,R-BC,VariantCombo,AlignmentFrequency,WellSeqDepth,R1,R2
DI04,A01,GATCATG,GTGTCTC,YIRG,1.0,10,./TestDatasets/DifferentOverlapDegrees/Set1/TestData_R1_test.fastq,./TestDatasets/DifferentOverlapDegrees/Set1/TestData_R2_test.fastq
DI04,A02,TACATGG,ATTGAGG,LTAG,1.0,1,./TestDatasets/DifferentOverlapDegrees/Set1/TestData_R1_test.fastq,./TestDatasets/DifferentOverlapDegrees/Set1/TestData_R2_test.fastq
DI04,A03,AAGCACC,GACAATC,KADT,1.0,1,./TestDatasets/DifferentOverlapDegrees/Set1/TestData_R1_test.fastq,./TestDatasets/DifferentOverlapDegrees/Set1/TestData_R2_test.fastq
DI04,A04,TGGCTCA,CACTTGC,DTLG,1.0,4,./TestDatasets/DifferentOverlapDegrees/Set1/TestData_R1_test.fastq,./TestDatasets/DifferentOverlapDegrees/Set1/TestData_R2_test.fastq
DI04,A05,CTTGCTC,TGAACGC,SQAL,1.0,11,./TestDatasets/DifferentOverlapDegrees/Set1/TestData_R1_test.fastq,./TestDatasets/DifferentOverlapDegrees/Set1/TestData_R2_test.fastq
DI04,A07,TCTCCAT,AGGTTCC,*ERS,1.0,11,./TestDatasets/DifferentOverlapDegrees/Set1/TestData_R1_test.fastq,./TestDatasets/DifferentOverlapDegrees/Set1/TestData_R2_test.fastq
DI04,A08,TTGAAGG,GTACACA,RSPD,1.0,4,./TestDatasets/DifferentOverlapDegrees/Set1/TestData_R1_test.fastq,./TestDatasets/DifferentOverlapDegrees/Set1/TestData_R2_test.fastq
DI04,A09,GAATGTC,GATAGGT,RIHD,1.0,5,./TestDatasets/DifferentOverlapDegrees/Set1/TestData_R1_test.fastq,./TestDatasets/DifferentOverlapDegrees/Set1/TestData_R2_test.fastq
DI04,A10,ATCTCCA,TAGCCTC,RRVR,1.0,3,./TestDatasets/DifferentOverlapDegrees/Set1/TestData_R1_test.fastq,./TestDatasets/DifferentOverlapDegrees/Set1/TestData_R2_test.fastq
DI04,A11,GCGTTAT,TTCAGCC,FSCG,1.0,8,./TestDatasets/DifferentOverlapDegrees/Set1/TestData_R1_test.fastq,./TestDatasets/DifferentOverlapDegrees/Set1/TestData_R2_test.fastq
DI04,A12,TGCACCA,GGATTCA,GSEC,1.0,6,./TestDatasets/DifferentOverlapDegrees/Set1/TestData_R1_test.fastq,./TestDatasets/DifferentOverlapDegrees/Set1/TestData_R2_test.fastq
DI04,B01,TGCCTAT,TGAGCCT,RSVF,1.0,6,./TestDatasets/DifferentOverlapDegrees/Set1/TestData_R1_test.fastq,./TestDatasets/DifferentOverlapDegrees/Set1/TestData_R2_test.fastq
DI04,B02,AGGAATC,AACGCGA,IPNG,1.0,2,./TestDatasets/DifferentOverlapDegrees/Set1/TestData_R1_test.fastq,./TestDatasets/DifferentOverlapDegrees/Set1/TestData_R2_test.fastq
DI04,B04,TTGTACC,AGCATCT,ATQQ,1.0,8,./TestDatasets/DifferentOverlapDegrees/Set1/TestData_R1_test.fastq,./TestDatasets/DifferentOverlapDegrees/Set1/TestData_R2_test.fastq
DI04,B05,TTCGAGT,TTGGTCT,VVCV,1.0,5,./TestDatasets/DifferentOverlapDegrees/Set1/TestData_R1_test.fastq,./TestDatasets/DifferentOverlapDegrees/Set1/TestData_R2_test.fastq
DI04,B06,CTTCAGC,CAAGGAT,LYT*,1.0,5,./TestDatasets/DifferentOverlapDegrees/Set1/TestData_R1_test.fastq,./TestDatasets/DifferentOverlapDegrees/Set1/TestData_R2_test.fastq
DI04,B07,CAGTGCA,AGACGTC,VKYV,1.0,4,./TestDatasets/DifferentOverlapDegrees/Set1/TestData_R1_test.fastq,./TestDatasets/DifferentOverlapDegrees/Set1/TestData_R2_test.fastq
DI04,B08,TGCTGTC,AGGTCAA,LPGR,1.0,7,./TestDatasets/DifferentOverlapDegrees/Set1/TestData_R1_test.fastq,./TestDatasets/DifferentOverlapDegrees/Set1/TestData_R2_test.fastq
DI04,B10,GCCATGA,CTCTGAT,VLPR,1.0,5,./TestDatasets/DifferentOverlapDegrees/Set1/TestData_R1_test.fastq,./TestDatasets/DifferentOverlapDegrees/Set1/TestData_R2_test.fastq
DI04,B11,CACAACG,TCAAGTC,PSIA,1.0,12,./TestDatasets/DifferentOverlapDegrees/Set1/TestData_R1_test.fastq,./TestDatasets/DifferentOverlapDegrees/Set1/TestData_R2_test.fastq
DI04,B12,CTTCGCT,TCGAGCT,SFPV,1.0,4,./TestDatasets/DifferentOverlapDegrees/Set1/TestData_R1_test.fastq,./TestDatasets/DifferentOverlapDegrees/Set1/TestData_R2_test.fastq
DI04,C01,TCGTGAA,ACAGTCT,INPP,1.0,13,./TestDatasets/DifferentOverlapDegrees/Set1/TestData_R1_test.fastq,./TestDatasets/DifferentOverlapDegrees/Set1/TestData_R2_test.fastq
DI04,C02,TTATCGG,CAGATAC,TASC,1.0,8,./TestDatasets/DifferentOverlapDegrees/Set1/TestData_R1_test.fastq,./TestDatasets/DifferentOverlapDegrees/Set1/TestData_R2_test.fastq
DI04,C03,AGACCAT,TACGTTC,DARK,1.0,2,./TestDatasets/DifferentOverlapDegrees/Set1/TestData_R1_test.fastq,./TestDatasets/DifferentOverlapDegrees/Set1/TestData_R2_test.fastq
DI04,C04,ACATGAG,ACGGTTC,RFTQ,1.0,1,./TestDatasets/DifferentOverlapDegrees/Set1/TestData_R1_test.fastq,./TestDatasets/DifferentOverlapDegrees/Set1/TestData_R2_test.fastq
DI04,C05,ACGTACT,CATCGTC,SVNE,1.0,3,./TestDatasets/DifferentOverlapDegrees/Set1/TestData_R1_test.fastq,./TestDatasets/DifferentOverlapDegrees/Set1/TestData_R2_test.fastq
DI04,C06,CACCTCA,TACGCAT,YSLT,1.0,8,./TestDatasets/DifferentOverlapDegrees/Set1/TestData_R1_test.fastq,./TestDatasets/DifferentOverlapDegrees/Set1/TestData_R2_test.fastq
DI04,C07,GTTGGAG,CTTAGAC,T*DR,1.0,3,./TestDatasets/DifferentOverlapDegrees/Set1/TestData_R1_test.fastq,./TestDatasets/DifferentOverlapDegrees/Set1/TestData_R2_test.fastq
DI04,C08,TGTTCTG,AACTGAC,RAIL,1.0,4,./TestDatasets/DifferentOverlapDegrees/Set1/TestData_R1_test.fastq,./TestDatasets/DifferentOverlapDegrees/Set1/TestData_R2_test.fastq
DI04,C09,CTTACGT,ACTTGCA,APRL,1.0,12,./TestDatasets/DifferentOverlapDegrees/Set1/TestData_R1_test.fastq,./TestDatasets/DifferentOverlapDegrees/Set1/TestData_R2_test.fastq
DI04,C10,GAGGTTG,ACGCGAT,PRIW,1.0,5,./TestDatasets/DifferentOverlapDegrees/Set1/TestData_R1_test.fastq,./TestDatasets/DifferentOverlapDegrees/Set1/TestData_R2_test.fastq
DI04,C11,ATGGACA,TCGACAC,TLVN,1.0,7,./TestDatasets/DifferentOverlapDegrees/Set1/TestData_R1_test.fastq,./TestDatasets/DifferentOverlapDegrees/Set1/TestData_R2_test.fastq
DI04,C12,ACACTGA,ACTCAAC,WKH*,1.0,5,./TestDatasets/DifferentOverlapDegrees/Set1/TestData_R1_test.fastq,./TestDatasets/DifferentOverlapDegrees/Set1/TestData_R2_test.fastq
DI04,D01,ATCTGTG,GAACTGC,MLAR,1.0,9,./TestDatasets/DifferentOverlapDegrees/Set1/TestData_R1_test.fastq,./TestDatasets/DifferentOverlapDegrees/Set1/TestData_R2_test.fastq
DI04,D02,AATGTGC,ACCAGGT,VDYV,1.0,5,./TestDatasets/DifferentOverlapDegrees/Set1/TestData_R1_test.fastq,./TestDatasets/DifferentOverlapDegrees/Set1/TestData_R2_test.fastq
DI04,D03,GAGTTGA,TCTAGAG,IQPT,1.0,1,./TestDatasets/DifferentOverlapDegrees/Set1/TestData_R1_test.fastq,./TestDatasets/DifferentOverlapDegrees/Set1/TestData_R2_test.fastq
DI04,D04,TTCTCAC,CACACAA,TSAP,1.0,9,./TestDatasets/DifferentOverlapDegrees/Set1/TestData_R1_test.fastq,./TestDatasets/DifferentOverlapDegrees/Set1/TestData_R2_test.fastq
DI04,D05,TGAAGCG,GTGGAAC,KSWD,1.0,5,./TestDatasets/DifferentOverlapDegrees/Set1/TestData_R1_test.fastq,./TestDatasets/DifferentOverlapDegrees/Set1/TestData_R2_test.fastq
DI04,D06,GCTACAA,ATATGCC,TESK,1.0,4,./TestDatasets/DifferentOverlapDegrees/Set1/TestData_R1_test.fastq,./TestDatasets/DifferentOverlapDegrees/Set1/TestData_R2_test.fastq
DI04,D07,AGAGAAC,GGTCTGA,G*SF,1.0,3,./TestDatasets/DifferentOverlapDegrees/Set1/TestData_R1_test.fastq,./TestDatasets/DifferentOverlapDegrees/Set1/TestData_R2_test.fastq
DI04,D09,TTCCGAA,TTGGCAG,TGSL,1.0,10,./TestDatasets/DifferentOverlapDegrees/Set1/TestData_R1_test.fastq,./TestDatasets/DifferentOverlapDegrees/Set1/TestData_R2_test.fastq
DI04,D11,ACTCTTG,TCCGAAG,TVAH,1.0,8,./TestDatasets/DifferentOverlapDegrees/Set1/TestData_R1_test.fastq,./TestDatasets/DifferentOverlapDegrees/Set1/TestData_R2_test.fastq
DI04,D12,CCAACCA,GGCTTAC,C*SF,1.0,4,./TestDatasets/DifferentOverlapDegrees/Set1/TestData_R1_test.fastq,./TestDatasets/DifferentOverlapDegrees/Set1/TestData_R2_test.fastq
DI04,E02,AATCGGA,AACGATG,NVLV,1.0,4,./TestDatasets/DifferentOverlapDegrees/Set1/TestData_R1_test.fastq,./TestDatasets/DifferentOverlapDegrees/Set1/TestData_R2_test.fastq
DI04,E03,CGTCCTA,ACTACCG,PGV*,1.0,3,./TestDatasets/DifferentOverlapDegrees/Set1/TestData_R1_test.fastq,./TestDatasets/DifferentOverlapDegrees/Set1/TestData_R2_test.fastq
DI04,E04,GGAATGT,GGTGTCT,QFTP,1.0,4,./TestDatasets/DifferentOverlapDegrees/Set1/TestData_R1_test.fastq,./TestDatasets/DifferentOverlapDegrees/Set1/TestData_R2_test.fastq
DI04,E05,TCCAAGC,CCAGCTT,*VDL,1.0,9,./TestDatasets/DifferentOverlapDegrees/Set1/TestData_R1_test.fastq,./TestDatasets/DifferentOverlapDegrees/Set1/TestData_R2_test.fastq
DI04,E06,GCACCTA,TTAGACG,KLLT,1.0,1,./TestDatasets/DifferentOverlapDegrees/Set1/TestData_R1_test.fastq,./TestDatasets/DifferentOverlapDegrees/Set1/TestData_R2_test.fastq
DI04,E07,TTGCGTT,ACCATAC,KVAI,1.0,5,./TestDatasets/DifferentOverlapDegrees/Set1/TestData_R1_test.fastq,./TestDatasets/DifferentOverlapDegrees/Set1/TestData_R2_test.fastq
DI04,E09,CTGCATA,GTCACCT,LPRL,1.0,6,./TestDatasets/DifferentOverlapDegrees/Set1/TestData_R1_test.fastq,./TestDatasets/DifferentOverlapDegrees/Set1/TestData_R2_test.fastq
DI04,E10,CGTTGAG,CGTGATG,EVCA,1.0,9,./TestDatasets/DifferentOverlapDegrees/Set1/TestData_R1_test.fastq,./TestDatasets/DifferentOverlapDegrees/Set1/TestData_R2_test.fastq
DI04,E11,TGCTACT,GCTTCCT,KRGR,1.0,11,./TestDatasets/DifferentOverlapDegrees/Set1/TestData_R1_test.fastq,./TestDatasets/DifferentOverlapDegrees/Set1/TestData_R2_test.fastq
DI04,E12,GTGATCC,TAGACGT,ALIY,1.0,1,./TestDatasets/DifferentOverlapDegrees/Set1/TestData_R1_test.fastq,./TestDatasets/DifferentOverlapDegrees/Set1/TestData_R2_test.fastq
DI04,F01,GCATGGT,CGGACTT,GKRL,1.0,2,./TestDatasets/DifferentOverlapDegrees/Set1/TestData_R1_test.fastq,./TestDatasets/DifferentOverlapDegrees/Set1/TestData_R2_test.fastq
DI04,F02,GTCGTTA,ACCGGAA,YPRK,1.0,8,./TestDatasets/DifferentOverlapDegrees/Set1/TestData_R1_test.fastq,./TestDatasets/DifferentOverlapDegrees/Set1/TestData_R2_test.fastq
DI04,F03,CCTGACA,CCGAAGT,ATKH,1.0,1,./TestDatasets/DifferentOverlapDegrees/Set1/TestData_R1_test.fastq,./TestDatasets/DifferentOverlapDegrees/Set1/TestData_R2_test.fastq
DI04,F04,AGTGTAG,GTTATGG,GSAE,1.0,2,./TestDatasets/DifferentOverlapDegrees/Set1/TestData_R1_test.fastq,./TestDatasets/DifferentOverlapDegrees/Set1/TestData_R2_test.fastq
DI04,F05,CGAGCAA,ATCCTCG,TLGR,1.0,2,./TestDatasets/DifferentOverlapDegrees/Set1/TestData_R1_test.fastq,./TestDatasets/DifferentOverlapDegrees/Set1/TestData_R2_test.fastq
DI04,F06,CTACTCC,CGAATAG,IASK,1.0,5,./TestDatasets/DifferentOverlapDegrees/Set1/TestData_R1_test.fastq,./TestDatasets/DifferentOverlapDegrees/Set1/TestData_R2_test.fastq
DI04,F07,GATGCCA,TATCCGG,DLLR,1.0,4,./TestDatasets/DifferentOverlapDegrees/Set1/TestData_R1_test.fastq,./TestDatasets/DifferentOverlapDegrees/Set1/TestData_R2_test.fastq
DI04,F08,GACCGAT,AGCAAGA,MIGC,1.0,1,./TestDatasets/DifferentOverlapDegrees/Set1/TestData_R1_test.fastq,./TestDatasets/DifferentOverlapDegrees/Set1/TestData_R2_test.fastq
DI04,F10,ATGAGCG,TTCCATG,FAPP,1.0,1,./TestDatasets/DifferentOverlapDegrees/Set1/TestData_R1_test.fastq,./TestDatasets/DifferentOverlapDegrees/Set1/TestData_R2_test.fastq
DI04,F12,GATTCAC,TGAGTGG,LRIM,1.0,8,./TestDatasets/DifferentOverlapDegrees/Set1/TestData_R1_test.fastq,./TestDatasets/DifferentOverlapDegrees/Set1/TestData_R2_test.fastq
DI04,G01,ATGACGC,TAGGAGA,QSLM,1.0,4,./TestDatasets/DifferentOverlapDegrees/Set1/TestData_R1_test.fastq,./TestDatasets/DifferentOverlapDegrees/Set1/TestData_R2_test.fastq
DI04,G02,GGTTGTT,AGTCAGT,SVAN,1.0,3,./TestDatasets/DifferentOverlapDegrees/Set1/TestData_R1_test.fastq,./TestDatasets/DifferentOverlapDegrees/Set1/TestData_R2_test.fastq
DI04,G03,GTACTTG,GTGCTGT,KESG,1.0,5,./TestDatasets/DifferentOverlapDegrees/Set1/TestData_R1_test.fastq,./TestDatasets/DifferentOverlapDegrees/Set1/TestData_R2_test.fastq
DI04,G04,TAGCAAG,CAACAAC,AKIW,1.0,10,./TestDatasets/DifferentOverlapDegrees/Set1/TestData_R1_test.fastq,./TestDatasets/DifferentOverlapDegrees/Set1/TestData_R2_test.fastq
DI04,G05,CTGCCAT,AATAGCC,GYTL,1.0,3,./TestDatasets/DifferentOverlapDegrees/Set1/TestData_R1_test.fastq,./TestDatasets/DifferentOverlapDegrees/Set1/TestData_R2_test.fastq
DI04,G06,GAGAACA,TCTGTGA,NIRT,1.0,5,./TestDatasets/DifferentOverlapDegrees/Set1/TestData_R1_test.fastq,./TestDatasets/DifferentOverlapDegrees/Set1/TestData_R2_test.fastq
DI04,G07,GTATAGC,TGTGGTA,*TVA,1.0,3,./TestDatasets/DifferentOverlapDegrees/Set1/TestData_R1_test.fastq,./TestDatasets/DifferentOverlapDegrees/Set1/TestData_R2_test.fastq
DI04,G08,TGATGGA,GCGTATG,NSLE,1.0,1,./TestDatasets/DifferentOverlapDegrees/Set1/TestData_R1_test.fastq,./TestDatasets/DifferentOverlapDegrees/Set1/TestData_R2_test.fastq
DI04,G09,GGCAGTA,AGTTACG,THLV,1.0,6,./TestDatasets/DifferentOverlapDegrees/Set1/TestData_R1_test.fastq,./TestDatasets/DifferentOverlapDegrees/Set1/TestData_R2_test.fastq
DI04,G10,GAAGAAG,TTCCTGC,VHNM,1.0,15,./TestDatasets/DifferentOverlapDegrees/Set1/TestData_R1_test.fastq,./TestDatasets/DifferentOverlapDegrees/Set1/TestData_R2_test.fastq
DI04,G11,AGCGGTT,TATGTCG,ILHK,1.0,1,./TestDatasets/DifferentOverlapDegrees/Set1/TestData_R1_test.fastq,./TestDatasets/DifferentOverlapDegrees/Set1/TestData_R2_test.fastq
DI04,G12,TAAGGCC,GGAGAGA,TCNS,1.0,8,./TestDatasets/DifferentOverlapDegrees/Set1/TestData_R1_test.fastq,./TestDatasets/DifferentOverlapDegrees/Set1/TestData_R2_test.fastq
DI04,H01,AACCTGT,CCTTAGG,PPRP,1.0,2,./TestDatasets/DifferentOverlapDegrees/Set1/TestData_R1_test.fastq,./TestDatasets/DifferentOverlapDegrees/Set1/TestData_R2_test.fastq
DI04,H02,AGTACAC,TGTATCC,LALV,1.0,4,./TestDatasets/DifferentOverlapDegrees/Set1/TestData_R1_test.fastq,./TestDatasets/DifferentOverlapDegrees/Set1/TestData_R2_test.fastq
DI04,H03,CTCGTAG,CAACCTG,RPTH,1.0,10,./TestDatasets/DifferentOverlapDegrees/Set1/TestData_R1_test.fastq,./TestDatasets/DifferentOverlapDegrees/Set1/TestData_R2_test.fastq
DI04,H04,CTAGGTG,CTGATGA,SPYW,1.0,7,./TestDatasets/DifferentOverlapDegrees/Set1/TestData_R1_test.fastq,./TestDatasets/DifferentOverlapDegrees/Set1/TestData_R2_test.fastq
DI04,H05,CGATACC,AAGACAG,QMST,1.0,9,./TestDatasets/DifferentOverlapDegrees/Set1/TestData_R1_test.fastq,./TestDatasets/DifferentOverlapDegrees/Set1/TestData_R2_test.fastq
DI04,H06,TCGGCTA,AGCTCGT,RNSS,1.0,4,./TestDatasets/DifferentOverlapDegrees/Set1/TestData_R1_test.fastq,./TestDatasets/DifferentOverlapDegrees/Set1/TestData_R2_test.fastq
DI04,H08,ATTGCCT,TCCTTCA,IHGQ,1.0,8,./TestDatasets/DifferentOverlapDegrees/Set1/TestData_R1_test.fastq,./TestDatasets/DifferentOverlapDegrees/Set1/TestData_R2_test.fastq
DI04,H09,CATTCGA,TCACAGG,KFSP,1.0,6,./TestDatasets/DifferentOverlapDegrees/Set1/TestData_R1_test.fastq,./TestDatasets/DifferentOverlapDegrees/Set1/TestData_R2_test.fastq
DI04,H10,GCACAAT,AGAGCTG,RICA,1.0,1,./TestDatasets/DifferentOverlapDegrees/Set1/TestData_R1_test.fastq,./TestDatasets/DifferentOverlapDegrees/Set1/TestData_R2_test.fastq
DI04,H11,GCAGTAA,CCTCTGT,RDAY,1.0,2,./TestDatasets/DifferentOverlapDegrees/Set1/TestData_R1_test.fastq,./TestDatasets/DifferentOverlapDegrees/Set1/TestData_R2_test.fastq
DI04,H12,CCTAATC,CCTCGAA,VHTP,1.0,4,./TestDatasets/DifferentOverlapDegrees/Set1/TestData_R1_test.fastq,./TestDatasets/DifferentOverlapDegrees/Set1/TestData_R2_test.fastq
