Plate,Well,F-BC,R-BC,VariantCombo,AlignmentFrequency,WellSeqDepth,R1,R2,logseqdepth
DI05,A01,GATCATG,CCTTAGG,YVRK,1.0,7,./TestDatasets/DifferentOverlapDegrees/Set1/TestData_R1_test.fastq,./TestDatasets/DifferentOverlapDegrees/Set1/TestData_R2_test.fastq,1.9459101490553132
DI05,A03,AAGCACC,CAACCTG,DYLV,1.0,6,./TestDatasets/DifferentOverlapDegrees/Set1/TestData_R1_test.fastq,./TestDatasets/DifferentOverlapDegrees/Set1/TestData_R2_test.fastq,1.791759469228055
DI05,A05,CTTGCTC,AAGACAG,GSHL,1.0,8,./TestDatasets/DifferentOverlapDegrees/Set1/TestData_R1_test.fastq,./TestDatasets/DifferentOverlapDegrees/Set1/TestData_R2_test.fastq,2.0794415416798357
DI05,A06,GAAGCGT,AGCTCGT,GHIR,1.0,6,./TestDatasets/DifferentOverlapDegrees/Set1/TestData_R1_test.fastq,./TestDatasets/DifferentOverlapDegrees/Set1/TestData_R2_test.fastq,1.791759469228055
DI05,A07,TCTCCAT,GATTGCG,EKGY,1.0,3,./TestDatasets/DifferentOverlapDegrees/Set1/TestData_R1_test.fastq,./TestDatasets/DifferentOverlapDegrees/Set1/TestData_R2_test.fastq,1.0986122886681098
DI05,A09,GAATGTC,TCACAGG,WAIG,1.0,3,./TestDatasets/DifferentOverlapDegrees/Set1/TestData_R1_test.fastq,./TestDatasets/DifferentOverlapDegrees/Set1/TestData_R2_test.fastq,1.0986122886681098
DI05,A10,ATCTCCA,AGAGCTG,SHKQ,1.0,4,./TestDatasets/DifferentOverlapDegrees/Set1/TestData_R1_test.fastq,./TestDatasets/DifferentOverlapDegrees/Set1/TestData_R2_test.fastq,1.3862943611198906
DI05,A11,GCGTTAT,CCTCTGT,LN**,1.0,2,./TestDatasets/DifferentOverlapDegrees/Set1/TestData_R1_test.fastq,./TestDatasets/DifferentOverlapDegrees/Set1/TestData_R2_test.fastq,0.6931471805599453
DI05,A12,TGCACCA,CCTCGAA,LPSI,1.0,3,./TestDatasets/DifferentOverlapDegrees/Set1/TestData_R1_test.fastq,./TestDatasets/DifferentOverlapDegrees/Set1/TestData_R2_test.fastq,1.0986122886681098
DI05,B01,TGCCTAT,GTGTCTC,R*GR,1.0,6,./TestDatasets/DifferentOverlapDegrees/Set1/TestData_R1_test.fastq,./TestDatasets/DifferentOverlapDegrees/Set1/TestData_R2_test.fastq,1.791759469228055
DI05,B03,TCCACTG,GACAATC,ISAL,1.0,5,./TestDatasets/DifferentOverlapDegrees/Set1/TestData_R1_test.fastq,./TestDatasets/DifferentOverlapDegrees/Set1/TestData_R2_test.fastq,1.6094379124341003
DI05,B04,TTGTACC,CACTTGC,IRGN,1.0,6,./TestDatasets/DifferentOverlapDegrees/Set1/TestData_R1_test.fastq,./TestDatasets/DifferentOverlapDegrees/Set1/TestData_R2_test.fastq,1.791759469228055
DI05,B06,CTTCAGC,CGTAGCA,M*DH,1.0,5,./TestDatasets/DifferentOverlapDegrees/Set1/TestData_R1_test.fastq,./TestDatasets/DifferentOverlapDegrees/Set1/TestData_R2_test.fastq,1.6094379124341003
DI05,B07,CAGTGCA,AGGTTCC,SLPG,1.0,4,./TestDatasets/DifferentOverlapDegrees/Set1/TestData_R1_test.fastq,./TestDatasets/DifferentOverlapDegrees/Set1/TestData_R2_test.fastq,1.3862943611198906
DI05,B09,CGCCATT,GATAGGT,LRLV,1.0,1,./TestDatasets/DifferentOverlapDegrees/Set1/TestData_R1_test.fastq,./TestDatasets/DifferentOverlapDegrees/Set1/TestData_R2_test.fastq,0.0
DI05,B10,GCCATGA,TAGCCTC,ERGP,1.0,6,./TestDatasets/DifferentOverlapDegrees/Set1/TestData_R1_test.fastq,./TestDatasets/DifferentOverlapDegrees/Set1/TestData_R2_test.fastq,1.791759469228055
DI05,B11,CACAACG,TTCAGCC,TSYF,1.0,3,./TestDatasets/DifferentOverlapDegrees/Set1/TestData_R1_test.fastq,./TestDatasets/DifferentOverlapDegrees/Set1/TestData_R2_test.fastq,1.0986122886681098
DI05,C01,TCGTGAA,TGAGCCT,NVES,1.0,6,./TestDatasets/DifferentOverlapDegrees/Set1/TestData_R1_test.fastq,./TestDatasets/DifferentOverlapDegrees/Set1/TestData_R2_test.fastq,1.791759469228055
DI05,C02,TTATCGG,AACGCGA,IRS*,1.0,12,./TestDatasets/DifferentOverlapDegrees/Set1/TestData_R1_test.fastq,./TestDatasets/DifferentOverlapDegrees/Set1/TestData_R2_test.fastq,2.4849066497880004
DI05,C03,AGACCAT,TCATTGC,RSSG,1.0,10,./TestDatasets/DifferentOverlapDegrees/Set1/TestData_R1_test.fastq,./TestDatasets/DifferentOverlapDegrees/Set1/TestData_R2_test.fastq,2.302585092994046
DI05,C04,ACATGAG,AGCATCT,RQWF,1.0,4,./TestDatasets/DifferentOverlapDegrees/Set1/TestData_R1_test.fastq,./TestDatasets/DifferentOverlapDegrees/Set1/TestData_R2_test.fastq,1.3862943611198906
DI05,C05,ACGTACT,TTGGTCT,DWYG,1.0,9,./TestDatasets/DifferentOverlapDegrees/Set1/TestData_R1_test.fastq,./TestDatasets/DifferentOverlapDegrees/Set1/TestData_R2_test.fastq,2.1972245773362196
DI05,C06,CACCTCA,CAAGGAT,VHII,1.0,7,./TestDatasets/DifferentOverlapDegrees/Set1/TestData_R1_test.fastq,./TestDatasets/DifferentOverlapDegrees/Set1/TestData_R2_test.fastq,1.9459101490553132
DI05,C07,GTTGGAG,AGACGTC,NNGQ,1.0,5,./TestDatasets/DifferentOverlapDegrees/Set1/TestData_R1_test.fastq,./TestDatasets/DifferentOverlapDegrees/Set1/TestData_R2_test.fastq,1.6094379124341003
DI05,C08,TGTTCTG,AGGTCAA,SVEV,1.0,8,./TestDatasets/DifferentOverlapDegrees/Set1/TestData_R1_test.fastq,./TestDatasets/DifferentOverlapDegrees/Set1/TestData_R2_test.fastq,2.0794415416798357
DI05,C10,GAGGTTG,CTCTGAT,QDTR,1.0,7,./TestDatasets/DifferentOverlapDegrees/Set1/TestData_R1_test.fastq,./TestDatasets/DifferentOverlapDegrees/Set1/TestData_R2_test.fastq,1.9459101490553132
DI05,C11,ATGGACA,TCAAGTC,ETRT,1.0,9,./TestDatasets/DifferentOverlapDegrees/Set1/TestData_R1_test.fastq,./TestDatasets/DifferentOverlapDegrees/Set1/TestData_R2_test.fastq,2.1972245773362196
DI05,C12,ACACTGA,TCGAGCT,NSRP,1.0,6,./TestDatasets/DifferentOverlapDegrees/Set1/TestData_R1_test.fastq,./TestDatasets/DifferentOverlapDegrees/Set1/TestData_R2_test.fastq,1.791759469228055
DI05,D01,ATCTGTG,ACAGTCT,PSCW,1.0,13,./TestDatasets/DifferentOverlapDegrees/Set1/TestData_R1_test.fastq,./TestDatasets/DifferentOverlapDegrees/Set1/TestData_R2_test.fastq,2.5649493574615367
DI05,D02,AATGTGC,CAGATAC,TTGG,1.0,9,./TestDatasets/DifferentOverlapDegrees/Set1/TestData_R1_test.fastq,./TestDatasets/DifferentOverlapDegrees/Set1/TestData_R2_test.fastq,2.1972245773362196
DI05,D03,GAGTTGA,TACGTTC,AFRQ,1.0,6,./TestDatasets/DifferentOverlapDegrees/Set1/TestData_R1_test.fastq,./TestDatasets/DifferentOverlapDegrees/Set1/TestData_R2_test.fastq,1.791759469228055
DI05,D04,TTCTCAC,ACGGTTC,HSRE,1.0,2,./TestDatasets/DifferentOverlapDegrees/Set1/TestData_R1_test.fastq,./TestDatasets/DifferentOverlapDegrees/Set1/TestData_R2_test.fastq,0.6931471805599453
DI05,D05,TGAAGCG,CATCGTC,TLFW,1.0,6,./TestDatasets/DifferentOverlapDegrees/Set1/TestData_R1_test.fastq,./TestDatasets/DifferentOverlapDegrees/Set1/TestData_R2_test.fastq,1.791759469228055
DI05,D06,GCTACAA,TACGCAT,R*TY,1.0,1,./TestDatasets/DifferentOverlapDegrees/Set1/TestData_R1_test.fastq,./TestDatasets/DifferentOverlapDegrees/Set1/TestData_R2_test.fastq,0.0
DI05,D07,AGAGAAC,CTTAGAC,SSVP,1.0,7,./TestDatasets/DifferentOverlapDegrees/Set1/TestData_R1_test.fastq,./TestDatasets/DifferentOverlapDegrees/Set1/TestData_R2_test.fastq,1.9459101490553132
DI05,D08,CAGAGTG,AACTGAC,VAGV,1.0,5,./TestDatasets/DifferentOverlapDegrees/Set1/TestData_R1_test.fastq,./TestDatasets/DifferentOverlapDegrees/Set1/TestData_R2_test.fastq,1.6094379124341003
DI05,D09,TTCCGAA,ACTTGCA,RSVR,1.0,1,./TestDatasets/DifferentOverlapDegrees/Set1/TestData_R1_test.fastq,./TestDatasets/DifferentOverlapDegrees/Set1/TestData_R2_test.fastq,0.0
DI05,D10,GTACGAC,ACGCGAT,YDSH,1.0,1,./TestDatasets/DifferentOverlapDegrees/Set1/TestData_R1_test.fastq,./TestDatasets/DifferentOverlapDegrees/Set1/TestData_R2_test.fastq,0.0
DI05,D11,ACTCTTG,TCGACAC,QHYN,1.0,4,./TestDatasets/DifferentOverlapDegrees/Set1/TestData_R1_test.fastq,./TestDatasets/DifferentOverlapDegrees/Set1/TestData_R2_test.fastq,1.3862943611198906
DI05,D12,CCAACCA,ACTCAAC,QTLE,1.0,4,./TestDatasets/DifferentOverlapDegrees/Set1/TestData_R1_test.fastq,./TestDatasets/DifferentOverlapDegrees/Set1/TestData_R2_test.fastq,1.3862943611198906
DI05,E01,CTCTAGA,GAACTGC,VILI,1.0,7,./TestDatasets/DifferentOverlapDegrees/Set1/TestData_R1_test.fastq,./TestDatasets/DifferentOverlapDegrees/Set1/TestData_R2_test.fastq,1.9459101490553132
DI05,E02,AATCGGA,ACCAGGT,SIL*,1.0,1,./TestDatasets/DifferentOverlapDegrees/Set1/TestData_R1_test.fastq,./TestDatasets/DifferentOverlapDegrees/Set1/TestData_R2_test.fastq,0.0
DI05,E03,CGTCCTA,TCTAGAG,LEWL,1.0,7,./TestDatasets/DifferentOverlapDegrees/Set1/TestData_R1_test.fastq,./TestDatasets/DifferentOverlapDegrees/Set1/TestData_R2_test.fastq,1.9459101490553132
DI05,E04,GGAATGT,CACACAA,VAKD,1.0,9,./TestDatasets/DifferentOverlapDegrees/Set1/TestData_R1_test.fastq,./TestDatasets/DifferentOverlapDegrees/Set1/TestData_R2_test.fastq,2.1972245773362196
DI05,E05,TCCAAGC,GTGGAAC,TVVR,1.0,8,./TestDatasets/DifferentOverlapDegrees/Set1/TestData_R1_test.fastq,./TestDatasets/DifferentOverlapDegrees/Set1/TestData_R2_test.fastq,2.0794415416798357
DI05,E06,GCACCTA,ATATGCC,VECI,1.0,3,./TestDatasets/DifferentOverlapDegrees/Set1/TestData_R1_test.fastq,./TestDatasets/DifferentOverlapDegrees/Set1/TestData_R2_test.fastq,1.0986122886681098
DI05,E07,TTGCGTT,GGTCTGA,VP*Y,1.0,6,./TestDatasets/DifferentOverlapDegrees/Set1/TestData_R1_test.fastq,./TestDatasets/DifferentOverlapDegrees/Set1/TestData_R2_test.fastq,1.791759469228055
DI05,E08,CAGGATT,GTGAGAT,ISIM,1.0,4,./TestDatasets/DifferentOverlapDegrees/Set1/TestData_R1_test.fastq,./TestDatasets/DifferentOverlapDegrees/Set1/TestData_R2_test.fastq,1.3862943611198906
DI05,E09,CTGCATA,TTGGCAG,CDVC,1.0,5,./TestDatasets/DifferentOverlapDegrees/Set1/TestData_R1_test.fastq,./TestDatasets/DifferentOverlapDegrees/Set1/TestData_R2_test.fastq,1.6094379124341003
DI05,E10,CGTTGAG,ATGCCTG,YFST,1.0,5,./TestDatasets/DifferentOverlapDegrees/Set1/TestData_R1_test.fastq,./TestDatasets/DifferentOverlapDegrees/Set1/TestData_R2_test.fastq,1.6094379124341003
DI05,E11,TGCTACT,TCCGAAG,YIFR,1.0,7,./TestDatasets/DifferentOverlapDegrees/Set1/TestData_R1_test.fastq,./TestDatasets/DifferentOverlapDegrees/Set1/TestData_R2_test.fastq,1.9459101490553132
DI05,E12,GTGATCC,GGCTTAC,RFLQ,1.0,6,./TestDatasets/DifferentOverlapDegrees/Set1/TestData_R1_test.fastq,./TestDatasets/DifferentOverlapDegrees/Set1/TestData_R2_test.fastq,1.791759469228055
DI05,F02,GTCGTTA,AACGATG,ALGS,1.0,4,./TestDatasets/DifferentOverlapDegrees/Set1/TestData_R1_test.fastq,./TestDatasets/DifferentOverlapDegrees/Set1/TestData_R2_test.fastq,1.3862943611198906
DI05,F03,CCTGACA,ACTACCG,FIRP,1.0,4,./TestDatasets/DifferentOverlapDegrees/Set1/TestData_R1_test.fastq,./TestDatasets/DifferentOverlapDegrees/Set1/TestData_R2_test.fastq,1.3862943611198906
DI05,F04,AGTGTAG,GGTGTCT,EITA,1.0,2,./TestDatasets/DifferentOverlapDegrees/Set1/TestData_R1_test.fastq,./TestDatasets/DifferentOverlapDegrees/Set1/TestData_R2_test.fastq,0.6931471805599453
DI05,F05,CGAGCAA,CCAGCTT,LTDS,1.0,6,./TestDatasets/DifferentOverlapDegrees/Set1/TestData_R1_test.fastq,./TestDatasets/DifferentOverlapDegrees/Set1/TestData_R2_test.fastq,1.791759469228055
DI05,F06,CTACTCC,TTAGACG,TSLI,1.0,10,./TestDatasets/DifferentOverlapDegrees/Set1/TestData_R1_test.fastq,./TestDatasets/DifferentOverlapDegrees/Set1/TestData_R2_test.fastq,2.302585092994046
DI05,F08,GACCGAT,GACGACT,CDPL,1.0,7,./TestDatasets/DifferentOverlapDegrees/Set1/TestData_R1_test.fastq,./TestDatasets/DifferentOverlapDegrees/Set1/TestData_R2_test.fastq,1.9459101490553132
DI05,F10,ATGAGCG,CGTGATG,STSQ,1.0,4,./TestDatasets/DifferentOverlapDegrees/Set1/TestData_R1_test.fastq,./TestDatasets/DifferentOverlapDegrees/Set1/TestData_R2_test.fastq,1.3862943611198906
DI05,F11,TACTCCG,GCTTCCT,LRDL,1.0,4,./TestDatasets/DifferentOverlapDegrees/Set1/TestData_R1_test.fastq,./TestDatasets/DifferentOverlapDegrees/Set1/TestData_R2_test.fastq,1.3862943611198906
DI05,F12,GATTCAC,TAGACGT,LALI,1.0,7,./TestDatasets/DifferentOverlapDegrees/Set1/TestData_R1_test.fastq,./TestDatasets/DifferentOverlapDegrees/Set1/TestData_R2_test.fastq,1.9459101490553132
DI05,G01,ATGACGC,CGGACTT,KDPN,1.0,2,./TestDatasets/DifferentOverlapDegrees/Set1/TestData_R1_test.fastq,./TestDatasets/DifferentOverlapDegrees/Set1/TestData_R2_test.fastq,0.6931471805599453
DI05,G02,GGTTGTT,ACCGGAA,SVAN,1.0,5,./TestDatasets/DifferentOverlapDegrees/Set1/TestData_R1_test.fastq,./TestDatasets/DifferentOverlapDegrees/Set1/TestData_R2_test.fastq,1.6094379124341003
DI05,G03,GTACTTG,CCGAAGT,RPFP,1.0,5,./TestDatasets/DifferentOverlapDegrees/Set1/TestData_R1_test.fastq,./TestDatasets/DifferentOverlapDegrees/Set1/TestData_R2_test.fastq,1.6094379124341003
DI05,G04,TAGCAAG,GTTATGG,CVSS,1.0,4,./TestDatasets/DifferentOverlapDegrees/Set1/TestData_R1_test.fastq,./TestDatasets/DifferentOverlapDegrees/Set1/TestData_R2_test.fastq,1.3862943611198906
DI05,G05,CTGCCAT,ATCCTCG,ALSR,1.0,4,./TestDatasets/DifferentOverlapDegrees/Set1/TestData_R1_test.fastq,./TestDatasets/DifferentOverlapDegrees/Set1/TestData_R2_test.fastq,1.3862943611198906
DI05,G06,GAGAACA,CGAATAG,RSGA,1.0,2,./TestDatasets/DifferentOverlapDegrees/Set1/TestData_R1_test.fastq,./TestDatasets/DifferentOverlapDegrees/Set1/TestData_R2_test.fastq,0.6931471805599453
DI05,G07,GTATAGC,TATCCGG,LS*V,1.0,2,./TestDatasets/DifferentOverlapDegrees/Set1/TestData_R1_test.fastq,./TestDatasets/DifferentOverlapDegrees/Set1/TestData_R2_test.fastq,0.6931471805599453
DI05,G09,GGCAGTA,TGTCGAC,RPPV,1.0,4,./TestDatasets/DifferentOverlapDegrees/Set1/TestData_R1_test.fastq,./TestDatasets/DifferentOverlapDegrees/Set1/TestData_R2_test.fastq,1.3862943611198906
DI05,G10,GAAGAAG,TTCCATG,VCNR,1.0,2,./TestDatasets/DifferentOverlapDegrees/Set1/TestData_R1_test.fastq,./TestDatasets/DifferentOverlapDegrees/Set1/TestData_R2_test.fastq,0.6931471805599453
DI05,G12,TAAGGCC,TGAGTGG,QSSS,1.0,9,./TestDatasets/DifferentOverlapDegrees/Set1/TestData_R1_test.fastq,./TestDatasets/DifferentOverlapDegrees/Set1/TestData_R2_test.fastq,2.1972245773362196
DI05,H01,AACCTGT,TAGGAGA,H*IT,1.0,6,./TestDatasets/DifferentOverlapDegrees/Set1/TestData_R1_test.fastq,./TestDatasets/DifferentOverlapDegrees/Set1/TestData_R2_test.fastq,1.791759469228055
DI05,H02,AGTACAC,AGTCAGT,GGEN,1.0,8,./TestDatasets/DifferentOverlapDegrees/Set1/TestData_R1_test.fastq,./TestDatasets/DifferentOverlapDegrees/Set1/TestData_R2_test.fastq,2.0794415416798357
DI05,H03,CTCGTAG,GTGCTGT,SSNI,1.0,2,./TestDatasets/DifferentOverlapDegrees/Set1/TestData_R1_test.fastq,./TestDatasets/DifferentOverlapDegrees/Set1/TestData_R2_test.fastq,0.6931471805599453
DI05,H04,CTAGGTG,CAACAAC,D*SA,1.0,3,./TestDatasets/DifferentOverlapDegrees/Set1/TestData_R1_test.fastq,./TestDatasets/DifferentOverlapDegrees/Set1/TestData_R2_test.fastq,1.0986122886681098
DI05,H05,CGATACC,AATAGCC,SRGM,1.0,9,./TestDatasets/DifferentOverlapDegrees/Set1/TestData_R1_test.fastq,./TestDatasets/DifferentOverlapDegrees/Set1/TestData_R2_test.fastq,2.1972245773362196
DI05,H06,TCGGCTA,TCTGTGA,WRRL,1.0,4,./TestDatasets/DifferentOverlapDegrees/Set1/TestData_R1_test.fastq,./TestDatasets/DifferentOverlapDegrees/Set1/TestData_R2_test.fastq,1.3862943611198906
DI05,H07,CGGTTGT,TGTGGTA,SSVF,1.0,6,./TestDatasets/DifferentOverlapDegrees/Set1/TestData_R1_test.fastq,./TestDatasets/DifferentOverlapDegrees/Set1/TestData_R2_test.fastq,1.791759469228055
DI05,H08,ATTGCCT,GCGTATG,LT*F,1.0,6,./TestDatasets/DifferentOverlapDegrees/Set1/TestData_R1_test.fastq,./TestDatasets/DifferentOverlapDegrees/Set1/TestData_R2_test.fastq,1.791759469228055
DI05,H12,CCTAATC,GGAGAGA,L*NL,1.0,8,./TestDatasets/DifferentOverlapDegrees/Set1/TestData_R1_test.fastq,./TestDatasets/DifferentOverlapDegrees/Set1/TestData_R2_test.fastq,2.0794415416798357
