Plate,Well,F-BC,R-BC,VariantCombo,AlignmentFrequency,WellSeqDepth,R1,R2
DI04,C03,AGACCAT,TACGTTC,CLFL,1.0,5,./TestDatasets/ForwardAndReverseDisagree/Set2/TestData_R1_test.fastq,./TestDatasets/ForwardAndReverseDisagree/Set2/TestData_R2_test.fastq
DI04,C06,CACCTCA,TACGCAT,SSSC,1.0,2,./TestDatasets/ForwardAndReverseDisagree/Set2/TestData_R1_test.fastq,./TestDatasets/ForwardAndReverseDisagree/Set2/TestData_R2_test.fastq
DI04,D05,TGAAGCG,GTGGAAC,YSFY,1.0,6,./TestDatasets/ForwardAndReverseDisagree/Set2/TestData_R1_test.fastq,./TestDatasets/ForwardAndReverseDisagree/Set2/TestData_R2_test.fastq
DI04,F08,GACCGAT,AGCAAGA,CSYL,1.0,4,./TestDatasets/ForwardAndReverseDisagree/Set2/TestData_R1_test.fastq,./TestDatasets/ForwardAndReverseDisagree/Set2/TestData_R2_test.fastq
DI04,H01,AACCTGT,CCTTAGG,SCSS,1.0,13,./TestDatasets/ForwardAndReverseDisagree/Set2/TestData_R1_test.fastq,./TestDatasets/ForwardAndReverseDisagree/Set2/TestData_R2_test.fastq
