Plate,Well,F-BC,R-BC,VariantCombo,AlignmentFrequency,WellSeqDepth,R1,R2
DI02,C02,TTATCGG,AACGATG,CYSC,1.0,7,./TestDatasets/ForwardAndReverseDisagree/Set2/TestData_R1_test.fastq,./TestDatasets/ForwardAndReverseDisagree/Set2/TestData_R2_test.fastq
DI02,C05,ACGTACT,CCAGCTT,LSSS,1.0,15,./TestDatasets/ForwardAndReverseDisagree/Set2/TestData_R1_test.fastq,./TestDatasets/ForwardAndReverseDisagree/Set2/TestData_R2_test.fastq
DI02,E11,TGCTACT,TATGTCG,SLSL,1.0,7,./TestDatasets/ForwardAndReverseDisagree/Set2/TestData_R1_test.fastq,./TestDatasets/ForwardAndReverseDisagree/Set2/TestData_R2_test.fastq
