Plate,Well,F-BC,R-BC,VariantCombo,AlignmentFrequency,WellSeqDepth,R1,R2
DI03,A01,GATCATG,TGAGCCT,VRIR,0.6333333333333333,30,./TestDatasets/MixedWells/TestData_R1_test.fastq,./TestDatasets/MixedWells/TestData_R2_test.fastq
DI03,A01,GATCATG,TGAGCCT,SQLY,0.36666666666666664,30,./TestDatasets/MixedWells/TestData_R1_test.fastq,./TestDatasets/MixedWells/TestData_R2_test.fastq
DI03,A02,TACATGG,AACGCGA,ALFL,0.6190476190476191,21,./TestDatasets/MixedWells/TestData_R1_test.fastq,./TestDatasets/MixedWells/TestData_R2_test.fastq
DI03,A02,TACATGG,AACGCGA,EAAC,0.38095238095238093,21,./TestDatasets/MixedWells/TestData_R1_test.fastq,./TestDatasets/MixedWells/TestData_R2_test.fastq
DI03,A03,AAGCACC,TCATTGC,KSYE,1.0,9,./TestDatasets/MixedWells/TestData_R1_test.fastq,./TestDatasets/MixedWells/TestData_R2_test.fastq
DI03,A04,TGGCTCA,AGCATCT,LFQV,1.0,2,./TestDatasets/MixedWells/TestData_R1_test.fastq,./TestDatasets/MixedWells/TestData_R2_test.fastq
DI03,A06,GAAGCGT,CAAGGAT,FSKN,1.0,3,./TestDatasets/MixedWells/TestData_R1_test.fastq,./TestDatasets/MixedWells/TestData_R2_test.fastq
DI03,A07,TCTCCAT,AGACGTC,TWFI,1.0,13,./TestDatasets/MixedWells/TestData_R1_test.fastq,./TestDatasets/MixedWells/TestData_R2_test.fastq
DI03,A08,TTGAAGG,AGGTCAA,FSFP,0.6875,16,./TestDatasets/MixedWells/TestData_R1_test.fastq,./TestDatasets/MixedWells/TestData_R2_test.fastq
DI03,A08,TTGAAGG,AGGTCAA,SGSN,0.3125,16,./TestDatasets/MixedWells/TestData_R1_test.fastq,./TestDatasets/MixedWells/TestData_R2_test.fastq
DI03,A09,GAATGTC,ATGCTAC,YFNL,0.8461538461538461,13,./TestDatasets/MixedWells/TestData_R1_test.fastq,./TestDatasets/MixedWells/TestData_R2_test.fastq
DI03,A09,GAATGTC,ATGCTAC,LQVS,0.15384615384615385,13,./TestDatasets/MixedWells/TestData_R1_test.fastq,./TestDatasets/MixedWells/TestData_R2_test.fastq
DI03,A10,ATCTCCA,CTCTGAT,PNSR,0.8571428571428571,7,./TestDatasets/MixedWells/TestData_R1_test.fastq,./TestDatasets/MixedWells/TestData_R2_test.fastq
DI03,A10,ATCTCCA,CTCTGAT,KGNI,0.14285714285714285,7,./TestDatasets/MixedWells/TestData_R1_test.fastq,./TestDatasets/MixedWells/TestData_R2_test.fastq
DI03,A11,GCGTTAT,TCAAGTC,SWKR,0.2,15,./TestDatasets/MixedWells/TestData_R1_test.fastq,./TestDatasets/MixedWells/TestData_R2_test.fastq
DI03,A11,GCGTTAT,TCAAGTC,VSIK,0.8,15,./TestDatasets/MixedWells/TestData_R1_test.fastq,./TestDatasets/MixedWells/TestData_R2_test.fastq
DI03,B01,TGCCTAT,ACAGTCT,SLLP,1.0,13,./TestDatasets/MixedWells/TestData_R1_test.fastq,./TestDatasets/MixedWells/TestData_R2_test.fastq
DI03,B02,AGGAATC,CAGATAC,DCPL,0.25,16,./TestDatasets/MixedWells/TestData_R1_test.fastq,./TestDatasets/MixedWells/TestData_R2_test.fastq
DI03,B02,AGGAATC,CAGATAC,ERC*,0.75,16,./TestDatasets/MixedWells/TestData_R1_test.fastq,./TestDatasets/MixedWells/TestData_R2_test.fastq
DI03,B03,TCCACTG,TACGTTC,HPTT,0.43478260869565216,23,./TestDatasets/MixedWells/TestData_R1_test.fastq,./TestDatasets/MixedWells/TestData_R2_test.fastq
DI03,B03,TCCACTG,TACGTTC,QMI*,0.5652173913043478,23,./TestDatasets/MixedWells/TestData_R1_test.fastq,./TestDatasets/MixedWells/TestData_R2_test.fastq
DI03,B04,TTGTACC,ACGGTTC,CMPT,0.6666666666666666,15,./TestDatasets/MixedWells/TestData_R1_test.fastq,./TestDatasets/MixedWells/TestData_R2_test.fastq
DI03,B04,TTGTACC,ACGGTTC,TKQI,0.3333333333333333,15,./TestDatasets/MixedWells/TestData_R1_test.fastq,./TestDatasets/MixedWells/TestData_R2_test.fastq
DI03,B05,TTCGAGT,CATCGTC,*SVP,0.21428571428571427,14,./TestDatasets/MixedWells/TestData_R1_test.fastq,./TestDatasets/MixedWells/TestData_R2_test.fastq
DI03,B05,TTCGAGT,CATCGTC,QLCE,0.7857142857142857,14,./TestDatasets/MixedWells/TestData_R1_test.fastq,./TestDatasets/MixedWells/TestData_R2_test.fastq
DI03,B06,CTTCAGC,TACGCAT,TNSY,0.5,22,./TestDatasets/MixedWells/TestData_R1_test.fastq,./TestDatasets/MixedWells/TestData_R2_test.fastq
DI03,B06,CTTCAGC,TACGCAT,LIQA,0.5,22,./TestDatasets/MixedWells/TestData_R1_test.fastq,./TestDatasets/MixedWells/TestData_R2_test.fastq
DI03,B07,CAGTGCA,CTTAGAC,VGYM,1.0,9,./TestDatasets/MixedWells/TestData_R1_test.fastq,./TestDatasets/MixedWells/TestData_R2_test.fastq
DI03,B08,TGCTGTC,AACTGAC,VYDV,0.75,8,./TestDatasets/MixedWells/TestData_R1_test.fastq,./TestDatasets/MixedWells/TestData_R2_test.fastq
DI03,B08,TGCTGTC,AACTGAC,SLIS,0.25,8,./TestDatasets/MixedWells/TestData_R1_test.fastq,./TestDatasets/MixedWells/TestData_R2_test.fastq
DI03,B09,CGCCATT,ACTTGCA,NCVP,1.0,12,./TestDatasets/MixedWells/TestData_R1_test.fastq,./TestDatasets/MixedWells/TestData_R2_test.fastq
DI03,B10,GCCATGA,ACGCGAT,VR*D,0.625,8,./TestDatasets/MixedWells/TestData_R1_test.fastq,./TestDatasets/MixedWells/TestData_R2_test.fastq
DI03,B10,GCCATGA,ACGCGAT,SALG,0.375,8,./TestDatasets/MixedWells/TestData_R1_test.fastq,./TestDatasets/MixedWells/TestData_R2_test.fastq
DI03,B11,CACAACG,TCGACAC,YSYT,0.6153846153846154,13,./TestDatasets/MixedWells/TestData_R1_test.fastq,./TestDatasets/MixedWells/TestData_R2_test.fastq
DI03,B11,CACAACG,TCGACAC,GTSV,0.38461538461538464,13,./TestDatasets/MixedWells/TestData_R1_test.fastq,./TestDatasets/MixedWells/TestData_R2_test.fastq
DI03,B12,CTTCGCT,ACTCAAC,HAPC,1.0,10,./TestDatasets/MixedWells/TestData_R1_test.fastq,./TestDatasets/MixedWells/TestData_R2_test.fastq
DI03,C01,TCGTGAA,GAACTGC,WIAR,0.6,10,./TestDatasets/MixedWells/TestData_R1_test.fastq,./TestDatasets/MixedWells/TestData_R2_test.fastq
DI03,C01,TCGTGAA,GAACTGC,FIWL,0.4,10,./TestDatasets/MixedWells/TestData_R1_test.fastq,./TestDatasets/MixedWells/TestData_R2_test.fastq
DI03,C02,TTATCGG,ACCAGGT,GPYT,1.0,1,./TestDatasets/MixedWells/TestData_R1_test.fastq,./TestDatasets/MixedWells/TestData_R2_test.fastq
DI03,C03,AGACCAT,TCTAGAG,LDKP,0.5,8,./TestDatasets/MixedWells/TestData_R1_test.fastq,./TestDatasets/MixedWells/TestData_R2_test.fastq
DI03,C03,AGACCAT,TCTAGAG,FSST,0.5,8,./TestDatasets/MixedWells/TestData_R1_test.fastq,./TestDatasets/MixedWells/TestData_R2_test.fastq
DI03,C04,ACATGAG,CACACAA,ILRT,0.4666666666666667,15,./TestDatasets/MixedWells/TestData_R1_test.fastq,./TestDatasets/MixedWells/TestData_R2_test.fastq
DI03,C04,ACATGAG,CACACAA,IRRL,0.5333333333333333,15,./TestDatasets/MixedWells/TestData_R1_test.fastq,./TestDatasets/MixedWells/TestData_R2_test.fastq
DI03,C05,ACGTACT,GTGGAAC,ITKP,0.047619047619047616,21,./TestDatasets/MixedWells/TestData_R1_test.fastq,./TestDatasets/MixedWells/TestData_R2_test.fastq
DI03,C05,ACGTACT,GTGGAAC,SRYG,0.9523809523809523,21,./TestDatasets/MixedWells/TestData_R1_test.fastq,./TestDatasets/MixedWells/TestData_R2_test.fastq
DI03,C06,CACCTCA,ATATGCC,NCSS,1.0,2,./TestDatasets/MixedWells/TestData_R1_test.fastq,./TestDatasets/MixedWells/TestData_R2_test.fastq
DI03,C07,GTTGGAG,GGTCTGA,GYEA,1.0,12,./TestDatasets/MixedWells/TestData_R1_test.fastq,./TestDatasets/MixedWells/TestData_R2_test.fastq
DI03,C08,TGTTCTG,GTGAGAT,*SDK,0.6190476190476191,21,./TestDatasets/MixedWells/TestData_R1_test.fastq,./TestDatasets/MixedWells/TestData_R2_test.fastq
DI03,C08,TGTTCTG,GTGAGAT,PLR*,0.38095238095238093,21,./TestDatasets/MixedWells/TestData_R1_test.fastq,./TestDatasets/MixedWells/TestData_R2_test.fastq
DI03,C09,CTTACGT,TTGGCAG,CRKA,0.7894736842105263,19,./TestDatasets/MixedWells/TestData_R1_test.fastq,./TestDatasets/MixedWells/TestData_R2_test.fastq
DI03,C09,CTTACGT,TTGGCAG,VYGR,0.21052631578947367,19,./TestDatasets/MixedWells/TestData_R1_test.fastq,./TestDatasets/MixedWells/TestData_R2_test.fastq
DI03,C10,GAGGTTG,ATGCCTG,IIAF,0.7894736842105263,19,./TestDatasets/MixedWells/TestData_R1_test.fastq,./TestDatasets/MixedWells/TestData_R2_test.fastq
DI03,C10,GAGGTTG,ATGCCTG,GVLS,0.21052631578947367,19,./TestDatasets/MixedWells/TestData_R1_test.fastq,./TestDatasets/MixedWells/TestData_R2_test.fastq
DI03,C11,ATGGACA,TCCGAAG,LLYE,0.9,10,./TestDatasets/MixedWells/TestData_R1_test.fastq,./TestDatasets/MixedWells/TestData_R2_test.fastq
DI03,C11,ATGGACA,TCCGAAG,LLEA,0.1,10,./TestDatasets/MixedWells/TestData_R1_test.fastq,./TestDatasets/MixedWells/TestData_R2_test.fastq
DI03,C12,ACACTGA,GGCTTAC,GGHP,1.0,12,./TestDatasets/MixedWells/TestData_R1_test.fastq,./TestDatasets/MixedWells/TestData_R2_test.fastq
DI03,D01,ATCTGTG,AGTTGGC,GFL*,1.0,4,./TestDatasets/MixedWells/TestData_R1_test.fastq,./TestDatasets/MixedWells/TestData_R2_test.fastq
DI03,D02,AATGTGC,AACGATG,PVRA,0.5333333333333333,15,./TestDatasets/MixedWells/TestData_R1_test.fastq,./TestDatasets/MixedWells/TestData_R2_test.fastq
DI03,D02,AATGTGC,AACGATG,VRSL,0.4666666666666667,15,./TestDatasets/MixedWells/TestData_R1_test.fastq,./TestDatasets/MixedWells/TestData_R2_test.fastq
DI03,D03,GAGTTGA,ACTACCG,APSS,0.47619047619047616,21,./TestDatasets/MixedWells/TestData_R1_test.fastq,./TestDatasets/MixedWells/TestData_R2_test.fastq
DI03,D03,GAGTTGA,ACTACCG,IVPI,0.5238095238095238,21,./TestDatasets/MixedWells/TestData_R1_test.fastq,./TestDatasets/MixedWells/TestData_R2_test.fastq
DI03,D05,TGAAGCG,CCAGCTT,KSRL,0.8571428571428571,7,./TestDatasets/MixedWells/TestData_R1_test.fastq,./TestDatasets/MixedWells/TestData_R2_test.fastq
DI03,D05,TGAAGCG,CCAGCTT,FRSV,0.14285714285714285,7,./TestDatasets/MixedWells/TestData_R1_test.fastq,./TestDatasets/MixedWells/TestData_R2_test.fastq
DI03,D06,GCTACAA,TTAGACG,RHMP,0.5151515151515151,33,./TestDatasets/MixedWells/TestData_R1_test.fastq,./TestDatasets/MixedWells/TestData_R2_test.fastq
DI03,D06,GCTACAA,TTAGACG,EVMR,0.48484848484848486,33,./TestDatasets/MixedWells/TestData_R1_test.fastq,./TestDatasets/MixedWells/TestData_R2_test.fastq
DI03,D07,AGAGAAC,ACCATAC,*REW,0.5454545454545454,11,./TestDatasets/MixedWells/TestData_R1_test.fastq,./TestDatasets/MixedWells/TestData_R2_test.fastq
DI03,D07,AGAGAAC,ACCATAC,SAQA,0.45454545454545453,11,./TestDatasets/MixedWells/TestData_R1_test.fastq,./TestDatasets/MixedWells/TestData_R2_test.fastq
DI03,D08,CAGAGTG,GACGACT,LLYC,0.375,16,./TestDatasets/MixedWells/TestData_R1_test.fastq,./TestDatasets/MixedWells/TestData_R2_test.fastq
DI03,D08,CAGAGTG,GACGACT,SQTS,0.625,16,./TestDatasets/MixedWells/TestData_R1_test.fastq,./TestDatasets/MixedWells/TestData_R2_test.fastq
DI03,D09,TTCCGAA,GTCACCT,SRIS,0.4166666666666667,12,./TestDatasets/MixedWells/TestData_R1_test.fastq,./TestDatasets/MixedWells/TestData_R2_test.fastq
DI03,D09,TTCCGAA,GTCACCT,TADG,0.5833333333333334,12,./TestDatasets/MixedWells/TestData_R1_test.fastq,./TestDatasets/MixedWells/TestData_R2_test.fastq
DI03,D10,GTACGAC,CGTGATG,VPVR,1.0,8,./TestDatasets/MixedWells/TestData_R1_test.fastq,./TestDatasets/MixedWells/TestData_R2_test.fastq
DI03,D11,ACTCTTG,GCTTCCT,EYMC,0.6,10,./TestDatasets/MixedWells/TestData_R1_test.fastq,./TestDatasets/MixedWells/TestData_R2_test.fastq
DI03,D11,ACTCTTG,GCTTCCT,FAHP,0.4,10,./TestDatasets/MixedWells/TestData_R1_test.fastq,./TestDatasets/MixedWells/TestData_R2_test.fastq
DI03,D12,CCAACCA,TAGACGT,CRFP,0.6,15,./TestDatasets/MixedWells/TestData_R1_test.fastq,./TestDatasets/MixedWells/TestData_R2_test.fastq
DI03,D12,CCAACCA,TAGACGT,LRRA,0.4,15,./TestDatasets/MixedWells/TestData_R1_test.fastq,./TestDatasets/MixedWells/TestData_R2_test.fastq
DI03,E01,CTCTAGA,CGGACTT,LAQL,0.3888888888888889,18,./TestDatasets/MixedWells/TestData_R1_test.fastq,./TestDatasets/MixedWells/TestData_R2_test.fastq
DI03,E01,CTCTAGA,CGGACTT,ALD*,0.6111111111111112,18,./TestDatasets/MixedWells/TestData_R1_test.fastq,./TestDatasets/MixedWells/TestData_R2_test.fastq
DI03,E02,AATCGGA,ACCGGAA,*QTT,0.3333333333333333,24,./TestDatasets/MixedWells/TestData_R1_test.fastq,./TestDatasets/MixedWells/TestData_R2_test.fastq
DI03,E02,AATCGGA,ACCGGAA,A*QL,0.6666666666666666,24,./TestDatasets/MixedWells/TestData_R1_test.fastq,./TestDatasets/MixedWells/TestData_R2_test.fastq
DI03,E04,GGAATGT,GTTATGG,CVIP,0.5,20,./TestDatasets/MixedWells/TestData_R1_test.fastq,./TestDatasets/MixedWells/TestData_R2_test.fastq
DI03,E04,GGAATGT,GTTATGG,NMPS,0.5,20,./TestDatasets/MixedWells/TestData_R1_test.fastq,./TestDatasets/MixedWells/TestData_R2_test.fastq
DI03,E05,TCCAAGC,ATCCTCG,GTQF,0.625,24,./TestDatasets/MixedWells/TestData_R1_test.fastq,./TestDatasets/MixedWells/TestData_R2_test.fastq
DI03,E05,TCCAAGC,ATCCTCG,*VYI,0.375,24,./TestDatasets/MixedWells/TestData_R1_test.fastq,./TestDatasets/MixedWells/TestData_R2_test.fastq
DI03,E06,GCACCTA,CGAATAG,PGSD,0.6,30,./TestDatasets/MixedWells/TestData_R1_test.fastq,./TestDatasets/MixedWells/TestData_R2_test.fastq
DI03,E06,GCACCTA,CGAATAG,IRAV,0.4,30,./TestDatasets/MixedWells/TestData_R1_test.fastq,./TestDatasets/MixedWells/TestData_R2_test.fastq
DI03,E07,TTGCGTT,TATCCGG,DLCE,0.20833333333333334,24,./TestDatasets/MixedWells/TestData_R1_test.fastq,./TestDatasets/MixedWells/TestData_R2_test.fastq
DI03,E07,TTGCGTT,TATCCGG,HGSR,0.7916666666666666,24,./TestDatasets/MixedWells/TestData_R1_test.fastq,./TestDatasets/MixedWells/TestData_R2_test.fastq
DI03,E08,CAGGATT,AGCAAGA,GSRT,0.7,10,./TestDatasets/MixedWells/TestData_R1_test.fastq,./TestDatasets/MixedWells/TestData_R2_test.fastq
DI03,E08,CAGGATT,AGCAAGA,QLLR,0.3,10,./TestDatasets/MixedWells/TestData_R1_test.fastq,./TestDatasets/MixedWells/TestData_R2_test.fastq
DI03,E09,CTGCATA,TGTCGAC,QVRL,0.625,8,./TestDatasets/MixedWells/TestData_R1_test.fastq,./TestDatasets/MixedWells/TestData_R2_test.fastq
DI03,E09,CTGCATA,TGTCGAC,RLVI,0.375,8,./TestDatasets/MixedWells/TestData_R1_test.fastq,./TestDatasets/MixedWells/TestData_R2_test.fastq
DI03,E10,CGTTGAG,TTCCATG,VNIL,0.44,25,./TestDatasets/MixedWells/TestData_R1_test.fastq,./TestDatasets/MixedWells/TestData_R2_test.fastq
DI03,E10,CGTTGAG,TTCCATG,KSA*,0.56,25,./TestDatasets/MixedWells/TestData_R1_test.fastq,./TestDatasets/MixedWells/TestData_R2_test.fastq
DI03,E11,TGCTACT,GCAATCG,*VRR,1.0,9,./TestDatasets/MixedWells/TestData_R1_test.fastq,./TestDatasets/MixedWells/TestData_R2_test.fastq
DI03,E12,GTGATCC,TGAGTGG,ISWG,0.64,25,./TestDatasets/MixedWells/TestData_R1_test.fastq,./TestDatasets/MixedWells/TestData_R2_test.fastq
DI03,E12,GTGATCC,TGAGTGG,*IVH,0.36,25,./TestDatasets/MixedWells/TestData_R1_test.fastq,./TestDatasets/MixedWells/TestData_R2_test.fastq
DI03,F01,GCATGGT,TAGGAGA,TVVD,0.5,12,./TestDatasets/MixedWells/TestData_R1_test.fastq,./TestDatasets/MixedWells/TestData_R2_test.fastq
DI03,F01,GCATGGT,TAGGAGA,VTWK,0.5,12,./TestDatasets/MixedWells/TestData_R1_test.fastq,./TestDatasets/MixedWells/TestData_R2_test.fastq
DI03,F02,GTCGTTA,AGTCAGT,K*RS,1.0,5,./TestDatasets/MixedWells/TestData_R1_test.fastq,./TestDatasets/MixedWells/TestData_R2_test.fastq
DI03,F03,CCTGACA,GTGCTGT,LKRV,0.1,10,./TestDatasets/MixedWells/TestData_R1_test.fastq,./TestDatasets/MixedWells/TestData_R2_test.fastq
DI03,F03,CCTGACA,GTGCTGT,CAVL,0.9,10,./TestDatasets/MixedWells/TestData_R1_test.fastq,./TestDatasets/MixedWells/TestData_R2_test.fastq
DI03,F04,AGTGTAG,CAACAAC,SIPT,1.0,10,./TestDatasets/MixedWells/TestData_R1_test.fastq,./TestDatasets/MixedWells/TestData_R2_test.fastq
DI03,F05,CGAGCAA,AATAGCC,IRQI,0.3333333333333333,6,./TestDatasets/MixedWells/TestData_R1_test.fastq,./TestDatasets/MixedWells/TestData_R2_test.fastq
DI03,F05,CGAGCAA,AATAGCC,TLST,0.6666666666666666,6,./TestDatasets/MixedWells/TestData_R1_test.fastq,./TestDatasets/MixedWells/TestData_R2_test.fastq
DI03,F06,CTACTCC,TCTGTGA,GLIR,0.46153846153846156,13,./TestDatasets/MixedWells/TestData_R1_test.fastq,./TestDatasets/MixedWells/TestData_R2_test.fastq
DI03,F06,CTACTCC,TCTGTGA,KL**,0.5384615384615384,13,./TestDatasets/MixedWells/TestData_R1_test.fastq,./TestDatasets/MixedWells/TestData_R2_test.fastq
DI03,F07,GATGCCA,TGTGGTA,KTVA,0.5238095238095238,21,./TestDatasets/MixedWells/TestData_R1_test.fastq,./TestDatasets/MixedWells/TestData_R2_test.fastq
DI03,F07,GATGCCA,TGTGGTA,FSES,0.47619047619047616,21,./TestDatasets/MixedWells/TestData_R1_test.fastq,./TestDatasets/MixedWells/TestData_R2_test.fastq
DI03,F08,GACCGAT,GCGTATG,R*GD,0.18181818181818182,11,./TestDatasets/MixedWells/TestData_R1_test.fastq,./TestDatasets/MixedWells/TestData_R2_test.fastq
DI03,F08,GACCGAT,GCGTATG,EETM,0.8181818181818182,11,./TestDatasets/MixedWells/TestData_R1_test.fastq,./TestDatasets/MixedWells/TestData_R2_test.fastq
DI03,F09,ACGTTGG,AGTTACG,IKDL,0.26666666666666666,15,./TestDatasets/MixedWells/TestData_R1_test.fastq,./TestDatasets/MixedWells/TestData_R2_test.fastq
DI03,F09,ACGTTGG,AGTTACG,GLVR,0.7333333333333333,15,./TestDatasets/MixedWells/TestData_R1_test.fastq,./TestDatasets/MixedWells/TestData_R2_test.fastq
DI03,F10,ATGAGCG,TTCCTGC,QRYR,0.5925925925925926,27,./TestDatasets/MixedWells/TestData_R1_test.fastq,./TestDatasets/MixedWells/TestData_R2_test.fastq
DI03,F10,ATGAGCG,TTCCTGC,AEPV,0.4074074074074074,27,./TestDatasets/MixedWells/TestData_R1_test.fastq,./TestDatasets/MixedWells/TestData_R2_test.fastq
DI03,F11,TACTCCG,TATGTCG,LDNP,1.0,12,./TestDatasets/MixedWells/TestData_R1_test.fastq,./TestDatasets/MixedWells/TestData_R2_test.fastq
DI03,F12,GATTCAC,GGAGAGA,EHSL,1.0,10,./TestDatasets/MixedWells/TestData_R1_test.fastq,./TestDatasets/MixedWells/TestData_R2_test.fastq
DI03,G01,ATGACGC,CCTTAGG,SADP,0.29411764705882354,17,./TestDatasets/MixedWells/TestData_R1_test.fastq,./TestDatasets/MixedWells/TestData_R2_test.fastq
DI03,G01,ATGACGC,CCTTAGG,MYHV,0.7058823529411765,17,./TestDatasets/MixedWells/TestData_R1_test.fastq,./TestDatasets/MixedWells/TestData_R2_test.fastq
DI03,G02,GGTTGTT,TGTATCC,EIGQ,0.6111111111111112,18,./TestDatasets/MixedWells/TestData_R1_test.fastq,./TestDatasets/MixedWells/TestData_R2_test.fastq
DI03,G02,GGTTGTT,TGTATCC,RGRS,0.3888888888888889,18,./TestDatasets/MixedWells/TestData_R1_test.fastq,./TestDatasets/MixedWells/TestData_R2_test.fastq
DI03,G03,GTACTTG,CAACCTG,PSRT,0.4666666666666667,30,./TestDatasets/MixedWells/TestData_R1_test.fastq,./TestDatasets/MixedWells/TestData_R2_test.fastq
DI03,G03,GTACTTG,CAACCTG,QLSM,0.5333333333333333,30,./TestDatasets/MixedWells/TestData_R1_test.fastq,./TestDatasets/MixedWells/TestData_R2_test.fastq
DI03,G04,TAGCAAG,CTGATGA,LEGH,0.6923076923076923,13,./TestDatasets/MixedWells/TestData_R1_test.fastq,./TestDatasets/MixedWells/TestData_R2_test.fastq
DI03,G04,TAGCAAG,CTGATGA,IRQV,0.3076923076923077,13,./TestDatasets/MixedWells/TestData_R1_test.fastq,./TestDatasets/MixedWells/TestData_R2_test.fastq
DI03,G05,CTGCCAT,AAGACAG,RFLK,1.0,19,./TestDatasets/MixedWells/TestData_R1_test.fastq,./TestDatasets/MixedWells/TestData_R2_test.fastq
DI03,G06,GAGAACA,AGCTCGT,VLER,0.6,10,./TestDatasets/MixedWells/TestData_R1_test.fastq,./TestDatasets/MixedWells/TestData_R2_test.fastq
DI03,G06,GAGAACA,AGCTCGT,EAVA,0.4,10,./TestDatasets/MixedWells/TestData_R1_test.fastq,./TestDatasets/MixedWells/TestData_R2_test.fastq
DI03,G07,GTATAGC,GATTGCG,SHKV,0.2857142857142857,21,./TestDatasets/MixedWells/TestData_R1_test.fastq,./TestDatasets/MixedWells/TestData_R2_test.fastq
DI03,G07,GTATAGC,GATTGCG,IVAE,0.7142857142857143,21,./TestDatasets/MixedWells/TestData_R1_test.fastq,./TestDatasets/MixedWells/TestData_R2_test.fastq
DI03,G08,TGATGGA,TCCTTCA,STYP,1.0,10,./TestDatasets/MixedWells/TestData_R1_test.fastq,./TestDatasets/MixedWells/TestData_R2_test.fastq
DI03,G09,GGCAGTA,TCACAGG,LNNA,1.0,8,./TestDatasets/MixedWells/TestData_R1_test.fastq,./TestDatasets/MixedWells/TestData_R2_test.fastq
DI03,G10,GAAGAAG,AGAGCTG,PGSR,0.75,4,./TestDatasets/MixedWells/TestData_R1_test.fastq,./TestDatasets/MixedWells/TestData_R2_test.fastq
DI03,G10,GAAGAAG,AGAGCTG,LIGS,0.25,4,./TestDatasets/MixedWells/TestData_R1_test.fastq,./TestDatasets/MixedWells/TestData_R2_test.fastq
DI03,G11,AGCGGTT,CCTCTGT,REWV,1.0,5,./TestDatasets/MixedWells/TestData_R1_test.fastq,./TestDatasets/MixedWells/TestData_R2_test.fastq
DI03,G12,TAAGGCC,CCTCGAA,RALS,0.5,18,./TestDatasets/MixedWells/TestData_R1_test.fastq,./TestDatasets/MixedWells/TestData_R2_test.fastq
DI03,G12,TAAGGCC,CCTCGAA,DM*Q,0.5,18,./TestDatasets/MixedWells/TestData_R1_test.fastq,./TestDatasets/MixedWells/TestData_R2_test.fastq
DI03,H01,AACCTGT,GTGTCTC,ASWS,0.8181818181818182,11,./TestDatasets/MixedWells/TestData_R1_test.fastq,./TestDatasets/MixedWells/TestData_R2_test.fastq
DI03,H01,AACCTGT,GTGTCTC,AYQG,0.18181818181818182,11,./TestDatasets/MixedWells/TestData_R1_test.fastq,./TestDatasets/MixedWells/TestData_R2_test.fastq
DI03,H02,AGTACAC,ATTGAGG,DHAV,0.6363636363636364,11,./TestDatasets/MixedWells/TestData_R1_test.fastq,./TestDatasets/MixedWells/TestData_R2_test.fastq
DI03,H02,AGTACAC,ATTGAGG,LNKI,0.36363636363636365,11,./TestDatasets/MixedWells/TestData_R1_test.fastq,./TestDatasets/MixedWells/TestData_R2_test.fastq
DI03,H03,CTCGTAG,GACAATC,VYKW,1.0,9,./TestDatasets/MixedWells/TestData_R1_test.fastq,./TestDatasets/MixedWells/TestData_R2_test.fastq
DI03,H04,CTAGGTG,CACTTGC,YRAH,1.0,2,./TestDatasets/MixedWells/TestData_R1_test.fastq,./TestDatasets/MixedWells/TestData_R2_test.fastq
DI03,H05,CGATACC,TGAACGC,PLFC,0.125,16,./TestDatasets/MixedWells/TestData_R1_test.fastq,./TestDatasets/MixedWells/TestData_R2_test.fastq
DI03,H05,CGATACC,TGAACGC,QRFI,0.875,16,./TestDatasets/MixedWells/TestData_R1_test.fastq,./TestDatasets/MixedWells/TestData_R2_test.fastq
DI03,H06,TCGGCTA,CGTAGCA,SESN,0.5,8,./TestDatasets/MixedWells/TestData_R1_test.fastq,./TestDatasets/MixedWells/TestData_R2_test.fastq
DI03,H06,TCGGCTA,CGTAGCA,CLIS,0.5,8,./TestDatasets/MixedWells/TestData_R1_test.fastq,./TestDatasets/MixedWells/TestData_R2_test.fastq
DI03,H07,CGGTTGT,AGGTTCC,LIVE,0.16666666666666666,18,./TestDatasets/MixedWells/TestData_R1_test.fastq,./TestDatasets/MixedWells/TestData_R2_test.fastq
DI03,H07,CGGTTGT,AGGTTCC,LRHV,0.8333333333333334,18,./TestDatasets/MixedWells/TestData_R1_test.fastq,./TestDatasets/MixedWells/TestData_R2_test.fastq
DI03,H08,ATTGCCT,GTACACA,WIIR,0.4375,16,./TestDatasets/MixedWells/TestData_R1_test.fastq,./TestDatasets/MixedWells/TestData_R2_test.fastq
DI03,H08,ATTGCCT,GTACACA,TMEG,0.5625,16,./TestDatasets/MixedWells/TestData_R1_test.fastq,./TestDatasets/MixedWells/TestData_R2_test.fastq
DI03,H09,CATTCGA,GATAGGT,HHDP,0.5,20,./TestDatasets/MixedWells/TestData_R1_test.fastq,./TestDatasets/MixedWells/TestData_R2_test.fastq
DI03,H09,CATTCGA,GATAGGT,GASS,0.5,20,./TestDatasets/MixedWells/TestData_R1_test.fastq,./TestDatasets/MixedWells/TestData_R2_test.fastq
DI03,H10,GCACAAT,TAGCCTC,RVCL,1.0,10,./TestDatasets/MixedWells/TestData_R1_test.fastq,./TestDatasets/MixedWells/TestData_R2_test.fastq
DI03,H11,GCAGTAA,TTCAGCC,S*YT,0.8461538461538461,13,./TestDatasets/MixedWells/TestData_R1_test.fastq,./TestDatasets/MixedWells/TestData_R2_test.fastq
DI03,H11,GCAGTAA,TTCAGCC,GQTR,0.15384615384615385,13,./TestDatasets/MixedWells/TestData_R1_test.fastq,./TestDatasets/MixedWells/TestData_R2_test.fastq
DI03,H12,CCTAATC,GGATTCA,GDSL,1.0,7,./TestDatasets/MixedWells/TestData_R1_test.fastq,./TestDatasets/MixedWells/TestData_R2_test.fastq
DI03,A12,TGCACCA,TCGAGCT,DQLG,1.0,11,./TestDatasets/MixedWells/TestData_R1_test.fastq,./TestDatasets/MixedWells/TestData_R2_test.fastq
DI03,D04,TTCTCAC,GGTGTCT,NDG*,1.0,3,./TestDatasets/MixedWells/TestData_R1_test.fastq,./TestDatasets/MixedWells/TestData_R2_test.fastq
