Plate,Well,F-BC,R-BC,VariantCombo,AlignmentFrequency,WellSeqDepth,R1,R2
DI08,A01,GATCATG,AGTTGGC,EELL,0.38461538461538464,13,./TestDatasets/MixedWells/TestData_R1_test.fastq,./TestDatasets/MixedWells/TestData_R2_test.fastq
DI08,A01,GATCATG,AGTTGGC,LGSL,0.6153846153846154,13,./TestDatasets/MixedWells/TestData_R1_test.fastq,./TestDatasets/MixedWells/TestData_R2_test.fastq
DI08,A02,TACATGG,AACGATG,RGLS,0.5,10,./TestDatasets/MixedWells/TestData_R1_test.fastq,./TestDatasets/MixedWells/TestData_R2_test.fastq
DI08,A02,TACATGG,AACGATG,PKRR,0.5,10,./TestDatasets/MixedWells/TestData_R1_test.fastq,./TestDatasets/MixedWells/TestData_R2_test.fastq
DI08,A03,AAGCACC,ACTACCG,MLKA,0.5833333333333334,24,./TestDatasets/MixedWells/TestData_R1_test.fastq,./TestDatasets/MixedWells/TestData_R2_test.fastq
DI08,A03,AAGCACC,ACTACCG,PGI*,0.4166666666666667,24,./TestDatasets/MixedWells/TestData_R1_test.fastq,./TestDatasets/MixedWells/TestData_R2_test.fastq
DI08,A04,TGGCTCA,GGTGTCT,YSTF,0.6666666666666666,9,./TestDatasets/MixedWells/TestData_R1_test.fastq,./TestDatasets/MixedWells/TestData_R2_test.fastq
DI08,A04,TGGCTCA,GGTGTCT,S*GI,0.3333333333333333,9,./TestDatasets/MixedWells/TestData_R1_test.fastq,./TestDatasets/MixedWells/TestData_R2_test.fastq
DI08,A05,CTTGCTC,CCAGCTT,GSVI,1.0,1,./TestDatasets/MixedWells/TestData_R1_test.fastq,./TestDatasets/MixedWells/TestData_R2_test.fastq
DI08,A06,GAAGCGT,TTAGACG,IVLI,0.6428571428571429,14,./TestDatasets/MixedWells/TestData_R1_test.fastq,./TestDatasets/MixedWells/TestData_R2_test.fastq
DI08,A06,GAAGCGT,TTAGACG,QDGR,0.35714285714285715,14,./TestDatasets/MixedWells/TestData_R1_test.fastq,./TestDatasets/MixedWells/TestData_R2_test.fastq
DI08,A07,TCTCCAT,ACCATAC,SAP*,0.7,20,./TestDatasets/MixedWells/TestData_R1_test.fastq,./TestDatasets/MixedWells/TestData_R2_test.fastq
DI08,A07,TCTCCAT,ACCATAC,PVER,0.3,20,./TestDatasets/MixedWells/TestData_R1_test.fastq,./TestDatasets/MixedWells/TestData_R2_test.fastq
DI08,A08,TTGAAGG,GACGACT,MDPR,1.0,7,./TestDatasets/MixedWells/TestData_R1_test.fastq,./TestDatasets/MixedWells/TestData_R2_test.fastq
DI08,A09,GAATGTC,GTCACCT,R*SG,0.5789473684210527,19,./TestDatasets/MixedWells/TestData_R1_test.fastq,./TestDatasets/MixedWells/TestData_R2_test.fastq
DI08,A09,GAATGTC,GTCACCT,CQTI,0.42105263157894735,19,./TestDatasets/MixedWells/TestData_R1_test.fastq,./TestDatasets/MixedWells/TestData_R2_test.fastq
DI08,A10,ATCTCCA,CGTGATG,PKVV,0.3,10,./TestDatasets/MixedWells/TestData_R1_test.fastq,./TestDatasets/MixedWells/TestData_R2_test.fastq
DI08,A10,ATCTCCA,CGTGATG,RVFF,0.7,10,./TestDatasets/MixedWells/TestData_R1_test.fastq,./TestDatasets/MixedWells/TestData_R2_test.fastq
DI08,A11,GCGTTAT,GCTTCCT,*FQH,0.75,20,./TestDatasets/MixedWells/TestData_R1_test.fastq,./TestDatasets/MixedWells/TestData_R2_test.fastq
DI08,A11,GCGTTAT,GCTTCCT,SPAR,0.25,20,./TestDatasets/MixedWells/TestData_R1_test.fastq,./TestDatasets/MixedWells/TestData_R2_test.fastq
DI08,A12,TGCACCA,TAGACGT,GLNE,0.8,20,./TestDatasets/MixedWells/TestData_R1_test.fastq,./TestDatasets/MixedWells/TestData_R2_test.fastq
DI08,A12,TGCACCA,TAGACGT,VI*T,0.2,20,./TestDatasets/MixedWells/TestData_R1_test.fastq,./TestDatasets/MixedWells/TestData_R2_test.fastq
DI08,B01,TGCCTAT,CGGACTT,AYAL,0.3333333333333333,27,./TestDatasets/MixedWells/TestData_R1_test.fastq,./TestDatasets/MixedWells/TestData_R2_test.fastq
DI08,B01,TGCCTAT,CGGACTT,DRID,0.6666666666666666,27,./TestDatasets/MixedWells/TestData_R1_test.fastq,./TestDatasets/MixedWells/TestData_R2_test.fastq
DI08,B02,AGGAATC,ACCGGAA,GSVP,1.0,12,./TestDatasets/MixedWells/TestData_R1_test.fastq,./TestDatasets/MixedWells/TestData_R2_test.fastq
DI08,B03,TCCACTG,CCGAAGT,*RVY,0.2916666666666667,24,./TestDatasets/MixedWells/TestData_R1_test.fastq,./TestDatasets/MixedWells/TestData_R2_test.fastq
DI08,B03,TCCACTG,CCGAAGT,VFSG,0.7083333333333334,24,./TestDatasets/MixedWells/TestData_R1_test.fastq,./TestDatasets/MixedWells/TestData_R2_test.fastq
DI08,B04,TTGTACC,GTTATGG,IMHA,1.0,7,./TestDatasets/MixedWells/TestData_R1_test.fastq,./TestDatasets/MixedWells/TestData_R2_test.fastq
DI08,B05,TTCGAGT,ATCCTCG,TVTE,0.5,4,./TestDatasets/MixedWells/TestData_R1_test.fastq,./TestDatasets/MixedWells/TestData_R2_test.fastq
DI08,B05,TTCGAGT,ATCCTCG,HSEF,0.5,4,./TestDatasets/MixedWells/TestData_R1_test.fastq,./TestDatasets/MixedWells/TestData_R2_test.fastq
DI08,B06,CTTCAGC,CGAATAG,T*QL,0.38461538461538464,13,./TestDatasets/MixedWells/TestData_R1_test.fastq,./TestDatasets/MixedWells/TestData_R2_test.fastq
DI08,B06,CTTCAGC,CGAATAG,SCRL,0.6153846153846154,13,./TestDatasets/MixedWells/TestData_R1_test.fastq,./TestDatasets/MixedWells/TestData_R2_test.fastq
DI08,B07,CAGTGCA,TATCCGG,QRYV,0.5,22,./TestDatasets/MixedWells/TestData_R1_test.fastq,./TestDatasets/MixedWells/TestData_R2_test.fastq
DI08,B07,CAGTGCA,TATCCGG,CRVI,0.5,22,./TestDatasets/MixedWells/TestData_R1_test.fastq,./TestDatasets/MixedWells/TestData_R2_test.fastq
DI08,B08,TGCTGTC,AGCAAGA,TNKV,0.3125,16,./TestDatasets/MixedWells/TestData_R1_test.fastq,./TestDatasets/MixedWells/TestData_R2_test.fastq
DI08,B08,TGCTGTC,AGCAAGA,CSDG,0.6875,16,./TestDatasets/MixedWells/TestData_R1_test.fastq,./TestDatasets/MixedWells/TestData_R2_test.fastq
DI08,B09,CGCCATT,TGTCGAC,ILGR,0.38095238095238093,21,./TestDatasets/MixedWells/TestData_R1_test.fastq,./TestDatasets/MixedWells/TestData_R2_test.fastq
DI08,B09,CGCCATT,TGTCGAC,SLFF,0.6190476190476191,21,./TestDatasets/MixedWells/TestData_R1_test.fastq,./TestDatasets/MixedWells/TestData_R2_test.fastq
DI08,B10,GCCATGA,TTCCATG,YYGF,0.7333333333333333,15,./TestDatasets/MixedWells/TestData_R1_test.fastq,./TestDatasets/MixedWells/TestData_R2_test.fastq
DI08,B10,GCCATGA,TTCCATG,YNTL,0.26666666666666666,15,./TestDatasets/MixedWells/TestData_R1_test.fastq,./TestDatasets/MixedWells/TestData_R2_test.fastq
DI08,B12,CTTCGCT,TGAGTGG,TLAT,0.5714285714285714,14,./TestDatasets/MixedWells/TestData_R1_test.fastq,./TestDatasets/MixedWells/TestData_R2_test.fastq
DI08,B12,CTTCGCT,TGAGTGG,RSWS,0.42857142857142855,14,./TestDatasets/MixedWells/TestData_R1_test.fastq,./TestDatasets/MixedWells/TestData_R2_test.fastq
DI08,C01,TCGTGAA,TAGGAGA,TRVE,0.4,10,./TestDatasets/MixedWells/TestData_R1_test.fastq,./TestDatasets/MixedWells/TestData_R2_test.fastq
DI08,C01,TCGTGAA,TAGGAGA,FINW,0.6,10,./TestDatasets/MixedWells/TestData_R1_test.fastq,./TestDatasets/MixedWells/TestData_R2_test.fastq
DI08,C02,TTATCGG,AGTCAGT,PMWL,0.75,16,./TestDatasets/MixedWells/TestData_R1_test.fastq,./TestDatasets/MixedWells/TestData_R2_test.fastq
DI08,C02,TTATCGG,AGTCAGT,QCRD,0.25,16,./TestDatasets/MixedWells/TestData_R1_test.fastq,./TestDatasets/MixedWells/TestData_R2_test.fastq
DI08,C03,AGACCAT,GTGCTGT,RPE*,0.7272727272727273,11,./TestDatasets/MixedWells/TestData_R1_test.fastq,./TestDatasets/MixedWells/TestData_R2_test.fastq
DI08,C03,AGACCAT,GTGCTGT,PCSL,0.2727272727272727,11,./TestDatasets/MixedWells/TestData_R1_test.fastq,./TestDatasets/MixedWells/TestData_R2_test.fastq
DI08,C04,ACATGAG,CAACAAC,CQIH,1.0,5,./TestDatasets/MixedWells/TestData_R1_test.fastq,./TestDatasets/MixedWells/TestData_R2_test.fastq
DI08,C05,ACGTACT,AATAGCC,*HSK,0.5,22,./TestDatasets/MixedWells/TestData_R1_test.fastq,./TestDatasets/MixedWells/TestData_R2_test.fastq
DI08,C05,ACGTACT,AATAGCC,RLIT,0.5,22,./TestDatasets/MixedWells/TestData_R1_test.fastq,./TestDatasets/MixedWells/TestData_R2_test.fastq
DI08,C06,CACCTCA,TCTGTGA,SSHT,0.3333333333333333,6,./TestDatasets/MixedWells/TestData_R1_test.fastq,./TestDatasets/MixedWells/TestData_R2_test.fastq
DI08,C06,CACCTCA,TCTGTGA,PGHA,0.6666666666666666,6,./TestDatasets/MixedWells/TestData_R1_test.fastq,./TestDatasets/MixedWells/TestData_R2_test.fastq
DI08,C07,GTTGGAG,TGTGGTA,PPTM,0.6,25,./TestDatasets/MixedWells/TestData_R1_test.fastq,./TestDatasets/MixedWells/TestData_R2_test.fastq
DI08,C07,GTTGGAG,TGTGGTA,HLPI,0.4,25,./TestDatasets/MixedWells/TestData_R1_test.fastq,./TestDatasets/MixedWells/TestData_R2_test.fastq
DI08,C08,TGTTCTG,GCGTATG,TSAG,0.6,25,./TestDatasets/MixedWells/TestData_R1_test.fastq,./TestDatasets/MixedWells/TestData_R2_test.fastq
DI08,C08,TGTTCTG,GCGTATG,SVDT,0.4,25,./TestDatasets/MixedWells/TestData_R1_test.fastq,./TestDatasets/MixedWells/TestData_R2_test.fastq
DI08,C09,CTTACGT,AGTTACG,VESG,0.3125,16,./TestDatasets/MixedWells/TestData_R1_test.fastq,./TestDatasets/MixedWells/TestData_R2_test.fastq
DI08,C09,CTTACGT,AGTTACG,PGSA,0.6875,16,./TestDatasets/MixedWells/TestData_R1_test.fastq,./TestDatasets/MixedWells/TestData_R2_test.fastq
DI08,C10,GAGGTTG,TTCCTGC,RQSN,0.17647058823529413,17,./TestDatasets/MixedWells/TestData_R1_test.fastq,./TestDatasets/MixedWells/TestData_R2_test.fastq
DI08,C10,GAGGTTG,TTCCTGC,DS**,0.8235294117647058,17,./TestDatasets/MixedWells/TestData_R1_test.fastq,./TestDatasets/MixedWells/TestData_R2_test.fastq
DI08,C11,ATGGACA,TATGTCG,IS*Q,0.6153846153846154,13,./TestDatasets/MixedWells/TestData_R1_test.fastq,./TestDatasets/MixedWells/TestData_R2_test.fastq
DI08,C11,ATGGACA,TATGTCG,LKVG,0.38461538461538464,13,./TestDatasets/MixedWells/TestData_R1_test.fastq,./TestDatasets/MixedWells/TestData_R2_test.fastq
DI08,C12,ACACTGA,GGAGAGA,S*AC,0.15789473684210525,19,./TestDatasets/MixedWells/TestData_R1_test.fastq,./TestDatasets/MixedWells/TestData_R2_test.fastq
DI08,C12,ACACTGA,GGAGAGA,HLRH,0.8421052631578947,19,./TestDatasets/MixedWells/TestData_R1_test.fastq,./TestDatasets/MixedWells/TestData_R2_test.fastq
DI08,D01,ATCTGTG,CCTTAGG,LHVI,0.4666666666666667,15,./TestDatasets/MixedWells/TestData_R1_test.fastq,./TestDatasets/MixedWells/TestData_R2_test.fastq
DI08,D01,ATCTGTG,CCTTAGG,*PSD,0.5333333333333333,15,./TestDatasets/MixedWells/TestData_R1_test.fastq,./TestDatasets/MixedWells/TestData_R2_test.fastq
DI08,D02,AATGTGC,TGTATCC,TDTN,1.0,15,./TestDatasets/MixedWells/TestData_R1_test.fastq,./TestDatasets/MixedWells/TestData_R2_test.fastq
DI08,D03,GAGTTGA,CAACCTG,VSCI,0.65,20,./TestDatasets/MixedWells/TestData_R1_test.fastq,./TestDatasets/MixedWells/TestData_R2_test.fastq
DI08,D03,GAGTTGA,CAACCTG,VTHP,0.35,20,./TestDatasets/MixedWells/TestData_R1_test.fastq,./TestDatasets/MixedWells/TestData_R2_test.fastq
DI08,D04,TTCTCAC,CTGATGA,AILH,0.5333333333333333,15,./TestDatasets/MixedWells/TestData_R1_test.fastq,./TestDatasets/MixedWells/TestData_R2_test.fastq
DI08,D04,TTCTCAC,CTGATGA,ERKS,0.4666666666666667,15,./TestDatasets/MixedWells/TestData_R1_test.fastq,./TestDatasets/MixedWells/TestData_R2_test.fastq
DI08,D05,TGAAGCG,AAGACAG,IGAS,0.25,4,./TestDatasets/MixedWells/TestData_R1_test.fastq,./TestDatasets/MixedWells/TestData_R2_test.fastq
DI08,D05,TGAAGCG,AAGACAG,R*AF,0.75,4,./TestDatasets/MixedWells/TestData_R1_test.fastq,./TestDatasets/MixedWells/TestData_R2_test.fastq
DI08,D06,GCTACAA,AGCTCGT,MTRD,0.38095238095238093,21,./TestDatasets/MixedWells/TestData_R1_test.fastq,./TestDatasets/MixedWells/TestData_R2_test.fastq
DI08,D06,GCTACAA,AGCTCGT,FNKG,0.6190476190476191,21,./TestDatasets/MixedWells/TestData_R1_test.fastq,./TestDatasets/MixedWells/TestData_R2_test.fastq
DI08,D07,AGAGAAC,GATTGCG,DNQV,1.0,11,./TestDatasets/MixedWells/TestData_R1_test.fastq,./TestDatasets/MixedWells/TestData_R2_test.fastq
DI08,D08,CAGAGTG,TCCTTCA,RTPQ,0.875,8,./TestDatasets/MixedWells/TestData_R1_test.fastq,./TestDatasets/MixedWells/TestData_R2_test.fastq
DI08,D08,CAGAGTG,TCCTTCA,WLGG,0.125,8,./TestDatasets/MixedWells/TestData_R1_test.fastq,./TestDatasets/MixedWells/TestData_R2_test.fastq
DI08,D09,TTCCGAA,TCACAGG,GIVA,0.8260869565217391,23,./TestDatasets/MixedWells/TestData_R1_test.fastq,./TestDatasets/MixedWells/TestData_R2_test.fastq
DI08,D09,TTCCGAA,TCACAGG,RVSD,0.17391304347826086,23,./TestDatasets/MixedWells/TestData_R1_test.fastq,./TestDatasets/MixedWells/TestData_R2_test.fastq
DI08,D10,GTACGAC,AGAGCTG,SSLL,1.0,16,./TestDatasets/MixedWells/TestData_R1_test.fastq,./TestDatasets/MixedWells/TestData_R2_test.fastq
DI08,D11,ACTCTTG,CCTCTGT,RPLG,0.6956521739130435,23,./TestDatasets/MixedWells/TestData_R1_test.fastq,./TestDatasets/MixedWells/TestData_R2_test.fastq
DI08,D11,ACTCTTG,CCTCTGT,PRQG,0.30434782608695654,23,./TestDatasets/MixedWells/TestData_R1_test.fastq,./TestDatasets/MixedWells/TestData_R2_test.fastq
DI08,D12,CCAACCA,CCTCGAA,ETSI,0.22727272727272727,22,./TestDatasets/MixedWells/TestData_R1_test.fastq,./TestDatasets/MixedWells/TestData_R2_test.fastq
DI08,D12,CCAACCA,CCTCGAA,*ISC,0.7727272727272727,22,./TestDatasets/MixedWells/TestData_R1_test.fastq,./TestDatasets/MixedWells/TestData_R2_test.fastq
DI08,E01,CTCTAGA,GTGTCTC,LHY*,0.47619047619047616,21,./TestDatasets/MixedWells/TestData_R1_test.fastq,./TestDatasets/MixedWells/TestData_R2_test.fastq
DI08,E01,CTCTAGA,GTGTCTC,EYEC,0.5238095238095238,21,./TestDatasets/MixedWells/TestData_R1_test.fastq,./TestDatasets/MixedWells/TestData_R2_test.fastq
DI08,E02,AATCGGA,ATTGAGG,FLET,0.08333333333333333,12,./TestDatasets/MixedWells/TestData_R1_test.fastq,./TestDatasets/MixedWells/TestData_R2_test.fastq
DI08,E02,AATCGGA,ATTGAGG,PEFL,0.9166666666666666,12,./TestDatasets/MixedWells/TestData_R1_test.fastq,./TestDatasets/MixedWells/TestData_R2_test.fastq
DI08,E03,CGTCCTA,GACAATC,QRRY,0.06666666666666667,15,./TestDatasets/MixedWells/TestData_R1_test.fastq,./TestDatasets/MixedWells/TestData_R2_test.fastq
DI08,E03,CGTCCTA,GACAATC,TLLR,0.9333333333333333,15,./TestDatasets/MixedWells/TestData_R1_test.fastq,./TestDatasets/MixedWells/TestData_R2_test.fastq
DI08,E04,GGAATGT,CACTTGC,RDQT,0.6451612903225806,31,./TestDatasets/MixedWells/TestData_R1_test.fastq,./TestDatasets/MixedWells/TestData_R2_test.fastq
DI08,E04,GGAATGT,CACTTGC,PWEP,0.3548387096774194,31,./TestDatasets/MixedWells/TestData_R1_test.fastq,./TestDatasets/MixedWells/TestData_R2_test.fastq
DI08,E05,TCCAAGC,TGAACGC,TLVT,0.75,16,./TestDatasets/MixedWells/TestData_R1_test.fastq,./TestDatasets/MixedWells/TestData_R2_test.fastq
DI08,E05,TCCAAGC,TGAACGC,IYLI,0.25,16,./TestDatasets/MixedWells/TestData_R1_test.fastq,./TestDatasets/MixedWells/TestData_R2_test.fastq
DI08,E07,TTGCGTT,AGGTTCC,ASVN,0.125,8,./TestDatasets/MixedWells/TestData_R1_test.fastq,./TestDatasets/MixedWells/TestData_R2_test.fastq
DI08,E07,TTGCGTT,AGGTTCC,FDSL,0.875,8,./TestDatasets/MixedWells/TestData_R1_test.fastq,./TestDatasets/MixedWells/TestData_R2_test.fastq
DI08,E08,CAGGATT,GTACACA,PMDA,0.6190476190476191,21,./TestDatasets/MixedWells/TestData_R1_test.fastq,./TestDatasets/MixedWells/TestData_R2_test.fastq
DI08,E08,CAGGATT,GTACACA,QS*R,0.38095238095238093,21,./TestDatasets/MixedWells/TestData_R1_test.fastq,./TestDatasets/MixedWells/TestData_R2_test.fastq
DI08,E09,CTGCATA,GATAGGT,SQGD,0.4375,16,./TestDatasets/MixedWells/TestData_R1_test.fastq,./TestDatasets/MixedWells/TestData_R2_test.fastq
DI08,E09,CTGCATA,GATAGGT,VDRS,0.5625,16,./TestDatasets/MixedWells/TestData_R1_test.fastq,./TestDatasets/MixedWells/TestData_R2_test.fastq
DI08,E10,CGTTGAG,TAGCCTC,TLVP,0.3,20,./TestDatasets/MixedWells/TestData_R1_test.fastq,./TestDatasets/MixedWells/TestData_R2_test.fastq
DI08,E10,CGTTGAG,TAGCCTC,DHCL,0.7,20,./TestDatasets/MixedWells/TestData_R1_test.fastq,./TestDatasets/MixedWells/TestData_R2_test.fastq
DI08,E11,TGCTACT,TTCAGCC,QGVL,0.26666666666666666,15,./TestDatasets/MixedWells/TestData_R1_test.fastq,./TestDatasets/MixedWells/TestData_R2_test.fastq
DI08,E11,TGCTACT,TTCAGCC,RCSV,0.7333333333333333,15,./TestDatasets/MixedWells/TestData_R1_test.fastq,./TestDatasets/MixedWells/TestData_R2_test.fastq
DI08,E12,GTGATCC,GGATTCA,ESTQ,0.3103448275862069,29,./TestDatasets/MixedWells/TestData_R1_test.fastq,./TestDatasets/MixedWells/TestData_R2_test.fastq
DI08,E12,GTGATCC,GGATTCA,YLDA,0.6896551724137931,29,./TestDatasets/MixedWells/TestData_R1_test.fastq,./TestDatasets/MixedWells/TestData_R2_test.fastq
DI08,F01,GCATGGT,TGAGCCT,WSYC,0.5185185185185185,27,./TestDatasets/MixedWells/TestData_R1_test.fastq,./TestDatasets/MixedWells/TestData_R2_test.fastq
DI08,F01,GCATGGT,TGAGCCT,SLL*,0.48148148148148145,27,./TestDatasets/MixedWells/TestData_R1_test.fastq,./TestDatasets/MixedWells/TestData_R2_test.fastq
DI08,F02,GTCGTTA,AACGCGA,ARAC,1.0,6,./TestDatasets/MixedWells/TestData_R1_test.fastq,./TestDatasets/MixedWells/TestData_R2_test.fastq
DI08,F04,AGTGTAG,AGCATCT,SIK*,0.7272727272727273,11,./TestDatasets/MixedWells/TestData_R1_test.fastq,./TestDatasets/MixedWells/TestData_R2_test.fastq
DI08,F04,AGTGTAG,AGCATCT,GA*L,0.2727272727272727,11,./TestDatasets/MixedWells/TestData_R1_test.fastq,./TestDatasets/MixedWells/TestData_R2_test.fastq
DI08,F05,CGAGCAA,TTGGTCT,TRPR,0.2222222222222222,18,./TestDatasets/MixedWells/TestData_R1_test.fastq,./TestDatasets/MixedWells/TestData_R2_test.fastq
DI08,F05,CGAGCAA,TTGGTCT,RHDP,0.7777777777777778,18,./TestDatasets/MixedWells/TestData_R1_test.fastq,./TestDatasets/MixedWells/TestData_R2_test.fastq
DI08,F06,CTACTCC,CAAGGAT,VGSN,0.3684210526315789,19,./TestDatasets/MixedWells/TestData_R1_test.fastq,./TestDatasets/MixedWells/TestData_R2_test.fastq
DI08,F06,CTACTCC,CAAGGAT,*ADC,0.631578947368421,19,./TestDatasets/MixedWells/TestData_R1_test.fastq,./TestDatasets/MixedWells/TestData_R2_test.fastq
DI08,F07,GATGCCA,AGACGTC,NWAP,0.8888888888888888,18,./TestDatasets/MixedWells/TestData_R1_test.fastq,./TestDatasets/MixedWells/TestData_R2_test.fastq
DI08,F07,GATGCCA,AGACGTC,SRIV,0.1111111111111111,18,./TestDatasets/MixedWells/TestData_R1_test.fastq,./TestDatasets/MixedWells/TestData_R2_test.fastq
DI08,F08,GACCGAT,AGGTCAA,K*GS,1.0,4,./TestDatasets/MixedWells/TestData_R1_test.fastq,./TestDatasets/MixedWells/TestData_R2_test.fastq
DI08,F09,ACGTTGG,ATGCTAC,VFKR,0.40625,32,./TestDatasets/MixedWells/TestData_R1_test.fastq,./TestDatasets/MixedWells/TestData_R2_test.fastq
DI08,F09,ACGTTGG,ATGCTAC,SFVS,0.59375,32,./TestDatasets/MixedWells/TestData_R1_test.fastq,./TestDatasets/MixedWells/TestData_R2_test.fastq
DI08,F10,ATGAGCG,CTCTGAT,ND*Y,1.0,16,./TestDatasets/MixedWells/TestData_R1_test.fastq,./TestDatasets/MixedWells/TestData_R2_test.fastq
DI08,F11,TACTCCG,TCAAGTC,QSIP,1.0,12,./TestDatasets/MixedWells/TestData_R1_test.fastq,./TestDatasets/MixedWells/TestData_R2_test.fastq
DI08,F12,GATTCAC,TCGAGCT,P*LV,0.45454545454545453,22,./TestDatasets/MixedWells/TestData_R1_test.fastq,./TestDatasets/MixedWells/TestData_R2_test.fastq
DI08,F12,GATTCAC,TCGAGCT,PCRT,0.5454545454545454,22,./TestDatasets/MixedWells/TestData_R1_test.fastq,./TestDatasets/MixedWells/TestData_R2_test.fastq
DI08,G01,ATGACGC,ACAGTCT,VSRY,0.8888888888888888,9,./TestDatasets/MixedWells/TestData_R1_test.fastq,./TestDatasets/MixedWells/TestData_R2_test.fastq
DI08,G01,ATGACGC,ACAGTCT,KARV,0.1111111111111111,9,./TestDatasets/MixedWells/TestData_R1_test.fastq,./TestDatasets/MixedWells/TestData_R2_test.fastq
DI08,G02,GGTTGTT,CAGATAC,NDRG,1.0,2,./TestDatasets/MixedWells/TestData_R1_test.fastq,./TestDatasets/MixedWells/TestData_R2_test.fastq
DI08,G03,GTACTTG,TACGTTC,SSRC,0.1875,16,./TestDatasets/MixedWells/TestData_R1_test.fastq,./TestDatasets/MixedWells/TestData_R2_test.fastq
DI08,G03,GTACTTG,TACGTTC,AYQR,0.8125,16,./TestDatasets/MixedWells/TestData_R1_test.fastq,./TestDatasets/MixedWells/TestData_R2_test.fastq
DI08,G04,TAGCAAG,ACGGTTC,GDGE,0.8125,16,./TestDatasets/MixedWells/TestData_R1_test.fastq,./TestDatasets/MixedWells/TestData_R2_test.fastq
DI08,G04,TAGCAAG,ACGGTTC,AR**,0.1875,16,./TestDatasets/MixedWells/TestData_R1_test.fastq,./TestDatasets/MixedWells/TestData_R2_test.fastq
DI08,G05,CTGCCAT,CATCGTC,LQSI,1.0,10,./TestDatasets/MixedWells/TestData_R1_test.fastq,./TestDatasets/MixedWells/TestData_R2_test.fastq
DI08,G06,GAGAACA,TACGCAT,PLST,1.0,3,./TestDatasets/MixedWells/TestData_R1_test.fastq,./TestDatasets/MixedWells/TestData_R2_test.fastq
DI08,G07,GTATAGC,CTTAGAC,R*CE,1.0,10,./TestDatasets/MixedWells/TestData_R1_test.fastq,./TestDatasets/MixedWells/TestData_R2_test.fastq
DI08,G08,TGATGGA,AACTGAC,*TDR,0.5,2,./TestDatasets/MixedWells/TestData_R1_test.fastq,./TestDatasets/MixedWells/TestData_R2_test.fastq
DI08,G08,TGATGGA,AACTGAC,TCLG,0.5,2,./TestDatasets/MixedWells/TestData_R1_test.fastq,./TestDatasets/MixedWells/TestData_R2_test.fastq
DI08,G09,GGCAGTA,ACTTGCA,FWVA,1.0,1,./TestDatasets/MixedWells/TestData_R1_test.fastq,./TestDatasets/MixedWells/TestData_R2_test.fastq
DI08,G10,GAAGAAG,ACGCGAT,SP*L,1.0,21,./TestDatasets/MixedWells/TestData_R1_test.fastq,./TestDatasets/MixedWells/TestData_R2_test.fastq
DI08,G11,AGCGGTT,TCGACAC,G*VN,1.0,17,./TestDatasets/MixedWells/TestData_R1_test.fastq,./TestDatasets/MixedWells/TestData_R2_test.fastq
DI08,G12,TAAGGCC,ACTCAAC,RATT,1.0,4,./TestDatasets/MixedWells/TestData_R1_test.fastq,./TestDatasets/MixedWells/TestData_R2_test.fastq
DI08,H01,AACCTGT,GAACTGC,VPSI,1.0,18,./TestDatasets/MixedWells/TestData_R1_test.fastq,./TestDatasets/MixedWells/TestData_R2_test.fastq
DI08,H02,AGTACAC,ACCAGGT,R*AI,0.5,12,./TestDatasets/MixedWells/TestData_R1_test.fastq,./TestDatasets/MixedWells/TestData_R2_test.fastq
DI08,H02,AGTACAC,ACCAGGT,SYDE,0.5,12,./TestDatasets/MixedWells/TestData_R1_test.fastq,./TestDatasets/MixedWells/TestData_R2_test.fastq
DI08,H03,CTCGTAG,TCTAGAG,ATRE,0.5714285714285714,28,./TestDatasets/MixedWells/TestData_R1_test.fastq,./TestDatasets/MixedWells/TestData_R2_test.fastq
DI08,H03,CTCGTAG,TCTAGAG,TGCL,0.42857142857142855,28,./TestDatasets/MixedWells/TestData_R1_test.fastq,./TestDatasets/MixedWells/TestData_R2_test.fastq
DI08,H04,CTAGGTG,CACACAA,SNKC,0.75,4,./TestDatasets/MixedWells/TestData_R1_test.fastq,./TestDatasets/MixedWells/TestData_R2_test.fastq
DI08,H04,CTAGGTG,CACACAA,TGSN,0.25,4,./TestDatasets/MixedWells/TestData_R1_test.fastq,./TestDatasets/MixedWells/TestData_R2_test.fastq
DI08,H05,CGATACC,GTGGAAC,MTSF,0.6,10,./TestDatasets/MixedWells/TestData_R1_test.fastq,./TestDatasets/MixedWells/TestData_R2_test.fastq
DI08,H05,CGATACC,GTGGAAC,DGPQ,0.4,10,./TestDatasets/MixedWells/TestData_R1_test.fastq,./TestDatasets/MixedWells/TestData_R2_test.fastq
DI08,H06,TCGGCTA,ATATGCC,GTLP,0.1111111111111111,9,./TestDatasets/MixedWells/TestData_R1_test.fastq,./TestDatasets/MixedWells/TestData_R2_test.fastq
DI08,H06,TCGGCTA,ATATGCC,APPG,0.8888888888888888,9,./TestDatasets/MixedWells/TestData_R1_test.fastq,./TestDatasets/MixedWells/TestData_R2_test.fastq
DI08,H07,CGGTTGT,GGTCTGA,LRYA,0.46153846153846156,26,./TestDatasets/MixedWells/TestData_R1_test.fastq,./TestDatasets/MixedWells/TestData_R2_test.fastq
DI08,H07,CGGTTGT,GGTCTGA,MGTE,0.5384615384615384,26,./TestDatasets/MixedWells/TestData_R1_test.fastq,./TestDatasets/MixedWells/TestData_R2_test.fastq
DI08,H08,ATTGCCT,GTGAGAT,*NHC,0.42857142857142855,28,./TestDatasets/MixedWells/TestData_R1_test.fastq,./TestDatasets/MixedWells/TestData_R2_test.fastq
DI08,H08,ATTGCCT,GTGAGAT,TAYG,0.5714285714285714,28,./TestDatasets/MixedWells/TestData_R1_test.fastq,./TestDatasets/MixedWells/TestData_R2_test.fastq
DI08,H10,GCACAAT,ATGCCTG,CFIE,0.7647058823529411,17,./TestDatasets/MixedWells/TestData_R1_test.fastq,./TestDatasets/MixedWells/TestData_R2_test.fastq
DI08,H10,GCACAAT,ATGCCTG,*PSF,0.23529411764705882,17,./TestDatasets/MixedWells/TestData_R1_test.fastq,./TestDatasets/MixedWells/TestData_R2_test.fastq
DI08,H11,GCAGTAA,TCCGAAG,SRRR,0.8,20,./TestDatasets/MixedWells/TestData_R1_test.fastq,./TestDatasets/MixedWells/TestData_R2_test.fastq
DI08,H11,GCAGTAA,TCCGAAG,ELTK,0.2,20,./TestDatasets/MixedWells/TestData_R1_test.fastq,./TestDatasets/MixedWells/TestData_R2_test.fastq
DI08,H12,CCTAATC,GGCTTAC,LANW,0.6470588235294118,34,./TestDatasets/MixedWells/TestData_R1_test.fastq,./TestDatasets/MixedWells/TestData_R2_test.fastq
DI08,H12,CCTAATC,GGCTTAC,PLIA,0.35294117647058826,34,./TestDatasets/MixedWells/TestData_R1_test.fastq,./TestDatasets/MixedWells/TestData_R2_test.fastq
