Plate,Well,F-BC,R-BC,VariantCombo,AlignmentFrequency,WellSeqDepth,R1,R2,logseqdepth
DI05,A01,GATCATG,CCTTAGG,WYQV,0.5,6,./TestDatasets/MixedWells/TestData_R1_test.fastq,./TestDatasets/MixedWells/TestData_R2_test.fastq,1.791759469228055
DI05,A01,GATCATG,CCTTAGG,VSTS,0.5,6,./TestDatasets/MixedWells/TestData_R1_test.fastq,./TestDatasets/MixedWells/TestData_R2_test.fastq,1.791759469228055
DI05,A02,TACATGG,TGTATCC,YMSP,0.8333333333333334,6,./TestDatasets/MixedWells/TestData_R1_test.fastq,./TestDatasets/MixedWells/TestData_R2_test.fastq,1.791759469228055
DI05,A03,AAGCACC,CAACCTG,*EDQ,1.0,3,./TestDatasets/MixedWells/TestData_R1_test.fastq,./TestDatasets/MixedWells/TestData_R2_test.fastq,1.0986122886681098
DI05,A04,TGGCTCA,CTGATGA,IHAL,0.9166666666666666,12,./TestDatasets/MixedWells/TestData_R1_test.fastq,./TestDatasets/MixedWells/TestData_R2_test.fastq,2.4849066497880004
DI05,A05,CTTGCTC,AAGACAG,HIRD,0.5,8,./TestDatasets/MixedWells/TestData_R1_test.fastq,./TestDatasets/MixedWells/TestData_R2_test.fastq,2.0794415416798357
DI05,A05,CTTGCTC,AAGACAG,RALR,0.5,8,./TestDatasets/MixedWells/TestData_R1_test.fastq,./TestDatasets/MixedWells/TestData_R2_test.fastq,2.0794415416798357
DI05,A06,GAAGCGT,AGCTCGT,TLRL,0.6818181818181818,22,./TestDatasets/MixedWells/TestData_R1_test.fastq,./TestDatasets/MixedWells/TestData_R2_test.fastq,3.091042453358316
DI05,A07,TCTCCAT,GATTGCG,TVFA,0.625,8,./TestDatasets/MixedWells/TestData_R1_test.fastq,./TestDatasets/MixedWells/TestData_R2_test.fastq,2.0794415416798357
DI05,A08,TTGAAGG,TCCTTCA,GRFA,0.5,16,./TestDatasets/MixedWells/TestData_R1_test.fastq,./TestDatasets/MixedWells/TestData_R2_test.fastq,2.772588722239781
DI05,A08,TTGAAGG,TCCTTCA,RF*T,0.5,16,./TestDatasets/MixedWells/TestData_R1_test.fastq,./TestDatasets/MixedWells/TestData_R2_test.fastq,2.772588722239781
DI05,A09,GAATGTC,TCACAGG,WLR*,0.875,8,./TestDatasets/MixedWells/TestData_R1_test.fastq,./TestDatasets/MixedWells/TestData_R2_test.fastq,2.0794415416798357
DI05,A11,GCGTTAT,CCTCTGT,SRGI,0.6666666666666666,9,./TestDatasets/MixedWells/TestData_R1_test.fastq,./TestDatasets/MixedWells/TestData_R2_test.fastq,2.1972245773362196
DI05,A12,TGCACCA,CCTCGAA,SVGL,0.6,25,./TestDatasets/MixedWells/TestData_R1_test.fastq,./TestDatasets/MixedWells/TestData_R2_test.fastq,3.2188758248682006
DI05,B01,TGCCTAT,GTGTCTC,RNAS,0.5384615384615384,13,./TestDatasets/MixedWells/TestData_R1_test.fastq,./TestDatasets/MixedWells/TestData_R2_test.fastq,2.5649493574615367
DI05,B02,AGGAATC,ATTGAGG,GH*K,0.5625,16,./TestDatasets/MixedWells/TestData_R1_test.fastq,./TestDatasets/MixedWells/TestData_R2_test.fastq,2.772588722239781
DI05,B03,TCCACTG,GACAATC,ITYN,1.0,3,./TestDatasets/MixedWells/TestData_R1_test.fastq,./TestDatasets/MixedWells/TestData_R2_test.fastq,1.0986122886681098
DI05,B04,TTGTACC,CACTTGC,GAEY,1.0,4,./TestDatasets/MixedWells/TestData_R1_test.fastq,./TestDatasets/MixedWells/TestData_R2_test.fastq,1.3862943611198906
DI05,B05,TTCGAGT,TGAACGC,WGSP,1.0,12,./TestDatasets/MixedWells/TestData_R1_test.fastq,./TestDatasets/MixedWells/TestData_R2_test.fastq,2.4849066497880004
DI05,B06,CTTCAGC,CGTAGCA,DGRR,0.5333333333333333,15,./TestDatasets/MixedWells/TestData_R1_test.fastq,./TestDatasets/MixedWells/TestData_R2_test.fastq,2.70805020110221
DI05,B07,CAGTGCA,AGGTTCC,NVKL,0.5416666666666666,24,./TestDatasets/MixedWells/TestData_R1_test.fastq,./TestDatasets/MixedWells/TestData_R2_test.fastq,3.1780538303479458
DI05,B08,TGCTGTC,GTACACA,PGLV,0.5,26,./TestDatasets/MixedWells/TestData_R1_test.fastq,./TestDatasets/MixedWells/TestData_R2_test.fastq,3.258096538021482
DI05,B08,TGCTGTC,GTACACA,RHVA,0.5,26,./TestDatasets/MixedWells/TestData_R1_test.fastq,./TestDatasets/MixedWells/TestData_R2_test.fastq,3.258096538021482
DI05,B09,CGCCATT,GATAGGT,QTRK,0.75,12,./TestDatasets/MixedWells/TestData_R1_test.fastq,./TestDatasets/MixedWells/TestData_R2_test.fastq,2.4849066497880004
DI05,B10,GCCATGA,TAGCCTC,ACVR,0.6111111111111112,18,./TestDatasets/MixedWells/TestData_R1_test.fastq,./TestDatasets/MixedWells/TestData_R2_test.fastq,2.8903717578961645
DI05,B12,CTTCGCT,GGATTCA,IRPH,0.5454545454545454,11,./TestDatasets/MixedWells/TestData_R1_test.fastq,./TestDatasets/MixedWells/TestData_R2_test.fastq,2.3978952727983707
DI05,C01,TCGTGAA,TGAGCCT,NLPQ,1.0,22,./TestDatasets/MixedWells/TestData_R1_test.fastq,./TestDatasets/MixedWells/TestData_R2_test.fastq,3.091042453358316
DI05,C02,TTATCGG,AACGCGA,AR*L,0.8571428571428571,14,./TestDatasets/MixedWells/TestData_R1_test.fastq,./TestDatasets/MixedWells/TestData_R2_test.fastq,2.6390573296152584
DI05,C03,AGACCAT,TCATTGC,LKDK,0.7222222222222222,18,./TestDatasets/MixedWells/TestData_R1_test.fastq,./TestDatasets/MixedWells/TestData_R2_test.fastq,2.8903717578961645
DI05,C04,ACATGAG,AGCATCT,V*LA,0.5,8,./TestDatasets/MixedWells/TestData_R1_test.fastq,./TestDatasets/MixedWells/TestData_R2_test.fastq,2.0794415416798357
DI05,C04,ACATGAG,AGCATCT,KTYQ,0.5,8,./TestDatasets/MixedWells/TestData_R1_test.fastq,./TestDatasets/MixedWells/TestData_R2_test.fastq,2.0794415416798357
DI05,C05,ACGTACT,TTGGTCT,IIQF,0.6,5,./TestDatasets/MixedWells/TestData_R1_test.fastq,./TestDatasets/MixedWells/TestData_R2_test.fastq,1.6094379124341003
DI05,C06,CACCTCA,CAAGGAT,G*VA,0.6190476190476191,21,./TestDatasets/MixedWells/TestData_R1_test.fastq,./TestDatasets/MixedWells/TestData_R2_test.fastq,3.044522437723423
DI05,C08,TGTTCTG,AGGTCAA,*EIP,1.0,1,./TestDatasets/MixedWells/TestData_R1_test.fastq,./TestDatasets/MixedWells/TestData_R2_test.fastq,0.0
DI05,C09,CTTACGT,ATGCTAC,HKDN,0.8333333333333334,12,./TestDatasets/MixedWells/TestData_R1_test.fastq,./TestDatasets/MixedWells/TestData_R2_test.fastq,2.4849066497880004
DI05,C10,GAGGTTG,CTCTGAT,PVSA,0.5714285714285714,14,./TestDatasets/MixedWells/TestData_R1_test.fastq,./TestDatasets/MixedWells/TestData_R2_test.fastq,2.6390573296152584
DI05,C11,ATGGACA,TCAAGTC,AKTH,0.5,4,./TestDatasets/MixedWells/TestData_R1_test.fastq,./TestDatasets/MixedWells/TestData_R2_test.fastq,1.3862943611198906
DI05,C11,ATGGACA,TCAAGTC,GASR,0.5,4,./TestDatasets/MixedWells/TestData_R1_test.fastq,./TestDatasets/MixedWells/TestData_R2_test.fastq,1.3862943611198906
DI05,C12,ACACTGA,TCGAGCT,SGGR,1.0,9,./TestDatasets/MixedWells/TestData_R1_test.fastq,./TestDatasets/MixedWells/TestData_R2_test.fastq,2.1972245773362196
DI05,D01,ATCTGTG,ACAGTCT,PES*,1.0,4,./TestDatasets/MixedWells/TestData_R1_test.fastq,./TestDatasets/MixedWells/TestData_R2_test.fastq,1.3862943611198906
DI05,D02,AATGTGC,CAGATAC,PILS,0.75,4,./TestDatasets/MixedWells/TestData_R1_test.fastq,./TestDatasets/MixedWells/TestData_R2_test.fastq,1.3862943611198906
DI05,D03,GAGTTGA,TACGTTC,PS*N,1.0,7,./TestDatasets/MixedWells/TestData_R1_test.fastq,./TestDatasets/MixedWells/TestData_R2_test.fastq,1.9459101490553132
DI05,D04,TTCTCAC,ACGGTTC,WELH,1.0,9,./TestDatasets/MixedWells/TestData_R1_test.fastq,./TestDatasets/MixedWells/TestData_R2_test.fastq,2.1972245773362196
DI05,D05,TGAAGCG,CATCGTC,CRSI,1.0,12,./TestDatasets/MixedWells/TestData_R1_test.fastq,./TestDatasets/MixedWells/TestData_R2_test.fastq,2.4849066497880004
DI05,D06,GCTACAA,TACGCAT,N*RH,0.9375,16,./TestDatasets/MixedWells/TestData_R1_test.fastq,./TestDatasets/MixedWells/TestData_R2_test.fastq,2.772588722239781
DI05,D07,AGAGAAC,CTTAGAC,ALSS,0.75,8,./TestDatasets/MixedWells/TestData_R1_test.fastq,./TestDatasets/MixedWells/TestData_R2_test.fastq,2.0794415416798357
DI05,D08,CAGAGTG,AACTGAC,AVKR,1.0,16,./TestDatasets/MixedWells/TestData_R1_test.fastq,./TestDatasets/MixedWells/TestData_R2_test.fastq,2.772588722239781
DI05,D09,TTCCGAA,ACTTGCA,SLDR,0.5925925925925926,27,./TestDatasets/MixedWells/TestData_R1_test.fastq,./TestDatasets/MixedWells/TestData_R2_test.fastq,3.295836866004329
DI05,D10,GTACGAC,ACGCGAT,NAPA,0.6,25,./TestDatasets/MixedWells/TestData_R1_test.fastq,./TestDatasets/MixedWells/TestData_R2_test.fastq,3.2188758248682006
DI05,D11,ACTCTTG,TCGACAC,FD*P,0.53125,32,./TestDatasets/MixedWells/TestData_R1_test.fastq,./TestDatasets/MixedWells/TestData_R2_test.fastq,3.4657359027997265
DI05,D12,CCAACCA,ACTCAAC,HPVT,1.0,1,./TestDatasets/MixedWells/TestData_R1_test.fastq,./TestDatasets/MixedWells/TestData_R2_test.fastq,0.0
DI05,E01,CTCTAGA,GAACTGC,W*IM,1.0,12,./TestDatasets/MixedWells/TestData_R1_test.fastq,./TestDatasets/MixedWells/TestData_R2_test.fastq,2.4849066497880004
DI05,E02,AATCGGA,ACCAGGT,AGKM,0.5,30,./TestDatasets/MixedWells/TestData_R1_test.fastq,./TestDatasets/MixedWells/TestData_R2_test.fastq,3.4011973816621555
DI05,E02,AATCGGA,ACCAGGT,RWTG,0.5,30,./TestDatasets/MixedWells/TestData_R1_test.fastq,./TestDatasets/MixedWells/TestData_R2_test.fastq,3.4011973816621555
DI05,E03,CGTCCTA,TCTAGAG,LNRR,0.6875,16,./TestDatasets/MixedWells/TestData_R1_test.fastq,./TestDatasets/MixedWells/TestData_R2_test.fastq,2.772588722239781
DI05,E04,GGAATGT,CACACAA,ISPF,0.5172413793103449,29,./TestDatasets/MixedWells/TestData_R1_test.fastq,./TestDatasets/MixedWells/TestData_R2_test.fastq,3.367295829986474
DI05,E05,TCCAAGC,GTGGAAC,PIDC,1.0,7,./TestDatasets/MixedWells/TestData_R1_test.fastq,./TestDatasets/MixedWells/TestData_R2_test.fastq,1.9459101490553132
DI05,E06,GCACCTA,ATATGCC,DVAT,0.875,8,./TestDatasets/MixedWells/TestData_R1_test.fastq,./TestDatasets/MixedWells/TestData_R2_test.fastq,2.0794415416798357
DI05,E07,TTGCGTT,GGTCTGA,DRDA,0.6521739130434783,23,./TestDatasets/MixedWells/TestData_R1_test.fastq,./TestDatasets/MixedWells/TestData_R2_test.fastq,3.1354942159291497
DI05,E08,CAGGATT,GTGAGAT,CSRG,0.9090909090909091,11,./TestDatasets/MixedWells/TestData_R1_test.fastq,./TestDatasets/MixedWells/TestData_R2_test.fastq,2.3978952727983707
DI05,E09,CTGCATA,TTGGCAG,IGET,1.0,4,./TestDatasets/MixedWells/TestData_R1_test.fastq,./TestDatasets/MixedWells/TestData_R2_test.fastq,1.3862943611198906
DI05,E10,CGTTGAG,ATGCCTG,GAFL,0.75,12,./TestDatasets/MixedWells/TestData_R1_test.fastq,./TestDatasets/MixedWells/TestData_R2_test.fastq,2.4849066497880004
DI05,E11,TGCTACT,TCCGAAG,LFRE,0.5454545454545454,11,./TestDatasets/MixedWells/TestData_R1_test.fastq,./TestDatasets/MixedWells/TestData_R2_test.fastq,2.3978952727983707
DI05,E12,GTGATCC,GGCTTAC,HGVE,1.0,14,./TestDatasets/MixedWells/TestData_R1_test.fastq,./TestDatasets/MixedWells/TestData_R2_test.fastq,2.6390573296152584
DI05,F01,GCATGGT,AGTTGGC,AVSM,0.8181818181818182,11,./TestDatasets/MixedWells/TestData_R1_test.fastq,./TestDatasets/MixedWells/TestData_R2_test.fastq,2.3978952727983707
DI05,F02,GTCGTTA,AACGATG,SGHL,1.0,10,./TestDatasets/MixedWells/TestData_R1_test.fastq,./TestDatasets/MixedWells/TestData_R2_test.fastq,2.302585092994046
DI05,F03,CCTGACA,ACTACCG,VGAA,0.9473684210526315,19,./TestDatasets/MixedWells/TestData_R1_test.fastq,./TestDatasets/MixedWells/TestData_R2_test.fastq,2.9444389791664403
DI05,F04,AGTGTAG,GGTGTCT,RSPT,0.5294117647058824,17,./TestDatasets/MixedWells/TestData_R1_test.fastq,./TestDatasets/MixedWells/TestData_R2_test.fastq,2.833213344056216
DI05,F05,CGAGCAA,CCAGCTT,TTFR,0.8,15,./TestDatasets/MixedWells/TestData_R1_test.fastq,./TestDatasets/MixedWells/TestData_R2_test.fastq,2.70805020110221
DI05,F06,CTACTCC,TTAGACG,T*SQ,0.6923076923076923,26,./TestDatasets/MixedWells/TestData_R1_test.fastq,./TestDatasets/MixedWells/TestData_R2_test.fastq,3.258096538021482
DI05,F07,GATGCCA,ACCATAC,ISLM,0.5333333333333333,15,./TestDatasets/MixedWells/TestData_R1_test.fastq,./TestDatasets/MixedWells/TestData_R2_test.fastq,2.70805020110221
DI05,F08,GACCGAT,GACGACT,NIGK,0.5416666666666666,24,./TestDatasets/MixedWells/TestData_R1_test.fastq,./TestDatasets/MixedWells/TestData_R2_test.fastq,3.1780538303479458
DI05,F09,ACGTTGG,GTCACCT,AKGT,0.5,6,./TestDatasets/MixedWells/TestData_R1_test.fastq,./TestDatasets/MixedWells/TestData_R2_test.fastq,1.791759469228055
DI05,F09,ACGTTGG,GTCACCT,ETIL,0.5,6,./TestDatasets/MixedWells/TestData_R1_test.fastq,./TestDatasets/MixedWells/TestData_R2_test.fastq,1.791759469228055
DI05,F11,TACTCCG,GCTTCCT,KWAN,0.7222222222222222,18,./TestDatasets/MixedWells/TestData_R1_test.fastq,./TestDatasets/MixedWells/TestData_R2_test.fastq,2.8903717578961645
DI05,F12,GATTCAC,TAGACGT,HKTF,0.8421052631578947,19,./TestDatasets/MixedWells/TestData_R1_test.fastq,./TestDatasets/MixedWells/TestData_R2_test.fastq,2.9444389791664403
DI05,G01,ATGACGC,CGGACTT,FIL*,0.8571428571428571,7,./TestDatasets/MixedWells/TestData_R1_test.fastq,./TestDatasets/MixedWells/TestData_R2_test.fastq,1.9459101490553132
DI05,G02,GGTTGTT,ACCGGAA,PMTV,0.8,5,./TestDatasets/MixedWells/TestData_R1_test.fastq,./TestDatasets/MixedWells/TestData_R2_test.fastq,1.6094379124341003
DI05,G03,GTACTTG,CCGAAGT,ENDH,0.6,5,./TestDatasets/MixedWells/TestData_R1_test.fastq,./TestDatasets/MixedWells/TestData_R2_test.fastq,1.6094379124341003
DI05,G05,CTGCCAT,ATCCTCG,HPCE,1.0,10,./TestDatasets/MixedWells/TestData_R1_test.fastq,./TestDatasets/MixedWells/TestData_R2_test.fastq,2.302585092994046
DI05,G06,GAGAACA,CGAATAG,PVMF,0.8,5,./TestDatasets/MixedWells/TestData_R1_test.fastq,./TestDatasets/MixedWells/TestData_R2_test.fastq,1.6094379124341003
DI05,G07,GTATAGC,TATCCGG,PFAY,0.5,6,./TestDatasets/MixedWells/TestData_R1_test.fastq,./TestDatasets/MixedWells/TestData_R2_test.fastq,1.791759469228055
DI05,G07,GTATAGC,TATCCGG,HY*T,0.5,6,./TestDatasets/MixedWells/TestData_R1_test.fastq,./TestDatasets/MixedWells/TestData_R2_test.fastq,1.791759469228055
DI05,G08,TGATGGA,AGCAAGA,SYSQ,0.6153846153846154,26,./TestDatasets/MixedWells/TestData_R1_test.fastq,./TestDatasets/MixedWells/TestData_R2_test.fastq,3.258096538021482
DI05,G09,GGCAGTA,TGTCGAC,PALR,0.9166666666666666,12,./TestDatasets/MixedWells/TestData_R1_test.fastq,./TestDatasets/MixedWells/TestData_R2_test.fastq,2.4849066497880004
DI05,G10,GAAGAAG,TTCCATG,LQSG,0.5555555555555556,9,./TestDatasets/MixedWells/TestData_R1_test.fastq,./TestDatasets/MixedWells/TestData_R2_test.fastq,2.1972245773362196
DI05,G11,AGCGGTT,GCAATCG,SPRA,0.6153846153846154,13,./TestDatasets/MixedWells/TestData_R1_test.fastq,./TestDatasets/MixedWells/TestData_R2_test.fastq,2.5649493574615367
DI05,G12,TAAGGCC,TGAGTGG,FRSC,1.0,1,./TestDatasets/MixedWells/TestData_R1_test.fastq,./TestDatasets/MixedWells/TestData_R2_test.fastq,0.0
DI05,H01,AACCTGT,TAGGAGA,LHRA,0.6,10,./TestDatasets/MixedWells/TestData_R1_test.fastq,./TestDatasets/MixedWells/TestData_R2_test.fastq,2.302585092994046
DI05,H02,AGTACAC,AGTCAGT,RCTI,0.5263157894736842,19,./TestDatasets/MixedWells/TestData_R1_test.fastq,./TestDatasets/MixedWells/TestData_R2_test.fastq,2.9444389791664403
DI05,H03,CTCGTAG,GTGCTGT,YALI,0.8461538461538461,13,./TestDatasets/MixedWells/TestData_R1_test.fastq,./TestDatasets/MixedWells/TestData_R2_test.fastq,2.5649493574615367
DI05,H04,CTAGGTG,CAACAAC,LGRT,0.65,20,./TestDatasets/MixedWells/TestData_R1_test.fastq,./TestDatasets/MixedWells/TestData_R2_test.fastq,2.995732273553991
DI05,H05,CGATACC,AATAGCC,LHYI,0.75,12,./TestDatasets/MixedWells/TestData_R1_test.fastq,./TestDatasets/MixedWells/TestData_R2_test.fastq,2.4849066497880004
DI05,H06,TCGGCTA,TCTGTGA,TVMT,0.5384615384615384,13,./TestDatasets/MixedWells/TestData_R1_test.fastq,./TestDatasets/MixedWells/TestData_R2_test.fastq,2.5649493574615367
DI05,H07,CGGTTGT,TGTGGTA,C*AK,0.7272727272727273,11,./TestDatasets/MixedWells/TestData_R1_test.fastq,./TestDatasets/MixedWells/TestData_R2_test.fastq,2.3978952727983707
DI05,H08,ATTGCCT,GCGTATG,GFPD,0.8461538461538461,13,./TestDatasets/MixedWells/TestData_R1_test.fastq,./TestDatasets/MixedWells/TestData_R2_test.fastq,2.5649493574615367
DI05,H09,CATTCGA,AGTTACG,RHTH,0.7142857142857143,7,./TestDatasets/MixedWells/TestData_R1_test.fastq,./TestDatasets/MixedWells/TestData_R2_test.fastq,1.9459101490553132
DI05,H10,GCACAAT,TTCCTGC,QDL*,0.8571428571428571,7,./TestDatasets/MixedWells/TestData_R1_test.fastq,./TestDatasets/MixedWells/TestData_R2_test.fastq,1.9459101490553132
DI05,H11,GCAGTAA,TATGTCG,PNTP,0.7,10,./TestDatasets/MixedWells/TestData_R1_test.fastq,./TestDatasets/MixedWells/TestData_R2_test.fastq,2.302585092994046
DI05,H12,CCTAATC,GGAGAGA,KYYS,0.6428571428571429,14,./TestDatasets/MixedWells/TestData_R1_test.fastq,./TestDatasets/MixedWells/TestData_R2_test.fastq,2.6390573296152584
DI05,B11,CACAACG,TTCAGCC,GKSP,1.0,10,./TestDatasets/MixedWells/TestData_R1_test.fastq,./TestDatasets/MixedWells/TestData_R2_test.fastq,2.302585092994046
DI05,C07,GTTGGAG,AGACGTC,GDVR,1.0,5,./TestDatasets/MixedWells/TestData_R1_test.fastq,./TestDatasets/MixedWells/TestData_R2_test.fastq,1.6094379124341003
