Plate,Well,F-BC,R-BC,VariantCombo,AlignmentFrequency,WellSeqDepth,R1,R2,logseqdepth
DI07,A01,GATCATG,CGGACTT,T*EV,0.9090909090909091,11,./TestDatasets/MixedWells/TestData_R1_test.fastq,./TestDatasets/MixedWells/TestData_R2_test.fastq,2.3978952727983707
DI07,A02,TACATGG,ACCGGAA,SSH*,0.5714285714285714,7,./TestDatasets/MixedWells/TestData_R1_test.fastq,./TestDatasets/MixedWells/TestData_R2_test.fastq,1.9459101490553132
DI07,A03,AAGCACC,CCGAAGT,MFGR,0.6666666666666666,21,./TestDatasets/MixedWells/TestData_R1_test.fastq,./TestDatasets/MixedWells/TestData_R2_test.fastq,3.044522437723423
DI07,A04,TGGCTCA,GTTATGG,GRSI,0.9230769230769231,13,./TestDatasets/MixedWells/TestData_R1_test.fastq,./TestDatasets/MixedWells/TestData_R2_test.fastq,2.5649493574615367
DI07,A05,CTTGCTC,ATCCTCG,RCH*,0.7142857142857143,7,./TestDatasets/MixedWells/TestData_R1_test.fastq,./TestDatasets/MixedWells/TestData_R2_test.fastq,1.9459101490553132
DI07,A06,GAAGCGT,CGAATAG,YSLP,0.5454545454545454,11,./TestDatasets/MixedWells/TestData_R1_test.fastq,./TestDatasets/MixedWells/TestData_R2_test.fastq,2.3978952727983707
DI07,A07,TCTCCAT,TATCCGG,QCVE,0.75,12,./TestDatasets/MixedWells/TestData_R1_test.fastq,./TestDatasets/MixedWells/TestData_R2_test.fastq,2.4849066497880004
DI07,A08,TTGAAGG,AGCAAGA,HVSQ,0.7619047619047619,21,./TestDatasets/MixedWells/TestData_R1_test.fastq,./TestDatasets/MixedWells/TestData_R2_test.fastq,3.044522437723423
DI07,A09,GAATGTC,TGTCGAC,LNRE,0.9411764705882353,17,./TestDatasets/MixedWells/TestData_R1_test.fastq,./TestDatasets/MixedWells/TestData_R2_test.fastq,2.833213344056216
DI07,A10,ATCTCCA,TTCCATG,VNLD,0.7272727272727273,11,./TestDatasets/MixedWells/TestData_R1_test.fastq,./TestDatasets/MixedWells/TestData_R2_test.fastq,2.3978952727983707
DI07,A11,GCGTTAT,GCAATCG,RFMR,1.0,2,./TestDatasets/MixedWells/TestData_R1_test.fastq,./TestDatasets/MixedWells/TestData_R2_test.fastq,0.6931471805599453
DI07,A12,TGCACCA,TGAGTGG,YHTG,0.8571428571428571,14,./TestDatasets/MixedWells/TestData_R1_test.fastq,./TestDatasets/MixedWells/TestData_R2_test.fastq,2.6390573296152584
DI07,B01,TGCCTAT,TAGGAGA,YNFR,0.6,20,./TestDatasets/MixedWells/TestData_R1_test.fastq,./TestDatasets/MixedWells/TestData_R2_test.fastq,2.995732273553991
DI07,B02,AGGAATC,AGTCAGT,HFAR,1.0,2,./TestDatasets/MixedWells/TestData_R1_test.fastq,./TestDatasets/MixedWells/TestData_R2_test.fastq,0.6931471805599453
DI07,B03,TCCACTG,GTGCTGT,C*AL,0.75,16,./TestDatasets/MixedWells/TestData_R1_test.fastq,./TestDatasets/MixedWells/TestData_R2_test.fastq,2.772588722239781
DI07,B04,TTGTACC,CAACAAC,CIPA,0.7,10,./TestDatasets/MixedWells/TestData_R1_test.fastq,./TestDatasets/MixedWells/TestData_R2_test.fastq,2.302585092994046
DI07,B05,TTCGAGT,AATAGCC,TPVK,0.5,30,./TestDatasets/MixedWells/TestData_R1_test.fastq,./TestDatasets/MixedWells/TestData_R2_test.fastq,3.4011973816621555
DI07,B05,TTCGAGT,AATAGCC,APVN,0.5,30,./TestDatasets/MixedWells/TestData_R1_test.fastq,./TestDatasets/MixedWells/TestData_R2_test.fastq,3.4011973816621555
DI07,B06,CTTCAGC,TCTGTGA,LRWT,1.0,14,./TestDatasets/MixedWells/TestData_R1_test.fastq,./TestDatasets/MixedWells/TestData_R2_test.fastq,2.6390573296152584
DI07,B07,CAGTGCA,TGTGGTA,YRTL,1.0,13,./TestDatasets/MixedWells/TestData_R1_test.fastq,./TestDatasets/MixedWells/TestData_R2_test.fastq,2.5649493574615367
DI07,B08,TGCTGTC,GCGTATG,R*CT,0.6666666666666666,9,./TestDatasets/MixedWells/TestData_R1_test.fastq,./TestDatasets/MixedWells/TestData_R2_test.fastq,2.1972245773362196
DI07,B09,CGCCATT,AGTTACG,INSP,0.625,16,./TestDatasets/MixedWells/TestData_R1_test.fastq,./TestDatasets/MixedWells/TestData_R2_test.fastq,2.772588722239781
DI07,B10,GCCATGA,TTCCTGC,LLQG,0.631578947368421,19,./TestDatasets/MixedWells/TestData_R1_test.fastq,./TestDatasets/MixedWells/TestData_R2_test.fastq,2.9444389791664403
DI07,B11,CACAACG,TATGTCG,GLPR,1.0,7,./TestDatasets/MixedWells/TestData_R1_test.fastq,./TestDatasets/MixedWells/TestData_R2_test.fastq,1.9459101490553132
DI07,B12,CTTCGCT,GGAGAGA,S*WR,0.5952380952380952,42,./TestDatasets/MixedWells/TestData_R1_test.fastq,./TestDatasets/MixedWells/TestData_R2_test.fastq,3.7376696182833684
DI07,C01,TCGTGAA,CCTTAGG,TQAL,1.0,3,./TestDatasets/MixedWells/TestData_R1_test.fastq,./TestDatasets/MixedWells/TestData_R2_test.fastq,1.0986122886681098
DI07,C02,TTATCGG,TGTATCC,LEVV,1.0,12,./TestDatasets/MixedWells/TestData_R1_test.fastq,./TestDatasets/MixedWells/TestData_R2_test.fastq,2.4849066497880004
DI07,C03,AGACCAT,CAACCTG,FIAT,0.5217391304347826,23,./TestDatasets/MixedWells/TestData_R1_test.fastq,./TestDatasets/MixedWells/TestData_R2_test.fastq,3.1354942159291497
DI07,C04,ACATGAG,CTGATGA,VKGA,0.5384615384615384,13,./TestDatasets/MixedWells/TestData_R1_test.fastq,./TestDatasets/MixedWells/TestData_R2_test.fastq,2.5649493574615367
DI07,C05,ACGTACT,AAGACAG,A*RA,1.0,5,./TestDatasets/MixedWells/TestData_R1_test.fastq,./TestDatasets/MixedWells/TestData_R2_test.fastq,1.6094379124341003
DI07,C06,CACCTCA,AGCTCGT,LDRV,0.6,5,./TestDatasets/MixedWells/TestData_R1_test.fastq,./TestDatasets/MixedWells/TestData_R2_test.fastq,1.6094379124341003
DI07,C07,GTTGGAG,GATTGCG,TYAT,0.75,20,./TestDatasets/MixedWells/TestData_R1_test.fastq,./TestDatasets/MixedWells/TestData_R2_test.fastq,2.995732273553991
DI07,C08,TGTTCTG,TCCTTCA,A*RT,0.8,5,./TestDatasets/MixedWells/TestData_R1_test.fastq,./TestDatasets/MixedWells/TestData_R2_test.fastq,1.6094379124341003
DI07,C09,CTTACGT,TCACAGG,QWHA,1.0,11,./TestDatasets/MixedWells/TestData_R1_test.fastq,./TestDatasets/MixedWells/TestData_R2_test.fastq,2.3978952727983707
DI07,C10,GAGGTTG,AGAGCTG,SSTS,1.0,5,./TestDatasets/MixedWells/TestData_R1_test.fastq,./TestDatasets/MixedWells/TestData_R2_test.fastq,1.6094379124341003
DI07,C11,ATGGACA,CCTCTGT,KLYA,0.5925925925925926,27,./TestDatasets/MixedWells/TestData_R1_test.fastq,./TestDatasets/MixedWells/TestData_R2_test.fastq,3.295836866004329
DI07,C12,ACACTGA,CCTCGAA,VSLH,0.7272727272727273,22,./TestDatasets/MixedWells/TestData_R1_test.fastq,./TestDatasets/MixedWells/TestData_R2_test.fastq,3.091042453358316
DI07,D01,ATCTGTG,GTGTCTC,RLLH,0.52,25,./TestDatasets/MixedWells/TestData_R1_test.fastq,./TestDatasets/MixedWells/TestData_R2_test.fastq,3.2188758248682006
DI07,D05,TGAAGCG,TGAACGC,MSLL,1.0,6,./TestDatasets/MixedWells/TestData_R1_test.fastq,./TestDatasets/MixedWells/TestData_R2_test.fastq,1.791759469228055
DI07,D06,GCTACAA,CGTAGCA,EQFT,1.0,1,./TestDatasets/MixedWells/TestData_R1_test.fastq,./TestDatasets/MixedWells/TestData_R2_test.fastq,0.0
DI07,D07,AGAGAAC,AGGTTCC,NH*R,0.9166666666666666,12,./TestDatasets/MixedWells/TestData_R1_test.fastq,./TestDatasets/MixedWells/TestData_R2_test.fastq,2.4849066497880004
DI07,D08,CAGAGTG,GTACACA,I*VR,1.0,7,./TestDatasets/MixedWells/TestData_R1_test.fastq,./TestDatasets/MixedWells/TestData_R2_test.fastq,1.9459101490553132
DI07,D09,TTCCGAA,GATAGGT,KAAM,1.0,2,./TestDatasets/MixedWells/TestData_R1_test.fastq,./TestDatasets/MixedWells/TestData_R2_test.fastq,0.6931471805599453
DI07,D10,GTACGAC,TAGCCTC,IVVS,0.6666666666666666,6,./TestDatasets/MixedWells/TestData_R1_test.fastq,./TestDatasets/MixedWells/TestData_R2_test.fastq,1.791759469228055
DI07,D11,ACTCTTG,TTCAGCC,PRQT,0.5882352941176471,17,./TestDatasets/MixedWells/TestData_R1_test.fastq,./TestDatasets/MixedWells/TestData_R2_test.fastq,2.833213344056216
DI07,D12,CCAACCA,GGATTCA,LPI*,1.0,3,./TestDatasets/MixedWells/TestData_R1_test.fastq,./TestDatasets/MixedWells/TestData_R2_test.fastq,1.0986122886681098
DI07,E01,CTCTAGA,TGAGCCT,DTRV,0.8235294117647058,17,./TestDatasets/MixedWells/TestData_R1_test.fastq,./TestDatasets/MixedWells/TestData_R2_test.fastq,2.833213344056216
DI07,E02,AATCGGA,AACGCGA,PDAF,1.0,11,./TestDatasets/MixedWells/TestData_R1_test.fastq,./TestDatasets/MixedWells/TestData_R2_test.fastq,2.3978952727983707
DI07,E03,CGTCCTA,TCATTGC,EIEC,0.5,18,./TestDatasets/MixedWells/TestData_R1_test.fastq,./TestDatasets/MixedWells/TestData_R2_test.fastq,2.8903717578961645
DI07,E03,CGTCCTA,TCATTGC,IPSN,0.5,18,./TestDatasets/MixedWells/TestData_R1_test.fastq,./TestDatasets/MixedWells/TestData_R2_test.fastq,2.8903717578961645
DI07,E04,GGAATGT,AGCATCT,D*YT,0.8421052631578947,19,./TestDatasets/MixedWells/TestData_R1_test.fastq,./TestDatasets/MixedWells/TestData_R2_test.fastq,2.9444389791664403
DI07,E05,TCCAAGC,TTGGTCT,SERG,1.0,13,./TestDatasets/MixedWells/TestData_R1_test.fastq,./TestDatasets/MixedWells/TestData_R2_test.fastq,2.5649493574615367
DI07,E06,GCACCTA,CAAGGAT,KDRS,0.6111111111111112,18,./TestDatasets/MixedWells/TestData_R1_test.fastq,./TestDatasets/MixedWells/TestData_R2_test.fastq,2.8903717578961645
DI07,E07,TTGCGTT,AGACGTC,RLSL,0.8571428571428571,14,./TestDatasets/MixedWells/TestData_R1_test.fastq,./TestDatasets/MixedWells/TestData_R2_test.fastq,2.6390573296152584
DI07,E08,CAGGATT,AGGTCAA,LEGR,1.0,1,./TestDatasets/MixedWells/TestData_R1_test.fastq,./TestDatasets/MixedWells/TestData_R2_test.fastq,0.0
DI07,E09,CTGCATA,ATGCTAC,VNVL,1.0,3,./TestDatasets/MixedWells/TestData_R1_test.fastq,./TestDatasets/MixedWells/TestData_R2_test.fastq,1.0986122886681098
DI07,E10,CGTTGAG,CTCTGAT,RQSI,0.5454545454545454,11,./TestDatasets/MixedWells/TestData_R1_test.fastq,./TestDatasets/MixedWells/TestData_R2_test.fastq,2.3978952727983707
DI07,E11,TGCTACT,TCAAGTC,IRPR,1.0,5,./TestDatasets/MixedWells/TestData_R1_test.fastq,./TestDatasets/MixedWells/TestData_R2_test.fastq,1.6094379124341003
DI07,E12,GTGATCC,TCGAGCT,RDHL,0.5833333333333334,12,./TestDatasets/MixedWells/TestData_R1_test.fastq,./TestDatasets/MixedWells/TestData_R2_test.fastq,2.4849066497880004
DI07,F01,GCATGGT,ACAGTCT,SNLT,0.6190476190476191,21,./TestDatasets/MixedWells/TestData_R1_test.fastq,./TestDatasets/MixedWells/TestData_R2_test.fastq,3.044522437723423
DI07,F02,GTCGTTA,CAGATAC,S*LR,1.0,10,./TestDatasets/MixedWells/TestData_R1_test.fastq,./TestDatasets/MixedWells/TestData_R2_test.fastq,2.302585092994046
DI07,F03,CCTGACA,TACGTTC,DARH,0.7058823529411765,17,./TestDatasets/MixedWells/TestData_R1_test.fastq,./TestDatasets/MixedWells/TestData_R2_test.fastq,2.833213344056216
DI07,F04,AGTGTAG,ACGGTTC,RK*Y,0.6,15,./TestDatasets/MixedWells/TestData_R1_test.fastq,./TestDatasets/MixedWells/TestData_R2_test.fastq,2.70805020110221
DI07,F05,CGAGCAA,CATCGTC,FIMT,0.75,12,./TestDatasets/MixedWells/TestData_R1_test.fastq,./TestDatasets/MixedWells/TestData_R2_test.fastq,2.4849066497880004
DI07,F06,CTACTCC,TACGCAT,FTAH,1.0,1,./TestDatasets/MixedWells/TestData_R1_test.fastq,./TestDatasets/MixedWells/TestData_R2_test.fastq,0.0
DI07,F07,GATGCCA,CTTAGAC,CFTF,0.8571428571428571,14,./TestDatasets/MixedWells/TestData_R1_test.fastq,./TestDatasets/MixedWells/TestData_R2_test.fastq,2.6390573296152584
DI07,F08,GACCGAT,AACTGAC,KLLV,0.7,20,./TestDatasets/MixedWells/TestData_R1_test.fastq,./TestDatasets/MixedWells/TestData_R2_test.fastq,2.995732273553991
DI07,F09,ACGTTGG,ACTTGCA,GVRT,0.7058823529411765,17,./TestDatasets/MixedWells/TestData_R1_test.fastq,./TestDatasets/MixedWells/TestData_R2_test.fastq,2.833213344056216
DI07,F10,ATGAGCG,ACGCGAT,TALA,1.0,12,./TestDatasets/MixedWells/TestData_R1_test.fastq,./TestDatasets/MixedWells/TestData_R2_test.fastq,2.4849066497880004
DI07,F11,TACTCCG,TCGACAC,YNSK,1.0,5,./TestDatasets/MixedWells/TestData_R1_test.fastq,./TestDatasets/MixedWells/TestData_R2_test.fastq,1.6094379124341003
DI07,F12,GATTCAC,ACTCAAC,ATRL,1.0,11,./TestDatasets/MixedWells/TestData_R1_test.fastq,./TestDatasets/MixedWells/TestData_R2_test.fastq,2.3978952727983707
DI07,G01,ATGACGC,GAACTGC,ML*E,0.8125,16,./TestDatasets/MixedWells/TestData_R1_test.fastq,./TestDatasets/MixedWells/TestData_R2_test.fastq,2.772588722239781
DI07,G02,GGTTGTT,ACCAGGT,LKDA,1.0,8,./TestDatasets/MixedWells/TestData_R1_test.fastq,./TestDatasets/MixedWells/TestData_R2_test.fastq,2.0794415416798357
DI07,G03,GTACTTG,TCTAGAG,LGQS,1.0,6,./TestDatasets/MixedWells/TestData_R1_test.fastq,./TestDatasets/MixedWells/TestData_R2_test.fastq,1.791759469228055
DI07,G04,TAGCAAG,CACACAA,GCDI,0.6190476190476191,21,./TestDatasets/MixedWells/TestData_R1_test.fastq,./TestDatasets/MixedWells/TestData_R2_test.fastq,3.044522437723423
DI07,G06,GAGAACA,ATATGCC,SRAR,1.0,7,./TestDatasets/MixedWells/TestData_R1_test.fastq,./TestDatasets/MixedWells/TestData_R2_test.fastq,1.9459101490553132
DI07,G07,GTATAGC,GGTCTGA,SRFM,0.8,15,./TestDatasets/MixedWells/TestData_R1_test.fastq,./TestDatasets/MixedWells/TestData_R2_test.fastq,2.70805020110221
DI07,G08,TGATGGA,GTGAGAT,CRQL,0.6666666666666666,27,./TestDatasets/MixedWells/TestData_R1_test.fastq,./TestDatasets/MixedWells/TestData_R2_test.fastq,3.295836866004329
DI07,G09,GGCAGTA,TTGGCAG,SNTM,1.0,5,./TestDatasets/MixedWells/TestData_R1_test.fastq,./TestDatasets/MixedWells/TestData_R2_test.fastq,1.6094379124341003
DI07,G10,GAAGAAG,ATGCCTG,QTLY,0.7058823529411765,17,./TestDatasets/MixedWells/TestData_R1_test.fastq,./TestDatasets/MixedWells/TestData_R2_test.fastq,2.833213344056216
DI07,G11,AGCGGTT,TCCGAAG,KNGQ,0.5217391304347826,23,./TestDatasets/MixedWells/TestData_R1_test.fastq,./TestDatasets/MixedWells/TestData_R2_test.fastq,3.1354942159291497
DI07,G12,TAAGGCC,GGCTTAC,NSYS,1.0,3,./TestDatasets/MixedWells/TestData_R1_test.fastq,./TestDatasets/MixedWells/TestData_R2_test.fastq,1.0986122886681098
DI07,H01,AACCTGT,AGTTGGC,RPYD,0.75,8,./TestDatasets/MixedWells/TestData_R1_test.fastq,./TestDatasets/MixedWells/TestData_R2_test.fastq,2.0794415416798357
DI07,H02,AGTACAC,AACGATG,RPLF,0.6,5,./TestDatasets/MixedWells/TestData_R1_test.fastq,./TestDatasets/MixedWells/TestData_R2_test.fastq,1.6094379124341003
DI07,H03,CTCGTAG,ACTACCG,LNGP,1.0,3,./TestDatasets/MixedWells/TestData_R1_test.fastq,./TestDatasets/MixedWells/TestData_R2_test.fastq,1.0986122886681098
DI07,H04,CTAGGTG,GGTGTCT,PSR*,1.0,8,./TestDatasets/MixedWells/TestData_R1_test.fastq,./TestDatasets/MixedWells/TestData_R2_test.fastq,2.0794415416798357
DI07,H05,CGATACC,CCAGCTT,QIQL,0.7692307692307693,13,./TestDatasets/MixedWells/TestData_R1_test.fastq,./TestDatasets/MixedWells/TestData_R2_test.fastq,2.5649493574615367
DI07,H06,TCGGCTA,TTAGACG,GRSL,0.5238095238095238,21,./TestDatasets/MixedWells/TestData_R1_test.fastq,./TestDatasets/MixedWells/TestData_R2_test.fastq,3.044522437723423
DI07,H07,CGGTTGT,ACCATAC,SRLR,1.0,14,./TestDatasets/MixedWells/TestData_R1_test.fastq,./TestDatasets/MixedWells/TestData_R2_test.fastq,2.6390573296152584
DI07,H08,ATTGCCT,GACGACT,HEDD,0.75,4,./TestDatasets/MixedWells/TestData_R1_test.fastq,./TestDatasets/MixedWells/TestData_R2_test.fastq,1.3862943611198906
DI07,H09,CATTCGA,GTCACCT,ERAS,1.0,7,./TestDatasets/MixedWells/TestData_R1_test.fastq,./TestDatasets/MixedWells/TestData_R2_test.fastq,1.9459101490553132
DI07,H10,GCACAAT,CGTGATG,PWQP,1.0,3,./TestDatasets/MixedWells/TestData_R1_test.fastq,./TestDatasets/MixedWells/TestData_R2_test.fastq,1.0986122886681098
DI07,H11,GCAGTAA,GCTTCCT,TVQS,0.7272727272727273,11,./TestDatasets/MixedWells/TestData_R1_test.fastq,./TestDatasets/MixedWells/TestData_R2_test.fastq,2.3978952727983707
DI07,H12,CCTAATC,TAGACGT,MPAQ,0.8,20,./TestDatasets/MixedWells/TestData_R1_test.fastq,./TestDatasets/MixedWells/TestData_R2_test.fastq,2.995732273553991
