Plate,Well,F-BC,R-BC,VariantCombo,AlignmentFrequency,WellSeqDepth,R1,R2,logseqdepth
DI06,A02,TACATGG,AGTCAGT,TS*P,1.0,5,./TestDatasets/DifferentPositions/Pos3/TestData_R1_test.fastq,./TestDatasets/DifferentPositions/Pos3/TestData_R2_test.fastq,1.6094379124341003
DI06,A03,AAGCACC,GTGCTGT,DGA*,1.0,8,./TestDatasets/DifferentPositions/Pos3/TestData_R1_test.fastq,./TestDatasets/DifferentPositions/Pos3/TestData_R2_test.fastq,2.0794415416798357
DI06,A05,CTTGCTC,AATAGCC,HTGT,1.0,1,./TestDatasets/DifferentPositions/Pos3/TestData_R1_test.fastq,./TestDatasets/DifferentPositions/Pos3/TestData_R2_test.fastq,0.0
DI06,A06,GAAGCGT,TCTGTGA,GMAS,1.0,4,./TestDatasets/DifferentPositions/Pos3/TestData_R1_test.fastq,./TestDatasets/DifferentPositions/Pos3/TestData_R2_test.fastq,1.3862943611198906
DI06,A07,TCTCCAT,TGTGGTA,WKHL,1.0,7,./TestDatasets/DifferentPositions/Pos3/TestData_R1_test.fastq,./TestDatasets/DifferentPositions/Pos3/TestData_R2_test.fastq,1.9459101490553132
DI06,A08,TTGAAGG,GCGTATG,F*YI,1.0,10,./TestDatasets/DifferentPositions/Pos3/TestData_R1_test.fastq,./TestDatasets/DifferentPositions/Pos3/TestData_R2_test.fastq,2.302585092994046
DI06,A09,GAATGTC,AGTTACG,RFGL,1.0,3,./TestDatasets/DifferentPositions/Pos3/TestData_R1_test.fastq,./TestDatasets/DifferentPositions/Pos3/TestData_R2_test.fastq,1.0986122886681098
DI06,A11,GCGTTAT,TATGTCG,PDSR,1.0,8,./TestDatasets/DifferentPositions/Pos3/TestData_R1_test.fastq,./TestDatasets/DifferentPositions/Pos3/TestData_R2_test.fastq,2.0794415416798357
DI06,A12,TGCACCA,GGAGAGA,CLGF,1.0,3,./TestDatasets/DifferentPositions/Pos3/TestData_R1_test.fastq,./TestDatasets/DifferentPositions/Pos3/TestData_R2_test.fastq,1.0986122886681098
DI06,B01,TGCCTAT,CCTTAGG,YPRP,1.0,11,./TestDatasets/DifferentPositions/Pos3/TestData_R1_test.fastq,./TestDatasets/DifferentPositions/Pos3/TestData_R2_test.fastq,2.3978952727983707
DI06,B02,AGGAATC,TGTATCC,QSPV,1.0,10,./TestDatasets/DifferentPositions/Pos3/TestData_R1_test.fastq,./TestDatasets/DifferentPositions/Pos3/TestData_R2_test.fastq,2.302585092994046
DI06,B03,TCCACTG,CAACCTG,WRTD,1.0,11,./TestDatasets/DifferentPositions/Pos3/TestData_R1_test.fastq,./TestDatasets/DifferentPositions/Pos3/TestData_R2_test.fastq,2.3978952727983707
DI06,B05,TTCGAGT,AAGACAG,GLGS,1.0,17,./TestDatasets/DifferentPositions/Pos3/TestData_R1_test.fastq,./TestDatasets/DifferentPositions/Pos3/TestData_R2_test.fastq,2.833213344056216
DI06,B06,CTTCAGC,AGCTCGT,NGKS,1.0,11,./TestDatasets/DifferentPositions/Pos3/TestData_R1_test.fastq,./TestDatasets/DifferentPositions/Pos3/TestData_R2_test.fastq,2.3978952727983707
DI06,B07,CAGTGCA,GATTGCG,YAPR,1.0,5,./TestDatasets/DifferentPositions/Pos3/TestData_R1_test.fastq,./TestDatasets/DifferentPositions/Pos3/TestData_R2_test.fastq,1.6094379124341003
DI06,B08,TGCTGTC,TCCTTCA,L*GP,1.0,20,./TestDatasets/DifferentPositions/Pos3/TestData_R1_test.fastq,./TestDatasets/DifferentPositions/Pos3/TestData_R2_test.fastq,2.995732273553991
DI06,B09,CGCCATT,TCACAGG,P*TL,1.0,3,./TestDatasets/DifferentPositions/Pos3/TestData_R1_test.fastq,./TestDatasets/DifferentPositions/Pos3/TestData_R2_test.fastq,1.0986122886681098
DI06,B11,CACAACG,CCTCTGT,SVFM,1.0,14,./TestDatasets/DifferentPositions/Pos3/TestData_R1_test.fastq,./TestDatasets/DifferentPositions/Pos3/TestData_R2_test.fastq,2.6390573296152584
DI06,B12,CTTCGCT,CCTCGAA,HYLG,1.0,9,./TestDatasets/DifferentPositions/Pos3/TestData_R1_test.fastq,./TestDatasets/DifferentPositions/Pos3/TestData_R2_test.fastq,2.1972245773362196
DI06,C01,TCGTGAA,GTGTCTC,VCLI,1.0,3,./TestDatasets/DifferentPositions/Pos3/TestData_R1_test.fastq,./TestDatasets/DifferentPositions/Pos3/TestData_R2_test.fastq,1.0986122886681098
DI06,C03,AGACCAT,GACAATC,*RAI,1.0,15,./TestDatasets/DifferentPositions/Pos3/TestData_R1_test.fastq,./TestDatasets/DifferentPositions/Pos3/TestData_R2_test.fastq,2.70805020110221
DI06,C04,ACATGAG,CACTTGC,RSRH,1.0,10,./TestDatasets/DifferentPositions/Pos3/TestData_R1_test.fastq,./TestDatasets/DifferentPositions/Pos3/TestData_R2_test.fastq,2.302585092994046
DI06,C05,ACGTACT,TGAACGC,VARS,1.0,9,./TestDatasets/DifferentPositions/Pos3/TestData_R1_test.fastq,./TestDatasets/DifferentPositions/Pos3/TestData_R2_test.fastq,2.1972245773362196
DI06,C06,CACCTCA,CGTAGCA,RCLP,1.0,11,./TestDatasets/DifferentPositions/Pos3/TestData_R1_test.fastq,./TestDatasets/DifferentPositions/Pos3/TestData_R2_test.fastq,2.3978952727983707
DI06,C07,GTTGGAG,AGGTTCC,PIGR,1.0,9,./TestDatasets/DifferentPositions/Pos3/TestData_R1_test.fastq,./TestDatasets/DifferentPositions/Pos3/TestData_R2_test.fastq,2.1972245773362196
DI06,C08,TGTTCTG,GTACACA,TLTS,1.0,12,./TestDatasets/DifferentPositions/Pos3/TestData_R1_test.fastq,./TestDatasets/DifferentPositions/Pos3/TestData_R2_test.fastq,2.4849066497880004
DI06,C09,CTTACGT,GATAGGT,ERDT,1.0,3,./TestDatasets/DifferentPositions/Pos3/TestData_R1_test.fastq,./TestDatasets/DifferentPositions/Pos3/TestData_R2_test.fastq,1.0986122886681098
DI06,C10,GAGGTTG,TAGCCTC,LRHQ,1.0,10,./TestDatasets/DifferentPositions/Pos3/TestData_R1_test.fastq,./TestDatasets/DifferentPositions/Pos3/TestData_R2_test.fastq,2.302585092994046
DI06,C11,ATGGACA,TTCAGCC,IYSL,1.0,2,./TestDatasets/DifferentPositions/Pos3/TestData_R1_test.fastq,./TestDatasets/DifferentPositions/Pos3/TestData_R2_test.fastq,0.6931471805599453
DI06,C12,ACACTGA,GGATTCA,EGKH,1.0,10,./TestDatasets/DifferentPositions/Pos3/TestData_R1_test.fastq,./TestDatasets/DifferentPositions/Pos3/TestData_R2_test.fastq,2.302585092994046
DI06,D01,ATCTGTG,TGAGCCT,STFY,1.0,5,./TestDatasets/DifferentPositions/Pos3/TestData_R1_test.fastq,./TestDatasets/DifferentPositions/Pos3/TestData_R2_test.fastq,1.6094379124341003
DI06,D03,GAGTTGA,TCATTGC,YLSA,1.0,10,./TestDatasets/DifferentPositions/Pos3/TestData_R1_test.fastq,./TestDatasets/DifferentPositions/Pos3/TestData_R2_test.fastq,2.302585092994046
DI06,D05,TGAAGCG,TTGGTCT,SDV*,1.0,4,./TestDatasets/DifferentPositions/Pos3/TestData_R1_test.fastq,./TestDatasets/DifferentPositions/Pos3/TestData_R2_test.fastq,1.3862943611198906
DI06,D06,GCTACAA,CAAGGAT,LASD,1.0,10,./TestDatasets/DifferentPositions/Pos3/TestData_R1_test.fastq,./TestDatasets/DifferentPositions/Pos3/TestData_R2_test.fastq,2.302585092994046
DI06,D07,AGAGAAC,AGACGTC,MRNV,1.0,2,./TestDatasets/DifferentPositions/Pos3/TestData_R1_test.fastq,./TestDatasets/DifferentPositions/Pos3/TestData_R2_test.fastq,0.6931471805599453
DI06,D08,CAGAGTG,AGGTCAA,RWRK,1.0,5,./TestDatasets/DifferentPositions/Pos3/TestData_R1_test.fastq,./TestDatasets/DifferentPositions/Pos3/TestData_R2_test.fastq,1.6094379124341003
DI06,D09,TTCCGAA,ATGCTAC,EGTG,1.0,19,./TestDatasets/DifferentPositions/Pos3/TestData_R1_test.fastq,./TestDatasets/DifferentPositions/Pos3/TestData_R2_test.fastq,2.9444389791664403
DI06,D10,GTACGAC,CTCTGAT,PLVS,1.0,1,./TestDatasets/DifferentPositions/Pos3/TestData_R1_test.fastq,./TestDatasets/DifferentPositions/Pos3/TestData_R2_test.fastq,0.0
DI06,D11,ACTCTTG,TCAAGTC,LRPC,1.0,10,./TestDatasets/DifferentPositions/Pos3/TestData_R1_test.fastq,./TestDatasets/DifferentPositions/Pos3/TestData_R2_test.fastq,2.302585092994046
DI06,D12,CCAACCA,TCGAGCT,VAIA,1.0,12,./TestDatasets/DifferentPositions/Pos3/TestData_R1_test.fastq,./TestDatasets/DifferentPositions/Pos3/TestData_R2_test.fastq,2.4849066497880004
DI06,E01,CTCTAGA,ACAGTCT,*EIV,1.0,9,./TestDatasets/DifferentPositions/Pos3/TestData_R1_test.fastq,./TestDatasets/DifferentPositions/Pos3/TestData_R2_test.fastq,2.1972245773362196
DI06,E02,AATCGGA,CAGATAC,RIVA,1.0,7,./TestDatasets/DifferentPositions/Pos3/TestData_R1_test.fastq,./TestDatasets/DifferentPositions/Pos3/TestData_R2_test.fastq,1.9459101490553132
DI06,E03,CGTCCTA,TACGTTC,AVSC,1.0,8,./TestDatasets/DifferentPositions/Pos3/TestData_R1_test.fastq,./TestDatasets/DifferentPositions/Pos3/TestData_R2_test.fastq,2.0794415416798357
DI06,E04,GGAATGT,ACGGTTC,GH*L,1.0,4,./TestDatasets/DifferentPositions/Pos3/TestData_R1_test.fastq,./TestDatasets/DifferentPositions/Pos3/TestData_R2_test.fastq,1.3862943611198906
DI06,E05,TCCAAGC,CATCGTC,QVIF,1.0,2,./TestDatasets/DifferentPositions/Pos3/TestData_R1_test.fastq,./TestDatasets/DifferentPositions/Pos3/TestData_R2_test.fastq,0.6931471805599453
DI06,E06,GCACCTA,TACGCAT,R*AS,1.0,4,./TestDatasets/DifferentPositions/Pos3/TestData_R1_test.fastq,./TestDatasets/DifferentPositions/Pos3/TestData_R2_test.fastq,1.3862943611198906
DI06,E07,TTGCGTT,CTTAGAC,ATFI,1.0,1,./TestDatasets/DifferentPositions/Pos3/TestData_R1_test.fastq,./TestDatasets/DifferentPositions/Pos3/TestData_R2_test.fastq,0.0
DI06,E08,CAGGATT,AACTGAC,LRSR,1.0,19,./TestDatasets/DifferentPositions/Pos3/TestData_R1_test.fastq,./TestDatasets/DifferentPositions/Pos3/TestData_R2_test.fastq,2.9444389791664403
DI06,E09,CTGCATA,ACTTGCA,VLRT,1.0,8,./TestDatasets/DifferentPositions/Pos3/TestData_R1_test.fastq,./TestDatasets/DifferentPositions/Pos3/TestData_R2_test.fastq,2.0794415416798357
DI06,E10,CGTTGAG,ACGCGAT,GRFT,1.0,14,./TestDatasets/DifferentPositions/Pos3/TestData_R1_test.fastq,./TestDatasets/DifferentPositions/Pos3/TestData_R2_test.fastq,2.6390573296152584
DI06,E11,TGCTACT,TCGACAC,I*QV,1.0,11,./TestDatasets/DifferentPositions/Pos3/TestData_R1_test.fastq,./TestDatasets/DifferentPositions/Pos3/TestData_R2_test.fastq,2.3978952727983707
DI06,E12,GTGATCC,ACTCAAC,PHIA,1.0,10,./TestDatasets/DifferentPositions/Pos3/TestData_R1_test.fastq,./TestDatasets/DifferentPositions/Pos3/TestData_R2_test.fastq,2.302585092994046
DI06,F01,GCATGGT,GAACTGC,CDMR,1.0,9,./TestDatasets/DifferentPositions/Pos3/TestData_R1_test.fastq,./TestDatasets/DifferentPositions/Pos3/TestData_R2_test.fastq,2.1972245773362196
DI06,F04,AGTGTAG,CACACAA,PIMF,1.0,2,./TestDatasets/DifferentPositions/Pos3/TestData_R1_test.fastq,./TestDatasets/DifferentPositions/Pos3/TestData_R2_test.fastq,0.6931471805599453
DI06,F05,CGAGCAA,GTGGAAC,NQVW,1.0,12,./TestDatasets/DifferentPositions/Pos3/TestData_R1_test.fastq,./TestDatasets/DifferentPositions/Pos3/TestData_R2_test.fastq,2.4849066497880004
DI06,F06,CTACTCC,ATATGCC,VLPC,1.0,3,./TestDatasets/DifferentPositions/Pos3/TestData_R1_test.fastq,./TestDatasets/DifferentPositions/Pos3/TestData_R2_test.fastq,1.0986122886681098
DI06,F07,GATGCCA,GGTCTGA,EDY*,1.0,4,./TestDatasets/DifferentPositions/Pos3/TestData_R1_test.fastq,./TestDatasets/DifferentPositions/Pos3/TestData_R2_test.fastq,1.3862943611198906
DI06,F08,GACCGAT,GTGAGAT,L*LP,1.0,10,./TestDatasets/DifferentPositions/Pos3/TestData_R1_test.fastq,./TestDatasets/DifferentPositions/Pos3/TestData_R2_test.fastq,2.302585092994046
DI06,F09,ACGTTGG,TTGGCAG,IMNR,1.0,13,./TestDatasets/DifferentPositions/Pos3/TestData_R1_test.fastq,./TestDatasets/DifferentPositions/Pos3/TestData_R2_test.fastq,2.5649493574615367
DI06,F10,ATGAGCG,ATGCCTG,V*PL,1.0,1,./TestDatasets/DifferentPositions/Pos3/TestData_R1_test.fastq,./TestDatasets/DifferentPositions/Pos3/TestData_R2_test.fastq,0.0
DI06,F11,TACTCCG,TCCGAAG,VSAL,1.0,12,./TestDatasets/DifferentPositions/Pos3/TestData_R1_test.fastq,./TestDatasets/DifferentPositions/Pos3/TestData_R2_test.fastq,2.4849066497880004
DI06,F12,GATTCAC,GGCTTAC,RIF*,1.0,6,./TestDatasets/DifferentPositions/Pos3/TestData_R1_test.fastq,./TestDatasets/DifferentPositions/Pos3/TestData_R2_test.fastq,1.791759469228055
DI06,G01,ATGACGC,AGTTGGC,PHLV,1.0,2,./TestDatasets/DifferentPositions/Pos3/TestData_R1_test.fastq,./TestDatasets/DifferentPositions/Pos3/TestData_R2_test.fastq,0.6931471805599453
DI06,G03,GTACTTG,ACTACCG,I*TY,1.0,4,./TestDatasets/DifferentPositions/Pos3/TestData_R1_test.fastq,./TestDatasets/DifferentPositions/Pos3/TestData_R2_test.fastq,1.3862943611198906
DI06,G04,TAGCAAG,GGTGTCT,ISLL,1.0,14,./TestDatasets/DifferentPositions/Pos3/TestData_R1_test.fastq,./TestDatasets/DifferentPositions/Pos3/TestData_R2_test.fastq,2.6390573296152584
DI06,G05,CTGCCAT,CCAGCTT,LLYD,1.0,17,./TestDatasets/DifferentPositions/Pos3/TestData_R1_test.fastq,./TestDatasets/DifferentPositions/Pos3/TestData_R2_test.fastq,2.833213344056216
DI06,G06,GAGAACA,TTAGACG,LL*S,1.0,1,./TestDatasets/DifferentPositions/Pos3/TestData_R1_test.fastq,./TestDatasets/DifferentPositions/Pos3/TestData_R2_test.fastq,0.0
DI06,G07,GTATAGC,ACCATAC,LLMA,1.0,2,./TestDatasets/DifferentPositions/Pos3/TestData_R1_test.fastq,./TestDatasets/DifferentPositions/Pos3/TestData_R2_test.fastq,0.6931471805599453
DI06,G08,TGATGGA,GACGACT,SLDS,1.0,12,./TestDatasets/DifferentPositions/Pos3/TestData_R1_test.fastq,./TestDatasets/DifferentPositions/Pos3/TestData_R2_test.fastq,2.4849066497880004
DI06,G09,GGCAGTA,GTCACCT,VSSC,1.0,9,./TestDatasets/DifferentPositions/Pos3/TestData_R1_test.fastq,./TestDatasets/DifferentPositions/Pos3/TestData_R2_test.fastq,2.1972245773362196
DI06,G10,GAAGAAG,CGTGATG,IMPA,1.0,8,./TestDatasets/DifferentPositions/Pos3/TestData_R1_test.fastq,./TestDatasets/DifferentPositions/Pos3/TestData_R2_test.fastq,2.0794415416798357
DI06,G11,AGCGGTT,GCTTCCT,QSRK,1.0,15,./TestDatasets/DifferentPositions/Pos3/TestData_R1_test.fastq,./TestDatasets/DifferentPositions/Pos3/TestData_R2_test.fastq,2.70805020110221
DI06,H01,AACCTGT,CGGACTT,SKPQ,1.0,3,./TestDatasets/DifferentPositions/Pos3/TestData_R1_test.fastq,./TestDatasets/DifferentPositions/Pos3/TestData_R2_test.fastq,1.0986122886681098
DI06,H03,CTCGTAG,CCGAAGT,VHLE,1.0,2,./TestDatasets/DifferentPositions/Pos3/TestData_R1_test.fastq,./TestDatasets/DifferentPositions/Pos3/TestData_R2_test.fastq,0.6931471805599453
DI06,H04,CTAGGTG,GTTATGG,ATML,1.0,11,./TestDatasets/DifferentPositions/Pos3/TestData_R1_test.fastq,./TestDatasets/DifferentPositions/Pos3/TestData_R2_test.fastq,2.3978952727983707
DI06,H05,CGATACC,ATCCTCG,FVCR,1.0,3,./TestDatasets/DifferentPositions/Pos3/TestData_R1_test.fastq,./TestDatasets/DifferentPositions/Pos3/TestData_R2_test.fastq,1.0986122886681098
DI06,H06,TCGGCTA,CGAATAG,IGP*,1.0,5,./TestDatasets/DifferentPositions/Pos3/TestData_R1_test.fastq,./TestDatasets/DifferentPositions/Pos3/TestData_R2_test.fastq,1.6094379124341003
DI06,H07,CGGTTGT,TATCCGG,YLQT,1.0,10,./TestDatasets/DifferentPositions/Pos3/TestData_R1_test.fastq,./TestDatasets/DifferentPositions/Pos3/TestData_R2_test.fastq,2.302585092994046
DI06,H08,ATTGCCT,AGCAAGA,FLSN,1.0,9,./TestDatasets/DifferentPositions/Pos3/TestData_R1_test.fastq,./TestDatasets/DifferentPositions/Pos3/TestData_R2_test.fastq,2.1972245773362196
DI06,H09,CATTCGA,TGTCGAC,FRNL,1.0,7,./TestDatasets/DifferentPositions/Pos3/TestData_R1_test.fastq,./TestDatasets/DifferentPositions/Pos3/TestData_R2_test.fastq,1.9459101490553132
DI06,H10,GCACAAT,TTCCATG,TFGK,1.0,6,./TestDatasets/DifferentPositions/Pos3/TestData_R1_test.fastq,./TestDatasets/DifferentPositions/Pos3/TestData_R2_test.fastq,1.791759469228055
DI06,H11,GCAGTAA,GCAATCG,DRIT,1.0,2,./TestDatasets/DifferentPositions/Pos3/TestData_R1_test.fastq,./TestDatasets/DifferentPositions/Pos3/TestData_R2_test.fastq,0.6931471805599453
DI06,H12,CCTAATC,TGAGTGG,LKQS,1.0,16,./TestDatasets/DifferentPositions/Pos3/TestData_R1_test.fastq,./TestDatasets/DifferentPositions/Pos3/TestData_R2_test.fastq,2.772588722239781
