Plate,Well,F-BC,R-BC,VariantCombo,AlignmentFrequency,WellSeqDepth,R1,R2
DI02,A01,GATCATG,ACAGTCT,SALM,1.0,14,./TestDatasets/DifferentPositions/Pos3/TestData_R1_test.fastq,./TestDatasets/DifferentPositions/Pos3/TestData_R2_test.fastq
DI02,A02,TACATGG,CAGATAC,HRRS,1.0,6,./TestDatasets/DifferentPositions/Pos3/TestData_R1_test.fastq,./TestDatasets/DifferentPositions/Pos3/TestData_R2_test.fastq
DI02,A03,AAGCACC,TACGTTC,NYTI,1.0,8,./TestDatasets/DifferentPositions/Pos3/TestData_R1_test.fastq,./TestDatasets/DifferentPositions/Pos3/TestData_R2_test.fastq
DI02,A04,TGGCTCA,ACGGTTC,SCSL,1.0,5,./TestDatasets/DifferentPositions/Pos3/TestData_R1_test.fastq,./TestDatasets/DifferentPositions/Pos3/TestData_R2_test.fastq
DI02,A05,CTTGCTC,CATCGTC,G*VN,1.0,2,./TestDatasets/DifferentPositions/Pos3/TestData_R1_test.fastq,./TestDatasets/DifferentPositions/Pos3/TestData_R2_test.fastq
DI02,A06,GAAGCGT,TACGCAT,HDSR,1.0,6,./TestDatasets/DifferentPositions/Pos3/TestData_R1_test.fastq,./TestDatasets/DifferentPositions/Pos3/TestData_R2_test.fastq
DI02,A07,TCTCCAT,CTTAGAC,VS*K,1.0,9,./TestDatasets/DifferentPositions/Pos3/TestData_R1_test.fastq,./TestDatasets/DifferentPositions/Pos3/TestData_R2_test.fastq
DI02,A08,TTGAAGG,AACTGAC,*IHK,1.0,8,./TestDatasets/DifferentPositions/Pos3/TestData_R1_test.fastq,./TestDatasets/DifferentPositions/Pos3/TestData_R2_test.fastq
DI02,A09,GAATGTC,ACTTGCA,VDLF,1.0,8,./TestDatasets/DifferentPositions/Pos3/TestData_R1_test.fastq,./TestDatasets/DifferentPositions/Pos3/TestData_R2_test.fastq
DI02,A10,ATCTCCA,ACGCGAT,RRAE,1.0,1,./TestDatasets/DifferentPositions/Pos3/TestData_R1_test.fastq,./TestDatasets/DifferentPositions/Pos3/TestData_R2_test.fastq
DI02,A12,TGCACCA,ACTCAAC,LARR,1.0,16,./TestDatasets/DifferentPositions/Pos3/TestData_R1_test.fastq,./TestDatasets/DifferentPositions/Pos3/TestData_R2_test.fastq
DI02,B01,TGCCTAT,GAACTGC,EILP,1.0,5,./TestDatasets/DifferentPositions/Pos3/TestData_R1_test.fastq,./TestDatasets/DifferentPositions/Pos3/TestData_R2_test.fastq
DI02,B02,AGGAATC,ACCAGGT,IVNR,1.0,16,./TestDatasets/DifferentPositions/Pos3/TestData_R1_test.fastq,./TestDatasets/DifferentPositions/Pos3/TestData_R2_test.fastq
DI02,B03,TCCACTG,TCTAGAG,VECN,1.0,1,./TestDatasets/DifferentPositions/Pos3/TestData_R1_test.fastq,./TestDatasets/DifferentPositions/Pos3/TestData_R2_test.fastq
DI02,B04,TTGTACC,CACACAA,QAPG,1.0,3,./TestDatasets/DifferentPositions/Pos3/TestData_R1_test.fastq,./TestDatasets/DifferentPositions/Pos3/TestData_R2_test.fastq
DI02,B05,TTCGAGT,GTGGAAC,*LVG,1.0,12,./TestDatasets/DifferentPositions/Pos3/TestData_R1_test.fastq,./TestDatasets/DifferentPositions/Pos3/TestData_R2_test.fastq
DI02,B08,TGCTGTC,GTGAGAT,*QLE,1.0,12,./TestDatasets/DifferentPositions/Pos3/TestData_R1_test.fastq,./TestDatasets/DifferentPositions/Pos3/TestData_R2_test.fastq
DI02,B10,GCCATGA,ATGCCTG,RS*G,1.0,2,./TestDatasets/DifferentPositions/Pos3/TestData_R1_test.fastq,./TestDatasets/DifferentPositions/Pos3/TestData_R2_test.fastq
DI02,B11,CACAACG,TCCGAAG,NSPP,1.0,11,./TestDatasets/DifferentPositions/Pos3/TestData_R1_test.fastq,./TestDatasets/DifferentPositions/Pos3/TestData_R2_test.fastq
DI02,B12,CTTCGCT,GGCTTAC,LNLL,1.0,4,./TestDatasets/DifferentPositions/Pos3/TestData_R1_test.fastq,./TestDatasets/DifferentPositions/Pos3/TestData_R2_test.fastq
DI02,C01,TCGTGAA,AGTTGGC,IPIL,1.0,15,./TestDatasets/DifferentPositions/Pos3/TestData_R1_test.fastq,./TestDatasets/DifferentPositions/Pos3/TestData_R2_test.fastq
DI02,C02,TTATCGG,AACGATG,IRVG,1.0,7,./TestDatasets/DifferentPositions/Pos3/TestData_R1_test.fastq,./TestDatasets/DifferentPositions/Pos3/TestData_R2_test.fastq
DI02,C03,AGACCAT,ACTACCG,ISQQ,1.0,4,./TestDatasets/DifferentPositions/Pos3/TestData_R1_test.fastq,./TestDatasets/DifferentPositions/Pos3/TestData_R2_test.fastq
DI02,C05,ACGTACT,CCAGCTT,LLVT,1.0,16,./TestDatasets/DifferentPositions/Pos3/TestData_R1_test.fastq,./TestDatasets/DifferentPositions/Pos3/TestData_R2_test.fastq
DI02,C06,CACCTCA,TTAGACG,VRLR,1.0,11,./TestDatasets/DifferentPositions/Pos3/TestData_R1_test.fastq,./TestDatasets/DifferentPositions/Pos3/TestData_R2_test.fastq
DI02,C07,GTTGGAG,ACCATAC,GGPN,1.0,10,./TestDatasets/DifferentPositions/Pos3/TestData_R1_test.fastq,./TestDatasets/DifferentPositions/Pos3/TestData_R2_test.fastq
DI02,C08,TGTTCTG,GACGACT,A*RA,1.0,5,./TestDatasets/DifferentPositions/Pos3/TestData_R1_test.fastq,./TestDatasets/DifferentPositions/Pos3/TestData_R2_test.fastq
DI02,C09,CTTACGT,GTCACCT,YGKE,1.0,2,./TestDatasets/DifferentPositions/Pos3/TestData_R1_test.fastq,./TestDatasets/DifferentPositions/Pos3/TestData_R2_test.fastq
DI02,C11,ATGGACA,GCTTCCT,C*TF,1.0,1,./TestDatasets/DifferentPositions/Pos3/TestData_R1_test.fastq,./TestDatasets/DifferentPositions/Pos3/TestData_R2_test.fastq
DI02,C12,ACACTGA,TAGACGT,VLTL,1.0,3,./TestDatasets/DifferentPositions/Pos3/TestData_R1_test.fastq,./TestDatasets/DifferentPositions/Pos3/TestData_R2_test.fastq
DI02,D01,ATCTGTG,CGGACTT,PGN*,1.0,14,./TestDatasets/DifferentPositions/Pos3/TestData_R1_test.fastq,./TestDatasets/DifferentPositions/Pos3/TestData_R2_test.fastq
DI02,D04,TTCTCAC,GTTATGG,LVAL,1.0,21,./TestDatasets/DifferentPositions/Pos3/TestData_R1_test.fastq,./TestDatasets/DifferentPositions/Pos3/TestData_R2_test.fastq
DI02,D06,GCTACAA,CGAATAG,GHAR,1.0,2,./TestDatasets/DifferentPositions/Pos3/TestData_R1_test.fastq,./TestDatasets/DifferentPositions/Pos3/TestData_R2_test.fastq
DI02,D07,AGAGAAC,TATCCGG,FK*L,1.0,12,./TestDatasets/DifferentPositions/Pos3/TestData_R1_test.fastq,./TestDatasets/DifferentPositions/Pos3/TestData_R2_test.fastq
DI02,D08,CAGAGTG,AGCAAGA,WVYS,1.0,10,./TestDatasets/DifferentPositions/Pos3/TestData_R1_test.fastq,./TestDatasets/DifferentPositions/Pos3/TestData_R2_test.fastq
DI02,D09,TTCCGAA,TGTCGAC,DLCP,1.0,4,./TestDatasets/DifferentPositions/Pos3/TestData_R1_test.fastq,./TestDatasets/DifferentPositions/Pos3/TestData_R2_test.fastq
DI02,D10,GTACGAC,TTCCATG,SGTP,1.0,12,./TestDatasets/DifferentPositions/Pos3/TestData_R1_test.fastq,./TestDatasets/DifferentPositions/Pos3/TestData_R2_test.fastq
DI02,D11,ACTCTTG,GCAATCG,TKQS,1.0,4,./TestDatasets/DifferentPositions/Pos3/TestData_R1_test.fastq,./TestDatasets/DifferentPositions/Pos3/TestData_R2_test.fastq
DI02,D12,CCAACCA,TGAGTGG,*LPL,1.0,1,./TestDatasets/DifferentPositions/Pos3/TestData_R1_test.fastq,./TestDatasets/DifferentPositions/Pos3/TestData_R2_test.fastq
DI02,E01,CTCTAGA,TAGGAGA,PRCC,1.0,15,./TestDatasets/DifferentPositions/Pos3/TestData_R1_test.fastq,./TestDatasets/DifferentPositions/Pos3/TestData_R2_test.fastq
DI02,E02,AATCGGA,AGTCAGT,VI*L,1.0,1,./TestDatasets/DifferentPositions/Pos3/TestData_R1_test.fastq,./TestDatasets/DifferentPositions/Pos3/TestData_R2_test.fastq
DI02,E03,CGTCCTA,GTGCTGT,SNPS,1.0,10,./TestDatasets/DifferentPositions/Pos3/TestData_R1_test.fastq,./TestDatasets/DifferentPositions/Pos3/TestData_R2_test.fastq
DI02,E04,GGAATGT,CAACAAC,HNTL,1.0,19,./TestDatasets/DifferentPositions/Pos3/TestData_R1_test.fastq,./TestDatasets/DifferentPositions/Pos3/TestData_R2_test.fastq
DI02,E05,TCCAAGC,AATAGCC,KRTD,1.0,9,./TestDatasets/DifferentPositions/Pos3/TestData_R1_test.fastq,./TestDatasets/DifferentPositions/Pos3/TestData_R2_test.fastq
DI02,E06,GCACCTA,TCTGTGA,QRSV,1.0,2,./TestDatasets/DifferentPositions/Pos3/TestData_R1_test.fastq,./TestDatasets/DifferentPositions/Pos3/TestData_R2_test.fastq
DI02,E08,CAGGATT,GCGTATG,SVVR,1.0,11,./TestDatasets/DifferentPositions/Pos3/TestData_R1_test.fastq,./TestDatasets/DifferentPositions/Pos3/TestData_R2_test.fastq
DI02,E09,CTGCATA,AGTTACG,TRA*,1.0,11,./TestDatasets/DifferentPositions/Pos3/TestData_R1_test.fastq,./TestDatasets/DifferentPositions/Pos3/TestData_R2_test.fastq
DI02,E10,CGTTGAG,TTCCTGC,TPAT,1.0,4,./TestDatasets/DifferentPositions/Pos3/TestData_R1_test.fastq,./TestDatasets/DifferentPositions/Pos3/TestData_R2_test.fastq
DI02,E11,TGCTACT,TATGTCG,NVGH,1.0,11,./TestDatasets/DifferentPositions/Pos3/TestData_R1_test.fastq,./TestDatasets/DifferentPositions/Pos3/TestData_R2_test.fastq
DI02,F01,GCATGGT,CCTTAGG,CFLR,1.0,11,./TestDatasets/DifferentPositions/Pos3/TestData_R1_test.fastq,./TestDatasets/DifferentPositions/Pos3/TestData_R2_test.fastq
DI02,F02,GTCGTTA,TGTATCC,SRLR,1.0,3,./TestDatasets/DifferentPositions/Pos3/TestData_R1_test.fastq,./TestDatasets/DifferentPositions/Pos3/TestData_R2_test.fastq
DI02,F03,CCTGACA,CAACCTG,GKSN,1.0,7,./TestDatasets/DifferentPositions/Pos3/TestData_R1_test.fastq,./TestDatasets/DifferentPositions/Pos3/TestData_R2_test.fastq
DI02,F04,AGTGTAG,CTGATGA,ARIM,1.0,5,./TestDatasets/DifferentPositions/Pos3/TestData_R1_test.fastq,./TestDatasets/DifferentPositions/Pos3/TestData_R2_test.fastq
DI02,F05,CGAGCAA,AAGACAG,TIFV,1.0,2,./TestDatasets/DifferentPositions/Pos3/TestData_R1_test.fastq,./TestDatasets/DifferentPositions/Pos3/TestData_R2_test.fastq
DI02,F06,CTACTCC,AGCTCGT,W*LT,1.0,3,./TestDatasets/DifferentPositions/Pos3/TestData_R1_test.fastq,./TestDatasets/DifferentPositions/Pos3/TestData_R2_test.fastq
DI02,F07,GATGCCA,GATTGCG,RAPL,1.0,1,./TestDatasets/DifferentPositions/Pos3/TestData_R1_test.fastq,./TestDatasets/DifferentPositions/Pos3/TestData_R2_test.fastq
DI02,F08,GACCGAT,TCCTTCA,DGPK,1.0,2,./TestDatasets/DifferentPositions/Pos3/TestData_R1_test.fastq,./TestDatasets/DifferentPositions/Pos3/TestData_R2_test.fastq
DI02,F09,ACGTTGG,TCACAGG,PVLQ,1.0,5,./TestDatasets/DifferentPositions/Pos3/TestData_R1_test.fastq,./TestDatasets/DifferentPositions/Pos3/TestData_R2_test.fastq
DI02,F11,TACTCCG,CCTCTGT,GRRL,1.0,1,./TestDatasets/DifferentPositions/Pos3/TestData_R1_test.fastq,./TestDatasets/DifferentPositions/Pos3/TestData_R2_test.fastq
DI02,F12,GATTCAC,CCTCGAA,CSAS,1.0,12,./TestDatasets/DifferentPositions/Pos3/TestData_R1_test.fastq,./TestDatasets/DifferentPositions/Pos3/TestData_R2_test.fastq
DI02,G01,ATGACGC,GTGTCTC,LVRS,1.0,18,./TestDatasets/DifferentPositions/Pos3/TestData_R1_test.fastq,./TestDatasets/DifferentPositions/Pos3/TestData_R2_test.fastq
DI02,G02,GGTTGTT,ATTGAGG,GYST,1.0,9,./TestDatasets/DifferentPositions/Pos3/TestData_R1_test.fastq,./TestDatasets/DifferentPositions/Pos3/TestData_R2_test.fastq
DI02,G03,GTACTTG,GACAATC,WTQL,1.0,13,./TestDatasets/DifferentPositions/Pos3/TestData_R1_test.fastq,./TestDatasets/DifferentPositions/Pos3/TestData_R2_test.fastq
DI02,G04,TAGCAAG,CACTTGC,CRE*,1.0,1,./TestDatasets/DifferentPositions/Pos3/TestData_R1_test.fastq,./TestDatasets/DifferentPositions/Pos3/TestData_R2_test.fastq
DI02,G05,CTGCCAT,TGAACGC,VSKL,1.0,6,./TestDatasets/DifferentPositions/Pos3/TestData_R1_test.fastq,./TestDatasets/DifferentPositions/Pos3/TestData_R2_test.fastq
DI02,G07,GTATAGC,AGGTTCC,GCEY,1.0,3,./TestDatasets/DifferentPositions/Pos3/TestData_R1_test.fastq,./TestDatasets/DifferentPositions/Pos3/TestData_R2_test.fastq
DI02,G08,TGATGGA,GTACACA,KRPI,1.0,17,./TestDatasets/DifferentPositions/Pos3/TestData_R1_test.fastq,./TestDatasets/DifferentPositions/Pos3/TestData_R2_test.fastq
DI02,G09,GGCAGTA,GATAGGT,PSIT,1.0,2,./TestDatasets/DifferentPositions/Pos3/TestData_R1_test.fastq,./TestDatasets/DifferentPositions/Pos3/TestData_R2_test.fastq
DI02,G12,TAAGGCC,GGATTCA,SGSV,1.0,2,./TestDatasets/DifferentPositions/Pos3/TestData_R1_test.fastq,./TestDatasets/DifferentPositions/Pos3/TestData_R2_test.fastq
DI02,H01,AACCTGT,TGAGCCT,SYVN,1.0,20,./TestDatasets/DifferentPositions/Pos3/TestData_R1_test.fastq,./TestDatasets/DifferentPositions/Pos3/TestData_R2_test.fastq
DI02,H02,AGTACAC,AACGCGA,PGLA,1.0,6,./TestDatasets/DifferentPositions/Pos3/TestData_R1_test.fastq,./TestDatasets/DifferentPositions/Pos3/TestData_R2_test.fastq
DI02,H03,CTCGTAG,TCATTGC,QRSF,1.0,3,./TestDatasets/DifferentPositions/Pos3/TestData_R1_test.fastq,./TestDatasets/DifferentPositions/Pos3/TestData_R2_test.fastq
DI02,H04,CTAGGTG,AGCATCT,AWAP,1.0,1,./TestDatasets/DifferentPositions/Pos3/TestData_R1_test.fastq,./TestDatasets/DifferentPositions/Pos3/TestData_R2_test.fastq
DI02,H05,CGATACC,TTGGTCT,RAVF,1.0,9,./TestDatasets/DifferentPositions/Pos3/TestData_R1_test.fastq,./TestDatasets/DifferentPositions/Pos3/TestData_R2_test.fastq
DI02,H06,TCGGCTA,CAAGGAT,KVIA,1.0,11,./TestDatasets/DifferentPositions/Pos3/TestData_R1_test.fastq,./TestDatasets/DifferentPositions/Pos3/TestData_R2_test.fastq
DI02,H08,ATTGCCT,AGGTCAA,GSGC,1.0,7,./TestDatasets/DifferentPositions/Pos3/TestData_R1_test.fastq,./TestDatasets/DifferentPositions/Pos3/TestData_R2_test.fastq
DI02,H09,CATTCGA,ATGCTAC,V*HR,1.0,11,./TestDatasets/DifferentPositions/Pos3/TestData_R1_test.fastq,./TestDatasets/DifferentPositions/Pos3/TestData_R2_test.fastq
DI02,H10,GCACAAT,CTCTGAT,LSRD,1.0,15,./TestDatasets/DifferentPositions/Pos3/TestData_R1_test.fastq,./TestDatasets/DifferentPositions/Pos3/TestData_R2_test.fastq
DI02,H12,CCTAATC,TCGAGCT,VCRP,1.0,10,./TestDatasets/DifferentPositions/Pos3/TestData_R1_test.fastq,./TestDatasets/DifferentPositions/Pos3/TestData_R2_test.fastq
