Plate,Well,F-BC,R-BC,VariantCombo,AlignmentFrequency,WellSeqDepth,R1,R2,logseqdepth
DI01,A01,GATCATG,GAACTGC,CTI*,1.0,3,./TestDatasets/DifferentPositions/Pos3/TestData_R1_test.fastq,./TestDatasets/DifferentPositions/Pos3/TestData_R2_test.fastq,1.0986122886681098
DI01,A02,TACATGG,ACCAGGT,TARC,1.0,8,./TestDatasets/DifferentPositions/Pos3/TestData_R1_test.fastq,./TestDatasets/DifferentPositions/Pos3/TestData_R2_test.fastq,2.0794415416798357
DI01,A03,AAGCACC,TCTAGAG,GSQS,1.0,11,./TestDatasets/DifferentPositions/Pos3/TestData_R1_test.fastq,./TestDatasets/DifferentPositions/Pos3/TestData_R2_test.fastq,2.3978952727983707
DI01,A04,TGGCTCA,CACACAA,FESK,1.0,8,./TestDatasets/DifferentPositions/Pos3/TestData_R1_test.fastq,./TestDatasets/DifferentPositions/Pos3/TestData_R2_test.fastq,2.0794415416798357
DI01,A05,CTTGCTC,GTGGAAC,VRIL,1.0,5,./TestDatasets/DifferentPositions/Pos3/TestData_R1_test.fastq,./TestDatasets/DifferentPositions/Pos3/TestData_R2_test.fastq,1.6094379124341003
DI01,A06,GAAGCGT,ATATGCC,SAFC,1.0,5,./TestDatasets/DifferentPositions/Pos3/TestData_R1_test.fastq,./TestDatasets/DifferentPositions/Pos3/TestData_R2_test.fastq,1.6094379124341003
DI01,A07,TCTCCAT,GGTCTGA,KSST,1.0,4,./TestDatasets/DifferentPositions/Pos3/TestData_R1_test.fastq,./TestDatasets/DifferentPositions/Pos3/TestData_R2_test.fastq,1.3862943611198906
DI01,A08,TTGAAGG,GTGAGAT,RA*F,1.0,9,./TestDatasets/DifferentPositions/Pos3/TestData_R1_test.fastq,./TestDatasets/DifferentPositions/Pos3/TestData_R2_test.fastq,2.1972245773362196
DI01,A09,GAATGTC,TTGGCAG,SNAS,1.0,1,./TestDatasets/DifferentPositions/Pos3/TestData_R1_test.fastq,./TestDatasets/DifferentPositions/Pos3/TestData_R2_test.fastq,0.0
DI01,A10,ATCTCCA,ATGCCTG,HARQ,1.0,13,./TestDatasets/DifferentPositions/Pos3/TestData_R1_test.fastq,./TestDatasets/DifferentPositions/Pos3/TestData_R2_test.fastq,2.5649493574615367
DI01,B01,TGCCTAT,AGTTGGC,SLHS,1.0,4,./TestDatasets/DifferentPositions/Pos3/TestData_R1_test.fastq,./TestDatasets/DifferentPositions/Pos3/TestData_R2_test.fastq,1.3862943611198906
DI01,B02,AGGAATC,AACGATG,TSGV,1.0,4,./TestDatasets/DifferentPositions/Pos3/TestData_R1_test.fastq,./TestDatasets/DifferentPositions/Pos3/TestData_R2_test.fastq,1.3862943611198906
DI01,B03,TCCACTG,ACTACCG,PTRD,1.0,4,./TestDatasets/DifferentPositions/Pos3/TestData_R1_test.fastq,./TestDatasets/DifferentPositions/Pos3/TestData_R2_test.fastq,1.3862943611198906
DI01,B04,TTGTACC,GGTGTCT,MLLF,1.0,4,./TestDatasets/DifferentPositions/Pos3/TestData_R1_test.fastq,./TestDatasets/DifferentPositions/Pos3/TestData_R2_test.fastq,1.3862943611198906
DI01,B05,TTCGAGT,CCAGCTT,*TAL,1.0,1,./TestDatasets/DifferentPositions/Pos3/TestData_R1_test.fastq,./TestDatasets/DifferentPositions/Pos3/TestData_R2_test.fastq,0.0
DI01,B06,CTTCAGC,TTAGACG,GSVK,1.0,4,./TestDatasets/DifferentPositions/Pos3/TestData_R1_test.fastq,./TestDatasets/DifferentPositions/Pos3/TestData_R2_test.fastq,1.3862943611198906
DI01,B07,CAGTGCA,ACCATAC,FAGS,1.0,13,./TestDatasets/DifferentPositions/Pos3/TestData_R1_test.fastq,./TestDatasets/DifferentPositions/Pos3/TestData_R2_test.fastq,2.5649493574615367
DI01,B08,TGCTGTC,GACGACT,VTVL,1.0,13,./TestDatasets/DifferentPositions/Pos3/TestData_R1_test.fastq,./TestDatasets/DifferentPositions/Pos3/TestData_R2_test.fastq,2.5649493574615367
DI01,B09,CGCCATT,GTCACCT,ACAI,1.0,14,./TestDatasets/DifferentPositions/Pos3/TestData_R1_test.fastq,./TestDatasets/DifferentPositions/Pos3/TestData_R2_test.fastq,2.6390573296152584
DI01,B10,GCCATGA,CGTGATG,SCPF,1.0,15,./TestDatasets/DifferentPositions/Pos3/TestData_R1_test.fastq,./TestDatasets/DifferentPositions/Pos3/TestData_R2_test.fastq,2.70805020110221
DI01,B11,CACAACG,GCTTCCT,NTLI,1.0,12,./TestDatasets/DifferentPositions/Pos3/TestData_R1_test.fastq,./TestDatasets/DifferentPositions/Pos3/TestData_R2_test.fastq,2.4849066497880004
DI01,B12,CTTCGCT,TAGACGT,ESPR,1.0,8,./TestDatasets/DifferentPositions/Pos3/TestData_R1_test.fastq,./TestDatasets/DifferentPositions/Pos3/TestData_R2_test.fastq,2.0794415416798357
DI01,C01,TCGTGAA,CGGACTT,KVHT,1.0,14,./TestDatasets/DifferentPositions/Pos3/TestData_R1_test.fastq,./TestDatasets/DifferentPositions/Pos3/TestData_R2_test.fastq,2.6390573296152584
DI01,C02,TTATCGG,ACCGGAA,SPQN,1.0,8,./TestDatasets/DifferentPositions/Pos3/TestData_R1_test.fastq,./TestDatasets/DifferentPositions/Pos3/TestData_R2_test.fastq,2.0794415416798357
DI01,C04,ACATGAG,GTTATGG,YHQV,1.0,2,./TestDatasets/DifferentPositions/Pos3/TestData_R1_test.fastq,./TestDatasets/DifferentPositions/Pos3/TestData_R2_test.fastq,0.6931471805599453
DI01,C05,ACGTACT,ATCCTCG,LEAP,1.0,13,./TestDatasets/DifferentPositions/Pos3/TestData_R1_test.fastq,./TestDatasets/DifferentPositions/Pos3/TestData_R2_test.fastq,2.5649493574615367
DI01,C06,CACCTCA,CGAATAG,H*TS,1.0,15,./TestDatasets/DifferentPositions/Pos3/TestData_R1_test.fastq,./TestDatasets/DifferentPositions/Pos3/TestData_R2_test.fastq,2.70805020110221
DI01,C08,TGTTCTG,AGCAAGA,EQPI,1.0,15,./TestDatasets/DifferentPositions/Pos3/TestData_R1_test.fastq,./TestDatasets/DifferentPositions/Pos3/TestData_R2_test.fastq,2.70805020110221
DI01,C09,CTTACGT,TGTCGAC,IMKV,1.0,15,./TestDatasets/DifferentPositions/Pos3/TestData_R1_test.fastq,./TestDatasets/DifferentPositions/Pos3/TestData_R2_test.fastq,2.70805020110221
DI01,C10,GAGGTTG,TTCCATG,QLHK,1.0,12,./TestDatasets/DifferentPositions/Pos3/TestData_R1_test.fastq,./TestDatasets/DifferentPositions/Pos3/TestData_R2_test.fastq,2.4849066497880004
DI01,C11,ATGGACA,GCAATCG,LYTL,1.0,10,./TestDatasets/DifferentPositions/Pos3/TestData_R1_test.fastq,./TestDatasets/DifferentPositions/Pos3/TestData_R2_test.fastq,2.302585092994046
DI01,C12,ACACTGA,TGAGTGG,LPSS,1.0,15,./TestDatasets/DifferentPositions/Pos3/TestData_R1_test.fastq,./TestDatasets/DifferentPositions/Pos3/TestData_R2_test.fastq,2.70805020110221
DI01,D01,ATCTGTG,TAGGAGA,LPV*,1.0,4,./TestDatasets/DifferentPositions/Pos3/TestData_R1_test.fastq,./TestDatasets/DifferentPositions/Pos3/TestData_R2_test.fastq,1.3862943611198906
DI01,D02,AATGTGC,AGTCAGT,AV*N,1.0,14,./TestDatasets/DifferentPositions/Pos3/TestData_R1_test.fastq,./TestDatasets/DifferentPositions/Pos3/TestData_R2_test.fastq,2.6390573296152584
DI01,D03,GAGTTGA,GTGCTGT,WHLG,1.0,3,./TestDatasets/DifferentPositions/Pos3/TestData_R1_test.fastq,./TestDatasets/DifferentPositions/Pos3/TestData_R2_test.fastq,1.0986122886681098
DI01,D04,TTCTCAC,CAACAAC,RRSF,1.0,9,./TestDatasets/DifferentPositions/Pos3/TestData_R1_test.fastq,./TestDatasets/DifferentPositions/Pos3/TestData_R2_test.fastq,2.1972245773362196
DI01,D05,TGAAGCG,AATAGCC,QWEG,1.0,1,./TestDatasets/DifferentPositions/Pos3/TestData_R1_test.fastq,./TestDatasets/DifferentPositions/Pos3/TestData_R2_test.fastq,0.0
DI01,D06,GCTACAA,TCTGTGA,IDPC,1.0,12,./TestDatasets/DifferentPositions/Pos3/TestData_R1_test.fastq,./TestDatasets/DifferentPositions/Pos3/TestData_R2_test.fastq,2.4849066497880004
DI01,D07,AGAGAAC,TGTGGTA,SESL,1.0,17,./TestDatasets/DifferentPositions/Pos3/TestData_R1_test.fastq,./TestDatasets/DifferentPositions/Pos3/TestData_R2_test.fastq,2.833213344056216
DI01,D09,TTCCGAA,AGTTACG,IESV,1.0,13,./TestDatasets/DifferentPositions/Pos3/TestData_R1_test.fastq,./TestDatasets/DifferentPositions/Pos3/TestData_R2_test.fastq,2.5649493574615367
DI01,D10,GTACGAC,TTCCTGC,SYTL,1.0,2,./TestDatasets/DifferentPositions/Pos3/TestData_R1_test.fastq,./TestDatasets/DifferentPositions/Pos3/TestData_R2_test.fastq,0.6931471805599453
DI01,D11,ACTCTTG,TATGTCG,RTDS,1.0,2,./TestDatasets/DifferentPositions/Pos3/TestData_R1_test.fastq,./TestDatasets/DifferentPositions/Pos3/TestData_R2_test.fastq,0.6931471805599453
DI01,D12,CCAACCA,GGAGAGA,*HRG,1.0,2,./TestDatasets/DifferentPositions/Pos3/TestData_R1_test.fastq,./TestDatasets/DifferentPositions/Pos3/TestData_R2_test.fastq,0.6931471805599453
DI01,E01,CTCTAGA,CCTTAGG,GIVN,1.0,7,./TestDatasets/DifferentPositions/Pos3/TestData_R1_test.fastq,./TestDatasets/DifferentPositions/Pos3/TestData_R2_test.fastq,1.9459101490553132
DI01,E02,AATCGGA,TGTATCC,CPVG,1.0,7,./TestDatasets/DifferentPositions/Pos3/TestData_R1_test.fastq,./TestDatasets/DifferentPositions/Pos3/TestData_R2_test.fastq,1.9459101490553132
DI01,E03,CGTCCTA,CAACCTG,EGSH,1.0,5,./TestDatasets/DifferentPositions/Pos3/TestData_R1_test.fastq,./TestDatasets/DifferentPositions/Pos3/TestData_R2_test.fastq,1.6094379124341003
DI01,E04,GGAATGT,CTGATGA,ANEY,1.0,8,./TestDatasets/DifferentPositions/Pos3/TestData_R1_test.fastq,./TestDatasets/DifferentPositions/Pos3/TestData_R2_test.fastq,2.0794415416798357
DI01,E07,TTGCGTT,GATTGCG,RCPV,1.0,19,./TestDatasets/DifferentPositions/Pos3/TestData_R1_test.fastq,./TestDatasets/DifferentPositions/Pos3/TestData_R2_test.fastq,2.9444389791664403
DI01,E08,CAGGATT,TCCTTCA,AHDV,1.0,9,./TestDatasets/DifferentPositions/Pos3/TestData_R1_test.fastq,./TestDatasets/DifferentPositions/Pos3/TestData_R2_test.fastq,2.1972245773362196
DI01,E09,CTGCATA,TCACAGG,LFQS,1.0,3,./TestDatasets/DifferentPositions/Pos3/TestData_R1_test.fastq,./TestDatasets/DifferentPositions/Pos3/TestData_R2_test.fastq,1.0986122886681098
DI01,E10,CGTTGAG,AGAGCTG,VPKA,1.0,15,./TestDatasets/DifferentPositions/Pos3/TestData_R1_test.fastq,./TestDatasets/DifferentPositions/Pos3/TestData_R2_test.fastq,2.70805020110221
DI01,E11,TGCTACT,CCTCTGT,QTYH,1.0,2,./TestDatasets/DifferentPositions/Pos3/TestData_R1_test.fastq,./TestDatasets/DifferentPositions/Pos3/TestData_R2_test.fastq,0.6931471805599453
DI01,E12,GTGATCC,CCTCGAA,SFYL,1.0,6,./TestDatasets/DifferentPositions/Pos3/TestData_R1_test.fastq,./TestDatasets/DifferentPositions/Pos3/TestData_R2_test.fastq,1.791759469228055
DI01,F01,GCATGGT,GTGTCTC,HGSL,1.0,20,./TestDatasets/DifferentPositions/Pos3/TestData_R1_test.fastq,./TestDatasets/DifferentPositions/Pos3/TestData_R2_test.fastq,2.995732273553991
DI01,F02,GTCGTTA,ATTGAGG,CSGV,1.0,10,./TestDatasets/DifferentPositions/Pos3/TestData_R1_test.fastq,./TestDatasets/DifferentPositions/Pos3/TestData_R2_test.fastq,2.302585092994046
DI01,F03,CCTGACA,GACAATC,AIAF,1.0,2,./TestDatasets/DifferentPositions/Pos3/TestData_R1_test.fastq,./TestDatasets/DifferentPositions/Pos3/TestData_R2_test.fastq,0.6931471805599453
DI01,F04,AGTGTAG,CACTTGC,*TEL,1.0,12,./TestDatasets/DifferentPositions/Pos3/TestData_R1_test.fastq,./TestDatasets/DifferentPositions/Pos3/TestData_R2_test.fastq,2.4849066497880004
DI01,F05,CGAGCAA,TGAACGC,YIKF,1.0,5,./TestDatasets/DifferentPositions/Pos3/TestData_R1_test.fastq,./TestDatasets/DifferentPositions/Pos3/TestData_R2_test.fastq,1.6094379124341003
DI01,F06,CTACTCC,CGTAGCA,RGFM,1.0,11,./TestDatasets/DifferentPositions/Pos3/TestData_R1_test.fastq,./TestDatasets/DifferentPositions/Pos3/TestData_R2_test.fastq,2.3978952727983707
DI01,F07,GATGCCA,AGGTTCC,SEKA,1.0,11,./TestDatasets/DifferentPositions/Pos3/TestData_R1_test.fastq,./TestDatasets/DifferentPositions/Pos3/TestData_R2_test.fastq,2.3978952727983707
DI01,F08,GACCGAT,GTACACA,GSDC,1.0,9,./TestDatasets/DifferentPositions/Pos3/TestData_R1_test.fastq,./TestDatasets/DifferentPositions/Pos3/TestData_R2_test.fastq,2.1972245773362196
DI01,F09,ACGTTGG,GATAGGT,DHGP,1.0,11,./TestDatasets/DifferentPositions/Pos3/TestData_R1_test.fastq,./TestDatasets/DifferentPositions/Pos3/TestData_R2_test.fastq,2.3978952727983707
DI01,F10,ATGAGCG,TAGCCTC,DDFS,1.0,12,./TestDatasets/DifferentPositions/Pos3/TestData_R1_test.fastq,./TestDatasets/DifferentPositions/Pos3/TestData_R2_test.fastq,2.4849066497880004
DI01,F11,TACTCCG,TTCAGCC,ATYN,1.0,9,./TestDatasets/DifferentPositions/Pos3/TestData_R1_test.fastq,./TestDatasets/DifferentPositions/Pos3/TestData_R2_test.fastq,2.1972245773362196
DI01,F12,GATTCAC,GGATTCA,SGSI,1.0,2,./TestDatasets/DifferentPositions/Pos3/TestData_R1_test.fastq,./TestDatasets/DifferentPositions/Pos3/TestData_R2_test.fastq,0.6931471805599453
DI01,G01,ATGACGC,TGAGCCT,RRRK,1.0,15,./TestDatasets/DifferentPositions/Pos3/TestData_R1_test.fastq,./TestDatasets/DifferentPositions/Pos3/TestData_R2_test.fastq,2.70805020110221
DI01,G02,GGTTGTT,AACGCGA,*LRV,1.0,7,./TestDatasets/DifferentPositions/Pos3/TestData_R1_test.fastq,./TestDatasets/DifferentPositions/Pos3/TestData_R2_test.fastq,1.9459101490553132
DI01,G03,GTACTTG,TCATTGC,G*VS,1.0,8,./TestDatasets/DifferentPositions/Pos3/TestData_R1_test.fastq,./TestDatasets/DifferentPositions/Pos3/TestData_R2_test.fastq,2.0794415416798357
DI01,G05,CTGCCAT,TTGGTCT,QTVS,1.0,7,./TestDatasets/DifferentPositions/Pos3/TestData_R1_test.fastq,./TestDatasets/DifferentPositions/Pos3/TestData_R2_test.fastq,1.9459101490553132
DI01,G06,GAGAACA,CAAGGAT,AAAH,1.0,17,./TestDatasets/DifferentPositions/Pos3/TestData_R1_test.fastq,./TestDatasets/DifferentPositions/Pos3/TestData_R2_test.fastq,2.833213344056216
DI01,G08,TGATGGA,AGGTCAA,V*DQ,1.0,7,./TestDatasets/DifferentPositions/Pos3/TestData_R1_test.fastq,./TestDatasets/DifferentPositions/Pos3/TestData_R2_test.fastq,1.9459101490553132
DI01,G09,GGCAGTA,ATGCTAC,L*SS,1.0,2,./TestDatasets/DifferentPositions/Pos3/TestData_R1_test.fastq,./TestDatasets/DifferentPositions/Pos3/TestData_R2_test.fastq,0.6931471805599453
DI01,G11,AGCGGTT,TCAAGTC,SCMS,1.0,15,./TestDatasets/DifferentPositions/Pos3/TestData_R1_test.fastq,./TestDatasets/DifferentPositions/Pos3/TestData_R2_test.fastq,2.70805020110221
DI01,G12,TAAGGCC,TCGAGCT,NTGD,1.0,10,./TestDatasets/DifferentPositions/Pos3/TestData_R1_test.fastq,./TestDatasets/DifferentPositions/Pos3/TestData_R2_test.fastq,2.302585092994046
DI01,H01,AACCTGT,ACAGTCT,YFLR,1.0,2,./TestDatasets/DifferentPositions/Pos3/TestData_R1_test.fastq,./TestDatasets/DifferentPositions/Pos3/TestData_R2_test.fastq,0.6931471805599453
DI01,H02,AGTACAC,CAGATAC,RPVA,1.0,8,./TestDatasets/DifferentPositions/Pos3/TestData_R1_test.fastq,./TestDatasets/DifferentPositions/Pos3/TestData_R2_test.fastq,2.0794415416798357
DI01,H03,CTCGTAG,TACGTTC,AARQ,1.0,2,./TestDatasets/DifferentPositions/Pos3/TestData_R1_test.fastq,./TestDatasets/DifferentPositions/Pos3/TestData_R2_test.fastq,0.6931471805599453
DI01,H04,CTAGGTG,ACGGTTC,VHHD,1.0,20,./TestDatasets/DifferentPositions/Pos3/TestData_R1_test.fastq,./TestDatasets/DifferentPositions/Pos3/TestData_R2_test.fastq,2.995732273553991
DI01,H05,CGATACC,CATCGTC,NVAY,1.0,13,./TestDatasets/DifferentPositions/Pos3/TestData_R1_test.fastq,./TestDatasets/DifferentPositions/Pos3/TestData_R2_test.fastq,2.5649493574615367
DI01,H07,CGGTTGT,CTTAGAC,SSSR,1.0,5,./TestDatasets/DifferentPositions/Pos3/TestData_R1_test.fastq,./TestDatasets/DifferentPositions/Pos3/TestData_R2_test.fastq,1.6094379124341003
DI01,H08,ATTGCCT,AACTGAC,FLFE,1.0,3,./TestDatasets/DifferentPositions/Pos3/TestData_R1_test.fastq,./TestDatasets/DifferentPositions/Pos3/TestData_R2_test.fastq,1.0986122886681098
DI01,H09,CATTCGA,ACTTGCA,APVK,1.0,1,./TestDatasets/DifferentPositions/Pos3/TestData_R1_test.fastq,./TestDatasets/DifferentPositions/Pos3/TestData_R2_test.fastq,0.0
DI01,H10,GCACAAT,ACGCGAT,SIDS,1.0,6,./TestDatasets/DifferentPositions/Pos3/TestData_R1_test.fastq,./TestDatasets/DifferentPositions/Pos3/TestData_R2_test.fastq,1.791759469228055
DI01,H12,CCTAATC,ACTCAAC,RIRV,1.0,1,./TestDatasets/DifferentPositions/Pos3/TestData_R1_test.fastq,./TestDatasets/DifferentPositions/Pos3/TestData_R2_test.fastq,0.0
