Plate,Well,F-BC,R-BC,VariantCombo,AlignmentFrequency,WellSeqDepth,R1,R2,logseqdepth
DI08,A01,GATCATG,AGTTGGC,HARD,1.0,14,./TestDatasets/DifferentPositions/Pos1/TestData_R1_test.fastq,./TestDatasets/DifferentPositions/Pos1/TestData_R2_test.fastq,2.6390573296152584
DI08,A03,AAGCACC,ACTACCG,SLTS,1.0,9,./TestDatasets/DifferentPositions/Pos1/TestData_R1_test.fastq,./TestDatasets/DifferentPositions/Pos1/TestData_R2_test.fastq,2.1972245773362196
DI08,A04,TGGCTCA,GGTGTCT,RGST,1.0,2,./TestDatasets/DifferentPositions/Pos1/TestData_R1_test.fastq,./TestDatasets/DifferentPositions/Pos1/TestData_R2_test.fastq,0.6931471805599453
DI08,A05,CTTGCTC,CCAGCTT,SRGS,1.0,3,./TestDatasets/DifferentPositions/Pos1/TestData_R1_test.fastq,./TestDatasets/DifferentPositions/Pos1/TestData_R2_test.fastq,1.0986122886681098
DI08,A06,GAAGCGT,TTAGACG,RLSP,1.0,10,./TestDatasets/DifferentPositions/Pos1/TestData_R1_test.fastq,./TestDatasets/DifferentPositions/Pos1/TestData_R2_test.fastq,2.302585092994046
DI08,A07,TCTCCAT,ACCATAC,DPGR,1.0,14,./TestDatasets/DifferentPositions/Pos1/TestData_R1_test.fastq,./TestDatasets/DifferentPositions/Pos1/TestData_R2_test.fastq,2.6390573296152584
DI08,A08,TTGAAGG,GACGACT,RACN,1.0,11,./TestDatasets/DifferentPositions/Pos1/TestData_R1_test.fastq,./TestDatasets/DifferentPositions/Pos1/TestData_R2_test.fastq,2.3978952727983707
DI08,A09,GAATGTC,GTCACCT,ETLA,1.0,9,./TestDatasets/DifferentPositions/Pos1/TestData_R1_test.fastq,./TestDatasets/DifferentPositions/Pos1/TestData_R2_test.fastq,2.1972245773362196
DI08,A10,ATCTCCA,CGTGATG,IIEA,1.0,5,./TestDatasets/DifferentPositions/Pos1/TestData_R1_test.fastq,./TestDatasets/DifferentPositions/Pos1/TestData_R2_test.fastq,1.6094379124341003
DI08,A11,GCGTTAT,GCTTCCT,*SPD,1.0,19,./TestDatasets/DifferentPositions/Pos1/TestData_R1_test.fastq,./TestDatasets/DifferentPositions/Pos1/TestData_R2_test.fastq,2.9444389791664403
DI08,A12,TGCACCA,TAGACGT,VFSF,1.0,6,./TestDatasets/DifferentPositions/Pos1/TestData_R1_test.fastq,./TestDatasets/DifferentPositions/Pos1/TestData_R2_test.fastq,1.791759469228055
DI08,B02,AGGAATC,ACCGGAA,IFHP,1.0,1,./TestDatasets/DifferentPositions/Pos1/TestData_R1_test.fastq,./TestDatasets/DifferentPositions/Pos1/TestData_R2_test.fastq,0.0
DI08,B03,TCCACTG,CCGAAGT,*LLE,1.0,5,./TestDatasets/DifferentPositions/Pos1/TestData_R1_test.fastq,./TestDatasets/DifferentPositions/Pos1/TestData_R2_test.fastq,1.6094379124341003
DI08,B05,TTCGAGT,ATCCTCG,*KSI,1.0,18,./TestDatasets/DifferentPositions/Pos1/TestData_R1_test.fastq,./TestDatasets/DifferentPositions/Pos1/TestData_R2_test.fastq,2.8903717578961645
DI08,B06,CTTCAGC,CGAATAG,ITYF,1.0,6,./TestDatasets/DifferentPositions/Pos1/TestData_R1_test.fastq,./TestDatasets/DifferentPositions/Pos1/TestData_R2_test.fastq,1.791759469228055
DI08,B07,CAGTGCA,TATCCGG,CKQM,1.0,5,./TestDatasets/DifferentPositions/Pos1/TestData_R1_test.fastq,./TestDatasets/DifferentPositions/Pos1/TestData_R2_test.fastq,1.6094379124341003
DI08,B08,TGCTGTC,AGCAAGA,*LSA,1.0,1,./TestDatasets/DifferentPositions/Pos1/TestData_R1_test.fastq,./TestDatasets/DifferentPositions/Pos1/TestData_R2_test.fastq,0.0
DI08,B09,CGCCATT,TGTCGAC,AHIV,1.0,12,./TestDatasets/DifferentPositions/Pos1/TestData_R1_test.fastq,./TestDatasets/DifferentPositions/Pos1/TestData_R2_test.fastq,2.4849066497880004
DI08,B10,GCCATGA,TTCCATG,HGSS,1.0,2,./TestDatasets/DifferentPositions/Pos1/TestData_R1_test.fastq,./TestDatasets/DifferentPositions/Pos1/TestData_R2_test.fastq,0.6931471805599453
DI08,B11,CACAACG,GCAATCG,EPAC,1.0,2,./TestDatasets/DifferentPositions/Pos1/TestData_R1_test.fastq,./TestDatasets/DifferentPositions/Pos1/TestData_R2_test.fastq,0.6931471805599453
DI08,B12,CTTCGCT,TGAGTGG,QEPR,1.0,16,./TestDatasets/DifferentPositions/Pos1/TestData_R1_test.fastq,./TestDatasets/DifferentPositions/Pos1/TestData_R2_test.fastq,2.772588722239781
DI08,C01,TCGTGAA,TAGGAGA,T*YA,1.0,14,./TestDatasets/DifferentPositions/Pos1/TestData_R1_test.fastq,./TestDatasets/DifferentPositions/Pos1/TestData_R2_test.fastq,2.6390573296152584
DI08,C02,TTATCGG,AGTCAGT,GRLF,1.0,11,./TestDatasets/DifferentPositions/Pos1/TestData_R1_test.fastq,./TestDatasets/DifferentPositions/Pos1/TestData_R2_test.fastq,2.3978952727983707
DI08,C03,AGACCAT,GTGCTGT,SHRF,1.0,14,./TestDatasets/DifferentPositions/Pos1/TestData_R1_test.fastq,./TestDatasets/DifferentPositions/Pos1/TestData_R2_test.fastq,2.6390573296152584
DI08,C04,ACATGAG,CAACAAC,H*GD,1.0,6,./TestDatasets/DifferentPositions/Pos1/TestData_R1_test.fastq,./TestDatasets/DifferentPositions/Pos1/TestData_R2_test.fastq,1.791759469228055
DI08,C05,ACGTACT,AATAGCC,VGPY,1.0,1,./TestDatasets/DifferentPositions/Pos1/TestData_R1_test.fastq,./TestDatasets/DifferentPositions/Pos1/TestData_R2_test.fastq,0.0
DI08,C07,GTTGGAG,TGTGGTA,MFSV,1.0,10,./TestDatasets/DifferentPositions/Pos1/TestData_R1_test.fastq,./TestDatasets/DifferentPositions/Pos1/TestData_R2_test.fastq,2.302585092994046
DI08,C08,TGTTCTG,GCGTATG,SGAT,1.0,12,./TestDatasets/DifferentPositions/Pos1/TestData_R1_test.fastq,./TestDatasets/DifferentPositions/Pos1/TestData_R2_test.fastq,2.4849066497880004
DI08,C09,CTTACGT,AGTTACG,ATTA,1.0,6,./TestDatasets/DifferentPositions/Pos1/TestData_R1_test.fastq,./TestDatasets/DifferentPositions/Pos1/TestData_R2_test.fastq,1.791759469228055
DI08,C10,GAGGTTG,TTCCTGC,SWMV,1.0,5,./TestDatasets/DifferentPositions/Pos1/TestData_R1_test.fastq,./TestDatasets/DifferentPositions/Pos1/TestData_R2_test.fastq,1.6094379124341003
DI08,C11,ATGGACA,TATGTCG,VNLP,1.0,2,./TestDatasets/DifferentPositions/Pos1/TestData_R1_test.fastq,./TestDatasets/DifferentPositions/Pos1/TestData_R2_test.fastq,0.6931471805599453
DI08,C12,ACACTGA,GGAGAGA,LSV*,1.0,4,./TestDatasets/DifferentPositions/Pos1/TestData_R1_test.fastq,./TestDatasets/DifferentPositions/Pos1/TestData_R2_test.fastq,1.3862943611198906
DI08,D01,ATCTGTG,CCTTAGG,LIHL,1.0,2,./TestDatasets/DifferentPositions/Pos1/TestData_R1_test.fastq,./TestDatasets/DifferentPositions/Pos1/TestData_R2_test.fastq,0.6931471805599453
DI08,D02,AATGTGC,TGTATCC,IAET,1.0,6,./TestDatasets/DifferentPositions/Pos1/TestData_R1_test.fastq,./TestDatasets/DifferentPositions/Pos1/TestData_R2_test.fastq,1.791759469228055
DI08,D04,TTCTCAC,CTGATGA,GMGV,1.0,13,./TestDatasets/DifferentPositions/Pos1/TestData_R1_test.fastq,./TestDatasets/DifferentPositions/Pos1/TestData_R2_test.fastq,2.5649493574615367
DI08,D05,TGAAGCG,AAGACAG,SAYS,1.0,8,./TestDatasets/DifferentPositions/Pos1/TestData_R1_test.fastq,./TestDatasets/DifferentPositions/Pos1/TestData_R2_test.fastq,2.0794415416798357
DI08,D06,GCTACAA,AGCTCGT,VAMH,1.0,2,./TestDatasets/DifferentPositions/Pos1/TestData_R1_test.fastq,./TestDatasets/DifferentPositions/Pos1/TestData_R2_test.fastq,0.6931471805599453
DI08,D07,AGAGAAC,GATTGCG,LL*E,1.0,16,./TestDatasets/DifferentPositions/Pos1/TestData_R1_test.fastq,./TestDatasets/DifferentPositions/Pos1/TestData_R2_test.fastq,2.772588722239781
DI08,D08,CAGAGTG,TCCTTCA,TPVP,1.0,12,./TestDatasets/DifferentPositions/Pos1/TestData_R1_test.fastq,./TestDatasets/DifferentPositions/Pos1/TestData_R2_test.fastq,2.4849066497880004
DI08,D09,TTCCGAA,TCACAGG,QRFT,1.0,1,./TestDatasets/DifferentPositions/Pos1/TestData_R1_test.fastq,./TestDatasets/DifferentPositions/Pos1/TestData_R2_test.fastq,0.0
DI08,D10,GTACGAC,AGAGCTG,LLPF,1.0,15,./TestDatasets/DifferentPositions/Pos1/TestData_R1_test.fastq,./TestDatasets/DifferentPositions/Pos1/TestData_R2_test.fastq,2.70805020110221
DI08,D12,CCAACCA,CCTCGAA,QPQL,1.0,7,./TestDatasets/DifferentPositions/Pos1/TestData_R1_test.fastq,./TestDatasets/DifferentPositions/Pos1/TestData_R2_test.fastq,1.9459101490553132
DI08,E01,CTCTAGA,GTGTCTC,SGAE,1.0,3,./TestDatasets/DifferentPositions/Pos1/TestData_R1_test.fastq,./TestDatasets/DifferentPositions/Pos1/TestData_R2_test.fastq,1.0986122886681098
DI08,E02,AATCGGA,ATTGAGG,NL*D,1.0,11,./TestDatasets/DifferentPositions/Pos1/TestData_R1_test.fastq,./TestDatasets/DifferentPositions/Pos1/TestData_R2_test.fastq,2.3978952727983707
DI08,E03,CGTCCTA,GACAATC,SERL,1.0,2,./TestDatasets/DifferentPositions/Pos1/TestData_R1_test.fastq,./TestDatasets/DifferentPositions/Pos1/TestData_R2_test.fastq,0.6931471805599453
DI08,E05,TCCAAGC,TGAACGC,SL*S,1.0,14,./TestDatasets/DifferentPositions/Pos1/TestData_R1_test.fastq,./TestDatasets/DifferentPositions/Pos1/TestData_R2_test.fastq,2.6390573296152584
DI08,E06,GCACCTA,CGTAGCA,TIAL,1.0,4,./TestDatasets/DifferentPositions/Pos1/TestData_R1_test.fastq,./TestDatasets/DifferentPositions/Pos1/TestData_R2_test.fastq,1.3862943611198906
DI08,E07,TTGCGTT,AGGTTCC,KRCA,1.0,13,./TestDatasets/DifferentPositions/Pos1/TestData_R1_test.fastq,./TestDatasets/DifferentPositions/Pos1/TestData_R2_test.fastq,2.5649493574615367
DI08,E10,CGTTGAG,TAGCCTC,CFGM,1.0,10,./TestDatasets/DifferentPositions/Pos1/TestData_R1_test.fastq,./TestDatasets/DifferentPositions/Pos1/TestData_R2_test.fastq,2.302585092994046
DI08,E12,GTGATCC,GGATTCA,SLSA,1.0,7,./TestDatasets/DifferentPositions/Pos1/TestData_R1_test.fastq,./TestDatasets/DifferentPositions/Pos1/TestData_R2_test.fastq,1.9459101490553132
DI08,F01,GCATGGT,TGAGCCT,PFLV,1.0,1,./TestDatasets/DifferentPositions/Pos1/TestData_R1_test.fastq,./TestDatasets/DifferentPositions/Pos1/TestData_R2_test.fastq,0.0
DI08,F02,GTCGTTA,AACGCGA,TSNV,1.0,1,./TestDatasets/DifferentPositions/Pos1/TestData_R1_test.fastq,./TestDatasets/DifferentPositions/Pos1/TestData_R2_test.fastq,0.0
DI08,F03,CCTGACA,TCATTGC,SALW,1.0,9,./TestDatasets/DifferentPositions/Pos1/TestData_R1_test.fastq,./TestDatasets/DifferentPositions/Pos1/TestData_R2_test.fastq,2.1972245773362196
DI08,F04,AGTGTAG,AGCATCT,LYVR,1.0,13,./TestDatasets/DifferentPositions/Pos1/TestData_R1_test.fastq,./TestDatasets/DifferentPositions/Pos1/TestData_R2_test.fastq,2.5649493574615367
DI08,F05,CGAGCAA,TTGGTCT,NPGL,1.0,5,./TestDatasets/DifferentPositions/Pos1/TestData_R1_test.fastq,./TestDatasets/DifferentPositions/Pos1/TestData_R2_test.fastq,1.6094379124341003
DI08,F06,CTACTCC,CAAGGAT,ICRW,1.0,14,./TestDatasets/DifferentPositions/Pos1/TestData_R1_test.fastq,./TestDatasets/DifferentPositions/Pos1/TestData_R2_test.fastq,2.6390573296152584
DI08,F07,GATGCCA,AGACGTC,NFSD,1.0,7,./TestDatasets/DifferentPositions/Pos1/TestData_R1_test.fastq,./TestDatasets/DifferentPositions/Pos1/TestData_R2_test.fastq,1.9459101490553132
DI08,F08,GACCGAT,AGGTCAA,ASDL,1.0,2,./TestDatasets/DifferentPositions/Pos1/TestData_R1_test.fastq,./TestDatasets/DifferentPositions/Pos1/TestData_R2_test.fastq,0.6931471805599453
DI08,F09,ACGTTGG,ATGCTAC,KALV,1.0,2,./TestDatasets/DifferentPositions/Pos1/TestData_R1_test.fastq,./TestDatasets/DifferentPositions/Pos1/TestData_R2_test.fastq,0.6931471805599453
DI08,F10,ATGAGCG,CTCTGAT,YLDW,1.0,12,./TestDatasets/DifferentPositions/Pos1/TestData_R1_test.fastq,./TestDatasets/DifferentPositions/Pos1/TestData_R2_test.fastq,2.4849066497880004
DI08,F11,TACTCCG,TCAAGTC,FQRR,1.0,10,./TestDatasets/DifferentPositions/Pos1/TestData_R1_test.fastq,./TestDatasets/DifferentPositions/Pos1/TestData_R2_test.fastq,2.302585092994046
DI08,F12,GATTCAC,TCGAGCT,EVGS,1.0,15,./TestDatasets/DifferentPositions/Pos1/TestData_R1_test.fastq,./TestDatasets/DifferentPositions/Pos1/TestData_R2_test.fastq,2.70805020110221
DI08,G01,ATGACGC,ACAGTCT,GVPQ,1.0,4,./TestDatasets/DifferentPositions/Pos1/TestData_R1_test.fastq,./TestDatasets/DifferentPositions/Pos1/TestData_R2_test.fastq,1.3862943611198906
DI08,G03,GTACTTG,TACGTTC,CIDL,1.0,3,./TestDatasets/DifferentPositions/Pos1/TestData_R1_test.fastq,./TestDatasets/DifferentPositions/Pos1/TestData_R2_test.fastq,1.0986122886681098
DI08,G04,TAGCAAG,ACGGTTC,MFVP,1.0,14,./TestDatasets/DifferentPositions/Pos1/TestData_R1_test.fastq,./TestDatasets/DifferentPositions/Pos1/TestData_R2_test.fastq,2.6390573296152584
DI08,G05,CTGCCAT,CATCGTC,LHRL,1.0,14,./TestDatasets/DifferentPositions/Pos1/TestData_R1_test.fastq,./TestDatasets/DifferentPositions/Pos1/TestData_R2_test.fastq,2.6390573296152584
DI08,G07,GTATAGC,CTTAGAC,LVPP,1.0,4,./TestDatasets/DifferentPositions/Pos1/TestData_R1_test.fastq,./TestDatasets/DifferentPositions/Pos1/TestData_R2_test.fastq,1.3862943611198906
DI08,G08,TGATGGA,AACTGAC,CER*,1.0,6,./TestDatasets/DifferentPositions/Pos1/TestData_R1_test.fastq,./TestDatasets/DifferentPositions/Pos1/TestData_R2_test.fastq,1.791759469228055
DI08,G10,GAAGAAG,ACGCGAT,FGVA,1.0,5,./TestDatasets/DifferentPositions/Pos1/TestData_R1_test.fastq,./TestDatasets/DifferentPositions/Pos1/TestData_R2_test.fastq,1.6094379124341003
DI08,G11,AGCGGTT,TCGACAC,PLIG,1.0,8,./TestDatasets/DifferentPositions/Pos1/TestData_R1_test.fastq,./TestDatasets/DifferentPositions/Pos1/TestData_R2_test.fastq,2.0794415416798357
DI08,H04,CTAGGTG,CACACAA,NVAN,1.0,6,./TestDatasets/DifferentPositions/Pos1/TestData_R1_test.fastq,./TestDatasets/DifferentPositions/Pos1/TestData_R2_test.fastq,1.791759469228055
DI08,H05,CGATACC,GTGGAAC,LSGV,1.0,2,./TestDatasets/DifferentPositions/Pos1/TestData_R1_test.fastq,./TestDatasets/DifferentPositions/Pos1/TestData_R2_test.fastq,0.6931471805599453
DI08,H06,TCGGCTA,ATATGCC,QPNN,1.0,12,./TestDatasets/DifferentPositions/Pos1/TestData_R1_test.fastq,./TestDatasets/DifferentPositions/Pos1/TestData_R2_test.fastq,2.4849066497880004
DI08,H07,CGGTTGT,GGTCTGA,ESAI,1.0,1,./TestDatasets/DifferentPositions/Pos1/TestData_R1_test.fastq,./TestDatasets/DifferentPositions/Pos1/TestData_R2_test.fastq,0.0
DI08,H08,ATTGCCT,GTGAGAT,DVML,1.0,7,./TestDatasets/DifferentPositions/Pos1/TestData_R1_test.fastq,./TestDatasets/DifferentPositions/Pos1/TestData_R2_test.fastq,1.9459101490553132
DI08,H10,GCACAAT,ATGCCTG,VSIL,1.0,10,./TestDatasets/DifferentPositions/Pos1/TestData_R1_test.fastq,./TestDatasets/DifferentPositions/Pos1/TestData_R2_test.fastq,2.302585092994046
DI08,H12,CCTAATC,GGCTTAC,VY*E,1.0,11,./TestDatasets/DifferentPositions/Pos1/TestData_R1_test.fastq,./TestDatasets/DifferentPositions/Pos1/TestData_R2_test.fastq,2.3978952727983707
