Plate,Well,F-BC,R-BC,VariantCombo,AlignmentFrequency,WellSeqDepth,R1,R2,logseqdepth
DI03,A01,GATCATG,TGAGCCT,WGLM,1.0,1,./TestDatasets/DifferentPositions/Pos1/TestData_R1_test.fastq,./TestDatasets/DifferentPositions/Pos1/TestData_R2_test.fastq,0.0
DI03,A02,TACATGG,AACGCGA,TISP,1.0,7,./TestDatasets/DifferentPositions/Pos1/TestData_R1_test.fastq,./TestDatasets/DifferentPositions/Pos1/TestData_R2_test.fastq,1.9459101490553132
DI03,A03,AAGCACC,TCATTGC,N*PP,1.0,2,./TestDatasets/DifferentPositions/Pos1/TestData_R1_test.fastq,./TestDatasets/DifferentPositions/Pos1/TestData_R2_test.fastq,0.6931471805599453
DI03,A04,TGGCTCA,AGCATCT,NFLS,1.0,14,./TestDatasets/DifferentPositions/Pos1/TestData_R1_test.fastq,./TestDatasets/DifferentPositions/Pos1/TestData_R2_test.fastq,2.6390573296152584
DI03,A05,CTTGCTC,TTGGTCT,FRS*,1.0,19,./TestDatasets/DifferentPositions/Pos1/TestData_R1_test.fastq,./TestDatasets/DifferentPositions/Pos1/TestData_R2_test.fastq,2.9444389791664403
DI03,A06,GAAGCGT,CAAGGAT,SPKC,1.0,11,./TestDatasets/DifferentPositions/Pos1/TestData_R1_test.fastq,./TestDatasets/DifferentPositions/Pos1/TestData_R2_test.fastq,2.3978952727983707
DI03,A08,TTGAAGG,AGGTCAA,*PSW,1.0,12,./TestDatasets/DifferentPositions/Pos1/TestData_R1_test.fastq,./TestDatasets/DifferentPositions/Pos1/TestData_R2_test.fastq,2.4849066497880004
DI03,A09,GAATGTC,ATGCTAC,GFRR,1.0,7,./TestDatasets/DifferentPositions/Pos1/TestData_R1_test.fastq,./TestDatasets/DifferentPositions/Pos1/TestData_R2_test.fastq,1.9459101490553132
DI03,A10,ATCTCCA,CTCTGAT,LRGT,1.0,6,./TestDatasets/DifferentPositions/Pos1/TestData_R1_test.fastq,./TestDatasets/DifferentPositions/Pos1/TestData_R2_test.fastq,1.791759469228055
DI03,A11,GCGTTAT,TCAAGTC,GICD,1.0,11,./TestDatasets/DifferentPositions/Pos1/TestData_R1_test.fastq,./TestDatasets/DifferentPositions/Pos1/TestData_R2_test.fastq,2.3978952727983707
DI03,B01,TGCCTAT,ACAGTCT,R*KA,1.0,1,./TestDatasets/DifferentPositions/Pos1/TestData_R1_test.fastq,./TestDatasets/DifferentPositions/Pos1/TestData_R2_test.fastq,0.0
DI03,B02,AGGAATC,CAGATAC,*IRT,1.0,13,./TestDatasets/DifferentPositions/Pos1/TestData_R1_test.fastq,./TestDatasets/DifferentPositions/Pos1/TestData_R2_test.fastq,2.5649493574615367
DI03,B03,TCCACTG,TACGTTC,ARLY,1.0,4,./TestDatasets/DifferentPositions/Pos1/TestData_R1_test.fastq,./TestDatasets/DifferentPositions/Pos1/TestData_R2_test.fastq,1.3862943611198906
DI03,B04,TTGTACC,ACGGTTC,TKEL,1.0,8,./TestDatasets/DifferentPositions/Pos1/TestData_R1_test.fastq,./TestDatasets/DifferentPositions/Pos1/TestData_R2_test.fastq,2.0794415416798357
DI03,B05,TTCGAGT,CATCGTC,PPAF,1.0,9,./TestDatasets/DifferentPositions/Pos1/TestData_R1_test.fastq,./TestDatasets/DifferentPositions/Pos1/TestData_R2_test.fastq,2.1972245773362196
DI03,B06,CTTCAGC,TACGCAT,SKER,1.0,8,./TestDatasets/DifferentPositions/Pos1/TestData_R1_test.fastq,./TestDatasets/DifferentPositions/Pos1/TestData_R2_test.fastq,2.0794415416798357
DI03,B07,CAGTGCA,CTTAGAC,RRNE,1.0,18,./TestDatasets/DifferentPositions/Pos1/TestData_R1_test.fastq,./TestDatasets/DifferentPositions/Pos1/TestData_R2_test.fastq,2.8903717578961645
DI03,B10,GCCATGA,ACGCGAT,VLRK,1.0,2,./TestDatasets/DifferentPositions/Pos1/TestData_R1_test.fastq,./TestDatasets/DifferentPositions/Pos1/TestData_R2_test.fastq,0.6931471805599453
DI03,B11,CACAACG,TCGACAC,AIAT,1.0,7,./TestDatasets/DifferentPositions/Pos1/TestData_R1_test.fastq,./TestDatasets/DifferentPositions/Pos1/TestData_R2_test.fastq,1.9459101490553132
DI03,B12,CTTCGCT,ACTCAAC,*DEL,1.0,8,./TestDatasets/DifferentPositions/Pos1/TestData_R1_test.fastq,./TestDatasets/DifferentPositions/Pos1/TestData_R2_test.fastq,2.0794415416798357
DI03,C01,TCGTGAA,GAACTGC,*QLW,1.0,9,./TestDatasets/DifferentPositions/Pos1/TestData_R1_test.fastq,./TestDatasets/DifferentPositions/Pos1/TestData_R2_test.fastq,2.1972245773362196
DI03,C02,TTATCGG,ACCAGGT,VQLS,1.0,4,./TestDatasets/DifferentPositions/Pos1/TestData_R1_test.fastq,./TestDatasets/DifferentPositions/Pos1/TestData_R2_test.fastq,1.3862943611198906
DI03,C03,AGACCAT,TCTAGAG,LDHQ,1.0,6,./TestDatasets/DifferentPositions/Pos1/TestData_R1_test.fastq,./TestDatasets/DifferentPositions/Pos1/TestData_R2_test.fastq,1.791759469228055
DI03,C04,ACATGAG,CACACAA,RLMF,1.0,6,./TestDatasets/DifferentPositions/Pos1/TestData_R1_test.fastq,./TestDatasets/DifferentPositions/Pos1/TestData_R2_test.fastq,1.791759469228055
DI03,C05,ACGTACT,GTGGAAC,*VLV,1.0,15,./TestDatasets/DifferentPositions/Pos1/TestData_R1_test.fastq,./TestDatasets/DifferentPositions/Pos1/TestData_R2_test.fastq,2.70805020110221
DI03,C06,CACCTCA,ATATGCC,FRPR,1.0,10,./TestDatasets/DifferentPositions/Pos1/TestData_R1_test.fastq,./TestDatasets/DifferentPositions/Pos1/TestData_R2_test.fastq,2.302585092994046
DI03,C07,GTTGGAG,GGTCTGA,Y*RP,1.0,6,./TestDatasets/DifferentPositions/Pos1/TestData_R1_test.fastq,./TestDatasets/DifferentPositions/Pos1/TestData_R2_test.fastq,1.791759469228055
DI03,C08,TGTTCTG,GTGAGAT,SS*R,1.0,10,./TestDatasets/DifferentPositions/Pos1/TestData_R1_test.fastq,./TestDatasets/DifferentPositions/Pos1/TestData_R2_test.fastq,2.302585092994046
DI03,C09,CTTACGT,TTGGCAG,SSGQ,1.0,5,./TestDatasets/DifferentPositions/Pos1/TestData_R1_test.fastq,./TestDatasets/DifferentPositions/Pos1/TestData_R2_test.fastq,1.6094379124341003
DI03,C11,ATGGACA,TCCGAAG,PHIL,1.0,6,./TestDatasets/DifferentPositions/Pos1/TestData_R1_test.fastq,./TestDatasets/DifferentPositions/Pos1/TestData_R2_test.fastq,1.791759469228055
DI03,C12,ACACTGA,GGCTTAC,LIMF,1.0,4,./TestDatasets/DifferentPositions/Pos1/TestData_R1_test.fastq,./TestDatasets/DifferentPositions/Pos1/TestData_R2_test.fastq,1.3862943611198906
DI03,D01,ATCTGTG,AGTTGGC,VGYR,1.0,16,./TestDatasets/DifferentPositions/Pos1/TestData_R1_test.fastq,./TestDatasets/DifferentPositions/Pos1/TestData_R2_test.fastq,2.772588722239781
DI03,D02,AATGTGC,AACGATG,*FRM,1.0,4,./TestDatasets/DifferentPositions/Pos1/TestData_R1_test.fastq,./TestDatasets/DifferentPositions/Pos1/TestData_R2_test.fastq,1.3862943611198906
DI03,D04,TTCTCAC,GGTGTCT,SGTY,1.0,2,./TestDatasets/DifferentPositions/Pos1/TestData_R1_test.fastq,./TestDatasets/DifferentPositions/Pos1/TestData_R2_test.fastq,0.6931471805599453
DI03,D05,TGAAGCG,CCAGCTT,GMKS,1.0,11,./TestDatasets/DifferentPositions/Pos1/TestData_R1_test.fastq,./TestDatasets/DifferentPositions/Pos1/TestData_R2_test.fastq,2.3978952727983707
DI03,D06,GCTACAA,TTAGACG,EELC,1.0,3,./TestDatasets/DifferentPositions/Pos1/TestData_R1_test.fastq,./TestDatasets/DifferentPositions/Pos1/TestData_R2_test.fastq,1.0986122886681098
DI03,D07,AGAGAAC,ACCATAC,VWSA,1.0,5,./TestDatasets/DifferentPositions/Pos1/TestData_R1_test.fastq,./TestDatasets/DifferentPositions/Pos1/TestData_R2_test.fastq,1.6094379124341003
DI03,D08,CAGAGTG,GACGACT,EALM,1.0,17,./TestDatasets/DifferentPositions/Pos1/TestData_R1_test.fastq,./TestDatasets/DifferentPositions/Pos1/TestData_R2_test.fastq,2.833213344056216
DI03,D09,TTCCGAA,GTCACCT,RFGG,1.0,10,./TestDatasets/DifferentPositions/Pos1/TestData_R1_test.fastq,./TestDatasets/DifferentPositions/Pos1/TestData_R2_test.fastq,2.302585092994046
DI03,D10,GTACGAC,CGTGATG,LDPR,1.0,10,./TestDatasets/DifferentPositions/Pos1/TestData_R1_test.fastq,./TestDatasets/DifferentPositions/Pos1/TestData_R2_test.fastq,2.302585092994046
DI03,D11,ACTCTTG,GCTTCCT,QTDV,1.0,4,./TestDatasets/DifferentPositions/Pos1/TestData_R1_test.fastq,./TestDatasets/DifferentPositions/Pos1/TestData_R2_test.fastq,1.3862943611198906
DI03,D12,CCAACCA,TAGACGT,PRV*,1.0,12,./TestDatasets/DifferentPositions/Pos1/TestData_R1_test.fastq,./TestDatasets/DifferentPositions/Pos1/TestData_R2_test.fastq,2.4849066497880004
DI03,E01,CTCTAGA,CGGACTT,ARRV,1.0,10,./TestDatasets/DifferentPositions/Pos1/TestData_R1_test.fastq,./TestDatasets/DifferentPositions/Pos1/TestData_R2_test.fastq,2.302585092994046
DI03,E02,AATCGGA,ACCGGAA,AYSV,1.0,6,./TestDatasets/DifferentPositions/Pos1/TestData_R1_test.fastq,./TestDatasets/DifferentPositions/Pos1/TestData_R2_test.fastq,1.791759469228055
DI03,E03,CGTCCTA,CCGAAGT,SNLR,1.0,3,./TestDatasets/DifferentPositions/Pos1/TestData_R1_test.fastq,./TestDatasets/DifferentPositions/Pos1/TestData_R2_test.fastq,1.0986122886681098
DI03,E04,GGAATGT,GTTATGG,KTSG,1.0,9,./TestDatasets/DifferentPositions/Pos1/TestData_R1_test.fastq,./TestDatasets/DifferentPositions/Pos1/TestData_R2_test.fastq,2.1972245773362196
DI03,E05,TCCAAGC,ATCCTCG,EFPD,1.0,10,./TestDatasets/DifferentPositions/Pos1/TestData_R1_test.fastq,./TestDatasets/DifferentPositions/Pos1/TestData_R2_test.fastq,2.302585092994046
DI03,E06,GCACCTA,CGAATAG,QVRT,1.0,2,./TestDatasets/DifferentPositions/Pos1/TestData_R1_test.fastq,./TestDatasets/DifferentPositions/Pos1/TestData_R2_test.fastq,0.6931471805599453
DI03,E07,TTGCGTT,TATCCGG,VGIL,1.0,6,./TestDatasets/DifferentPositions/Pos1/TestData_R1_test.fastq,./TestDatasets/DifferentPositions/Pos1/TestData_R2_test.fastq,1.791759469228055
DI03,E08,CAGGATT,AGCAAGA,*HGT,1.0,14,./TestDatasets/DifferentPositions/Pos1/TestData_R1_test.fastq,./TestDatasets/DifferentPositions/Pos1/TestData_R2_test.fastq,2.6390573296152584
DI03,E09,CTGCATA,TGTCGAC,IN*S,1.0,1,./TestDatasets/DifferentPositions/Pos1/TestData_R1_test.fastq,./TestDatasets/DifferentPositions/Pos1/TestData_R2_test.fastq,0.0
DI03,E10,CGTTGAG,TTCCATG,QECA,1.0,4,./TestDatasets/DifferentPositions/Pos1/TestData_R1_test.fastq,./TestDatasets/DifferentPositions/Pos1/TestData_R2_test.fastq,1.3862943611198906
DI03,E12,GTGATCC,TGAGTGG,*TPP,1.0,15,./TestDatasets/DifferentPositions/Pos1/TestData_R1_test.fastq,./TestDatasets/DifferentPositions/Pos1/TestData_R2_test.fastq,2.70805020110221
DI03,F01,GCATGGT,TAGGAGA,RQGT,1.0,1,./TestDatasets/DifferentPositions/Pos1/TestData_R1_test.fastq,./TestDatasets/DifferentPositions/Pos1/TestData_R2_test.fastq,0.0
DI03,F02,GTCGTTA,AGTCAGT,DTAR,1.0,7,./TestDatasets/DifferentPositions/Pos1/TestData_R1_test.fastq,./TestDatasets/DifferentPositions/Pos1/TestData_R2_test.fastq,1.9459101490553132
DI03,F03,CCTGACA,GTGCTGT,WVLP,1.0,9,./TestDatasets/DifferentPositions/Pos1/TestData_R1_test.fastq,./TestDatasets/DifferentPositions/Pos1/TestData_R2_test.fastq,2.1972245773362196
DI03,F04,AGTGTAG,CAACAAC,T*PR,1.0,19,./TestDatasets/DifferentPositions/Pos1/TestData_R1_test.fastq,./TestDatasets/DifferentPositions/Pos1/TestData_R2_test.fastq,2.9444389791664403
DI03,F05,CGAGCAA,AATAGCC,RGYG,1.0,4,./TestDatasets/DifferentPositions/Pos1/TestData_R1_test.fastq,./TestDatasets/DifferentPositions/Pos1/TestData_R2_test.fastq,1.3862943611198906
DI03,F06,CTACTCC,TCTGTGA,ANA*,1.0,2,./TestDatasets/DifferentPositions/Pos1/TestData_R1_test.fastq,./TestDatasets/DifferentPositions/Pos1/TestData_R2_test.fastq,0.6931471805599453
DI03,F07,GATGCCA,TGTGGTA,GRLE,1.0,8,./TestDatasets/DifferentPositions/Pos1/TestData_R1_test.fastq,./TestDatasets/DifferentPositions/Pos1/TestData_R2_test.fastq,2.0794415416798357
DI03,F10,ATGAGCG,TTCCTGC,SHKQ,1.0,11,./TestDatasets/DifferentPositions/Pos1/TestData_R1_test.fastq,./TestDatasets/DifferentPositions/Pos1/TestData_R2_test.fastq,2.3978952727983707
DI03,F11,TACTCCG,TATGTCG,PSTR,1.0,10,./TestDatasets/DifferentPositions/Pos1/TestData_R1_test.fastq,./TestDatasets/DifferentPositions/Pos1/TestData_R2_test.fastq,2.302585092994046
DI03,F12,GATTCAC,GGAGAGA,SMIF,1.0,11,./TestDatasets/DifferentPositions/Pos1/TestData_R1_test.fastq,./TestDatasets/DifferentPositions/Pos1/TestData_R2_test.fastq,2.3978952727983707
DI03,G01,ATGACGC,CCTTAGG,HKYS,1.0,6,./TestDatasets/DifferentPositions/Pos1/TestData_R1_test.fastq,./TestDatasets/DifferentPositions/Pos1/TestData_R2_test.fastq,1.791759469228055
DI03,G02,GGTTGTT,TGTATCC,PLGN,1.0,3,./TestDatasets/DifferentPositions/Pos1/TestData_R1_test.fastq,./TestDatasets/DifferentPositions/Pos1/TestData_R2_test.fastq,1.0986122886681098
DI03,G03,GTACTTG,CAACCTG,*KDC,1.0,1,./TestDatasets/DifferentPositions/Pos1/TestData_R1_test.fastq,./TestDatasets/DifferentPositions/Pos1/TestData_R2_test.fastq,0.0
DI03,G05,CTGCCAT,AAGACAG,*IE*,1.0,10,./TestDatasets/DifferentPositions/Pos1/TestData_R1_test.fastq,./TestDatasets/DifferentPositions/Pos1/TestData_R2_test.fastq,2.302585092994046
DI03,G08,TGATGGA,TCCTTCA,AEDL,1.0,4,./TestDatasets/DifferentPositions/Pos1/TestData_R1_test.fastq,./TestDatasets/DifferentPositions/Pos1/TestData_R2_test.fastq,1.3862943611198906
DI03,G09,GGCAGTA,TCACAGG,LWVS,1.0,6,./TestDatasets/DifferentPositions/Pos1/TestData_R1_test.fastq,./TestDatasets/DifferentPositions/Pos1/TestData_R2_test.fastq,1.791759469228055
DI03,G10,GAAGAAG,AGAGCTG,E*VL,1.0,8,./TestDatasets/DifferentPositions/Pos1/TestData_R1_test.fastq,./TestDatasets/DifferentPositions/Pos1/TestData_R2_test.fastq,2.0794415416798357
DI03,G12,TAAGGCC,CCTCGAA,PRIY,1.0,9,./TestDatasets/DifferentPositions/Pos1/TestData_R1_test.fastq,./TestDatasets/DifferentPositions/Pos1/TestData_R2_test.fastq,2.1972245773362196
DI03,H01,AACCTGT,GTGTCTC,IALV,1.0,2,./TestDatasets/DifferentPositions/Pos1/TestData_R1_test.fastq,./TestDatasets/DifferentPositions/Pos1/TestData_R2_test.fastq,0.6931471805599453
DI03,H02,AGTACAC,ATTGAGG,GLGC,1.0,3,./TestDatasets/DifferentPositions/Pos1/TestData_R1_test.fastq,./TestDatasets/DifferentPositions/Pos1/TestData_R2_test.fastq,1.0986122886681098
DI03,H05,CGATACC,TGAACGC,VIGN,1.0,19,./TestDatasets/DifferentPositions/Pos1/TestData_R1_test.fastq,./TestDatasets/DifferentPositions/Pos1/TestData_R2_test.fastq,2.9444389791664403
DI03,H06,TCGGCTA,CGTAGCA,KSSL,1.0,4,./TestDatasets/DifferentPositions/Pos1/TestData_R1_test.fastq,./TestDatasets/DifferentPositions/Pos1/TestData_R2_test.fastq,1.3862943611198906
DI03,H08,ATTGCCT,GTACACA,QTYL,1.0,3,./TestDatasets/DifferentPositions/Pos1/TestData_R1_test.fastq,./TestDatasets/DifferentPositions/Pos1/TestData_R2_test.fastq,1.0986122886681098
DI03,H09,CATTCGA,GATAGGT,SHRR,1.0,1,./TestDatasets/DifferentPositions/Pos1/TestData_R1_test.fastq,./TestDatasets/DifferentPositions/Pos1/TestData_R2_test.fastq,0.0
DI03,H11,GCAGTAA,TTCAGCC,ARIV,1.0,7,./TestDatasets/DifferentPositions/Pos1/TestData_R1_test.fastq,./TestDatasets/DifferentPositions/Pos1/TestData_R2_test.fastq,1.9459101490553132
