Plate,Well,ReadDirection,F-BC,R-BC,Site,AA,AlignmentFrequency,WellSeqDepth,R1,R2
DI02,A01,Forward,GATCATG,ACAGTCT,1,S,1.0,14,./TestDatasets/SingleSite/TestData_R1_test.fastq,./TestDatasets/SingleSite/TestData_R2_test.fastq
DI02,A01,Reverse,GATCATG,ACAGTCT,1,S,1.0,14,./TestDatasets/SingleSite/TestData_R1_test.fastq,./TestDatasets/SingleSite/TestData_R2_test.fastq
DI02,A02,Forward,TACATGG,CAGATAC,1,T,1.0,53,./TestDatasets/SingleSite/TestData_R1_test.fastq,./TestDatasets/SingleSite/TestData_R2_test.fastq
DI02,A02,Reverse,TACATGG,CAGATAC,1,T,1.0,49,./TestDatasets/SingleSite/TestData_R1_test.fastq,./TestDatasets/SingleSite/TestData_R2_test.fastq
DI02,A03,Forward,AAGCACC,TACGTTC,1,*,1.0,46,./TestDatasets/SingleSite/TestData_R1_test.fastq,./TestDatasets/SingleSite/TestData_R2_test.fastq
DI02,A03,Reverse,AAGCACC,TACGTTC,1,*,1.0,46,./TestDatasets/SingleSite/TestData_R1_test.fastq,./TestDatasets/SingleSite/TestData_R2_test.fastq
DI02,A04,Forward,TGGCTCA,ACGGTTC,1,R,1.0,45,./TestDatasets/SingleSite/TestData_R1_test.fastq,./TestDatasets/SingleSite/TestData_R2_test.fastq
DI02,A04,Reverse,TGGCTCA,ACGGTTC,1,R,1.0,45,./TestDatasets/SingleSite/TestData_R1_test.fastq,./TestDatasets/SingleSite/TestData_R2_test.fastq
DI02,A05,Forward,CTTGCTC,CATCGTC,1,H,1.0,20,./TestDatasets/SingleSite/TestData_R1_test.fastq,./TestDatasets/SingleSite/TestData_R2_test.fastq
DI02,A05,Reverse,CTTGCTC,CATCGTC,1,H,1.0,21,./TestDatasets/SingleSite/TestData_R1_test.fastq,./TestDatasets/SingleSite/TestData_R2_test.fastq
DI02,A06,Forward,GAAGCGT,TACGCAT,1,S,1.0,14,./TestDatasets/SingleSite/TestData_R1_test.fastq,./TestDatasets/SingleSite/TestData_R2_test.fastq
DI02,A06,Reverse,GAAGCGT,TACGCAT,1,S,1.0,14,./TestDatasets/SingleSite/TestData_R1_test.fastq,./TestDatasets/SingleSite/TestData_R2_test.fastq
DI02,A07,Forward,TCTCCAT,CTTAGAC,1,K,1.0,26,./TestDatasets/SingleSite/TestData_R1_test.fastq,./TestDatasets/SingleSite/TestData_R2_test.fastq
DI02,A07,Reverse,TCTCCAT,CTTAGAC,1,K,1.0,27,./TestDatasets/SingleSite/TestData_R1_test.fastq,./TestDatasets/SingleSite/TestData_R2_test.fastq
DI02,A08,Forward,TTGAAGG,AACTGAC,1,P,1.0,11,./TestDatasets/SingleSite/TestData_R1_test.fastq,./TestDatasets/SingleSite/TestData_R2_test.fastq
DI02,A08,Reverse,TTGAAGG,AACTGAC,1,P,1.0,11,./TestDatasets/SingleSite/TestData_R1_test.fastq,./TestDatasets/SingleSite/TestData_R2_test.fastq
DI02,A09,Forward,GAATGTC,ACTTGCA,1,K,1.0,1,./TestDatasets/SingleSite/TestData_R1_test.fastq,./TestDatasets/SingleSite/TestData_R2_test.fastq
DI02,A09,Reverse,GAATGTC,ACTTGCA,1,K,1.0,1,./TestDatasets/SingleSite/TestData_R1_test.fastq,./TestDatasets/SingleSite/TestData_R2_test.fastq
DI02,A10,Forward,ATCTCCA,ACGCGAT,1,S,1.0,11,./TestDatasets/SingleSite/TestData_R1_test.fastq,./TestDatasets/SingleSite/TestData_R2_test.fastq
DI02,A10,Reverse,ATCTCCA,ACGCGAT,1,S,1.0,11,./TestDatasets/SingleSite/TestData_R1_test.fastq,./TestDatasets/SingleSite/TestData_R2_test.fastq
DI02,A11,Forward,GCGTTAT,TCGACAC,1,D,1.0,34,./TestDatasets/SingleSite/TestData_R1_test.fastq,./TestDatasets/SingleSite/TestData_R2_test.fastq
DI02,A11,Reverse,GCGTTAT,TCGACAC,1,D,1.0,34,./TestDatasets/SingleSite/TestData_R1_test.fastq,./TestDatasets/SingleSite/TestData_R2_test.fastq
DI02,A12,Forward,TGCACCA,ACTCAAC,1,T,1.0,8,./TestDatasets/SingleSite/TestData_R1_test.fastq,./TestDatasets/SingleSite/TestData_R2_test.fastq
DI02,A12,Reverse,TGCACCA,ACTCAAC,1,T,1.0,8,./TestDatasets/SingleSite/TestData_R1_test.fastq,./TestDatasets/SingleSite/TestData_R2_test.fastq
DI02,B01,Forward,TGCCTAT,GAACTGC,1,H,1.0,10,./TestDatasets/SingleSite/TestData_R1_test.fastq,./TestDatasets/SingleSite/TestData_R2_test.fastq
DI02,B01,Reverse,TGCCTAT,GAACTGC,1,H,1.0,10,./TestDatasets/SingleSite/TestData_R1_test.fastq,./TestDatasets/SingleSite/TestData_R2_test.fastq
DI02,B02,Forward,AGGAATC,ACCAGGT,1,G,1.0,13,./TestDatasets/SingleSite/TestData_R1_test.fastq,./TestDatasets/SingleSite/TestData_R2_test.fastq
DI02,B02,Reverse,AGGAATC,ACCAGGT,1,G,1.0,13,./TestDatasets/SingleSite/TestData_R1_test.fastq,./TestDatasets/SingleSite/TestData_R2_test.fastq
DI02,B03,Forward,TCCACTG,TCTAGAG,1,T,1.0,36,./TestDatasets/SingleSite/TestData_R1_test.fastq,./TestDatasets/SingleSite/TestData_R2_test.fastq
DI02,B03,Reverse,TCCACTG,TCTAGAG,1,T,1.0,36,./TestDatasets/SingleSite/TestData_R1_test.fastq,./TestDatasets/SingleSite/TestData_R2_test.fastq
DI02,B04,Forward,TTGTACC,CACACAA,1,Q,1.0,28,./TestDatasets/SingleSite/TestData_R1_test.fastq,./TestDatasets/SingleSite/TestData_R2_test.fastq
DI02,B04,Reverse,TTGTACC,CACACAA,1,Q,1.0,27,./TestDatasets/SingleSite/TestData_R1_test.fastq,./TestDatasets/SingleSite/TestData_R2_test.fastq
DI02,B05,Forward,TTCGAGT,GTGGAAC,1,F,1.0,36,./TestDatasets/SingleSite/TestData_R1_test.fastq,./TestDatasets/SingleSite/TestData_R2_test.fastq
DI02,B05,Reverse,TTCGAGT,GTGGAAC,1,F,1.0,35,./TestDatasets/SingleSite/TestData_R1_test.fastq,./TestDatasets/SingleSite/TestData_R2_test.fastq
DI02,B06,Forward,CTTCAGC,ATATGCC,1,Y,1.0,31,./TestDatasets/SingleSite/TestData_R1_test.fastq,./TestDatasets/SingleSite/TestData_R2_test.fastq
DI02,B06,Reverse,CTTCAGC,ATATGCC,1,Y,1.0,30,./TestDatasets/SingleSite/TestData_R1_test.fastq,./TestDatasets/SingleSite/TestData_R2_test.fastq
DI02,B07,Forward,CAGTGCA,GGTCTGA,1,I,1.0,33,./TestDatasets/SingleSite/TestData_R1_test.fastq,./TestDatasets/SingleSite/TestData_R2_test.fastq
DI02,B07,Reverse,CAGTGCA,GGTCTGA,1,I,1.0,33,./TestDatasets/SingleSite/TestData_R1_test.fastq,./TestDatasets/SingleSite/TestData_R2_test.fastq
DI02,B08,Forward,TGCTGTC,GTGAGAT,1,Y,1.0,30,./TestDatasets/SingleSite/TestData_R1_test.fastq,./TestDatasets/SingleSite/TestData_R2_test.fastq
DI02,B08,Reverse,TGCTGTC,GTGAGAT,1,Y,1.0,29,./TestDatasets/SingleSite/TestData_R1_test.fastq,./TestDatasets/SingleSite/TestData_R2_test.fastq
DI02,B09,Forward,CGCCATT,TTGGCAG,1,G,1.0,40,./TestDatasets/SingleSite/TestData_R1_test.fastq,./TestDatasets/SingleSite/TestData_R2_test.fastq
DI02,B09,Reverse,CGCCATT,TTGGCAG,1,G,1.0,39,./TestDatasets/SingleSite/TestData_R1_test.fastq,./TestDatasets/SingleSite/TestData_R2_test.fastq
DI02,B10,Forward,GCCATGA,ATGCCTG,1,L,1.0,43,./TestDatasets/SingleSite/TestData_R1_test.fastq,./TestDatasets/SingleSite/TestData_R2_test.fastq
DI02,B10,Reverse,GCCATGA,ATGCCTG,1,L,1.0,42,./TestDatasets/SingleSite/TestData_R1_test.fastq,./TestDatasets/SingleSite/TestData_R2_test.fastq
DI02,B11,Forward,CACAACG,TCCGAAG,1,W,1.0,23,./TestDatasets/SingleSite/TestData_R1_test.fastq,./TestDatasets/SingleSite/TestData_R2_test.fastq
DI02,B11,Reverse,CACAACG,TCCGAAG,1,W,1.0,23,./TestDatasets/SingleSite/TestData_R1_test.fastq,./TestDatasets/SingleSite/TestData_R2_test.fastq
DI02,C01,Forward,TCGTGAA,AGTTGGC,1,V,1.0,16,./TestDatasets/SingleSite/TestData_R1_test.fastq,./TestDatasets/SingleSite/TestData_R2_test.fastq
DI02,C01,Reverse,TCGTGAA,AGTTGGC,1,V,1.0,16,./TestDatasets/SingleSite/TestData_R1_test.fastq,./TestDatasets/SingleSite/TestData_R2_test.fastq
DI02,C02,Forward,TTATCGG,AACGATG,1,E,1.0,53,./TestDatasets/SingleSite/TestData_R1_test.fastq,./TestDatasets/SingleSite/TestData_R2_test.fastq
DI02,C02,Reverse,TTATCGG,AACGATG,1,E,1.0,54,./TestDatasets/SingleSite/TestData_R1_test.fastq,./TestDatasets/SingleSite/TestData_R2_test.fastq
DI02,C03,Forward,AGACCAT,ACTACCG,1,A,1.0,14,./TestDatasets/SingleSite/TestData_R1_test.fastq,./TestDatasets/SingleSite/TestData_R2_test.fastq
DI02,C03,Reverse,AGACCAT,ACTACCG,1,A,1.0,14,./TestDatasets/SingleSite/TestData_R1_test.fastq,./TestDatasets/SingleSite/TestData_R2_test.fastq
DI02,C04,Forward,ACATGAG,GGTGTCT,1,E,1.0,40,./TestDatasets/SingleSite/TestData_R1_test.fastq,./TestDatasets/SingleSite/TestData_R2_test.fastq
DI02,C04,Reverse,ACATGAG,GGTGTCT,1,E,1.0,40,./TestDatasets/SingleSite/TestData_R1_test.fastq,./TestDatasets/SingleSite/TestData_R2_test.fastq
DI02,C05,Forward,ACGTACT,CCAGCTT,1,V,1.0,9,./TestDatasets/SingleSite/TestData_R1_test.fastq,./TestDatasets/SingleSite/TestData_R2_test.fastq
DI02,C05,Reverse,ACGTACT,CCAGCTT,1,V,1.0,9,./TestDatasets/SingleSite/TestData_R1_test.fastq,./TestDatasets/SingleSite/TestData_R2_test.fastq
DI02,C06,Forward,CACCTCA,TTAGACG,1,Y,1.0,40,./TestDatasets/SingleSite/TestData_R1_test.fastq,./TestDatasets/SingleSite/TestData_R2_test.fastq
DI02,C06,Reverse,CACCTCA,TTAGACG,1,Y,1.0,40,./TestDatasets/SingleSite/TestData_R1_test.fastq,./TestDatasets/SingleSite/TestData_R2_test.fastq
DI02,C07,Forward,GTTGGAG,ACCATAC,1,L,1.0,56,./TestDatasets/SingleSite/TestData_R1_test.fastq,./TestDatasets/SingleSite/TestData_R2_test.fastq
DI02,C07,Reverse,GTTGGAG,ACCATAC,1,L,1.0,56,./TestDatasets/SingleSite/TestData_R1_test.fastq,./TestDatasets/SingleSite/TestData_R2_test.fastq
DI02,C08,Forward,TGTTCTG,GACGACT,1,A,1.0,17,./TestDatasets/SingleSite/TestData_R1_test.fastq,./TestDatasets/SingleSite/TestData_R2_test.fastq
DI02,C08,Reverse,TGTTCTG,GACGACT,1,A,1.0,17,./TestDatasets/SingleSite/TestData_R1_test.fastq,./TestDatasets/SingleSite/TestData_R2_test.fastq
DI02,C09,Forward,CTTACGT,GTCACCT,1,H,1.0,43,./TestDatasets/SingleSite/TestData_R1_test.fastq,./TestDatasets/SingleSite/TestData_R2_test.fastq
DI02,C09,Reverse,CTTACGT,GTCACCT,1,H,1.0,42,./TestDatasets/SingleSite/TestData_R1_test.fastq,./TestDatasets/SingleSite/TestData_R2_test.fastq
DI02,C10,Forward,GAGGTTG,CGTGATG,1,E,1.0,8,./TestDatasets/SingleSite/TestData_R1_test.fastq,./TestDatasets/SingleSite/TestData_R2_test.fastq
DI02,C10,Reverse,GAGGTTG,CGTGATG,1,E,1.0,8,./TestDatasets/SingleSite/TestData_R1_test.fastq,./TestDatasets/SingleSite/TestData_R2_test.fastq
DI02,C11,Forward,ATGGACA,GCTTCCT,1,P,1.0,16,./TestDatasets/SingleSite/TestData_R1_test.fastq,./TestDatasets/SingleSite/TestData_R2_test.fastq
DI02,C11,Reverse,ATGGACA,GCTTCCT,1,P,1.0,16,./TestDatasets/SingleSite/TestData_R1_test.fastq,./TestDatasets/SingleSite/TestData_R2_test.fastq
DI02,C12,Forward,ACACTGA,TAGACGT,1,T,1.0,50,./TestDatasets/SingleSite/TestData_R1_test.fastq,./TestDatasets/SingleSite/TestData_R2_test.fastq
DI02,C12,Reverse,ACACTGA,TAGACGT,1,T,1.0,50,./TestDatasets/SingleSite/TestData_R1_test.fastq,./TestDatasets/SingleSite/TestData_R2_test.fastq
DI02,D01,Forward,ATCTGTG,CGGACTT,1,R,1.0,28,./TestDatasets/SingleSite/TestData_R1_test.fastq,./TestDatasets/SingleSite/TestData_R2_test.fastq
DI02,D01,Reverse,ATCTGTG,CGGACTT,1,R,1.0,29,./TestDatasets/SingleSite/TestData_R1_test.fastq,./TestDatasets/SingleSite/TestData_R2_test.fastq
DI02,D02,Forward,AATGTGC,ACCGGAA,1,L,1.0,20,./TestDatasets/SingleSite/TestData_R1_test.fastq,./TestDatasets/SingleSite/TestData_R2_test.fastq
DI02,D02,Reverse,AATGTGC,ACCGGAA,1,L,1.0,20,./TestDatasets/SingleSite/TestData_R1_test.fastq,./TestDatasets/SingleSite/TestData_R2_test.fastq
DI02,D03,Forward,GAGTTGA,CCGAAGT,1,E,1.0,55,./TestDatasets/SingleSite/TestData_R1_test.fastq,./TestDatasets/SingleSite/TestData_R2_test.fastq
DI02,D03,Reverse,GAGTTGA,CCGAAGT,1,E,1.0,55,./TestDatasets/SingleSite/TestData_R1_test.fastq,./TestDatasets/SingleSite/TestData_R2_test.fastq
DI02,D04,Forward,TTCTCAC,GTTATGG,1,A,1.0,49,./TestDatasets/SingleSite/TestData_R1_test.fastq,./TestDatasets/SingleSite/TestData_R2_test.fastq
DI02,D04,Reverse,TTCTCAC,GTTATGG,1,A,1.0,48,./TestDatasets/SingleSite/TestData_R1_test.fastq,./TestDatasets/SingleSite/TestData_R2_test.fastq
DI02,D05,Forward,TGAAGCG,ATCCTCG,1,I,1.0,39,./TestDatasets/SingleSite/TestData_R1_test.fastq,./TestDatasets/SingleSite/TestData_R2_test.fastq
DI02,D05,Reverse,TGAAGCG,ATCCTCG,1,I,1.0,39,./TestDatasets/SingleSite/TestData_R1_test.fastq,./TestDatasets/SingleSite/TestData_R2_test.fastq
DI02,D06,Forward,GCTACAA,CGAATAG,1,Q,1.0,54,./TestDatasets/SingleSite/TestData_R1_test.fastq,./TestDatasets/SingleSite/TestData_R2_test.fastq
DI02,D06,Reverse,GCTACAA,CGAATAG,1,Q,1.0,55,./TestDatasets/SingleSite/TestData_R1_test.fastq,./TestDatasets/SingleSite/TestData_R2_test.fastq
DI02,D07,Forward,AGAGAAC,TATCCGG,1,I,1.0,27,./TestDatasets/SingleSite/TestData_R1_test.fastq,./TestDatasets/SingleSite/TestData_R2_test.fastq
DI02,D07,Reverse,AGAGAAC,TATCCGG,1,I,1.0,28,./TestDatasets/SingleSite/TestData_R1_test.fastq,./TestDatasets/SingleSite/TestData_R2_test.fastq
DI02,D08,Forward,CAGAGTG,AGCAAGA,1,R,1.0,43,./TestDatasets/SingleSite/TestData_R1_test.fastq,./TestDatasets/SingleSite/TestData_R2_test.fastq
DI02,D08,Reverse,CAGAGTG,AGCAAGA,1,R,1.0,43,./TestDatasets/SingleSite/TestData_R1_test.fastq,./TestDatasets/SingleSite/TestData_R2_test.fastq
DI02,D09,Forward,TTCCGAA,TGTCGAC,1,R,1.0,49,./TestDatasets/SingleSite/TestData_R1_test.fastq,./TestDatasets/SingleSite/TestData_R2_test.fastq
DI02,D09,Reverse,TTCCGAA,TGTCGAC,1,R,1.0,48,./TestDatasets/SingleSite/TestData_R1_test.fastq,./TestDatasets/SingleSite/TestData_R2_test.fastq
DI02,D10,Forward,GTACGAC,TTCCATG,1,L,1.0,53,./TestDatasets/SingleSite/TestData_R1_test.fastq,./TestDatasets/SingleSite/TestData_R2_test.fastq
DI02,D10,Reverse,GTACGAC,TTCCATG,1,L,1.0,53,./TestDatasets/SingleSite/TestData_R1_test.fastq,./TestDatasets/SingleSite/TestData_R2_test.fastq
DI02,D11,Forward,ACTCTTG,GCAATCG,1,C,1.0,16,./TestDatasets/SingleSite/TestData_R1_test.fastq,./TestDatasets/SingleSite/TestData_R2_test.fastq
DI02,D11,Reverse,ACTCTTG,GCAATCG,1,C,1.0,16,./TestDatasets/SingleSite/TestData_R1_test.fastq,./TestDatasets/SingleSite/TestData_R2_test.fastq
DI02,D12,Forward,CCAACCA,TGAGTGG,1,F,1.0,22,./TestDatasets/SingleSite/TestData_R1_test.fastq,./TestDatasets/SingleSite/TestData_R2_test.fastq
DI02,D12,Reverse,CCAACCA,TGAGTGG,1,F,1.0,22,./TestDatasets/SingleSite/TestData_R1_test.fastq,./TestDatasets/SingleSite/TestData_R2_test.fastq
DI02,E01,Forward,CTCTAGA,TAGGAGA,1,N,1.0,24,./TestDatasets/SingleSite/TestData_R1_test.fastq,./TestDatasets/SingleSite/TestData_R2_test.fastq
DI02,E01,Reverse,CTCTAGA,TAGGAGA,1,N,1.0,24,./TestDatasets/SingleSite/TestData_R1_test.fastq,./TestDatasets/SingleSite/TestData_R2_test.fastq
DI02,E02,Forward,AATCGGA,AGTCAGT,1,R,1.0,8,./TestDatasets/SingleSite/TestData_R1_test.fastq,./TestDatasets/SingleSite/TestData_R2_test.fastq
DI02,E02,Reverse,AATCGGA,AGTCAGT,1,R,1.0,9,./TestDatasets/SingleSite/TestData_R1_test.fastq,./TestDatasets/SingleSite/TestData_R2_test.fastq
DI02,E03,Forward,CGTCCTA,GTGCTGT,1,F,1.0,22,./TestDatasets/SingleSite/TestData_R1_test.fastq,./TestDatasets/SingleSite/TestData_R2_test.fastq
DI02,E03,Reverse,CGTCCTA,GTGCTGT,1,F,1.0,22,./TestDatasets/SingleSite/TestData_R1_test.fastq,./TestDatasets/SingleSite/TestData_R2_test.fastq
DI02,E04,Forward,GGAATGT,CAACAAC,1,F,1.0,38,./TestDatasets/SingleSite/TestData_R1_test.fastq,./TestDatasets/SingleSite/TestData_R2_test.fastq
DI02,E04,Reverse,GGAATGT,CAACAAC,1,F,1.0,38,./TestDatasets/SingleSite/TestData_R1_test.fastq,./TestDatasets/SingleSite/TestData_R2_test.fastq
DI02,E05,Forward,TCCAAGC,AATAGCC,1,R,1.0,44,./TestDatasets/SingleSite/TestData_R1_test.fastq,./TestDatasets/SingleSite/TestData_R2_test.fastq
DI02,E05,Reverse,TCCAAGC,AATAGCC,1,R,1.0,44,./TestDatasets/SingleSite/TestData_R1_test.fastq,./TestDatasets/SingleSite/TestData_R2_test.fastq
DI02,E06,Forward,GCACCTA,TCTGTGA,1,C,1.0,6,./TestDatasets/SingleSite/TestData_R1_test.fastq,./TestDatasets/SingleSite/TestData_R2_test.fastq
DI02,E06,Reverse,GCACCTA,TCTGTGA,1,C,1.0,6,./TestDatasets/SingleSite/TestData_R1_test.fastq,./TestDatasets/SingleSite/TestData_R2_test.fastq
DI02,E07,Forward,TTGCGTT,TGTGGTA,1,P,1.0,29,./TestDatasets/SingleSite/TestData_R1_test.fastq,./TestDatasets/SingleSite/TestData_R2_test.fastq
DI02,E07,Reverse,TTGCGTT,TGTGGTA,1,P,1.0,28,./TestDatasets/SingleSite/TestData_R1_test.fastq,./TestDatasets/SingleSite/TestData_R2_test.fastq
DI02,E08,Forward,CAGGATT,GCGTATG,1,N,1.0,9,./TestDatasets/SingleSite/TestData_R1_test.fastq,./TestDatasets/SingleSite/TestData_R2_test.fastq
DI02,E08,Reverse,CAGGATT,GCGTATG,1,N,1.0,9,./TestDatasets/SingleSite/TestData_R1_test.fastq,./TestDatasets/SingleSite/TestData_R2_test.fastq
DI02,E09,Forward,CTGCATA,AGTTACG,1,S,1.0,1,./TestDatasets/SingleSite/TestData_R1_test.fastq,./TestDatasets/SingleSite/TestData_R2_test.fastq
DI02,E09,Reverse,CTGCATA,AGTTACG,1,S,1.0,1,./TestDatasets/SingleSite/TestData_R1_test.fastq,./TestDatasets/SingleSite/TestData_R2_test.fastq
DI02,E10,Forward,CGTTGAG,TTCCTGC,1,S,1.0,6,./TestDatasets/SingleSite/TestData_R1_test.fastq,./TestDatasets/SingleSite/TestData_R2_test.fastq
DI02,E10,Reverse,CGTTGAG,TTCCTGC,1,S,1.0,6,./TestDatasets/SingleSite/TestData_R1_test.fastq,./TestDatasets/SingleSite/TestData_R2_test.fastq
DI02,E11,Forward,TGCTACT,TATGTCG,1,E,1.0,21,./TestDatasets/SingleSite/TestData_R1_test.fastq,./TestDatasets/SingleSite/TestData_R2_test.fastq
DI02,E11,Reverse,TGCTACT,TATGTCG,1,E,1.0,21,./TestDatasets/SingleSite/TestData_R1_test.fastq,./TestDatasets/SingleSite/TestData_R2_test.fastq
DI02,E12,Forward,GTGATCC,GGAGAGA,1,T,1.0,48,./TestDatasets/SingleSite/TestData_R1_test.fastq,./TestDatasets/SingleSite/TestData_R2_test.fastq
DI02,E12,Reverse,GTGATCC,GGAGAGA,1,T,1.0,48,./TestDatasets/SingleSite/TestData_R1_test.fastq,./TestDatasets/SingleSite/TestData_R2_test.fastq
DI02,F02,Forward,GTCGTTA,TGTATCC,1,*,1.0,51,./TestDatasets/SingleSite/TestData_R1_test.fastq,./TestDatasets/SingleSite/TestData_R2_test.fastq
DI02,F02,Reverse,GTCGTTA,TGTATCC,1,*,1.0,49,./TestDatasets/SingleSite/TestData_R1_test.fastq,./TestDatasets/SingleSite/TestData_R2_test.fastq
DI02,F03,Forward,CCTGACA,CAACCTG,1,P,1.0,10,./TestDatasets/SingleSite/TestData_R1_test.fastq,./TestDatasets/SingleSite/TestData_R2_test.fastq
DI02,F03,Reverse,CCTGACA,CAACCTG,1,P,1.0,10,./TestDatasets/SingleSite/TestData_R1_test.fastq,./TestDatasets/SingleSite/TestData_R2_test.fastq
DI02,F04,Forward,AGTGTAG,CTGATGA,1,R,1.0,47,./TestDatasets/SingleSite/TestData_R1_test.fastq,./TestDatasets/SingleSite/TestData_R2_test.fastq
DI02,F04,Reverse,AGTGTAG,CTGATGA,1,R,1.0,46,./TestDatasets/SingleSite/TestData_R1_test.fastq,./TestDatasets/SingleSite/TestData_R2_test.fastq
DI02,F05,Forward,CGAGCAA,AAGACAG,1,A,1.0,22,./TestDatasets/SingleSite/TestData_R1_test.fastq,./TestDatasets/SingleSite/TestData_R2_test.fastq
DI02,F05,Reverse,CGAGCAA,AAGACAG,1,A,1.0,22,./TestDatasets/SingleSite/TestData_R1_test.fastq,./TestDatasets/SingleSite/TestData_R2_test.fastq
DI02,F06,Forward,CTACTCC,AGCTCGT,1,L,1.0,44,./TestDatasets/SingleSite/TestData_R1_test.fastq,./TestDatasets/SingleSite/TestData_R2_test.fastq
DI02,F06,Reverse,CTACTCC,AGCTCGT,1,L,1.0,43,./TestDatasets/SingleSite/TestData_R1_test.fastq,./TestDatasets/SingleSite/TestData_R2_test.fastq
DI02,F07,Forward,GATGCCA,GATTGCG,1,R,1.0,9,./TestDatasets/SingleSite/TestData_R1_test.fastq,./TestDatasets/SingleSite/TestData_R2_test.fastq
DI02,F07,Reverse,GATGCCA,GATTGCG,1,R,1.0,9,./TestDatasets/SingleSite/TestData_R1_test.fastq,./TestDatasets/SingleSite/TestData_R2_test.fastq
DI02,F08,Forward,GACCGAT,TCCTTCA,1,L,1.0,48,./TestDatasets/SingleSite/TestData_R1_test.fastq,./TestDatasets/SingleSite/TestData_R2_test.fastq
DI02,F08,Reverse,GACCGAT,TCCTTCA,1,L,1.0,47,./TestDatasets/SingleSite/TestData_R1_test.fastq,./TestDatasets/SingleSite/TestData_R2_test.fastq
DI02,F09,Forward,ACGTTGG,TCACAGG,1,S,1.0,18,./TestDatasets/SingleSite/TestData_R1_test.fastq,./TestDatasets/SingleSite/TestData_R2_test.fastq
DI02,F09,Reverse,ACGTTGG,TCACAGG,1,S,1.0,18,./TestDatasets/SingleSite/TestData_R1_test.fastq,./TestDatasets/SingleSite/TestData_R2_test.fastq
DI02,F10,Forward,ATGAGCG,AGAGCTG,1,S,1.0,49,./TestDatasets/SingleSite/TestData_R1_test.fastq,./TestDatasets/SingleSite/TestData_R2_test.fastq
DI02,F10,Reverse,ATGAGCG,AGAGCTG,1,S,1.0,49,./TestDatasets/SingleSite/TestData_R1_test.fastq,./TestDatasets/SingleSite/TestData_R2_test.fastq
DI02,F11,Forward,TACTCCG,CCTCTGT,1,V,1.0,27,./TestDatasets/SingleSite/TestData_R1_test.fastq,./TestDatasets/SingleSite/TestData_R2_test.fastq
DI02,F11,Reverse,TACTCCG,CCTCTGT,1,V,1.0,27,./TestDatasets/SingleSite/TestData_R1_test.fastq,./TestDatasets/SingleSite/TestData_R2_test.fastq
DI02,F12,Forward,GATTCAC,CCTCGAA,1,F,1.0,42,./TestDatasets/SingleSite/TestData_R1_test.fastq,./TestDatasets/SingleSite/TestData_R2_test.fastq
DI02,F12,Reverse,GATTCAC,CCTCGAA,1,F,1.0,40,./TestDatasets/SingleSite/TestData_R1_test.fastq,./TestDatasets/SingleSite/TestData_R2_test.fastq
DI02,G01,Forward,ATGACGC,GTGTCTC,1,P,1.0,26,./TestDatasets/SingleSite/TestData_R1_test.fastq,./TestDatasets/SingleSite/TestData_R2_test.fastq
DI02,G01,Reverse,ATGACGC,GTGTCTC,1,P,1.0,25,./TestDatasets/SingleSite/TestData_R1_test.fastq,./TestDatasets/SingleSite/TestData_R2_test.fastq
DI02,G02,Forward,GGTTGTT,ATTGAGG,1,L,1.0,16,./TestDatasets/SingleSite/TestData_R1_test.fastq,./TestDatasets/SingleSite/TestData_R2_test.fastq
DI02,G02,Reverse,GGTTGTT,ATTGAGG,1,L,1.0,16,./TestDatasets/SingleSite/TestData_R1_test.fastq,./TestDatasets/SingleSite/TestData_R2_test.fastq
DI02,G03,Forward,GTACTTG,GACAATC,1,L,1.0,5,./TestDatasets/SingleSite/TestData_R1_test.fastq,./TestDatasets/SingleSite/TestData_R2_test.fastq
DI02,G03,Reverse,GTACTTG,GACAATC,1,L,1.0,5,./TestDatasets/SingleSite/TestData_R1_test.fastq,./TestDatasets/SingleSite/TestData_R2_test.fastq
DI02,G04,Forward,TAGCAAG,CACTTGC,1,S,1.0,46,./TestDatasets/SingleSite/TestData_R1_test.fastq,./TestDatasets/SingleSite/TestData_R2_test.fastq
DI02,G04,Reverse,TAGCAAG,CACTTGC,1,S,1.0,47,./TestDatasets/SingleSite/TestData_R1_test.fastq,./TestDatasets/SingleSite/TestData_R2_test.fastq
DI02,G05,Forward,CTGCCAT,TGAACGC,1,T,1.0,27,./TestDatasets/SingleSite/TestData_R1_test.fastq,./TestDatasets/SingleSite/TestData_R2_test.fastq
DI02,G05,Reverse,CTGCCAT,TGAACGC,1,T,1.0,26,./TestDatasets/SingleSite/TestData_R1_test.fastq,./TestDatasets/SingleSite/TestData_R2_test.fastq
DI02,G06,Forward,GAGAACA,CGTAGCA,1,N,1.0,13,./TestDatasets/SingleSite/TestData_R1_test.fastq,./TestDatasets/SingleSite/TestData_R2_test.fastq
DI02,G06,Reverse,GAGAACA,CGTAGCA,1,N,1.0,13,./TestDatasets/SingleSite/TestData_R1_test.fastq,./TestDatasets/SingleSite/TestData_R2_test.fastq
DI02,G07,Forward,GTATAGC,AGGTTCC,1,A,1.0,63,./TestDatasets/SingleSite/TestData_R1_test.fastq,./TestDatasets/SingleSite/TestData_R2_test.fastq
DI02,G07,Reverse,GTATAGC,AGGTTCC,1,A,1.0,59,./TestDatasets/SingleSite/TestData_R1_test.fastq,./TestDatasets/SingleSite/TestData_R2_test.fastq
DI02,G08,Forward,TGATGGA,GTACACA,1,C,1.0,66,./TestDatasets/SingleSite/TestData_R1_test.fastq,./TestDatasets/SingleSite/TestData_R2_test.fastq
DI02,G08,Reverse,TGATGGA,GTACACA,1,C,1.0,66,./TestDatasets/SingleSite/TestData_R1_test.fastq,./TestDatasets/SingleSite/TestData_R2_test.fastq
DI02,G09,Forward,GGCAGTA,GATAGGT,1,A,1.0,46,./TestDatasets/SingleSite/TestData_R1_test.fastq,./TestDatasets/SingleSite/TestData_R2_test.fastq
DI02,G09,Reverse,GGCAGTA,GATAGGT,1,A,1.0,45,./TestDatasets/SingleSite/TestData_R1_test.fastq,./TestDatasets/SingleSite/TestData_R2_test.fastq
DI02,G10,Forward,GAAGAAG,TAGCCTC,1,V,1.0,30,./TestDatasets/SingleSite/TestData_R1_test.fastq,./TestDatasets/SingleSite/TestData_R2_test.fastq
DI02,G10,Reverse,GAAGAAG,TAGCCTC,1,V,1.0,31,./TestDatasets/SingleSite/TestData_R1_test.fastq,./TestDatasets/SingleSite/TestData_R2_test.fastq
DI02,G11,Forward,AGCGGTT,TTCAGCC,1,D,1.0,26,./TestDatasets/SingleSite/TestData_R1_test.fastq,./TestDatasets/SingleSite/TestData_R2_test.fastq
DI02,G11,Reverse,AGCGGTT,TTCAGCC,1,D,1.0,26,./TestDatasets/SingleSite/TestData_R1_test.fastq,./TestDatasets/SingleSite/TestData_R2_test.fastq
DI02,G12,Forward,TAAGGCC,GGATTCA,1,S,1.0,25,./TestDatasets/SingleSite/TestData_R1_test.fastq,./TestDatasets/SingleSite/TestData_R2_test.fastq
DI02,G12,Reverse,TAAGGCC,GGATTCA,1,S,1.0,25,./TestDatasets/SingleSite/TestData_R1_test.fastq,./TestDatasets/SingleSite/TestData_R2_test.fastq
DI02,H01,Forward,AACCTGT,TGAGCCT,1,T,1.0,41,./TestDatasets/SingleSite/TestData_R1_test.fastq,./TestDatasets/SingleSite/TestData_R2_test.fastq
DI02,H01,Reverse,AACCTGT,TGAGCCT,1,T,1.0,40,./TestDatasets/SingleSite/TestData_R1_test.fastq,./TestDatasets/SingleSite/TestData_R2_test.fastq
DI02,H02,Forward,AGTACAC,AACGCGA,1,I,1.0,34,./TestDatasets/SingleSite/TestData_R1_test.fastq,./TestDatasets/SingleSite/TestData_R2_test.fastq
DI02,H02,Reverse,AGTACAC,AACGCGA,1,I,1.0,34,./TestDatasets/SingleSite/TestData_R1_test.fastq,./TestDatasets/SingleSite/TestData_R2_test.fastq
DI02,H03,Forward,CTCGTAG,TCATTGC,1,I,1.0,13,./TestDatasets/SingleSite/TestData_R1_test.fastq,./TestDatasets/SingleSite/TestData_R2_test.fastq
DI02,H03,Reverse,CTCGTAG,TCATTGC,1,I,1.0,13,./TestDatasets/SingleSite/TestData_R1_test.fastq,./TestDatasets/SingleSite/TestData_R2_test.fastq
DI02,H04,Forward,CTAGGTG,AGCATCT,1,H,1.0,4,./TestDatasets/SingleSite/TestData_R1_test.fastq,./TestDatasets/SingleSite/TestData_R2_test.fastq
DI02,H04,Reverse,CTAGGTG,AGCATCT,1,H,1.0,4,./TestDatasets/SingleSite/TestData_R1_test.fastq,./TestDatasets/SingleSite/TestData_R2_test.fastq
DI02,H05,Forward,CGATACC,TTGGTCT,1,A,1.0,42,./TestDatasets/SingleSite/TestData_R1_test.fastq,./TestDatasets/SingleSite/TestData_R2_test.fastq
DI02,H05,Reverse,CGATACC,TTGGTCT,1,A,1.0,42,./TestDatasets/SingleSite/TestData_R1_test.fastq,./TestDatasets/SingleSite/TestData_R2_test.fastq
DI02,H06,Forward,TCGGCTA,CAAGGAT,1,H,1.0,26,./TestDatasets/SingleSite/TestData_R1_test.fastq,./TestDatasets/SingleSite/TestData_R2_test.fastq
DI02,H06,Reverse,TCGGCTA,CAAGGAT,1,H,1.0,26,./TestDatasets/SingleSite/TestData_R1_test.fastq,./TestDatasets/SingleSite/TestData_R2_test.fastq
DI02,H07,Forward,CGGTTGT,AGACGTC,1,G,1.0,13,./TestDatasets/SingleSite/TestData_R1_test.fastq,./TestDatasets/SingleSite/TestData_R2_test.fastq
DI02,H07,Reverse,CGGTTGT,AGACGTC,1,G,1.0,13,./TestDatasets/SingleSite/TestData_R1_test.fastq,./TestDatasets/SingleSite/TestData_R2_test.fastq
DI02,H08,Forward,ATTGCCT,AGGTCAA,1,N,1.0,7,./TestDatasets/SingleSite/TestData_R1_test.fastq,./TestDatasets/SingleSite/TestData_R2_test.fastq
DI02,H08,Reverse,ATTGCCT,AGGTCAA,1,N,1.0,7,./TestDatasets/SingleSite/TestData_R1_test.fastq,./TestDatasets/SingleSite/TestData_R2_test.fastq
DI02,H09,Forward,CATTCGA,ATGCTAC,1,H,1.0,42,./TestDatasets/SingleSite/TestData_R1_test.fastq,./TestDatasets/SingleSite/TestData_R2_test.fastq
DI02,H09,Reverse,CATTCGA,ATGCTAC,1,H,1.0,42,./TestDatasets/SingleSite/TestData_R1_test.fastq,./TestDatasets/SingleSite/TestData_R2_test.fastq
DI02,H10,Forward,GCACAAT,CTCTGAT,1,*,1.0,4,./TestDatasets/SingleSite/TestData_R1_test.fastq,./TestDatasets/SingleSite/TestData_R2_test.fastq
DI02,H10,Reverse,GCACAAT,CTCTGAT,1,*,1.0,4,./TestDatasets/SingleSite/TestData_R1_test.fastq,./TestDatasets/SingleSite/TestData_R2_test.fastq
DI02,H11,Forward,GCAGTAA,TCAAGTC,1,S,1.0,69,./TestDatasets/SingleSite/TestData_R1_test.fastq,./TestDatasets/SingleSite/TestData_R2_test.fastq
DI02,H11,Reverse,GCAGTAA,TCAAGTC,1,S,1.0,69,./TestDatasets/SingleSite/TestData_R1_test.fastq,./TestDatasets/SingleSite/TestData_R2_test.fastq
