Plate,Well,F-BC,R-BC,VariantCombo,AlignmentFrequency,WellSeqDepth,R1,R2
DI03,A01,GATCATG,TGAGCCT,C,1.0,61,./TestDatasets/SingleSite/TestData_R1_test.fastq,./TestDatasets/SingleSite/TestData_R2_test.fastq
DI03,A02,TACATGG,AACGCGA,R,1.0,33,./TestDatasets/SingleSite/TestData_R1_test.fastq,./TestDatasets/SingleSite/TestData_R2_test.fastq
DI03,A03,AAGCACC,TCATTGC,R,1.0,39,./TestDatasets/SingleSite/TestData_R1_test.fastq,./TestDatasets/SingleSite/TestData_R2_test.fastq
DI03,A04,TGGCTCA,AGCATCT,*,1.0,48,./TestDatasets/SingleSite/TestData_R1_test.fastq,./TestDatasets/SingleSite/TestData_R2_test.fastq
DI03,A05,CTTGCTC,TTGGTCT,D,1.0,50,./TestDatasets/SingleSite/TestData_R1_test.fastq,./TestDatasets/SingleSite/TestData_R2_test.fastq
DI03,A06,GAAGCGT,CAAGGAT,K,1.0,30,./TestDatasets/SingleSite/TestData_R1_test.fastq,./TestDatasets/SingleSite/TestData_R2_test.fastq
DI03,A07,TCTCCAT,AGACGTC,V,1.0,22,./TestDatasets/SingleSite/TestData_R1_test.fastq,./TestDatasets/SingleSite/TestData_R2_test.fastq
DI03,A08,TTGAAGG,AGGTCAA,T,1.0,57,./TestDatasets/SingleSite/TestData_R1_test.fastq,./TestDatasets/SingleSite/TestData_R2_test.fastq
DI03,A09,GAATGTC,ATGCTAC,F,1.0,29,./TestDatasets/SingleSite/TestData_R1_test.fastq,./TestDatasets/SingleSite/TestData_R2_test.fastq
DI03,A10,ATCTCCA,CTCTGAT,A,1.0,20,./TestDatasets/SingleSite/TestData_R1_test.fastq,./TestDatasets/SingleSite/TestData_R2_test.fastq
DI03,A11,GCGTTAT,TCAAGTC,R,1.0,23,./TestDatasets/SingleSite/TestData_R1_test.fastq,./TestDatasets/SingleSite/TestData_R2_test.fastq
DI03,A12,TGCACCA,TCGAGCT,P,1.0,52,./TestDatasets/SingleSite/TestData_R1_test.fastq,./TestDatasets/SingleSite/TestData_R2_test.fastq
DI03,B01,TGCCTAT,ACAGTCT,L,1.0,1,./TestDatasets/SingleSite/TestData_R1_test.fastq,./TestDatasets/SingleSite/TestData_R2_test.fastq
DI03,B02,AGGAATC,CAGATAC,D,1.0,33,./TestDatasets/SingleSite/TestData_R1_test.fastq,./TestDatasets/SingleSite/TestData_R2_test.fastq
DI03,B03,TCCACTG,TACGTTC,S,1.0,19,./TestDatasets/SingleSite/TestData_R1_test.fastq,./TestDatasets/SingleSite/TestData_R2_test.fastq
DI03,B04,TTGTACC,ACGGTTC,E,1.0,38,./TestDatasets/SingleSite/TestData_R1_test.fastq,./TestDatasets/SingleSite/TestData_R2_test.fastq
DI03,B05,TTCGAGT,CATCGTC,I,1.0,59,./TestDatasets/SingleSite/TestData_R1_test.fastq,./TestDatasets/SingleSite/TestData_R2_test.fastq
DI03,B06,CTTCAGC,TACGCAT,S,1.0,5,./TestDatasets/SingleSite/TestData_R1_test.fastq,./TestDatasets/SingleSite/TestData_R2_test.fastq
DI03,B07,CAGTGCA,CTTAGAC,Q,1.0,56,./TestDatasets/SingleSite/TestData_R1_test.fastq,./TestDatasets/SingleSite/TestData_R2_test.fastq
DI03,B08,TGCTGTC,AACTGAC,*,1.0,62,./TestDatasets/SingleSite/TestData_R1_test.fastq,./TestDatasets/SingleSite/TestData_R2_test.fastq
DI03,B09,CGCCATT,ACTTGCA,V,1.0,47,./TestDatasets/SingleSite/TestData_R1_test.fastq,./TestDatasets/SingleSite/TestData_R2_test.fastq
DI03,B10,GCCATGA,ACGCGAT,Q,1.0,6,./TestDatasets/SingleSite/TestData_R1_test.fastq,./TestDatasets/SingleSite/TestData_R2_test.fastq
DI03,B11,CACAACG,TCGACAC,R,1.0,4,./TestDatasets/SingleSite/TestData_R1_test.fastq,./TestDatasets/SingleSite/TestData_R2_test.fastq
DI03,B12,CTTCGCT,ACTCAAC,P,1.0,42,./TestDatasets/SingleSite/TestData_R1_test.fastq,./TestDatasets/SingleSite/TestData_R2_test.fastq
DI03,C01,TCGTGAA,GAACTGC,G,1.0,55,./TestDatasets/SingleSite/TestData_R1_test.fastq,./TestDatasets/SingleSite/TestData_R2_test.fastq
DI03,C02,TTATCGG,ACCAGGT,T,1.0,9,./TestDatasets/SingleSite/TestData_R1_test.fastq,./TestDatasets/SingleSite/TestData_R2_test.fastq
DI03,C03,AGACCAT,TCTAGAG,P,1.0,20,./TestDatasets/SingleSite/TestData_R1_test.fastq,./TestDatasets/SingleSite/TestData_R2_test.fastq
DI03,C04,ACATGAG,CACACAA,K,1.0,8,./TestDatasets/SingleSite/TestData_R1_test.fastq,./TestDatasets/SingleSite/TestData_R2_test.fastq
DI03,C05,ACGTACT,GTGGAAC,I,1.0,54,./TestDatasets/SingleSite/TestData_R1_test.fastq,./TestDatasets/SingleSite/TestData_R2_test.fastq
DI03,C06,CACCTCA,ATATGCC,S,1.0,45,./TestDatasets/SingleSite/TestData_R1_test.fastq,./TestDatasets/SingleSite/TestData_R2_test.fastq
DI03,C07,GTTGGAG,GGTCTGA,*,1.0,20,./TestDatasets/SingleSite/TestData_R1_test.fastq,./TestDatasets/SingleSite/TestData_R2_test.fastq
DI03,C08,TGTTCTG,GTGAGAT,S,1.0,40,./TestDatasets/SingleSite/TestData_R1_test.fastq,./TestDatasets/SingleSite/TestData_R2_test.fastq
DI03,C09,CTTACGT,TTGGCAG,G,1.0,30,./TestDatasets/SingleSite/TestData_R1_test.fastq,./TestDatasets/SingleSite/TestData_R2_test.fastq
DI03,C10,GAGGTTG,ATGCCTG,I,1.0,35,./TestDatasets/SingleSite/TestData_R1_test.fastq,./TestDatasets/SingleSite/TestData_R2_test.fastq
DI03,C11,ATGGACA,TCCGAAG,T,1.0,43,./TestDatasets/SingleSite/TestData_R1_test.fastq,./TestDatasets/SingleSite/TestData_R2_test.fastq
DI03,C12,ACACTGA,GGCTTAC,S,1.0,20,./TestDatasets/SingleSite/TestData_R1_test.fastq,./TestDatasets/SingleSite/TestData_R2_test.fastq
DI03,D01,ATCTGTG,AGTTGGC,D,1.0,17,./TestDatasets/SingleSite/TestData_R1_test.fastq,./TestDatasets/SingleSite/TestData_R2_test.fastq
DI03,D02,AATGTGC,AACGATG,E,1.0,12,./TestDatasets/SingleSite/TestData_R1_test.fastq,./TestDatasets/SingleSite/TestData_R2_test.fastq
DI03,D03,GAGTTGA,ACTACCG,W,1.0,15,./TestDatasets/SingleSite/TestData_R1_test.fastq,./TestDatasets/SingleSite/TestData_R2_test.fastq
DI03,D04,TTCTCAC,GGTGTCT,S,1.0,10,./TestDatasets/SingleSite/TestData_R1_test.fastq,./TestDatasets/SingleSite/TestData_R2_test.fastq
DI03,D05,TGAAGCG,CCAGCTT,Y,1.0,36,./TestDatasets/SingleSite/TestData_R1_test.fastq,./TestDatasets/SingleSite/TestData_R2_test.fastq
DI03,D06,GCTACAA,TTAGACG,G,1.0,54,./TestDatasets/SingleSite/TestData_R1_test.fastq,./TestDatasets/SingleSite/TestData_R2_test.fastq
DI03,D07,AGAGAAC,ACCATAC,*,1.0,50,./TestDatasets/SingleSite/TestData_R1_test.fastq,./TestDatasets/SingleSite/TestData_R2_test.fastq
DI03,D08,CAGAGTG,GACGACT,V,1.0,37,./TestDatasets/SingleSite/TestData_R1_test.fastq,./TestDatasets/SingleSite/TestData_R2_test.fastq
DI03,D09,TTCCGAA,GTCACCT,R,1.0,25,./TestDatasets/SingleSite/TestData_R1_test.fastq,./TestDatasets/SingleSite/TestData_R2_test.fastq
DI03,D10,GTACGAC,CGTGATG,G,1.0,60,./TestDatasets/SingleSite/TestData_R1_test.fastq,./TestDatasets/SingleSite/TestData_R2_test.fastq
DI03,D11,ACTCTTG,GCTTCCT,R,1.0,19,./TestDatasets/SingleSite/TestData_R1_test.fastq,./TestDatasets/SingleSite/TestData_R2_test.fastq
DI03,D12,CCAACCA,TAGACGT,R,1.0,36,./TestDatasets/SingleSite/TestData_R1_test.fastq,./TestDatasets/SingleSite/TestData_R2_test.fastq
DI03,E01,CTCTAGA,CGGACTT,Y,1.0,9,./TestDatasets/SingleSite/TestData_R1_test.fastq,./TestDatasets/SingleSite/TestData_R2_test.fastq
DI03,E02,AATCGGA,ACCGGAA,V,1.0,7,./TestDatasets/SingleSite/TestData_R1_test.fastq,./TestDatasets/SingleSite/TestData_R2_test.fastq
DI03,E03,CGTCCTA,CCGAAGT,V,1.0,5,./TestDatasets/SingleSite/TestData_R1_test.fastq,./TestDatasets/SingleSite/TestData_R2_test.fastq
DI03,E04,GGAATGT,GTTATGG,I,1.0,44,./TestDatasets/SingleSite/TestData_R1_test.fastq,./TestDatasets/SingleSite/TestData_R2_test.fastq
DI03,E05,TCCAAGC,ATCCTCG,G,1.0,22,./TestDatasets/SingleSite/TestData_R1_test.fastq,./TestDatasets/SingleSite/TestData_R2_test.fastq
DI03,E06,GCACCTA,CGAATAG,V,1.0,20,./TestDatasets/SingleSite/TestData_R1_test.fastq,./TestDatasets/SingleSite/TestData_R2_test.fastq
DI03,E07,TTGCGTT,TATCCGG,R,1.0,34,./TestDatasets/SingleSite/TestData_R1_test.fastq,./TestDatasets/SingleSite/TestData_R2_test.fastq
DI03,E08,CAGGATT,AGCAAGA,Q,1.0,43,./TestDatasets/SingleSite/TestData_R1_test.fastq,./TestDatasets/SingleSite/TestData_R2_test.fastq
DI03,E09,CTGCATA,TGTCGAC,Q,1.0,18,./TestDatasets/SingleSite/TestData_R1_test.fastq,./TestDatasets/SingleSite/TestData_R2_test.fastq
DI03,E10,CGTTGAG,TTCCATG,L,1.0,41,./TestDatasets/SingleSite/TestData_R1_test.fastq,./TestDatasets/SingleSite/TestData_R2_test.fastq
DI03,E11,TGCTACT,GCAATCG,D,1.0,27,./TestDatasets/SingleSite/TestData_R1_test.fastq,./TestDatasets/SingleSite/TestData_R2_test.fastq
DI03,E12,GTGATCC,TGAGTGG,S,1.0,57,./TestDatasets/SingleSite/TestData_R1_test.fastq,./TestDatasets/SingleSite/TestData_R2_test.fastq
DI03,F02,GTCGTTA,AGTCAGT,R,1.0,40,./TestDatasets/SingleSite/TestData_R1_test.fastq,./TestDatasets/SingleSite/TestData_R2_test.fastq
DI03,F03,CCTGACA,GTGCTGT,P,1.0,65,./TestDatasets/SingleSite/TestData_R1_test.fastq,./TestDatasets/SingleSite/TestData_R2_test.fastq
DI03,F04,AGTGTAG,CAACAAC,*,1.0,13,./TestDatasets/SingleSite/TestData_R1_test.fastq,./TestDatasets/SingleSite/TestData_R2_test.fastq
DI03,F05,CGAGCAA,AATAGCC,V,1.0,27,./TestDatasets/SingleSite/TestData_R1_test.fastq,./TestDatasets/SingleSite/TestData_R2_test.fastq
DI03,F06,CTACTCC,TCTGTGA,I,1.0,12,./TestDatasets/SingleSite/TestData_R1_test.fastq,./TestDatasets/SingleSite/TestData_R2_test.fastq
DI03,F07,GATGCCA,TGTGGTA,V,1.0,34,./TestDatasets/SingleSite/TestData_R1_test.fastq,./TestDatasets/SingleSite/TestData_R2_test.fastq
DI03,F08,GACCGAT,GCGTATG,S,1.0,6,./TestDatasets/SingleSite/TestData_R1_test.fastq,./TestDatasets/SingleSite/TestData_R2_test.fastq
DI03,F09,ACGTTGG,AGTTACG,N,1.0,43,./TestDatasets/SingleSite/TestData_R1_test.fastq,./TestDatasets/SingleSite/TestData_R2_test.fastq
DI03,F11,TACTCCG,TATGTCG,V,1.0,47,./TestDatasets/SingleSite/TestData_R1_test.fastq,./TestDatasets/SingleSite/TestData_R2_test.fastq
DI03,F12,GATTCAC,GGAGAGA,I,1.0,49,./TestDatasets/SingleSite/TestData_R1_test.fastq,./TestDatasets/SingleSite/TestData_R2_test.fastq
DI03,G01,ATGACGC,CCTTAGG,L,1.0,53,./TestDatasets/SingleSite/TestData_R1_test.fastq,./TestDatasets/SingleSite/TestData_R2_test.fastq
DI03,G02,GGTTGTT,TGTATCC,S,1.0,24,./TestDatasets/SingleSite/TestData_R1_test.fastq,./TestDatasets/SingleSite/TestData_R2_test.fastq
DI03,G03,GTACTTG,CAACCTG,K,1.0,7,./TestDatasets/SingleSite/TestData_R1_test.fastq,./TestDatasets/SingleSite/TestData_R2_test.fastq
DI03,G04,TAGCAAG,CTGATGA,R,1.0,58,./TestDatasets/SingleSite/TestData_R1_test.fastq,./TestDatasets/SingleSite/TestData_R2_test.fastq
DI03,G05,CTGCCAT,AAGACAG,Y,1.0,21,./TestDatasets/SingleSite/TestData_R1_test.fastq,./TestDatasets/SingleSite/TestData_R2_test.fastq
DI03,G06,GAGAACA,AGCTCGT,Q,1.0,47,./TestDatasets/SingleSite/TestData_R1_test.fastq,./TestDatasets/SingleSite/TestData_R2_test.fastq
DI03,G07,GTATAGC,GATTGCG,P,1.0,43,./TestDatasets/SingleSite/TestData_R1_test.fastq,./TestDatasets/SingleSite/TestData_R2_test.fastq
DI03,G08,TGATGGA,TCCTTCA,G,1.0,4,./TestDatasets/SingleSite/TestData_R1_test.fastq,./TestDatasets/SingleSite/TestData_R2_test.fastq
DI03,G09,GGCAGTA,TCACAGG,C,1.0,46,./TestDatasets/SingleSite/TestData_R1_test.fastq,./TestDatasets/SingleSite/TestData_R2_test.fastq
DI03,G10,GAAGAAG,AGAGCTG,A,1.0,26,./TestDatasets/SingleSite/TestData_R1_test.fastq,./TestDatasets/SingleSite/TestData_R2_test.fastq
DI03,G11,AGCGGTT,CCTCTGT,P,1.0,60,./TestDatasets/SingleSite/TestData_R1_test.fastq,./TestDatasets/SingleSite/TestData_R2_test.fastq
DI03,G12,TAAGGCC,CCTCGAA,*,1.0,3,./TestDatasets/SingleSite/TestData_R1_test.fastq,./TestDatasets/SingleSite/TestData_R2_test.fastq
DI03,H01,AACCTGT,GTGTCTC,A,1.0,44,./TestDatasets/SingleSite/TestData_R1_test.fastq,./TestDatasets/SingleSite/TestData_R2_test.fastq
DI03,H02,AGTACAC,ATTGAGG,*,1.0,28,./TestDatasets/SingleSite/TestData_R1_test.fastq,./TestDatasets/SingleSite/TestData_R2_test.fastq
DI03,H03,CTCGTAG,GACAATC,A,1.0,3,./TestDatasets/SingleSite/TestData_R1_test.fastq,./TestDatasets/SingleSite/TestData_R2_test.fastq
DI03,H04,CTAGGTG,CACTTGC,I,1.0,64,./TestDatasets/SingleSite/TestData_R1_test.fastq,./TestDatasets/SingleSite/TestData_R2_test.fastq
DI03,H05,CGATACC,TGAACGC,F,1.0,29,./TestDatasets/SingleSite/TestData_R1_test.fastq,./TestDatasets/SingleSite/TestData_R2_test.fastq
DI03,H06,TCGGCTA,CGTAGCA,V,1.0,3,./TestDatasets/SingleSite/TestData_R1_test.fastq,./TestDatasets/SingleSite/TestData_R2_test.fastq
DI03,H07,CGGTTGT,AGGTTCC,D,1.0,41,./TestDatasets/SingleSite/TestData_R1_test.fastq,./TestDatasets/SingleSite/TestData_R2_test.fastq
DI03,H08,ATTGCCT,GTACACA,S,1.0,29,./TestDatasets/SingleSite/TestData_R1_test.fastq,./TestDatasets/SingleSite/TestData_R2_test.fastq
DI03,H09,CATTCGA,GATAGGT,P,1.0,15,./TestDatasets/SingleSite/TestData_R1_test.fastq,./TestDatasets/SingleSite/TestData_R2_test.fastq
DI03,H11,GCAGTAA,TTCAGCC,A,1.0,66,./TestDatasets/SingleSite/TestData_R1_test.fastq,./TestDatasets/SingleSite/TestData_R2_test.fastq
DI03,H12,CCTAATC,GGATTCA,A,1.0,12,./TestDatasets/SingleSite/TestData_R1_test.fastq,./TestDatasets/SingleSite/TestData_R2_test.fastq
