Plate,Well,F-BC,R-BC,VariantCombo,AlignmentFrequency,WellSeqDepth,R1,R2
DI08,A01,GATCATG,AGTTGGC,A,1.0,69,./TestDatasets/SingleSite/TestData_R1_test.fastq,./TestDatasets/SingleSite/TestData_R2_test.fastq
DI08,A02,TACATGG,AACGATG,P,1.0,17,./TestDatasets/SingleSite/TestData_R1_test.fastq,./TestDatasets/SingleSite/TestData_R2_test.fastq
DI08,A03,AAGCACC,ACTACCG,M,1.0,30,./TestDatasets/SingleSite/TestData_R1_test.fastq,./TestDatasets/SingleSite/TestData_R2_test.fastq
DI08,A04,TGGCTCA,GGTGTCT,A,1.0,32,./TestDatasets/SingleSite/TestData_R1_test.fastq,./TestDatasets/SingleSite/TestData_R2_test.fastq
DI08,A05,CTTGCTC,CCAGCTT,R,1.0,27,./TestDatasets/SingleSite/TestData_R1_test.fastq,./TestDatasets/SingleSite/TestData_R2_test.fastq
DI08,A06,GAAGCGT,TTAGACG,G,1.0,29,./TestDatasets/SingleSite/TestData_R1_test.fastq,./TestDatasets/SingleSite/TestData_R2_test.fastq
DI08,A07,TCTCCAT,ACCATAC,T,1.0,13,./TestDatasets/SingleSite/TestData_R1_test.fastq,./TestDatasets/SingleSite/TestData_R2_test.fastq
DI08,A08,TTGAAGG,GACGACT,I,1.0,12,./TestDatasets/SingleSite/TestData_R1_test.fastq,./TestDatasets/SingleSite/TestData_R2_test.fastq
DI08,A09,GAATGTC,GTCACCT,T,1.0,18,./TestDatasets/SingleSite/TestData_R1_test.fastq,./TestDatasets/SingleSite/TestData_R2_test.fastq
DI08,A10,ATCTCCA,CGTGATG,E,1.0,41,./TestDatasets/SingleSite/TestData_R1_test.fastq,./TestDatasets/SingleSite/TestData_R2_test.fastq
DI08,A11,GCGTTAT,GCTTCCT,A,1.0,28,./TestDatasets/SingleSite/TestData_R1_test.fastq,./TestDatasets/SingleSite/TestData_R2_test.fastq
DI08,A12,TGCACCA,TAGACGT,G,1.0,62,./TestDatasets/SingleSite/TestData_R1_test.fastq,./TestDatasets/SingleSite/TestData_R2_test.fastq
DI08,B01,TGCCTAT,CGGACTT,W,1.0,4,./TestDatasets/SingleSite/TestData_R1_test.fastq,./TestDatasets/SingleSite/TestData_R2_test.fastq
DI08,B02,AGGAATC,ACCGGAA,H,1.0,57,./TestDatasets/SingleSite/TestData_R1_test.fastq,./TestDatasets/SingleSite/TestData_R2_test.fastq
DI08,B03,TCCACTG,CCGAAGT,S,1.0,31,./TestDatasets/SingleSite/TestData_R1_test.fastq,./TestDatasets/SingleSite/TestData_R2_test.fastq
DI08,B04,TTGTACC,GTTATGG,G,1.0,23,./TestDatasets/SingleSite/TestData_R1_test.fastq,./TestDatasets/SingleSite/TestData_R2_test.fastq
DI08,B05,TTCGAGT,ATCCTCG,F,1.0,55,./TestDatasets/SingleSite/TestData_R1_test.fastq,./TestDatasets/SingleSite/TestData_R2_test.fastq
DI08,B06,CTTCAGC,CGAATAG,R,1.0,46,./TestDatasets/SingleSite/TestData_R1_test.fastq,./TestDatasets/SingleSite/TestData_R2_test.fastq
DI08,B07,CAGTGCA,TATCCGG,I,1.0,14,./TestDatasets/SingleSite/TestData_R1_test.fastq,./TestDatasets/SingleSite/TestData_R2_test.fastq
DI08,B08,TGCTGTC,AGCAAGA,*,1.0,59,./TestDatasets/SingleSite/TestData_R1_test.fastq,./TestDatasets/SingleSite/TestData_R2_test.fastq
DI08,B09,CGCCATT,TGTCGAC,E,1.0,32,./TestDatasets/SingleSite/TestData_R1_test.fastq,./TestDatasets/SingleSite/TestData_R2_test.fastq
DI08,B10,GCCATGA,TTCCATG,T,1.0,51,./TestDatasets/SingleSite/TestData_R1_test.fastq,./TestDatasets/SingleSite/TestData_R2_test.fastq
DI08,B11,CACAACG,GCAATCG,P,1.0,66,./TestDatasets/SingleSite/TestData_R1_test.fastq,./TestDatasets/SingleSite/TestData_R2_test.fastq
DI08,B12,CTTCGCT,TGAGTGG,Q,1.0,17,./TestDatasets/SingleSite/TestData_R1_test.fastq,./TestDatasets/SingleSite/TestData_R2_test.fastq
DI08,C01,TCGTGAA,TAGGAGA,P,1.0,49,./TestDatasets/SingleSite/TestData_R1_test.fastq,./TestDatasets/SingleSite/TestData_R2_test.fastq
DI08,C02,TTATCGG,AGTCAGT,D,1.0,42,./TestDatasets/SingleSite/TestData_R1_test.fastq,./TestDatasets/SingleSite/TestData_R2_test.fastq
DI08,C03,AGACCAT,GTGCTGT,I,1.0,1,./TestDatasets/SingleSite/TestData_R1_test.fastq,./TestDatasets/SingleSite/TestData_R2_test.fastq
DI08,C04,ACATGAG,CAACAAC,R,1.0,25,./TestDatasets/SingleSite/TestData_R1_test.fastq,./TestDatasets/SingleSite/TestData_R2_test.fastq
DI08,C05,ACGTACT,AATAGCC,*,1.0,3,./TestDatasets/SingleSite/TestData_R1_test.fastq,./TestDatasets/SingleSite/TestData_R2_test.fastq
DI08,C06,CACCTCA,TCTGTGA,R,1.0,37,./TestDatasets/SingleSite/TestData_R1_test.fastq,./TestDatasets/SingleSite/TestData_R2_test.fastq
DI08,C07,GTTGGAG,TGTGGTA,R,1.0,34,./TestDatasets/SingleSite/TestData_R1_test.fastq,./TestDatasets/SingleSite/TestData_R2_test.fastq
DI08,C08,TGTTCTG,GCGTATG,F,1.0,11,./TestDatasets/SingleSite/TestData_R1_test.fastq,./TestDatasets/SingleSite/TestData_R2_test.fastq
DI08,C09,CTTACGT,AGTTACG,P,1.0,54,./TestDatasets/SingleSite/TestData_R1_test.fastq,./TestDatasets/SingleSite/TestData_R2_test.fastq
DI08,C10,GAGGTTG,TTCCTGC,I,1.0,3,./TestDatasets/SingleSite/TestData_R1_test.fastq,./TestDatasets/SingleSite/TestData_R2_test.fastq
DI08,C11,ATGGACA,TATGTCG,H,1.0,50,./TestDatasets/SingleSite/TestData_R1_test.fastq,./TestDatasets/SingleSite/TestData_R2_test.fastq
DI08,C12,ACACTGA,GGAGAGA,R,1.0,46,./TestDatasets/SingleSite/TestData_R1_test.fastq,./TestDatasets/SingleSite/TestData_R2_test.fastq
DI08,D01,ATCTGTG,CCTTAGG,Y,1.0,53,./TestDatasets/SingleSite/TestData_R1_test.fastq,./TestDatasets/SingleSite/TestData_R2_test.fastq
DI08,D02,AATGTGC,TGTATCC,D,1.0,7,./TestDatasets/SingleSite/TestData_R1_test.fastq,./TestDatasets/SingleSite/TestData_R2_test.fastq
DI08,D03,GAGTTGA,CAACCTG,R,1.0,15,./TestDatasets/SingleSite/TestData_R1_test.fastq,./TestDatasets/SingleSite/TestData_R2_test.fastq
DI08,D04,TTCTCAC,CTGATGA,V,1.0,56,./TestDatasets/SingleSite/TestData_R1_test.fastq,./TestDatasets/SingleSite/TestData_R2_test.fastq
DI08,D05,TGAAGCG,AAGACAG,C,1.0,37,./TestDatasets/SingleSite/TestData_R1_test.fastq,./TestDatasets/SingleSite/TestData_R2_test.fastq
DI08,D06,GCTACAA,AGCTCGT,N,1.0,9,./TestDatasets/SingleSite/TestData_R1_test.fastq,./TestDatasets/SingleSite/TestData_R2_test.fastq
DI08,D07,AGAGAAC,GATTGCG,V,1.0,40,./TestDatasets/SingleSite/TestData_R1_test.fastq,./TestDatasets/SingleSite/TestData_R2_test.fastq
DI08,D08,CAGAGTG,TCCTTCA,E,1.0,49,./TestDatasets/SingleSite/TestData_R1_test.fastq,./TestDatasets/SingleSite/TestData_R2_test.fastq
DI08,D09,TTCCGAA,TCACAGG,V,1.0,47,./TestDatasets/SingleSite/TestData_R1_test.fastq,./TestDatasets/SingleSite/TestData_R2_test.fastq
DI08,D10,GTACGAC,AGAGCTG,K,1.0,12,./TestDatasets/SingleSite/TestData_R1_test.fastq,./TestDatasets/SingleSite/TestData_R2_test.fastq
DI08,D11,ACTCTTG,CCTCTGT,P,1.0,32,./TestDatasets/SingleSite/TestData_R1_test.fastq,./TestDatasets/SingleSite/TestData_R2_test.fastq
DI08,D12,CCAACCA,CCTCGAA,L,1.0,61,./TestDatasets/SingleSite/TestData_R1_test.fastq,./TestDatasets/SingleSite/TestData_R2_test.fastq
DI08,E01,CTCTAGA,GTGTCTC,S,1.0,1,./TestDatasets/SingleSite/TestData_R1_test.fastq,./TestDatasets/SingleSite/TestData_R2_test.fastq
DI08,E02,AATCGGA,ATTGAGG,*,1.0,24,./TestDatasets/SingleSite/TestData_R1_test.fastq,./TestDatasets/SingleSite/TestData_R2_test.fastq
DI08,E03,CGTCCTA,GACAATC,L,1.0,50,./TestDatasets/SingleSite/TestData_R1_test.fastq,./TestDatasets/SingleSite/TestData_R2_test.fastq
DI08,E04,GGAATGT,CACTTGC,R,1.0,58,./TestDatasets/SingleSite/TestData_R1_test.fastq,./TestDatasets/SingleSite/TestData_R2_test.fastq
DI08,E05,TCCAAGC,TGAACGC,S,1.0,6,./TestDatasets/SingleSite/TestData_R1_test.fastq,./TestDatasets/SingleSite/TestData_R2_test.fastq
DI08,E06,GCACCTA,CGTAGCA,M,1.0,21,./TestDatasets/SingleSite/TestData_R1_test.fastq,./TestDatasets/SingleSite/TestData_R2_test.fastq
DI08,E07,TTGCGTT,AGGTTCC,M,1.0,24,./TestDatasets/SingleSite/TestData_R1_test.fastq,./TestDatasets/SingleSite/TestData_R2_test.fastq
DI08,E09,CTGCATA,GATAGGT,G,1.0,15,./TestDatasets/SingleSite/TestData_R1_test.fastq,./TestDatasets/SingleSite/TestData_R2_test.fastq
DI08,E10,CGTTGAG,TAGCCTC,L,1.0,17,./TestDatasets/SingleSite/TestData_R1_test.fastq,./TestDatasets/SingleSite/TestData_R2_test.fastq
DI08,E11,TGCTACT,TTCAGCC,L,1.0,4,./TestDatasets/SingleSite/TestData_R1_test.fastq,./TestDatasets/SingleSite/TestData_R2_test.fastq
DI08,E12,GTGATCC,GGATTCA,L,1.0,35,./TestDatasets/SingleSite/TestData_R1_test.fastq,./TestDatasets/SingleSite/TestData_R2_test.fastq
DI08,F01,GCATGGT,TGAGCCT,V,1.0,50,./TestDatasets/SingleSite/TestData_R1_test.fastq,./TestDatasets/SingleSite/TestData_R2_test.fastq
DI08,F02,GTCGTTA,AACGCGA,I,1.0,26,./TestDatasets/SingleSite/TestData_R1_test.fastq,./TestDatasets/SingleSite/TestData_R2_test.fastq
DI08,F03,CCTGACA,TCATTGC,G,1.0,28,./TestDatasets/SingleSite/TestData_R1_test.fastq,./TestDatasets/SingleSite/TestData_R2_test.fastq
DI08,F04,AGTGTAG,AGCATCT,L,1.0,13,./TestDatasets/SingleSite/TestData_R1_test.fastq,./TestDatasets/SingleSite/TestData_R2_test.fastq
DI08,F05,CGAGCAA,TTGGTCT,H,1.0,10,./TestDatasets/SingleSite/TestData_R1_test.fastq,./TestDatasets/SingleSite/TestData_R2_test.fastq
DI08,F06,CTACTCC,CAAGGAT,V,1.0,38,./TestDatasets/SingleSite/TestData_R1_test.fastq,./TestDatasets/SingleSite/TestData_R2_test.fastq
DI08,F07,GATGCCA,AGACGTC,G,1.0,40,./TestDatasets/SingleSite/TestData_R1_test.fastq,./TestDatasets/SingleSite/TestData_R2_test.fastq
DI08,F08,GACCGAT,AGGTCAA,H,1.0,51,./TestDatasets/SingleSite/TestData_R1_test.fastq,./TestDatasets/SingleSite/TestData_R2_test.fastq
DI08,F10,ATGAGCG,CTCTGAT,W,1.0,45,./TestDatasets/SingleSite/TestData_R1_test.fastq,./TestDatasets/SingleSite/TestData_R2_test.fastq
DI08,F11,TACTCCG,TCAAGTC,L,1.0,1,./TestDatasets/SingleSite/TestData_R1_test.fastq,./TestDatasets/SingleSite/TestData_R2_test.fastq
DI08,F12,GATTCAC,TCGAGCT,R,1.0,10,./TestDatasets/SingleSite/TestData_R1_test.fastq,./TestDatasets/SingleSite/TestData_R2_test.fastq
DI08,G01,ATGACGC,ACAGTCT,N,1.0,57,./TestDatasets/SingleSite/TestData_R1_test.fastq,./TestDatasets/SingleSite/TestData_R2_test.fastq
DI08,G02,GGTTGTT,CAGATAC,D,1.0,44,./TestDatasets/SingleSite/TestData_R1_test.fastq,./TestDatasets/SingleSite/TestData_R2_test.fastq
DI08,G03,GTACTTG,TACGTTC,G,1.0,31,./TestDatasets/SingleSite/TestData_R1_test.fastq,./TestDatasets/SingleSite/TestData_R2_test.fastq
DI08,G04,TAGCAAG,ACGGTTC,*,1.0,3,./TestDatasets/SingleSite/TestData_R1_test.fastq,./TestDatasets/SingleSite/TestData_R2_test.fastq
DI08,G05,CTGCCAT,CATCGTC,S,1.0,13,./TestDatasets/SingleSite/TestData_R1_test.fastq,./TestDatasets/SingleSite/TestData_R2_test.fastq
DI08,G06,GAGAACA,TACGCAT,T,1.0,4,./TestDatasets/SingleSite/TestData_R1_test.fastq,./TestDatasets/SingleSite/TestData_R2_test.fastq
DI08,G07,GTATAGC,CTTAGAC,W,1.0,47,./TestDatasets/SingleSite/TestData_R1_test.fastq,./TestDatasets/SingleSite/TestData_R2_test.fastq
DI08,G08,TGATGGA,AACTGAC,*,1.0,1,./TestDatasets/SingleSite/TestData_R1_test.fastq,./TestDatasets/SingleSite/TestData_R2_test.fastq
DI08,G09,GGCAGTA,ACTTGCA,L,1.0,40,./TestDatasets/SingleSite/TestData_R1_test.fastq,./TestDatasets/SingleSite/TestData_R2_test.fastq
DI08,G10,GAAGAAG,ACGCGAT,G,1.0,35,./TestDatasets/SingleSite/TestData_R1_test.fastq,./TestDatasets/SingleSite/TestData_R2_test.fastq
DI08,G11,AGCGGTT,TCGACAC,G,1.0,54,./TestDatasets/SingleSite/TestData_R1_test.fastq,./TestDatasets/SingleSite/TestData_R2_test.fastq
DI08,G12,TAAGGCC,ACTCAAC,E,1.0,38,./TestDatasets/SingleSite/TestData_R1_test.fastq,./TestDatasets/SingleSite/TestData_R2_test.fastq
DI08,H01,AACCTGT,GAACTGC,L,1.0,48,./TestDatasets/SingleSite/TestData_R1_test.fastq,./TestDatasets/SingleSite/TestData_R2_test.fastq
DI08,H02,AGTACAC,ACCAGGT,R,1.0,60,./TestDatasets/SingleSite/TestData_R1_test.fastq,./TestDatasets/SingleSite/TestData_R2_test.fastq
DI08,H03,CTCGTAG,TCTAGAG,T,1.0,11,./TestDatasets/SingleSite/TestData_R1_test.fastq,./TestDatasets/SingleSite/TestData_R2_test.fastq
DI08,H04,CTAGGTG,CACACAA,T,1.0,26,./TestDatasets/SingleSite/TestData_R1_test.fastq,./TestDatasets/SingleSite/TestData_R2_test.fastq
DI08,H05,CGATACC,GTGGAAC,L,1.0,18,./TestDatasets/SingleSite/TestData_R1_test.fastq,./TestDatasets/SingleSite/TestData_R2_test.fastq
DI08,H06,TCGGCTA,ATATGCC,Q,1.0,30,./TestDatasets/SingleSite/TestData_R1_test.fastq,./TestDatasets/SingleSite/TestData_R2_test.fastq
DI08,H07,CGGTTGT,GGTCTGA,T,1.0,13,./TestDatasets/SingleSite/TestData_R1_test.fastq,./TestDatasets/SingleSite/TestData_R2_test.fastq
DI08,H08,ATTGCCT,GTGAGAT,H,1.0,54,./TestDatasets/SingleSite/TestData_R1_test.fastq,./TestDatasets/SingleSite/TestData_R2_test.fastq
DI08,H09,CATTCGA,TTGGCAG,V,1.0,2,./TestDatasets/SingleSite/TestData_R1_test.fastq,./TestDatasets/SingleSite/TestData_R2_test.fastq
DI08,H10,GCACAAT,ATGCCTG,D,1.0,3,./TestDatasets/SingleSite/TestData_R1_test.fastq,./TestDatasets/SingleSite/TestData_R2_test.fastq
DI08,H11,GCAGTAA,TCCGAAG,L,1.0,50,./TestDatasets/SingleSite/TestData_R1_test.fastq,./TestDatasets/SingleSite/TestData_R2_test.fastq
DI08,H12,CCTAATC,GGCTTAC,G,1.0,1,./TestDatasets/SingleSite/TestData_R1_test.fastq,./TestDatasets/SingleSite/TestData_R2_test.fastq
