Plate,Well,F-BC,R-BC,VariantCombo,AlignmentFrequency,WellSeqDepth,R1,R2
DI04,A01,GATCATG,GTGTCTC,A,1.0,67,./TestDatasets/SingleSite/TestData_R1_test.fastq,./TestDatasets/SingleSite/TestData_R2_test.fastq
DI04,A03,AAGCACC,GACAATC,S,1.0,22,./TestDatasets/SingleSite/TestData_R1_test.fastq,./TestDatasets/SingleSite/TestData_R2_test.fastq
DI04,A04,TGGCTCA,CACTTGC,Q,1.0,53,./TestDatasets/SingleSite/TestData_R1_test.fastq,./TestDatasets/SingleSite/TestData_R2_test.fastq
DI04,A05,CTTGCTC,TGAACGC,G,1.0,36,./TestDatasets/SingleSite/TestData_R1_test.fastq,./TestDatasets/SingleSite/TestData_R2_test.fastq
DI04,A07,TCTCCAT,AGGTTCC,S,1.0,61,./TestDatasets/SingleSite/TestData_R1_test.fastq,./TestDatasets/SingleSite/TestData_R2_test.fastq
DI04,A08,TTGAAGG,GTACACA,C,1.0,30,./TestDatasets/SingleSite/TestData_R1_test.fastq,./TestDatasets/SingleSite/TestData_R2_test.fastq
DI04,A09,GAATGTC,GATAGGT,S,1.0,50,./TestDatasets/SingleSite/TestData_R1_test.fastq,./TestDatasets/SingleSite/TestData_R2_test.fastq
DI04,A10,ATCTCCA,TAGCCTC,K,1.0,7,./TestDatasets/SingleSite/TestData_R1_test.fastq,./TestDatasets/SingleSite/TestData_R2_test.fastq
DI04,A11,GCGTTAT,TTCAGCC,Q,1.0,5,./TestDatasets/SingleSite/TestData_R1_test.fastq,./TestDatasets/SingleSite/TestData_R2_test.fastq
DI04,A12,TGCACCA,GGATTCA,I,1.0,56,./TestDatasets/SingleSite/TestData_R1_test.fastq,./TestDatasets/SingleSite/TestData_R2_test.fastq
DI04,B01,TGCCTAT,TGAGCCT,P,1.0,40,./TestDatasets/SingleSite/TestData_R1_test.fastq,./TestDatasets/SingleSite/TestData_R2_test.fastq
DI04,B02,AGGAATC,AACGCGA,D,1.0,23,./TestDatasets/SingleSite/TestData_R1_test.fastq,./TestDatasets/SingleSite/TestData_R2_test.fastq
DI04,B03,TCCACTG,TCATTGC,R,1.0,27,./TestDatasets/SingleSite/TestData_R1_test.fastq,./TestDatasets/SingleSite/TestData_R2_test.fastq
DI04,B04,TTGTACC,AGCATCT,Q,1.0,43,./TestDatasets/SingleSite/TestData_R1_test.fastq,./TestDatasets/SingleSite/TestData_R2_test.fastq
DI04,B05,TTCGAGT,TTGGTCT,S,1.0,3,./TestDatasets/SingleSite/TestData_R1_test.fastq,./TestDatasets/SingleSite/TestData_R2_test.fastq
DI04,B06,CTTCAGC,CAAGGAT,W,1.0,7,./TestDatasets/SingleSite/TestData_R1_test.fastq,./TestDatasets/SingleSite/TestData_R2_test.fastq
DI04,B07,CAGTGCA,AGACGTC,I,1.0,40,./TestDatasets/SingleSite/TestData_R1_test.fastq,./TestDatasets/SingleSite/TestData_R2_test.fastq
DI04,B08,TGCTGTC,AGGTCAA,N,1.0,14,./TestDatasets/SingleSite/TestData_R1_test.fastq,./TestDatasets/SingleSite/TestData_R2_test.fastq
DI04,B09,CGCCATT,ATGCTAC,*,1.0,54,./TestDatasets/SingleSite/TestData_R1_test.fastq,./TestDatasets/SingleSite/TestData_R2_test.fastq
DI04,B10,GCCATGA,CTCTGAT,L,1.0,50,./TestDatasets/SingleSite/TestData_R1_test.fastq,./TestDatasets/SingleSite/TestData_R2_test.fastq
DI04,B11,CACAACG,TCAAGTC,L,1.0,3,./TestDatasets/SingleSite/TestData_R1_test.fastq,./TestDatasets/SingleSite/TestData_R2_test.fastq
DI04,B12,CTTCGCT,TCGAGCT,Y,1.0,27,./TestDatasets/SingleSite/TestData_R1_test.fastq,./TestDatasets/SingleSite/TestData_R2_test.fastq
DI04,C01,TCGTGAA,ACAGTCT,K,1.0,32,./TestDatasets/SingleSite/TestData_R1_test.fastq,./TestDatasets/SingleSite/TestData_R2_test.fastq
DI04,C02,TTATCGG,CAGATAC,Y,1.0,37,./TestDatasets/SingleSite/TestData_R1_test.fastq,./TestDatasets/SingleSite/TestData_R2_test.fastq
DI04,C03,AGACCAT,TACGTTC,W,1.0,48,./TestDatasets/SingleSite/TestData_R1_test.fastq,./TestDatasets/SingleSite/TestData_R2_test.fastq
DI04,C04,ACATGAG,ACGGTTC,*,1.0,52,./TestDatasets/SingleSite/TestData_R1_test.fastq,./TestDatasets/SingleSite/TestData_R2_test.fastq
DI04,C05,ACGTACT,CATCGTC,E,1.0,22,./TestDatasets/SingleSite/TestData_R1_test.fastq,./TestDatasets/SingleSite/TestData_R2_test.fastq
DI04,C06,CACCTCA,TACGCAT,G,1.0,38,./TestDatasets/SingleSite/TestData_R1_test.fastq,./TestDatasets/SingleSite/TestData_R2_test.fastq
DI04,C07,GTTGGAG,CTTAGAC,R,1.0,41,./TestDatasets/SingleSite/TestData_R1_test.fastq,./TestDatasets/SingleSite/TestData_R2_test.fastq
DI04,C08,TGTTCTG,AACTGAC,Q,1.0,56,./TestDatasets/SingleSite/TestData_R1_test.fastq,./TestDatasets/SingleSite/TestData_R2_test.fastq
DI04,C09,CTTACGT,ACTTGCA,V,1.0,38,./TestDatasets/SingleSite/TestData_R1_test.fastq,./TestDatasets/SingleSite/TestData_R2_test.fastq
DI04,C10,GAGGTTG,ACGCGAT,Y,1.0,24,./TestDatasets/SingleSite/TestData_R1_test.fastq,./TestDatasets/SingleSite/TestData_R2_test.fastq
DI04,C11,ATGGACA,TCGACAC,G,1.0,30,./TestDatasets/SingleSite/TestData_R1_test.fastq,./TestDatasets/SingleSite/TestData_R2_test.fastq
DI04,C12,ACACTGA,ACTCAAC,S,1.0,26,./TestDatasets/SingleSite/TestData_R1_test.fastq,./TestDatasets/SingleSite/TestData_R2_test.fastq
DI04,D01,ATCTGTG,GAACTGC,K,1.0,45,./TestDatasets/SingleSite/TestData_R1_test.fastq,./TestDatasets/SingleSite/TestData_R2_test.fastq
DI04,D02,AATGTGC,ACCAGGT,V,1.0,9,./TestDatasets/SingleSite/TestData_R1_test.fastq,./TestDatasets/SingleSite/TestData_R2_test.fastq
DI04,D03,GAGTTGA,TCTAGAG,D,1.0,30,./TestDatasets/SingleSite/TestData_R1_test.fastq,./TestDatasets/SingleSite/TestData_R2_test.fastq
DI04,D04,TTCTCAC,CACACAA,I,1.0,8,./TestDatasets/SingleSite/TestData_R1_test.fastq,./TestDatasets/SingleSite/TestData_R2_test.fastq
DI04,D05,TGAAGCG,GTGGAAC,G,1.0,13,./TestDatasets/SingleSite/TestData_R1_test.fastq,./TestDatasets/SingleSite/TestData_R2_test.fastq
DI04,D06,GCTACAA,ATATGCC,D,1.0,55,./TestDatasets/SingleSite/TestData_R1_test.fastq,./TestDatasets/SingleSite/TestData_R2_test.fastq
DI04,D07,AGAGAAC,GGTCTGA,A,1.0,55,./TestDatasets/SingleSite/TestData_R1_test.fastq,./TestDatasets/SingleSite/TestData_R2_test.fastq
DI04,D08,CAGAGTG,GTGAGAT,E,1.0,29,./TestDatasets/SingleSite/TestData_R1_test.fastq,./TestDatasets/SingleSite/TestData_R2_test.fastq
DI04,D09,TTCCGAA,TTGGCAG,T,1.0,55,./TestDatasets/SingleSite/TestData_R1_test.fastq,./TestDatasets/SingleSite/TestData_R2_test.fastq
DI04,D10,GTACGAC,ATGCCTG,V,1.0,20,./TestDatasets/SingleSite/TestData_R1_test.fastq,./TestDatasets/SingleSite/TestData_R2_test.fastq
DI04,D11,ACTCTTG,TCCGAAG,V,1.0,13,./TestDatasets/SingleSite/TestData_R1_test.fastq,./TestDatasets/SingleSite/TestData_R2_test.fastq
DI04,D12,CCAACCA,GGCTTAC,I,1.0,6,./TestDatasets/SingleSite/TestData_R1_test.fastq,./TestDatasets/SingleSite/TestData_R2_test.fastq
DI04,E01,CTCTAGA,AGTTGGC,*,1.0,34,./TestDatasets/SingleSite/TestData_R1_test.fastq,./TestDatasets/SingleSite/TestData_R2_test.fastq
DI04,E02,AATCGGA,AACGATG,L,1.0,5,./TestDatasets/SingleSite/TestData_R1_test.fastq,./TestDatasets/SingleSite/TestData_R2_test.fastq
DI04,E03,CGTCCTA,ACTACCG,T,1.0,17,./TestDatasets/SingleSite/TestData_R1_test.fastq,./TestDatasets/SingleSite/TestData_R2_test.fastq
DI04,E04,GGAATGT,GGTGTCT,I,1.0,64,./TestDatasets/SingleSite/TestData_R1_test.fastq,./TestDatasets/SingleSite/TestData_R2_test.fastq
DI04,E05,TCCAAGC,CCAGCTT,E,1.0,52,./TestDatasets/SingleSite/TestData_R1_test.fastq,./TestDatasets/SingleSite/TestData_R2_test.fastq
DI04,E06,GCACCTA,TTAGACG,R,1.0,44,./TestDatasets/SingleSite/TestData_R1_test.fastq,./TestDatasets/SingleSite/TestData_R2_test.fastq
DI04,E07,TTGCGTT,ACCATAC,P,1.0,47,./TestDatasets/SingleSite/TestData_R1_test.fastq,./TestDatasets/SingleSite/TestData_R2_test.fastq
DI04,E08,CAGGATT,GACGACT,L,1.0,16,./TestDatasets/SingleSite/TestData_R1_test.fastq,./TestDatasets/SingleSite/TestData_R2_test.fastq
DI04,E09,CTGCATA,GTCACCT,S,1.0,3,./TestDatasets/SingleSite/TestData_R1_test.fastq,./TestDatasets/SingleSite/TestData_R2_test.fastq
DI04,E10,CGTTGAG,CGTGATG,T,1.0,16,./TestDatasets/SingleSite/TestData_R1_test.fastq,./TestDatasets/SingleSite/TestData_R2_test.fastq
DI04,E11,TGCTACT,GCTTCCT,Y,1.0,61,./TestDatasets/SingleSite/TestData_R1_test.fastq,./TestDatasets/SingleSite/TestData_R2_test.fastq
DI04,E12,GTGATCC,TAGACGT,K,1.0,7,./TestDatasets/SingleSite/TestData_R1_test.fastq,./TestDatasets/SingleSite/TestData_R2_test.fastq
DI04,F01,GCATGGT,CGGACTT,L,1.0,51,./TestDatasets/SingleSite/TestData_R1_test.fastq,./TestDatasets/SingleSite/TestData_R2_test.fastq
DI04,F03,CCTGACA,CCGAAGT,A,1.0,9,./TestDatasets/SingleSite/TestData_R1_test.fastq,./TestDatasets/SingleSite/TestData_R2_test.fastq
DI04,F04,AGTGTAG,GTTATGG,G,1.0,43,./TestDatasets/SingleSite/TestData_R1_test.fastq,./TestDatasets/SingleSite/TestData_R2_test.fastq
DI04,F05,CGAGCAA,ATCCTCG,Y,1.0,3,./TestDatasets/SingleSite/TestData_R1_test.fastq,./TestDatasets/SingleSite/TestData_R2_test.fastq
DI04,F06,CTACTCC,CGAATAG,P,1.0,59,./TestDatasets/SingleSite/TestData_R1_test.fastq,./TestDatasets/SingleSite/TestData_R2_test.fastq
DI04,F07,GATGCCA,TATCCGG,S,1.0,52,./TestDatasets/SingleSite/TestData_R1_test.fastq,./TestDatasets/SingleSite/TestData_R2_test.fastq
DI04,F08,GACCGAT,AGCAAGA,T,1.0,16,./TestDatasets/SingleSite/TestData_R1_test.fastq,./TestDatasets/SingleSite/TestData_R2_test.fastq
DI04,F09,ACGTTGG,TGTCGAC,C,1.0,15,./TestDatasets/SingleSite/TestData_R1_test.fastq,./TestDatasets/SingleSite/TestData_R2_test.fastq
DI04,F10,ATGAGCG,TTCCATG,C,1.0,50,./TestDatasets/SingleSite/TestData_R1_test.fastq,./TestDatasets/SingleSite/TestData_R2_test.fastq
DI04,F11,TACTCCG,GCAATCG,L,1.0,23,./TestDatasets/SingleSite/TestData_R1_test.fastq,./TestDatasets/SingleSite/TestData_R2_test.fastq
DI04,F12,GATTCAC,TGAGTGG,E,1.0,2,./TestDatasets/SingleSite/TestData_R1_test.fastq,./TestDatasets/SingleSite/TestData_R2_test.fastq
DI04,G01,ATGACGC,TAGGAGA,G,1.0,13,./TestDatasets/SingleSite/TestData_R1_test.fastq,./TestDatasets/SingleSite/TestData_R2_test.fastq
DI04,G02,GGTTGTT,AGTCAGT,H,1.0,6,./TestDatasets/SingleSite/TestData_R1_test.fastq,./TestDatasets/SingleSite/TestData_R2_test.fastq
DI04,G03,GTACTTG,GTGCTGT,P,1.0,12,./TestDatasets/SingleSite/TestData_R1_test.fastq,./TestDatasets/SingleSite/TestData_R2_test.fastq
DI04,G04,TAGCAAG,CAACAAC,S,1.0,38,./TestDatasets/SingleSite/TestData_R1_test.fastq,./TestDatasets/SingleSite/TestData_R2_test.fastq
DI04,G05,CTGCCAT,AATAGCC,C,1.0,68,./TestDatasets/SingleSite/TestData_R1_test.fastq,./TestDatasets/SingleSite/TestData_R2_test.fastq
DI04,G06,GAGAACA,TCTGTGA,G,1.0,35,./TestDatasets/SingleSite/TestData_R1_test.fastq,./TestDatasets/SingleSite/TestData_R2_test.fastq
DI04,G07,GTATAGC,TGTGGTA,I,1.0,9,./TestDatasets/SingleSite/TestData_R1_test.fastq,./TestDatasets/SingleSite/TestData_R2_test.fastq
DI04,G09,GGCAGTA,AGTTACG,A,1.0,45,./TestDatasets/SingleSite/TestData_R1_test.fastq,./TestDatasets/SingleSite/TestData_R2_test.fastq
DI04,G10,GAAGAAG,TTCCTGC,R,1.0,41,./TestDatasets/SingleSite/TestData_R1_test.fastq,./TestDatasets/SingleSite/TestData_R2_test.fastq
DI04,G11,AGCGGTT,TATGTCG,S,1.0,6,./TestDatasets/SingleSite/TestData_R1_test.fastq,./TestDatasets/SingleSite/TestData_R2_test.fastq
DI04,G12,TAAGGCC,GGAGAGA,L,1.0,46,./TestDatasets/SingleSite/TestData_R1_test.fastq,./TestDatasets/SingleSite/TestData_R2_test.fastq
DI04,H01,AACCTGT,CCTTAGG,N,1.0,53,./TestDatasets/SingleSite/TestData_R1_test.fastq,./TestDatasets/SingleSite/TestData_R2_test.fastq
DI04,H02,AGTACAC,TGTATCC,T,1.0,54,./TestDatasets/SingleSite/TestData_R1_test.fastq,./TestDatasets/SingleSite/TestData_R2_test.fastq
DI04,H03,CTCGTAG,CAACCTG,P,1.0,22,./TestDatasets/SingleSite/TestData_R1_test.fastq,./TestDatasets/SingleSite/TestData_R2_test.fastq
DI04,H04,CTAGGTG,CTGATGA,S,1.0,14,./TestDatasets/SingleSite/TestData_R1_test.fastq,./TestDatasets/SingleSite/TestData_R2_test.fastq
DI04,H05,CGATACC,AAGACAG,L,1.0,54,./TestDatasets/SingleSite/TestData_R1_test.fastq,./TestDatasets/SingleSite/TestData_R2_test.fastq
DI04,H06,TCGGCTA,AGCTCGT,L,1.0,3,./TestDatasets/SingleSite/TestData_R1_test.fastq,./TestDatasets/SingleSite/TestData_R2_test.fastq
DI04,H07,CGGTTGT,GATTGCG,S,1.0,34,./TestDatasets/SingleSite/TestData_R1_test.fastq,./TestDatasets/SingleSite/TestData_R2_test.fastq
DI04,H08,ATTGCCT,TCCTTCA,F,1.0,43,./TestDatasets/SingleSite/TestData_R1_test.fastq,./TestDatasets/SingleSite/TestData_R2_test.fastq
DI04,H09,CATTCGA,TCACAGG,G,1.0,18,./TestDatasets/SingleSite/TestData_R1_test.fastq,./TestDatasets/SingleSite/TestData_R2_test.fastq
DI04,H10,GCACAAT,AGAGCTG,I,1.0,32,./TestDatasets/SingleSite/TestData_R1_test.fastq,./TestDatasets/SingleSite/TestData_R2_test.fastq
DI04,H11,GCAGTAA,CCTCTGT,Y,1.0,12,./TestDatasets/SingleSite/TestData_R1_test.fastq,./TestDatasets/SingleSite/TestData_R2_test.fastq
DI04,H12,CCTAATC,CCTCGAA,*,1.0,9,./TestDatasets/SingleSite/TestData_R1_test.fastq,./TestDatasets/SingleSite/TestData_R2_test.fastq
