Plate,Well,F-BC,R-BC,VariantCombo,AlignmentFrequency,WellSeqDepth,R1,R2,logseqdepth
DI08,A01,GATCATG,AGTTGGC,F,1.0,29,./TestDatasets/SingleSite/TestData_R1_test.fastq,./TestDatasets/SingleSite/TestData_R2_test.fastq,3.367295829986474
DI08,A02,TACATGG,AACGATG,Y,1.0,30,./TestDatasets/SingleSite/TestData_R1_test.fastq,./TestDatasets/SingleSite/TestData_R2_test.fastq,3.4011973816621555
DI08,A03,AAGCACC,ACTACCG,Q,1.0,53,./TestDatasets/SingleSite/TestData_R1_test.fastq,./TestDatasets/SingleSite/TestData_R2_test.fastq,3.970291913552122
DI08,A04,TGGCTCA,GGTGTCT,N,1.0,10,./TestDatasets/SingleSite/TestData_R1_test.fastq,./TestDatasets/SingleSite/TestData_R2_test.fastq,2.302585092994046
DI08,A05,CTTGCTC,CCAGCTT,C,1.0,14,./TestDatasets/SingleSite/TestData_R1_test.fastq,./TestDatasets/SingleSite/TestData_R2_test.fastq,2.6390573296152584
DI08,A06,GAAGCGT,TTAGACG,D,1.0,53,./TestDatasets/SingleSite/TestData_R1_test.fastq,./TestDatasets/SingleSite/TestData_R2_test.fastq,3.970291913552122
DI08,A07,TCTCCAT,ACCATAC,E,1.0,34,./TestDatasets/SingleSite/TestData_R1_test.fastq,./TestDatasets/SingleSite/TestData_R2_test.fastq,3.5263605246161616
DI08,A08,TTGAAGG,GACGACT,R,1.0,55,./TestDatasets/SingleSite/TestData_R1_test.fastq,./TestDatasets/SingleSite/TestData_R2_test.fastq,4.007333185232471
DI08,A09,GAATGTC,GTCACCT,A,1.0,23,./TestDatasets/SingleSite/TestData_R1_test.fastq,./TestDatasets/SingleSite/TestData_R2_test.fastq,3.1354942159291497
DI08,A10,ATCTCCA,CGTGATG,P,1.0,28,./TestDatasets/SingleSite/TestData_R1_test.fastq,./TestDatasets/SingleSite/TestData_R2_test.fastq,3.332204510175204
DI08,A11,GCGTTAT,GCTTCCT,V,1.0,58,./TestDatasets/SingleSite/TestData_R1_test.fastq,./TestDatasets/SingleSite/TestData_R2_test.fastq,4.060443010546419
DI08,A12,TGCACCA,TAGACGT,R,1.0,55,./TestDatasets/SingleSite/TestData_R1_test.fastq,./TestDatasets/SingleSite/TestData_R2_test.fastq,4.007333185232471
DI08,B01,TGCCTAT,CGGACTT,S,1.0,65,./TestDatasets/SingleSite/TestData_R1_test.fastq,./TestDatasets/SingleSite/TestData_R2_test.fastq,4.174387269895637
DI08,B02,AGGAATC,ACCGGAA,S,1.0,54,./TestDatasets/SingleSite/TestData_R1_test.fastq,./TestDatasets/SingleSite/TestData_R2_test.fastq,3.9889840465642745
DI08,B03,TCCACTG,CCGAAGT,D,1.0,35,./TestDatasets/SingleSite/TestData_R1_test.fastq,./TestDatasets/SingleSite/TestData_R2_test.fastq,3.5553480614894135
DI08,B04,TTGTACC,GTTATGG,M,1.0,4,./TestDatasets/SingleSite/TestData_R1_test.fastq,./TestDatasets/SingleSite/TestData_R2_test.fastq,1.3862943611198906
DI08,B05,TTCGAGT,ATCCTCG,S,1.0,31,./TestDatasets/SingleSite/TestData_R1_test.fastq,./TestDatasets/SingleSite/TestData_R2_test.fastq,3.4339872044851463
DI08,B06,CTTCAGC,CGAATAG,L,1.0,38,./TestDatasets/SingleSite/TestData_R1_test.fastq,./TestDatasets/SingleSite/TestData_R2_test.fastq,3.6375861597263857
DI08,B07,CAGTGCA,TATCCGG,S,1.0,15,./TestDatasets/SingleSite/TestData_R1_test.fastq,./TestDatasets/SingleSite/TestData_R2_test.fastq,2.70805020110221
DI08,B08,TGCTGTC,AGCAAGA,E,1.0,58,./TestDatasets/SingleSite/TestData_R1_test.fastq,./TestDatasets/SingleSite/TestData_R2_test.fastq,4.060443010546419
DI08,B09,CGCCATT,TGTCGAC,S,1.0,38,./TestDatasets/SingleSite/TestData_R1_test.fastq,./TestDatasets/SingleSite/TestData_R2_test.fastq,3.6375861597263857
DI08,B10,GCCATGA,TTCCATG,*,1.0,57,./TestDatasets/SingleSite/TestData_R1_test.fastq,./TestDatasets/SingleSite/TestData_R2_test.fastq,4.04305126783455
DI08,B11,CACAACG,GCAATCG,V,1.0,41,./TestDatasets/SingleSite/TestData_R1_test.fastq,./TestDatasets/SingleSite/TestData_R2_test.fastq,3.713572066704308
DI08,B12,CTTCGCT,TGAGTGG,L,1.0,31,./TestDatasets/SingleSite/TestData_R1_test.fastq,./TestDatasets/SingleSite/TestData_R2_test.fastq,3.4339872044851463
DI08,C01,TCGTGAA,TAGGAGA,T,1.0,58,./TestDatasets/SingleSite/TestData_R1_test.fastq,./TestDatasets/SingleSite/TestData_R2_test.fastq,4.060443010546419
DI08,C03,AGACCAT,GTGCTGT,*,1.0,29,./TestDatasets/SingleSite/TestData_R1_test.fastq,./TestDatasets/SingleSite/TestData_R2_test.fastq,3.367295829986474
DI08,C04,ACATGAG,CAACAAC,C,1.0,37,./TestDatasets/SingleSite/TestData_R1_test.fastq,./TestDatasets/SingleSite/TestData_R2_test.fastq,3.6109179126442243
DI08,C05,ACGTACT,AATAGCC,C,1.0,27,./TestDatasets/SingleSite/TestData_R1_test.fastq,./TestDatasets/SingleSite/TestData_R2_test.fastq,3.295836866004329
DI08,C06,CACCTCA,TCTGTGA,T,1.0,58,./TestDatasets/SingleSite/TestData_R1_test.fastq,./TestDatasets/SingleSite/TestData_R2_test.fastq,4.060443010546419
DI08,C07,GTTGGAG,TGTGGTA,N,1.0,49,./TestDatasets/SingleSite/TestData_R1_test.fastq,./TestDatasets/SingleSite/TestData_R2_test.fastq,3.8918202981106265
DI08,C08,TGTTCTG,GCGTATG,Y,1.0,15,./TestDatasets/SingleSite/TestData_R1_test.fastq,./TestDatasets/SingleSite/TestData_R2_test.fastq,2.70805020110221
DI08,C09,CTTACGT,AGTTACG,R,1.0,29,./TestDatasets/SingleSite/TestData_R1_test.fastq,./TestDatasets/SingleSite/TestData_R2_test.fastq,3.367295829986474
DI08,C10,GAGGTTG,TTCCTGC,E,1.0,48,./TestDatasets/SingleSite/TestData_R1_test.fastq,./TestDatasets/SingleSite/TestData_R2_test.fastq,3.871201010907891
DI08,C11,ATGGACA,TATGTCG,G,1.0,42,./TestDatasets/SingleSite/TestData_R1_test.fastq,./TestDatasets/SingleSite/TestData_R2_test.fastq,3.7376696182833684
DI08,C12,ACACTGA,GGAGAGA,L,1.0,42,./TestDatasets/SingleSite/TestData_R1_test.fastq,./TestDatasets/SingleSite/TestData_R2_test.fastq,3.7376696182833684
DI08,D01,ATCTGTG,CCTTAGG,*,1.0,39,./TestDatasets/SingleSite/TestData_R1_test.fastq,./TestDatasets/SingleSite/TestData_R2_test.fastq,3.6635616461296463
DI08,D02,AATGTGC,TGTATCC,F,1.0,7,./TestDatasets/SingleSite/TestData_R1_test.fastq,./TestDatasets/SingleSite/TestData_R2_test.fastq,1.9459101490553132
DI08,D03,GAGTTGA,CAACCTG,F,1.0,44,./TestDatasets/SingleSite/TestData_R1_test.fastq,./TestDatasets/SingleSite/TestData_R2_test.fastq,3.784189633918261
DI08,D04,TTCTCAC,CTGATGA,G,1.0,15,./TestDatasets/SingleSite/TestData_R1_test.fastq,./TestDatasets/SingleSite/TestData_R2_test.fastq,2.70805020110221
DI08,D05,TGAAGCG,AAGACAG,P,1.0,32,./TestDatasets/SingleSite/TestData_R1_test.fastq,./TestDatasets/SingleSite/TestData_R2_test.fastq,3.4657359027997265
DI08,D06,GCTACAA,AGCTCGT,K,1.0,15,./TestDatasets/SingleSite/TestData_R1_test.fastq,./TestDatasets/SingleSite/TestData_R2_test.fastq,2.70805020110221
DI08,D08,CAGAGTG,TCCTTCA,Y,1.0,36,./TestDatasets/SingleSite/TestData_R1_test.fastq,./TestDatasets/SingleSite/TestData_R2_test.fastq,3.58351893845611
DI08,D09,TTCCGAA,TCACAGG,D,1.0,51,./TestDatasets/SingleSite/TestData_R1_test.fastq,./TestDatasets/SingleSite/TestData_R2_test.fastq,3.9318256327243257
DI08,D10,GTACGAC,AGAGCTG,N,1.0,13,./TestDatasets/SingleSite/TestData_R1_test.fastq,./TestDatasets/SingleSite/TestData_R2_test.fastq,2.5649493574615367
DI08,D11,ACTCTTG,CCTCTGT,A,1.0,21,./TestDatasets/SingleSite/TestData_R1_test.fastq,./TestDatasets/SingleSite/TestData_R2_test.fastq,3.044522437723423
DI08,D12,CCAACCA,CCTCGAA,V,1.0,10,./TestDatasets/SingleSite/TestData_R1_test.fastq,./TestDatasets/SingleSite/TestData_R2_test.fastq,2.302585092994046
DI08,E01,CTCTAGA,GTGTCTC,C,1.0,3,./TestDatasets/SingleSite/TestData_R1_test.fastq,./TestDatasets/SingleSite/TestData_R2_test.fastq,1.0986122886681098
DI08,E02,AATCGGA,ATTGAGG,L,1.0,40,./TestDatasets/SingleSite/TestData_R1_test.fastq,./TestDatasets/SingleSite/TestData_R2_test.fastq,3.6888794541139363
DI08,E03,CGTCCTA,GACAATC,R,1.0,48,./TestDatasets/SingleSite/TestData_R1_test.fastq,./TestDatasets/SingleSite/TestData_R2_test.fastq,3.871201010907891
DI08,E04,GGAATGT,CACTTGC,G,1.0,18,./TestDatasets/SingleSite/TestData_R1_test.fastq,./TestDatasets/SingleSite/TestData_R2_test.fastq,2.8903717578961645
DI08,E05,TCCAAGC,TGAACGC,L,1.0,18,./TestDatasets/SingleSite/TestData_R1_test.fastq,./TestDatasets/SingleSite/TestData_R2_test.fastq,2.8903717578961645
DI08,E06,GCACCTA,CGTAGCA,V,1.0,54,./TestDatasets/SingleSite/TestData_R1_test.fastq,./TestDatasets/SingleSite/TestData_R2_test.fastq,3.9889840465642745
DI08,E07,TTGCGTT,AGGTTCC,P,1.0,53,./TestDatasets/SingleSite/TestData_R1_test.fastq,./TestDatasets/SingleSite/TestData_R2_test.fastq,3.970291913552122
DI08,E08,CAGGATT,GTACACA,I,1.0,43,./TestDatasets/SingleSite/TestData_R1_test.fastq,./TestDatasets/SingleSite/TestData_R2_test.fastq,3.7612001156935624
DI08,E09,CTGCATA,GATAGGT,I,1.0,45,./TestDatasets/SingleSite/TestData_R1_test.fastq,./TestDatasets/SingleSite/TestData_R2_test.fastq,3.8066624897703196
DI08,E10,CGTTGAG,TAGCCTC,S,1.0,1,./TestDatasets/SingleSite/TestData_R1_test.fastq,./TestDatasets/SingleSite/TestData_R2_test.fastq,0.0
DI08,E11,TGCTACT,TTCAGCC,P,1.0,8,./TestDatasets/SingleSite/TestData_R1_test.fastq,./TestDatasets/SingleSite/TestData_R2_test.fastq,2.0794415416798357
DI08,E12,GTGATCC,GGATTCA,T,1.0,15,./TestDatasets/SingleSite/TestData_R1_test.fastq,./TestDatasets/SingleSite/TestData_R2_test.fastq,2.70805020110221
DI08,F02,GTCGTTA,AACGCGA,L,1.0,16,./TestDatasets/SingleSite/TestData_R1_test.fastq,./TestDatasets/SingleSite/TestData_R2_test.fastq,2.772588722239781
DI08,F03,CCTGACA,TCATTGC,A,1.0,2,./TestDatasets/SingleSite/TestData_R1_test.fastq,./TestDatasets/SingleSite/TestData_R2_test.fastq,0.6931471805599453
DI08,F04,AGTGTAG,AGCATCT,R,1.0,21,./TestDatasets/SingleSite/TestData_R1_test.fastq,./TestDatasets/SingleSite/TestData_R2_test.fastq,3.044522437723423
DI08,F05,CGAGCAA,TTGGTCT,E,1.0,39,./TestDatasets/SingleSite/TestData_R1_test.fastq,./TestDatasets/SingleSite/TestData_R2_test.fastq,3.6635616461296463
DI08,F06,CTACTCC,CAAGGAT,V,1.0,15,./TestDatasets/SingleSite/TestData_R1_test.fastq,./TestDatasets/SingleSite/TestData_R2_test.fastq,2.70805020110221
DI08,F07,GATGCCA,AGACGTC,G,1.0,31,./TestDatasets/SingleSite/TestData_R1_test.fastq,./TestDatasets/SingleSite/TestData_R2_test.fastq,3.4339872044851463
DI08,F08,GACCGAT,AGGTCAA,P,1.0,13,./TestDatasets/SingleSite/TestData_R1_test.fastq,./TestDatasets/SingleSite/TestData_R2_test.fastq,2.5649493574615367
DI08,F09,ACGTTGG,ATGCTAC,P,1.0,42,./TestDatasets/SingleSite/TestData_R1_test.fastq,./TestDatasets/SingleSite/TestData_R2_test.fastq,3.7376696182833684
DI08,F10,ATGAGCG,CTCTGAT,T,1.0,6,./TestDatasets/SingleSite/TestData_R1_test.fastq,./TestDatasets/SingleSite/TestData_R2_test.fastq,1.791759469228055
DI08,F11,TACTCCG,TCAAGTC,T,1.0,21,./TestDatasets/SingleSite/TestData_R1_test.fastq,./TestDatasets/SingleSite/TestData_R2_test.fastq,3.044522437723423
DI08,F12,GATTCAC,TCGAGCT,P,1.0,54,./TestDatasets/SingleSite/TestData_R1_test.fastq,./TestDatasets/SingleSite/TestData_R2_test.fastq,3.9889840465642745
DI08,G01,ATGACGC,ACAGTCT,K,1.0,6,./TestDatasets/SingleSite/TestData_R1_test.fastq,./TestDatasets/SingleSite/TestData_R2_test.fastq,1.791759469228055
DI08,G02,GGTTGTT,CAGATAC,R,1.0,7,./TestDatasets/SingleSite/TestData_R1_test.fastq,./TestDatasets/SingleSite/TestData_R2_test.fastq,1.9459101490553132
DI08,G03,GTACTTG,TACGTTC,V,1.0,17,./TestDatasets/SingleSite/TestData_R1_test.fastq,./TestDatasets/SingleSite/TestData_R2_test.fastq,2.833213344056216
DI08,G04,TAGCAAG,ACGGTTC,P,1.0,5,./TestDatasets/SingleSite/TestData_R1_test.fastq,./TestDatasets/SingleSite/TestData_R2_test.fastq,1.6094379124341003
DI08,G05,CTGCCAT,CATCGTC,I,1.0,6,./TestDatasets/SingleSite/TestData_R1_test.fastq,./TestDatasets/SingleSite/TestData_R2_test.fastq,1.791759469228055
DI08,G06,GAGAACA,TACGCAT,C,1.0,33,./TestDatasets/SingleSite/TestData_R1_test.fastq,./TestDatasets/SingleSite/TestData_R2_test.fastq,3.4965075614664802
DI08,G07,GTATAGC,CTTAGAC,I,1.0,38,./TestDatasets/SingleSite/TestData_R1_test.fastq,./TestDatasets/SingleSite/TestData_R2_test.fastq,3.6375861597263857
DI08,G08,TGATGGA,AACTGAC,S,1.0,4,./TestDatasets/SingleSite/TestData_R1_test.fastq,./TestDatasets/SingleSite/TestData_R2_test.fastq,1.3862943611198906
DI08,G09,GGCAGTA,ACTTGCA,P,1.0,29,./TestDatasets/SingleSite/TestData_R1_test.fastq,./TestDatasets/SingleSite/TestData_R2_test.fastq,3.367295829986474
DI08,G10,GAAGAAG,ACGCGAT,P,1.0,50,./TestDatasets/SingleSite/TestData_R1_test.fastq,./TestDatasets/SingleSite/TestData_R2_test.fastq,3.912023005428146
DI08,G11,AGCGGTT,TCGACAC,V,1.0,8,./TestDatasets/SingleSite/TestData_R1_test.fastq,./TestDatasets/SingleSite/TestData_R2_test.fastq,2.0794415416798357
DI08,G12,TAAGGCC,ACTCAAC,L,1.0,12,./TestDatasets/SingleSite/TestData_R1_test.fastq,./TestDatasets/SingleSite/TestData_R2_test.fastq,2.4849066497880004
DI08,H01,AACCTGT,GAACTGC,I,1.0,59,./TestDatasets/SingleSite/TestData_R1_test.fastq,./TestDatasets/SingleSite/TestData_R2_test.fastq,4.07753744390572
DI08,H02,AGTACAC,ACCAGGT,T,1.0,54,./TestDatasets/SingleSite/TestData_R1_test.fastq,./TestDatasets/SingleSite/TestData_R2_test.fastq,3.9889840465642745
DI08,H03,CTCGTAG,TCTAGAG,Y,1.0,27,./TestDatasets/SingleSite/TestData_R1_test.fastq,./TestDatasets/SingleSite/TestData_R2_test.fastq,3.295836866004329
DI08,H04,CTAGGTG,CACACAA,R,1.0,46,./TestDatasets/SingleSite/TestData_R1_test.fastq,./TestDatasets/SingleSite/TestData_R2_test.fastq,3.828641396489095
DI08,H06,TCGGCTA,ATATGCC,Q,1.0,51,./TestDatasets/SingleSite/TestData_R1_test.fastq,./TestDatasets/SingleSite/TestData_R2_test.fastq,3.9318256327243257
DI08,H07,CGGTTGT,GGTCTGA,R,1.0,20,./TestDatasets/SingleSite/TestData_R1_test.fastq,./TestDatasets/SingleSite/TestData_R2_test.fastq,2.995732273553991
DI08,H08,ATTGCCT,GTGAGAT,T,1.0,11,./TestDatasets/SingleSite/TestData_R1_test.fastq,./TestDatasets/SingleSite/TestData_R2_test.fastq,2.3978952727983707
DI08,H09,CATTCGA,TTGGCAG,S,1.0,25,./TestDatasets/SingleSite/TestData_R1_test.fastq,./TestDatasets/SingleSite/TestData_R2_test.fastq,3.2188758248682006
DI08,H10,GCACAAT,ATGCCTG,S,1.0,6,./TestDatasets/SingleSite/TestData_R1_test.fastq,./TestDatasets/SingleSite/TestData_R2_test.fastq,1.791759469228055
DI08,H11,GCAGTAA,TCCGAAG,S,1.0,20,./TestDatasets/SingleSite/TestData_R1_test.fastq,./TestDatasets/SingleSite/TestData_R2_test.fastq,2.995732273553991
DI08,H12,CCTAATC,GGCTTAC,T,1.0,25,./TestDatasets/SingleSite/TestData_R1_test.fastq,./TestDatasets/SingleSite/TestData_R2_test.fastq,3.2188758248682006
