Plate,Well,F-BC,R-BC,VariantCombo,AlignmentFrequency,WellSeqDepth,R1,R2,logseqdepth
DI02,A01,GATCATG,ACAGTCT,S,1.0,14,./TestDatasets/SingleSite/TestData_R1_test.fastq,./TestDatasets/SingleSite/TestData_R2_test.fastq,2.6390573296152584
DI02,A02,TACATGG,CAGATAC,T,1.0,49,./TestDatasets/SingleSite/TestData_R1_test.fastq,./TestDatasets/SingleSite/TestData_R2_test.fastq,3.8918202981106265
DI02,A03,AAGCACC,TACGTTC,*,1.0,46,./TestDatasets/SingleSite/TestData_R1_test.fastq,./TestDatasets/SingleSite/TestData_R2_test.fastq,3.828641396489095
DI02,A04,TGGCTCA,ACGGTTC,R,1.0,45,./TestDatasets/SingleSite/TestData_R1_test.fastq,./TestDatasets/SingleSite/TestData_R2_test.fastq,3.8066624897703196
DI02,A05,CTTGCTC,CATCGTC,H,1.0,20,./TestDatasets/SingleSite/TestData_R1_test.fastq,./TestDatasets/SingleSite/TestData_R2_test.fastq,2.995732273553991
DI02,A06,GAAGCGT,TACGCAT,S,1.0,14,./TestDatasets/SingleSite/TestData_R1_test.fastq,./TestDatasets/SingleSite/TestData_R2_test.fastq,2.6390573296152584
DI02,A07,TCTCCAT,CTTAGAC,K,1.0,26,./TestDatasets/SingleSite/TestData_R1_test.fastq,./TestDatasets/SingleSite/TestData_R2_test.fastq,3.258096538021482
DI02,A08,TTGAAGG,AACTGAC,P,1.0,11,./TestDatasets/SingleSite/TestData_R1_test.fastq,./TestDatasets/SingleSite/TestData_R2_test.fastq,2.3978952727983707
DI02,A09,GAATGTC,ACTTGCA,K,1.0,1,./TestDatasets/SingleSite/TestData_R1_test.fastq,./TestDatasets/SingleSite/TestData_R2_test.fastq,0.0
DI02,A10,ATCTCCA,ACGCGAT,S,1.0,11,./TestDatasets/SingleSite/TestData_R1_test.fastq,./TestDatasets/SingleSite/TestData_R2_test.fastq,2.3978952727983707
DI02,A11,GCGTTAT,TCGACAC,D,1.0,34,./TestDatasets/SingleSite/TestData_R1_test.fastq,./TestDatasets/SingleSite/TestData_R2_test.fastq,3.5263605246161616
DI02,A12,TGCACCA,ACTCAAC,T,1.0,8,./TestDatasets/SingleSite/TestData_R1_test.fastq,./TestDatasets/SingleSite/TestData_R2_test.fastq,2.0794415416798357
DI02,B01,TGCCTAT,GAACTGC,H,1.0,10,./TestDatasets/SingleSite/TestData_R1_test.fastq,./TestDatasets/SingleSite/TestData_R2_test.fastq,2.302585092994046
DI02,B02,AGGAATC,ACCAGGT,G,1.0,13,./TestDatasets/SingleSite/TestData_R1_test.fastq,./TestDatasets/SingleSite/TestData_R2_test.fastq,2.5649493574615367
DI02,B03,TCCACTG,TCTAGAG,T,1.0,36,./TestDatasets/SingleSite/TestData_R1_test.fastq,./TestDatasets/SingleSite/TestData_R2_test.fastq,3.58351893845611
DI02,B04,TTGTACC,CACACAA,Q,1.0,27,./TestDatasets/SingleSite/TestData_R1_test.fastq,./TestDatasets/SingleSite/TestData_R2_test.fastq,3.295836866004329
DI02,B05,TTCGAGT,GTGGAAC,F,1.0,35,./TestDatasets/SingleSite/TestData_R1_test.fastq,./TestDatasets/SingleSite/TestData_R2_test.fastq,3.5553480614894135
DI02,B06,CTTCAGC,ATATGCC,Y,1.0,30,./TestDatasets/SingleSite/TestData_R1_test.fastq,./TestDatasets/SingleSite/TestData_R2_test.fastq,3.4011973816621555
DI02,B07,CAGTGCA,GGTCTGA,I,1.0,31,./TestDatasets/SingleSite/TestData_R1_test.fastq,./TestDatasets/SingleSite/TestData_R2_test.fastq,3.4339872044851463
DI02,B08,TGCTGTC,GTGAGAT,Y,1.0,29,./TestDatasets/SingleSite/TestData_R1_test.fastq,./TestDatasets/SingleSite/TestData_R2_test.fastq,3.367295829986474
DI02,B09,CGCCATT,TTGGCAG,G,1.0,38,./TestDatasets/SingleSite/TestData_R1_test.fastq,./TestDatasets/SingleSite/TestData_R2_test.fastq,3.6375861597263857
DI02,B10,GCCATGA,ATGCCTG,L,1.0,42,./TestDatasets/SingleSite/TestData_R1_test.fastq,./TestDatasets/SingleSite/TestData_R2_test.fastq,3.7376696182833684
DI02,B11,CACAACG,TCCGAAG,W,1.0,23,./TestDatasets/SingleSite/TestData_R1_test.fastq,./TestDatasets/SingleSite/TestData_R2_test.fastq,3.1354942159291497
DI02,C01,TCGTGAA,AGTTGGC,V,1.0,16,./TestDatasets/SingleSite/TestData_R1_test.fastq,./TestDatasets/SingleSite/TestData_R2_test.fastq,2.772588722239781
DI02,C02,TTATCGG,AACGATG,E,1.0,53,./TestDatasets/SingleSite/TestData_R1_test.fastq,./TestDatasets/SingleSite/TestData_R2_test.fastq,3.970291913552122
DI02,C03,AGACCAT,ACTACCG,A,1.0,14,./TestDatasets/SingleSite/TestData_R1_test.fastq,./TestDatasets/SingleSite/TestData_R2_test.fastq,2.6390573296152584
DI02,C04,ACATGAG,GGTGTCT,E,1.0,40,./TestDatasets/SingleSite/TestData_R1_test.fastq,./TestDatasets/SingleSite/TestData_R2_test.fastq,3.6888794541139363
DI02,C05,ACGTACT,CCAGCTT,V,1.0,9,./TestDatasets/SingleSite/TestData_R1_test.fastq,./TestDatasets/SingleSite/TestData_R2_test.fastq,2.1972245773362196
DI02,C06,CACCTCA,TTAGACG,Y,1.0,40,./TestDatasets/SingleSite/TestData_R1_test.fastq,./TestDatasets/SingleSite/TestData_R2_test.fastq,3.6888794541139363
DI02,C07,GTTGGAG,ACCATAC,L,1.0,56,./TestDatasets/SingleSite/TestData_R1_test.fastq,./TestDatasets/SingleSite/TestData_R2_test.fastq,4.02535169073515
DI02,C08,TGTTCTG,GACGACT,A,1.0,17,./TestDatasets/SingleSite/TestData_R1_test.fastq,./TestDatasets/SingleSite/TestData_R2_test.fastq,2.833213344056216
DI02,C09,CTTACGT,GTCACCT,H,1.0,42,./TestDatasets/SingleSite/TestData_R1_test.fastq,./TestDatasets/SingleSite/TestData_R2_test.fastq,3.7376696182833684
DI02,C10,GAGGTTG,CGTGATG,E,1.0,8,./TestDatasets/SingleSite/TestData_R1_test.fastq,./TestDatasets/SingleSite/TestData_R2_test.fastq,2.0794415416798357
DI02,C11,ATGGACA,GCTTCCT,P,1.0,16,./TestDatasets/SingleSite/TestData_R1_test.fastq,./TestDatasets/SingleSite/TestData_R2_test.fastq,2.772588722239781
DI02,C12,ACACTGA,TAGACGT,T,1.0,50,./TestDatasets/SingleSite/TestData_R1_test.fastq,./TestDatasets/SingleSite/TestData_R2_test.fastq,3.912023005428146
DI02,D01,ATCTGTG,CGGACTT,R,1.0,28,./TestDatasets/SingleSite/TestData_R1_test.fastq,./TestDatasets/SingleSite/TestData_R2_test.fastq,3.332204510175204
DI02,D02,AATGTGC,ACCGGAA,L,1.0,20,./TestDatasets/SingleSite/TestData_R1_test.fastq,./TestDatasets/SingleSite/TestData_R2_test.fastq,2.995732273553991
DI02,D03,GAGTTGA,CCGAAGT,E,1.0,55,./TestDatasets/SingleSite/TestData_R1_test.fastq,./TestDatasets/SingleSite/TestData_R2_test.fastq,4.007333185232471
DI02,D04,TTCTCAC,GTTATGG,A,1.0,48,./TestDatasets/SingleSite/TestData_R1_test.fastq,./TestDatasets/SingleSite/TestData_R2_test.fastq,3.871201010907891
DI02,D05,TGAAGCG,ATCCTCG,I,1.0,39,./TestDatasets/SingleSite/TestData_R1_test.fastq,./TestDatasets/SingleSite/TestData_R2_test.fastq,3.6635616461296463
DI02,D06,GCTACAA,CGAATAG,Q,1.0,54,./TestDatasets/SingleSite/TestData_R1_test.fastq,./TestDatasets/SingleSite/TestData_R2_test.fastq,3.9889840465642745
DI02,D07,AGAGAAC,TATCCGG,I,1.0,27,./TestDatasets/SingleSite/TestData_R1_test.fastq,./TestDatasets/SingleSite/TestData_R2_test.fastq,3.295836866004329
DI02,D08,CAGAGTG,AGCAAGA,R,1.0,43,./TestDatasets/SingleSite/TestData_R1_test.fastq,./TestDatasets/SingleSite/TestData_R2_test.fastq,3.7612001156935624
DI02,D09,TTCCGAA,TGTCGAC,R,1.0,48,./TestDatasets/SingleSite/TestData_R1_test.fastq,./TestDatasets/SingleSite/TestData_R2_test.fastq,3.871201010907891
DI02,D10,GTACGAC,TTCCATG,L,1.0,52,./TestDatasets/SingleSite/TestData_R1_test.fastq,./TestDatasets/SingleSite/TestData_R2_test.fastq,3.9512437185814275
DI02,D11,ACTCTTG,GCAATCG,C,1.0,16,./TestDatasets/SingleSite/TestData_R1_test.fastq,./TestDatasets/SingleSite/TestData_R2_test.fastq,2.772588722239781
DI02,D12,CCAACCA,TGAGTGG,F,1.0,22,./TestDatasets/SingleSite/TestData_R1_test.fastq,./TestDatasets/SingleSite/TestData_R2_test.fastq,3.091042453358316
DI02,E01,CTCTAGA,TAGGAGA,N,1.0,24,./TestDatasets/SingleSite/TestData_R1_test.fastq,./TestDatasets/SingleSite/TestData_R2_test.fastq,3.1780538303479458
DI02,E02,AATCGGA,AGTCAGT,R,1.0,8,./TestDatasets/SingleSite/TestData_R1_test.fastq,./TestDatasets/SingleSite/TestData_R2_test.fastq,2.0794415416798357
DI02,E03,CGTCCTA,GTGCTGT,F,1.0,22,./TestDatasets/SingleSite/TestData_R1_test.fastq,./TestDatasets/SingleSite/TestData_R2_test.fastq,3.091042453358316
DI02,E04,GGAATGT,CAACAAC,F,1.0,38,./TestDatasets/SingleSite/TestData_R1_test.fastq,./TestDatasets/SingleSite/TestData_R2_test.fastq,3.6375861597263857
DI02,E05,TCCAAGC,AATAGCC,R,1.0,44,./TestDatasets/SingleSite/TestData_R1_test.fastq,./TestDatasets/SingleSite/TestData_R2_test.fastq,3.784189633918261
DI02,E06,GCACCTA,TCTGTGA,C,1.0,6,./TestDatasets/SingleSite/TestData_R1_test.fastq,./TestDatasets/SingleSite/TestData_R2_test.fastq,1.791759469228055
DI02,E07,TTGCGTT,TGTGGTA,P,1.0,28,./TestDatasets/SingleSite/TestData_R1_test.fastq,./TestDatasets/SingleSite/TestData_R2_test.fastq,3.332204510175204
DI02,E08,CAGGATT,GCGTATG,N,1.0,9,./TestDatasets/SingleSite/TestData_R1_test.fastq,./TestDatasets/SingleSite/TestData_R2_test.fastq,2.1972245773362196
DI02,E09,CTGCATA,AGTTACG,S,1.0,1,./TestDatasets/SingleSite/TestData_R1_test.fastq,./TestDatasets/SingleSite/TestData_R2_test.fastq,0.0
DI02,E10,CGTTGAG,TTCCTGC,S,1.0,6,./TestDatasets/SingleSite/TestData_R1_test.fastq,./TestDatasets/SingleSite/TestData_R2_test.fastq,1.791759469228055
DI02,E11,TGCTACT,TATGTCG,E,1.0,21,./TestDatasets/SingleSite/TestData_R1_test.fastq,./TestDatasets/SingleSite/TestData_R2_test.fastq,3.044522437723423
DI02,E12,GTGATCC,GGAGAGA,T,1.0,47,./TestDatasets/SingleSite/TestData_R1_test.fastq,./TestDatasets/SingleSite/TestData_R2_test.fastq,3.8501476017100584
DI02,F02,GTCGTTA,TGTATCC,*,1.0,49,./TestDatasets/SingleSite/TestData_R1_test.fastq,./TestDatasets/SingleSite/TestData_R2_test.fastq,3.8918202981106265
DI02,F03,CCTGACA,CAACCTG,P,1.0,10,./TestDatasets/SingleSite/TestData_R1_test.fastq,./TestDatasets/SingleSite/TestData_R2_test.fastq,2.302585092994046
DI02,F04,AGTGTAG,CTGATGA,R,1.0,46,./TestDatasets/SingleSite/TestData_R1_test.fastq,./TestDatasets/SingleSite/TestData_R2_test.fastq,3.828641396489095
DI02,F05,CGAGCAA,AAGACAG,A,1.0,22,./TestDatasets/SingleSite/TestData_R1_test.fastq,./TestDatasets/SingleSite/TestData_R2_test.fastq,3.091042453358316
DI02,F06,CTACTCC,AGCTCGT,L,1.0,42,./TestDatasets/SingleSite/TestData_R1_test.fastq,./TestDatasets/SingleSite/TestData_R2_test.fastq,3.7376696182833684
DI02,F07,GATGCCA,GATTGCG,R,1.0,9,./TestDatasets/SingleSite/TestData_R1_test.fastq,./TestDatasets/SingleSite/TestData_R2_test.fastq,2.1972245773362196
DI02,F08,GACCGAT,TCCTTCA,L,1.0,47,./TestDatasets/SingleSite/TestData_R1_test.fastq,./TestDatasets/SingleSite/TestData_R2_test.fastq,3.8501476017100584
DI02,F09,ACGTTGG,TCACAGG,S,1.0,18,./TestDatasets/SingleSite/TestData_R1_test.fastq,./TestDatasets/SingleSite/TestData_R2_test.fastq,2.8903717578961645
DI02,F10,ATGAGCG,AGAGCTG,S,1.0,49,./TestDatasets/SingleSite/TestData_R1_test.fastq,./TestDatasets/SingleSite/TestData_R2_test.fastq,3.8918202981106265
DI02,F11,TACTCCG,CCTCTGT,V,1.0,27,./TestDatasets/SingleSite/TestData_R1_test.fastq,./TestDatasets/SingleSite/TestData_R2_test.fastq,3.295836866004329
DI02,F12,GATTCAC,CCTCGAA,F,1.0,40,./TestDatasets/SingleSite/TestData_R1_test.fastq,./TestDatasets/SingleSite/TestData_R2_test.fastq,3.6888794541139363
DI02,G01,ATGACGC,GTGTCTC,P,1.0,25,./TestDatasets/SingleSite/TestData_R1_test.fastq,./TestDatasets/SingleSite/TestData_R2_test.fastq,3.2188758248682006
DI02,G02,GGTTGTT,ATTGAGG,L,1.0,16,./TestDatasets/SingleSite/TestData_R1_test.fastq,./TestDatasets/SingleSite/TestData_R2_test.fastq,2.772588722239781
DI02,G03,GTACTTG,GACAATC,L,1.0,5,./TestDatasets/SingleSite/TestData_R1_test.fastq,./TestDatasets/SingleSite/TestData_R2_test.fastq,1.6094379124341003
DI02,G04,TAGCAAG,CACTTGC,S,1.0,46,./TestDatasets/SingleSite/TestData_R1_test.fastq,./TestDatasets/SingleSite/TestData_R2_test.fastq,3.828641396489095
DI02,G05,CTGCCAT,TGAACGC,T,1.0,26,./TestDatasets/SingleSite/TestData_R1_test.fastq,./TestDatasets/SingleSite/TestData_R2_test.fastq,3.258096538021482
DI02,G06,GAGAACA,CGTAGCA,N,1.0,13,./TestDatasets/SingleSite/TestData_R1_test.fastq,./TestDatasets/SingleSite/TestData_R2_test.fastq,2.5649493574615367
DI02,G07,GTATAGC,AGGTTCC,A,1.0,59,./TestDatasets/SingleSite/TestData_R1_test.fastq,./TestDatasets/SingleSite/TestData_R2_test.fastq,4.07753744390572
DI02,G08,TGATGGA,GTACACA,C,1.0,66,./TestDatasets/SingleSite/TestData_R1_test.fastq,./TestDatasets/SingleSite/TestData_R2_test.fastq,4.189654742026425
DI02,G09,GGCAGTA,GATAGGT,A,1.0,44,./TestDatasets/SingleSite/TestData_R1_test.fastq,./TestDatasets/SingleSite/TestData_R2_test.fastq,3.784189633918261
DI02,G10,GAAGAAG,TAGCCTC,V,1.0,30,./TestDatasets/SingleSite/TestData_R1_test.fastq,./TestDatasets/SingleSite/TestData_R2_test.fastq,3.4011973816621555
DI02,G11,AGCGGTT,TTCAGCC,D,1.0,26,./TestDatasets/SingleSite/TestData_R1_test.fastq,./TestDatasets/SingleSite/TestData_R2_test.fastq,3.258096538021482
DI02,G12,TAAGGCC,GGATTCA,S,1.0,25,./TestDatasets/SingleSite/TestData_R1_test.fastq,./TestDatasets/SingleSite/TestData_R2_test.fastq,3.2188758248682006
DI02,H01,AACCTGT,TGAGCCT,T,1.0,40,./TestDatasets/SingleSite/TestData_R1_test.fastq,./TestDatasets/SingleSite/TestData_R2_test.fastq,3.6888794541139363
DI02,H02,AGTACAC,AACGCGA,I,1.0,33,./TestDatasets/SingleSite/TestData_R1_test.fastq,./TestDatasets/SingleSite/TestData_R2_test.fastq,3.4965075614664802
DI02,H03,CTCGTAG,TCATTGC,I,1.0,13,./TestDatasets/SingleSite/TestData_R1_test.fastq,./TestDatasets/SingleSite/TestData_R2_test.fastq,2.5649493574615367
DI02,H04,CTAGGTG,AGCATCT,H,1.0,4,./TestDatasets/SingleSite/TestData_R1_test.fastq,./TestDatasets/SingleSite/TestData_R2_test.fastq,1.3862943611198906
DI02,H05,CGATACC,TTGGTCT,A,1.0,42,./TestDatasets/SingleSite/TestData_R1_test.fastq,./TestDatasets/SingleSite/TestData_R2_test.fastq,3.7376696182833684
DI02,H06,TCGGCTA,CAAGGAT,H,1.0,26,./TestDatasets/SingleSite/TestData_R1_test.fastq,./TestDatasets/SingleSite/TestData_R2_test.fastq,3.258096538021482
DI02,H07,CGGTTGT,AGACGTC,G,1.0,13,./TestDatasets/SingleSite/TestData_R1_test.fastq,./TestDatasets/SingleSite/TestData_R2_test.fastq,2.5649493574615367
DI02,H08,ATTGCCT,AGGTCAA,N,1.0,7,./TestDatasets/SingleSite/TestData_R1_test.fastq,./TestDatasets/SingleSite/TestData_R2_test.fastq,1.9459101490553132
DI02,H09,CATTCGA,ATGCTAC,H,1.0,42,./TestDatasets/SingleSite/TestData_R1_test.fastq,./TestDatasets/SingleSite/TestData_R2_test.fastq,3.7376696182833684
DI02,H10,GCACAAT,CTCTGAT,*,1.0,4,./TestDatasets/SingleSite/TestData_R1_test.fastq,./TestDatasets/SingleSite/TestData_R2_test.fastq,1.3862943611198906
DI02,H11,GCAGTAA,TCAAGTC,S,1.0,69,./TestDatasets/SingleSite/TestData_R1_test.fastq,./TestDatasets/SingleSite/TestData_R2_test.fastq,4.23410650459726
