Plate,Well,F-BC,R-BC,VariantCombo,AlignmentFrequency,WellSeqDepth,R1,R2
DI03,A02,TACATGG,AACGCGA,STEG,1.0,12,./TestDatasets/DifferentOverlapDegrees/Set1/TestData_R1_test.fastq,./TestDatasets/DifferentOverlapDegrees/Set1/TestData_R2_test.fastq
DI03,A03,AAGCACC,TCATTGC,*ICS,1.0,11,./TestDatasets/DifferentOverlapDegrees/Set1/TestData_R1_test.fastq,./TestDatasets/DifferentOverlapDegrees/Set1/TestData_R2_test.fastq
DI03,A04,TGGCTCA,AGCATCT,GDGI,1.0,6,./TestDatasets/DifferentOverlapDegrees/Set1/TestData_R1_test.fastq,./TestDatasets/DifferentOverlapDegrees/Set1/TestData_R2_test.fastq
DI03,A05,CTTGCTC,TTGGTCT,LPSL,1.0,6,./TestDatasets/DifferentOverlapDegrees/Set1/TestData_R1_test.fastq,./TestDatasets/DifferentOverlapDegrees/Set1/TestData_R2_test.fastq
DI03,A06,GAAGCGT,CAAGGAT,CSRS,1.0,1,./TestDatasets/DifferentOverlapDegrees/Set1/TestData_R1_test.fastq,./TestDatasets/DifferentOverlapDegrees/Set1/TestData_R2_test.fastq
DI03,A07,TCTCCAT,AGACGTC,LEFS,1.0,4,./TestDatasets/DifferentOverlapDegrees/Set1/TestData_R1_test.fastq,./TestDatasets/DifferentOverlapDegrees/Set1/TestData_R2_test.fastq
DI03,A08,TTGAAGG,AGGTCAA,YFSD,1.0,5,./TestDatasets/DifferentOverlapDegrees/Set1/TestData_R1_test.fastq,./TestDatasets/DifferentOverlapDegrees/Set1/TestData_R2_test.fastq
DI03,A10,ATCTCCA,CTCTGAT,CL*H,1.0,5,./TestDatasets/DifferentOverlapDegrees/Set1/TestData_R1_test.fastq,./TestDatasets/DifferentOverlapDegrees/Set1/TestData_R2_test.fastq
DI03,A11,GCGTTAT,TCAAGTC,RDNF,1.0,6,./TestDatasets/DifferentOverlapDegrees/Set1/TestData_R1_test.fastq,./TestDatasets/DifferentOverlapDegrees/Set1/TestData_R2_test.fastq
DI03,A12,TGCACCA,TCGAGCT,NTGP,1.0,11,./TestDatasets/DifferentOverlapDegrees/Set1/TestData_R1_test.fastq,./TestDatasets/DifferentOverlapDegrees/Set1/TestData_R2_test.fastq
DI03,B01,TGCCTAT,ACAGTCT,ALNR,1.0,1,./TestDatasets/DifferentOverlapDegrees/Set1/TestData_R1_test.fastq,./TestDatasets/DifferentOverlapDegrees/Set1/TestData_R2_test.fastq
DI03,B02,AGGAATC,CAGATAC,WAPT,1.0,3,./TestDatasets/DifferentOverlapDegrees/Set1/TestData_R1_test.fastq,./TestDatasets/DifferentOverlapDegrees/Set1/TestData_R2_test.fastq
DI03,B03,TCCACTG,TACGTTC,*TAS,1.0,1,./TestDatasets/DifferentOverlapDegrees/Set1/TestData_R1_test.fastq,./TestDatasets/DifferentOverlapDegrees/Set1/TestData_R2_test.fastq
DI03,B04,TTGTACC,ACGGTTC,A*TA,1.0,7,./TestDatasets/DifferentOverlapDegrees/Set1/TestData_R1_test.fastq,./TestDatasets/DifferentOverlapDegrees/Set1/TestData_R2_test.fastq
DI03,B05,TTCGAGT,CATCGTC,VLLI,1.0,9,./TestDatasets/DifferentOverlapDegrees/Set1/TestData_R1_test.fastq,./TestDatasets/DifferentOverlapDegrees/Set1/TestData_R2_test.fastq
DI03,B06,CTTCAGC,TACGCAT,QDPW,1.0,1,./TestDatasets/DifferentOverlapDegrees/Set1/TestData_R1_test.fastq,./TestDatasets/DifferentOverlapDegrees/Set1/TestData_R2_test.fastq
DI03,B07,CAGTGCA,CTTAGAC,RACL,1.0,4,./TestDatasets/DifferentOverlapDegrees/Set1/TestData_R1_test.fastq,./TestDatasets/DifferentOverlapDegrees/Set1/TestData_R2_test.fastq
DI03,B08,TGCTGTC,AACTGAC,CCF*,1.0,8,./TestDatasets/DifferentOverlapDegrees/Set1/TestData_R1_test.fastq,./TestDatasets/DifferentOverlapDegrees/Set1/TestData_R2_test.fastq
DI03,B09,CGCCATT,ACTTGCA,D*LD,1.0,6,./TestDatasets/DifferentOverlapDegrees/Set1/TestData_R1_test.fastq,./TestDatasets/DifferentOverlapDegrees/Set1/TestData_R2_test.fastq
DI03,B10,GCCATGA,ACGCGAT,RDVH,1.0,7,./TestDatasets/DifferentOverlapDegrees/Set1/TestData_R1_test.fastq,./TestDatasets/DifferentOverlapDegrees/Set1/TestData_R2_test.fastq
DI03,B11,CACAACG,TCGACAC,VIRG,1.0,8,./TestDatasets/DifferentOverlapDegrees/Set1/TestData_R1_test.fastq,./TestDatasets/DifferentOverlapDegrees/Set1/TestData_R2_test.fastq
DI03,B12,CTTCGCT,ACTCAAC,MPNV,1.0,13,./TestDatasets/DifferentOverlapDegrees/Set1/TestData_R1_test.fastq,./TestDatasets/DifferentOverlapDegrees/Set1/TestData_R2_test.fastq
DI03,C02,TTATCGG,ACCAGGT,FIAF,1.0,1,./TestDatasets/DifferentOverlapDegrees/Set1/TestData_R1_test.fastq,./TestDatasets/DifferentOverlapDegrees/Set1/TestData_R2_test.fastq
DI03,C04,ACATGAG,CACACAA,RAGP,1.0,9,./TestDatasets/DifferentOverlapDegrees/Set1/TestData_R1_test.fastq,./TestDatasets/DifferentOverlapDegrees/Set1/TestData_R2_test.fastq
DI03,C05,ACGTACT,GTGGAAC,ISPM,1.0,2,./TestDatasets/DifferentOverlapDegrees/Set1/TestData_R1_test.fastq,./TestDatasets/DifferentOverlapDegrees/Set1/TestData_R2_test.fastq
DI03,C07,GTTGGAG,GGTCTGA,MPV*,1.0,11,./TestDatasets/DifferentOverlapDegrees/Set1/TestData_R1_test.fastq,./TestDatasets/DifferentOverlapDegrees/Set1/TestData_R2_test.fastq
DI03,C08,TGTTCTG,GTGAGAT,DCHS,1.0,3,./TestDatasets/DifferentOverlapDegrees/Set1/TestData_R1_test.fastq,./TestDatasets/DifferentOverlapDegrees/Set1/TestData_R2_test.fastq
DI03,C09,CTTACGT,TTGGCAG,YVCT,1.0,3,./TestDatasets/DifferentOverlapDegrees/Set1/TestData_R1_test.fastq,./TestDatasets/DifferentOverlapDegrees/Set1/TestData_R2_test.fastq
DI03,C11,ATGGACA,TCCGAAG,RLS*,1.0,4,./TestDatasets/DifferentOverlapDegrees/Set1/TestData_R1_test.fastq,./TestDatasets/DifferentOverlapDegrees/Set1/TestData_R2_test.fastq
DI03,C12,ACACTGA,GGCTTAC,YLKT,1.0,7,./TestDatasets/DifferentOverlapDegrees/Set1/TestData_R1_test.fastq,./TestDatasets/DifferentOverlapDegrees/Set1/TestData_R2_test.fastq
DI03,D01,ATCTGTG,AGTTGGC,KL*G,1.0,4,./TestDatasets/DifferentOverlapDegrees/Set1/TestData_R1_test.fastq,./TestDatasets/DifferentOverlapDegrees/Set1/TestData_R2_test.fastq
DI03,D02,AATGTGC,AACGATG,KMIC,1.0,10,./TestDatasets/DifferentOverlapDegrees/Set1/TestData_R1_test.fastq,./TestDatasets/DifferentOverlapDegrees/Set1/TestData_R2_test.fastq
DI03,D03,GAGTTGA,ACTACCG,ECSI,1.0,1,./TestDatasets/DifferentOverlapDegrees/Set1/TestData_R1_test.fastq,./TestDatasets/DifferentOverlapDegrees/Set1/TestData_R2_test.fastq
DI03,D04,TTCTCAC,GGTGTCT,LSAK,1.0,4,./TestDatasets/DifferentOverlapDegrees/Set1/TestData_R1_test.fastq,./TestDatasets/DifferentOverlapDegrees/Set1/TestData_R2_test.fastq
DI03,D05,TGAAGCG,CCAGCTT,GQQP,1.0,11,./TestDatasets/DifferentOverlapDegrees/Set1/TestData_R1_test.fastq,./TestDatasets/DifferentOverlapDegrees/Set1/TestData_R2_test.fastq
DI03,D06,GCTACAA,TTAGACG,PVRL,1.0,3,./TestDatasets/DifferentOverlapDegrees/Set1/TestData_R1_test.fastq,./TestDatasets/DifferentOverlapDegrees/Set1/TestData_R2_test.fastq
DI03,D07,AGAGAAC,ACCATAC,DT*E,1.0,3,./TestDatasets/DifferentOverlapDegrees/Set1/TestData_R1_test.fastq,./TestDatasets/DifferentOverlapDegrees/Set1/TestData_R2_test.fastq
DI03,D09,TTCCGAA,GTCACCT,KT*A,1.0,3,./TestDatasets/DifferentOverlapDegrees/Set1/TestData_R1_test.fastq,./TestDatasets/DifferentOverlapDegrees/Set1/TestData_R2_test.fastq
DI03,D10,GTACGAC,CGTGATG,SRLG,1.0,5,./TestDatasets/DifferentOverlapDegrees/Set1/TestData_R1_test.fastq,./TestDatasets/DifferentOverlapDegrees/Set1/TestData_R2_test.fastq
DI03,D11,ACTCTTG,GCTTCCT,RLIN,1.0,2,./TestDatasets/DifferentOverlapDegrees/Set1/TestData_R1_test.fastq,./TestDatasets/DifferentOverlapDegrees/Set1/TestData_R2_test.fastq
DI03,D12,CCAACCA,TAGACGT,PIYH,1.0,3,./TestDatasets/DifferentOverlapDegrees/Set1/TestData_R1_test.fastq,./TestDatasets/DifferentOverlapDegrees/Set1/TestData_R2_test.fastq
DI03,E01,CTCTAGA,CGGACTT,SPGL,1.0,8,./TestDatasets/DifferentOverlapDegrees/Set1/TestData_R1_test.fastq,./TestDatasets/DifferentOverlapDegrees/Set1/TestData_R2_test.fastq
DI03,E02,AATCGGA,ACCGGAA,VRLP,1.0,7,./TestDatasets/DifferentOverlapDegrees/Set1/TestData_R1_test.fastq,./TestDatasets/DifferentOverlapDegrees/Set1/TestData_R2_test.fastq
DI03,E03,CGTCCTA,CCGAAGT,*LTG,1.0,5,./TestDatasets/DifferentOverlapDegrees/Set1/TestData_R1_test.fastq,./TestDatasets/DifferentOverlapDegrees/Set1/TestData_R2_test.fastq
DI03,E04,GGAATGT,GTTATGG,TLNR,1.0,7,./TestDatasets/DifferentOverlapDegrees/Set1/TestData_R1_test.fastq,./TestDatasets/DifferentOverlapDegrees/Set1/TestData_R2_test.fastq
DI03,E05,TCCAAGC,ATCCTCG,*PCE,1.0,5,./TestDatasets/DifferentOverlapDegrees/Set1/TestData_R1_test.fastq,./TestDatasets/DifferentOverlapDegrees/Set1/TestData_R2_test.fastq
DI03,E06,GCACCTA,CGAATAG,VRHL,1.0,6,./TestDatasets/DifferentOverlapDegrees/Set1/TestData_R1_test.fastq,./TestDatasets/DifferentOverlapDegrees/Set1/TestData_R2_test.fastq
DI03,E07,TTGCGTT,TATCCGG,GADR,1.0,9,./TestDatasets/DifferentOverlapDegrees/Set1/TestData_R1_test.fastq,./TestDatasets/DifferentOverlapDegrees/Set1/TestData_R2_test.fastq
DI03,E08,CAGGATT,AGCAAGA,PFQT,1.0,2,./TestDatasets/DifferentOverlapDegrees/Set1/TestData_R1_test.fastq,./TestDatasets/DifferentOverlapDegrees/Set1/TestData_R2_test.fastq
DI03,E09,CTGCATA,TGTCGAC,SVTC,1.0,5,./TestDatasets/DifferentOverlapDegrees/Set1/TestData_R1_test.fastq,./TestDatasets/DifferentOverlapDegrees/Set1/TestData_R2_test.fastq
DI03,E11,TGCTACT,GCAATCG,VIYT,1.0,5,./TestDatasets/DifferentOverlapDegrees/Set1/TestData_R1_test.fastq,./TestDatasets/DifferentOverlapDegrees/Set1/TestData_R2_test.fastq
DI03,F01,GCATGGT,TAGGAGA,FA*S,1.0,2,./TestDatasets/DifferentOverlapDegrees/Set1/TestData_R1_test.fastq,./TestDatasets/DifferentOverlapDegrees/Set1/TestData_R2_test.fastq
DI03,F02,GTCGTTA,AGTCAGT,IVGT,1.0,3,./TestDatasets/DifferentOverlapDegrees/Set1/TestData_R1_test.fastq,./TestDatasets/DifferentOverlapDegrees/Set1/TestData_R2_test.fastq
DI03,F03,CCTGACA,GTGCTGT,ARFV,1.0,1,./TestDatasets/DifferentOverlapDegrees/Set1/TestData_R1_test.fastq,./TestDatasets/DifferentOverlapDegrees/Set1/TestData_R2_test.fastq
DI03,F04,AGTGTAG,CAACAAC,ATVN,1.0,2,./TestDatasets/DifferentOverlapDegrees/Set1/TestData_R1_test.fastq,./TestDatasets/DifferentOverlapDegrees/Set1/TestData_R2_test.fastq
DI03,F05,CGAGCAA,AATAGCC,PFCA,1.0,5,./TestDatasets/DifferentOverlapDegrees/Set1/TestData_R1_test.fastq,./TestDatasets/DifferentOverlapDegrees/Set1/TestData_R2_test.fastq
DI03,F06,CTACTCC,TCTGTGA,NETQ,1.0,3,./TestDatasets/DifferentOverlapDegrees/Set1/TestData_R1_test.fastq,./TestDatasets/DifferentOverlapDegrees/Set1/TestData_R2_test.fastq
DI03,F07,GATGCCA,TGTGGTA,ETYM,1.0,1,./TestDatasets/DifferentOverlapDegrees/Set1/TestData_R1_test.fastq,./TestDatasets/DifferentOverlapDegrees/Set1/TestData_R2_test.fastq
DI03,F08,GACCGAT,GCGTATG,SKNQ,1.0,6,./TestDatasets/DifferentOverlapDegrees/Set1/TestData_R1_test.fastq,./TestDatasets/DifferentOverlapDegrees/Set1/TestData_R2_test.fastq
DI03,F09,ACGTTGG,AGTTACG,EWPA,1.0,1,./TestDatasets/DifferentOverlapDegrees/Set1/TestData_R1_test.fastq,./TestDatasets/DifferentOverlapDegrees/Set1/TestData_R2_test.fastq
DI03,F10,ATGAGCG,TTCCTGC,LFCG,1.0,1,./TestDatasets/DifferentOverlapDegrees/Set1/TestData_R1_test.fastq,./TestDatasets/DifferentOverlapDegrees/Set1/TestData_R2_test.fastq
DI03,F11,TACTCCG,TATGTCG,LMVQ,1.0,4,./TestDatasets/DifferentOverlapDegrees/Set1/TestData_R1_test.fastq,./TestDatasets/DifferentOverlapDegrees/Set1/TestData_R2_test.fastq
DI03,F12,GATTCAC,GGAGAGA,*GGQ,1.0,2,./TestDatasets/DifferentOverlapDegrees/Set1/TestData_R1_test.fastq,./TestDatasets/DifferentOverlapDegrees/Set1/TestData_R2_test.fastq
DI03,G01,ATGACGC,CCTTAGG,TVLH,1.0,2,./TestDatasets/DifferentOverlapDegrees/Set1/TestData_R1_test.fastq,./TestDatasets/DifferentOverlapDegrees/Set1/TestData_R2_test.fastq
DI03,G02,GGTTGTT,TGTATCC,PGGC,1.0,12,./TestDatasets/DifferentOverlapDegrees/Set1/TestData_R1_test.fastq,./TestDatasets/DifferentOverlapDegrees/Set1/TestData_R2_test.fastq
DI03,G03,GTACTTG,CAACCTG,PNSY,1.0,3,./TestDatasets/DifferentOverlapDegrees/Set1/TestData_R1_test.fastq,./TestDatasets/DifferentOverlapDegrees/Set1/TestData_R2_test.fastq
DI03,G04,TAGCAAG,CTGATGA,HFPD,1.0,1,./TestDatasets/DifferentOverlapDegrees/Set1/TestData_R1_test.fastq,./TestDatasets/DifferentOverlapDegrees/Set1/TestData_R2_test.fastq
DI03,G05,CTGCCAT,AAGACAG,GKS*,1.0,4,./TestDatasets/DifferentOverlapDegrees/Set1/TestData_R1_test.fastq,./TestDatasets/DifferentOverlapDegrees/Set1/TestData_R2_test.fastq
DI03,G06,GAGAACA,AGCTCGT,*VLE,1.0,7,./TestDatasets/DifferentOverlapDegrees/Set1/TestData_R1_test.fastq,./TestDatasets/DifferentOverlapDegrees/Set1/TestData_R2_test.fastq
DI03,G07,GTATAGC,GATTGCG,IFPL,1.0,7,./TestDatasets/DifferentOverlapDegrees/Set1/TestData_R1_test.fastq,./TestDatasets/DifferentOverlapDegrees/Set1/TestData_R2_test.fastq
DI03,G08,TGATGGA,TCCTTCA,SFMY,1.0,9,./TestDatasets/DifferentOverlapDegrees/Set1/TestData_R1_test.fastq,./TestDatasets/DifferentOverlapDegrees/Set1/TestData_R2_test.fastq
DI03,G09,GGCAGTA,TCACAGG,*DTK,1.0,3,./TestDatasets/DifferentOverlapDegrees/Set1/TestData_R1_test.fastq,./TestDatasets/DifferentOverlapDegrees/Set1/TestData_R2_test.fastq
DI03,G10,GAAGAAG,AGAGCTG,EG*E,1.0,2,./TestDatasets/DifferentOverlapDegrees/Set1/TestData_R1_test.fastq,./TestDatasets/DifferentOverlapDegrees/Set1/TestData_R2_test.fastq
DI03,G11,AGCGGTT,CCTCTGT,TAAC,1.0,1,./TestDatasets/DifferentOverlapDegrees/Set1/TestData_R1_test.fastq,./TestDatasets/DifferentOverlapDegrees/Set1/TestData_R2_test.fastq
DI03,G12,TAAGGCC,CCTCGAA,ATR*,1.0,9,./TestDatasets/DifferentOverlapDegrees/Set1/TestData_R1_test.fastq,./TestDatasets/DifferentOverlapDegrees/Set1/TestData_R2_test.fastq
DI03,H01,AACCTGT,GTGTCTC,FPPG,1.0,10,./TestDatasets/DifferentOverlapDegrees/Set1/TestData_R1_test.fastq,./TestDatasets/DifferentOverlapDegrees/Set1/TestData_R2_test.fastq
DI03,H02,AGTACAC,ATTGAGG,ESLV,1.0,10,./TestDatasets/DifferentOverlapDegrees/Set1/TestData_R1_test.fastq,./TestDatasets/DifferentOverlapDegrees/Set1/TestData_R2_test.fastq
DI03,H03,CTCGTAG,GACAATC,SRVD,1.0,6,./TestDatasets/DifferentOverlapDegrees/Set1/TestData_R1_test.fastq,./TestDatasets/DifferentOverlapDegrees/Set1/TestData_R2_test.fastq
DI03,H05,CGATACC,TGAACGC,*LTR,1.0,5,./TestDatasets/DifferentOverlapDegrees/Set1/TestData_R1_test.fastq,./TestDatasets/DifferentOverlapDegrees/Set1/TestData_R2_test.fastq
DI03,H06,TCGGCTA,CGTAGCA,PMNL,1.0,4,./TestDatasets/DifferentOverlapDegrees/Set1/TestData_R1_test.fastq,./TestDatasets/DifferentOverlapDegrees/Set1/TestData_R2_test.fastq
DI03,H08,ATTGCCT,GTACACA,REDP,1.0,3,./TestDatasets/DifferentOverlapDegrees/Set1/TestData_R1_test.fastq,./TestDatasets/DifferentOverlapDegrees/Set1/TestData_R2_test.fastq
DI03,H09,CATTCGA,GATAGGT,VPLL,1.0,7,./TestDatasets/DifferentOverlapDegrees/Set1/TestData_R1_test.fastq,./TestDatasets/DifferentOverlapDegrees/Set1/TestData_R2_test.fastq
DI03,H10,GCACAAT,TAGCCTC,EVHA,1.0,2,./TestDatasets/DifferentOverlapDegrees/Set1/TestData_R1_test.fastq,./TestDatasets/DifferentOverlapDegrees/Set1/TestData_R2_test.fastq
DI03,H11,GCAGTAA,TTCAGCC,MRRV,1.0,5,./TestDatasets/DifferentOverlapDegrees/Set1/TestData_R1_test.fastq,./TestDatasets/DifferentOverlapDegrees/Set1/TestData_R2_test.fastq
DI03,H12,CCTAATC,GGATTCA,NQIL,1.0,3,./TestDatasets/DifferentOverlapDegrees/Set1/TestData_R1_test.fastq,./TestDatasets/DifferentOverlapDegrees/Set1/TestData_R2_test.fastq
