Plate,Well,F-BC,R-BC,VariantCombo,AlignmentFrequency,WellSeqDepth,R1,R2
DI01,A02,TACATGG,ACCAGGT,NRDS,1.0,5,./TestDatasets/DifferentOverlapDegrees/Set2/TestData_R1_test.fastq,./TestDatasets/DifferentOverlapDegrees/Set2/TestData_R2_test.fastq
DI01,A03,AAGCACC,TCTAGAG,LRGD,1.0,5,./TestDatasets/DifferentOverlapDegrees/Set2/TestData_R1_test.fastq,./TestDatasets/DifferentOverlapDegrees/Set2/TestData_R2_test.fastq
DI01,A04,TGGCTCA,CACACAA,LTVC,1.0,9,./TestDatasets/DifferentOverlapDegrees/Set2/TestData_R1_test.fastq,./TestDatasets/DifferentOverlapDegrees/Set2/TestData_R2_test.fastq
DI01,A05,CTTGCTC,GTGGAAC,EGAP,1.0,5,./TestDatasets/DifferentOverlapDegrees/Set2/TestData_R1_test.fastq,./TestDatasets/DifferentOverlapDegrees/Set2/TestData_R2_test.fastq
DI01,A06,GAAGCGT,ATATGCC,VCQT,1.0,1,./TestDatasets/DifferentOverlapDegrees/Set2/TestData_R1_test.fastq,./TestDatasets/DifferentOverlapDegrees/Set2/TestData_R2_test.fastq
DI01,A07,TCTCCAT,GGTCTGA,RWRV,1.0,3,./TestDatasets/DifferentOverlapDegrees/Set2/TestData_R1_test.fastq,./TestDatasets/DifferentOverlapDegrees/Set2/TestData_R2_test.fastq
DI01,A08,TTGAAGG,GTGAGAT,P*R*,1.0,2,./TestDatasets/DifferentOverlapDegrees/Set2/TestData_R1_test.fastq,./TestDatasets/DifferentOverlapDegrees/Set2/TestData_R2_test.fastq
DI01,A10,ATCTCCA,ATGCCTG,NLLH,1.0,1,./TestDatasets/DifferentOverlapDegrees/Set2/TestData_R1_test.fastq,./TestDatasets/DifferentOverlapDegrees/Set2/TestData_R2_test.fastq
DI01,A11,GCGTTAT,TCCGAAG,RPNS,1.0,1,./TestDatasets/DifferentOverlapDegrees/Set2/TestData_R1_test.fastq,./TestDatasets/DifferentOverlapDegrees/Set2/TestData_R2_test.fastq
DI01,A12,TGCACCA,GGCTTAC,KSRR,1.0,2,./TestDatasets/DifferentOverlapDegrees/Set2/TestData_R1_test.fastq,./TestDatasets/DifferentOverlapDegrees/Set2/TestData_R2_test.fastq
DI01,B01,TGCCTAT,AGTTGGC,YLQR,1.0,4,./TestDatasets/DifferentOverlapDegrees/Set2/TestData_R1_test.fastq,./TestDatasets/DifferentOverlapDegrees/Set2/TestData_R2_test.fastq
DI01,B02,AGGAATC,AACGATG,LI*L,1.0,6,./TestDatasets/DifferentOverlapDegrees/Set2/TestData_R1_test.fastq,./TestDatasets/DifferentOverlapDegrees/Set2/TestData_R2_test.fastq
DI01,B04,TTGTACC,GGTGTCT,GIRA,1.0,4,./TestDatasets/DifferentOverlapDegrees/Set2/TestData_R1_test.fastq,./TestDatasets/DifferentOverlapDegrees/Set2/TestData_R2_test.fastq
DI01,B06,CTTCAGC,TTAGACG,RFVD,1.0,4,./TestDatasets/DifferentOverlapDegrees/Set2/TestData_R1_test.fastq,./TestDatasets/DifferentOverlapDegrees/Set2/TestData_R2_test.fastq
DI01,B07,CAGTGCA,ACCATAC,LVNE,1.0,2,./TestDatasets/DifferentOverlapDegrees/Set2/TestData_R1_test.fastq,./TestDatasets/DifferentOverlapDegrees/Set2/TestData_R2_test.fastq
DI01,B08,TGCTGTC,GACGACT,APRC,1.0,1,./TestDatasets/DifferentOverlapDegrees/Set2/TestData_R1_test.fastq,./TestDatasets/DifferentOverlapDegrees/Set2/TestData_R2_test.fastq
DI01,B09,CGCCATT,GTCACCT,GQRK,1.0,2,./TestDatasets/DifferentOverlapDegrees/Set2/TestData_R1_test.fastq,./TestDatasets/DifferentOverlapDegrees/Set2/TestData_R2_test.fastq
DI01,B10,GCCATGA,CGTGATG,PRHV,1.0,6,./TestDatasets/DifferentOverlapDegrees/Set2/TestData_R1_test.fastq,./TestDatasets/DifferentOverlapDegrees/Set2/TestData_R2_test.fastq
DI01,B11,CACAACG,GCTTCCT,SE*R,1.0,1,./TestDatasets/DifferentOverlapDegrees/Set2/TestData_R1_test.fastq,./TestDatasets/DifferentOverlapDegrees/Set2/TestData_R2_test.fastq
DI01,B12,CTTCGCT,TAGACGT,GGVL,1.0,6,./TestDatasets/DifferentOverlapDegrees/Set2/TestData_R1_test.fastq,./TestDatasets/DifferentOverlapDegrees/Set2/TestData_R2_test.fastq
DI01,C02,TTATCGG,ACCGGAA,IPGV,1.0,5,./TestDatasets/DifferentOverlapDegrees/Set2/TestData_R1_test.fastq,./TestDatasets/DifferentOverlapDegrees/Set2/TestData_R2_test.fastq
DI01,C03,AGACCAT,CCGAAGT,DLVV,1.0,4,./TestDatasets/DifferentOverlapDegrees/Set2/TestData_R1_test.fastq,./TestDatasets/DifferentOverlapDegrees/Set2/TestData_R2_test.fastq
DI01,C04,ACATGAG,GTTATGG,DSVT,1.0,3,./TestDatasets/DifferentOverlapDegrees/Set2/TestData_R1_test.fastq,./TestDatasets/DifferentOverlapDegrees/Set2/TestData_R2_test.fastq
DI01,C05,ACGTACT,ATCCTCG,RQRQ,1.0,1,./TestDatasets/DifferentOverlapDegrees/Set2/TestData_R1_test.fastq,./TestDatasets/DifferentOverlapDegrees/Set2/TestData_R2_test.fastq
DI01,C06,CACCTCA,CGAATAG,TNGQ,1.0,2,./TestDatasets/DifferentOverlapDegrees/Set2/TestData_R1_test.fastq,./TestDatasets/DifferentOverlapDegrees/Set2/TestData_R2_test.fastq
DI01,C07,GTTGGAG,TATCCGG,RKDS,1.0,9,./TestDatasets/DifferentOverlapDegrees/Set2/TestData_R1_test.fastq,./TestDatasets/DifferentOverlapDegrees/Set2/TestData_R2_test.fastq
DI01,C08,TGTTCTG,AGCAAGA,CTVP,1.0,3,./TestDatasets/DifferentOverlapDegrees/Set2/TestData_R1_test.fastq,./TestDatasets/DifferentOverlapDegrees/Set2/TestData_R2_test.fastq
DI01,C09,CTTACGT,TGTCGAC,GLTI,1.0,2,./TestDatasets/DifferentOverlapDegrees/Set2/TestData_R1_test.fastq,./TestDatasets/DifferentOverlapDegrees/Set2/TestData_R2_test.fastq
DI01,C11,ATGGACA,GCAATCG,GNCL,1.0,1,./TestDatasets/DifferentOverlapDegrees/Set2/TestData_R1_test.fastq,./TestDatasets/DifferentOverlapDegrees/Set2/TestData_R2_test.fastq
DI01,C12,ACACTGA,TGAGTGG,GIIM,1.0,6,./TestDatasets/DifferentOverlapDegrees/Set2/TestData_R1_test.fastq,./TestDatasets/DifferentOverlapDegrees/Set2/TestData_R2_test.fastq
DI01,D03,GAGTTGA,GTGCTGT,EM*P,1.0,2,./TestDatasets/DifferentOverlapDegrees/Set2/TestData_R1_test.fastq,./TestDatasets/DifferentOverlapDegrees/Set2/TestData_R2_test.fastq
DI01,D04,TTCTCAC,CAACAAC,IEVR,1.0,5,./TestDatasets/DifferentOverlapDegrees/Set2/TestData_R1_test.fastq,./TestDatasets/DifferentOverlapDegrees/Set2/TestData_R2_test.fastq
DI01,D05,TGAAGCG,AATAGCC,QRVA,1.0,3,./TestDatasets/DifferentOverlapDegrees/Set2/TestData_R1_test.fastq,./TestDatasets/DifferentOverlapDegrees/Set2/TestData_R2_test.fastq
DI01,D07,AGAGAAC,TGTGGTA,LLSP,1.0,2,./TestDatasets/DifferentOverlapDegrees/Set2/TestData_R1_test.fastq,./TestDatasets/DifferentOverlapDegrees/Set2/TestData_R2_test.fastq
DI01,D08,CAGAGTG,GCGTATG,RVIL,1.0,1,./TestDatasets/DifferentOverlapDegrees/Set2/TestData_R1_test.fastq,./TestDatasets/DifferentOverlapDegrees/Set2/TestData_R2_test.fastq
DI01,D10,GTACGAC,TTCCTGC,VARC,1.0,6,./TestDatasets/DifferentOverlapDegrees/Set2/TestData_R1_test.fastq,./TestDatasets/DifferentOverlapDegrees/Set2/TestData_R2_test.fastq
DI01,D11,ACTCTTG,TATGTCG,IKLG,1.0,5,./TestDatasets/DifferentOverlapDegrees/Set2/TestData_R1_test.fastq,./TestDatasets/DifferentOverlapDegrees/Set2/TestData_R2_test.fastq
DI01,D12,CCAACCA,GGAGAGA,GHVI,1.0,1,./TestDatasets/DifferentOverlapDegrees/Set2/TestData_R1_test.fastq,./TestDatasets/DifferentOverlapDegrees/Set2/TestData_R2_test.fastq
DI01,E02,AATCGGA,TGTATCC,TGF*,1.0,4,./TestDatasets/DifferentOverlapDegrees/Set2/TestData_R1_test.fastq,./TestDatasets/DifferentOverlapDegrees/Set2/TestData_R2_test.fastq
DI01,E03,CGTCCTA,CAACCTG,QAGF,1.0,2,./TestDatasets/DifferentOverlapDegrees/Set2/TestData_R1_test.fastq,./TestDatasets/DifferentOverlapDegrees/Set2/TestData_R2_test.fastq
DI01,E08,CAGGATT,TCCTTCA,LTRD,1.0,9,./TestDatasets/DifferentOverlapDegrees/Set2/TestData_R1_test.fastq,./TestDatasets/DifferentOverlapDegrees/Set2/TestData_R2_test.fastq
DI01,E09,CTGCATA,TCACAGG,RGPI,1.0,2,./TestDatasets/DifferentOverlapDegrees/Set2/TestData_R1_test.fastq,./TestDatasets/DifferentOverlapDegrees/Set2/TestData_R2_test.fastq
DI01,E10,CGTTGAG,AGAGCTG,EAMC,1.0,4,./TestDatasets/DifferentOverlapDegrees/Set2/TestData_R1_test.fastq,./TestDatasets/DifferentOverlapDegrees/Set2/TestData_R2_test.fastq
DI01,E12,GTGATCC,CCTCGAA,RSNL,1.0,6,./TestDatasets/DifferentOverlapDegrees/Set2/TestData_R1_test.fastq,./TestDatasets/DifferentOverlapDegrees/Set2/TestData_R2_test.fastq
DI01,F01,GCATGGT,GTGTCTC,EIRQ,1.0,4,./TestDatasets/DifferentOverlapDegrees/Set2/TestData_R1_test.fastq,./TestDatasets/DifferentOverlapDegrees/Set2/TestData_R2_test.fastq
DI01,F02,GTCGTTA,ATTGAGG,RCIP,1.0,1,./TestDatasets/DifferentOverlapDegrees/Set2/TestData_R1_test.fastq,./TestDatasets/DifferentOverlapDegrees/Set2/TestData_R2_test.fastq
DI01,F04,AGTGTAG,CACTTGC,MNSL,1.0,5,./TestDatasets/DifferentOverlapDegrees/Set2/TestData_R1_test.fastq,./TestDatasets/DifferentOverlapDegrees/Set2/TestData_R2_test.fastq
DI01,F05,CGAGCAA,TGAACGC,PGDN,1.0,6,./TestDatasets/DifferentOverlapDegrees/Set2/TestData_R1_test.fastq,./TestDatasets/DifferentOverlapDegrees/Set2/TestData_R2_test.fastq
DI01,F07,GATGCCA,AGGTTCC,FYYG,1.0,2,./TestDatasets/DifferentOverlapDegrees/Set2/TestData_R1_test.fastq,./TestDatasets/DifferentOverlapDegrees/Set2/TestData_R2_test.fastq
DI01,F09,ACGTTGG,GATAGGT,TSQS,1.0,5,./TestDatasets/DifferentOverlapDegrees/Set2/TestData_R1_test.fastq,./TestDatasets/DifferentOverlapDegrees/Set2/TestData_R2_test.fastq
DI01,F10,ATGAGCG,TAGCCTC,NGFR,1.0,4,./TestDatasets/DifferentOverlapDegrees/Set2/TestData_R1_test.fastq,./TestDatasets/DifferentOverlapDegrees/Set2/TestData_R2_test.fastq
DI01,F11,TACTCCG,TTCAGCC,ERYS,1.0,1,./TestDatasets/DifferentOverlapDegrees/Set2/TestData_R1_test.fastq,./TestDatasets/DifferentOverlapDegrees/Set2/TestData_R2_test.fastq
DI01,F12,GATTCAC,GGATTCA,SRYG,1.0,5,./TestDatasets/DifferentOverlapDegrees/Set2/TestData_R1_test.fastq,./TestDatasets/DifferentOverlapDegrees/Set2/TestData_R2_test.fastq
DI01,G02,GGTTGTT,AACGCGA,*NCY,1.0,1,./TestDatasets/DifferentOverlapDegrees/Set2/TestData_R1_test.fastq,./TestDatasets/DifferentOverlapDegrees/Set2/TestData_R2_test.fastq
DI01,G03,GTACTTG,TCATTGC,TSIT,1.0,3,./TestDatasets/DifferentOverlapDegrees/Set2/TestData_R1_test.fastq,./TestDatasets/DifferentOverlapDegrees/Set2/TestData_R2_test.fastq
DI01,G04,TAGCAAG,AGCATCT,LQDP,1.0,3,./TestDatasets/DifferentOverlapDegrees/Set2/TestData_R1_test.fastq,./TestDatasets/DifferentOverlapDegrees/Set2/TestData_R2_test.fastq
DI01,G06,GAGAACA,CAAGGAT,*GGA,1.0,3,./TestDatasets/DifferentOverlapDegrees/Set2/TestData_R1_test.fastq,./TestDatasets/DifferentOverlapDegrees/Set2/TestData_R2_test.fastq
DI01,G07,GTATAGC,AGACGTC,YLGA,1.0,3,./TestDatasets/DifferentOverlapDegrees/Set2/TestData_R1_test.fastq,./TestDatasets/DifferentOverlapDegrees/Set2/TestData_R2_test.fastq
DI01,G08,TGATGGA,AGGTCAA,C*VT,1.0,3,./TestDatasets/DifferentOverlapDegrees/Set2/TestData_R1_test.fastq,./TestDatasets/DifferentOverlapDegrees/Set2/TestData_R2_test.fastq
DI01,G09,GGCAGTA,ATGCTAC,LEQL,1.0,2,./TestDatasets/DifferentOverlapDegrees/Set2/TestData_R1_test.fastq,./TestDatasets/DifferentOverlapDegrees/Set2/TestData_R2_test.fastq
DI01,G10,GAAGAAG,CTCTGAT,IPRP,1.0,1,./TestDatasets/DifferentOverlapDegrees/Set2/TestData_R1_test.fastq,./TestDatasets/DifferentOverlapDegrees/Set2/TestData_R2_test.fastq
DI01,G11,AGCGGTT,TCAAGTC,QFKT,1.0,5,./TestDatasets/DifferentOverlapDegrees/Set2/TestData_R1_test.fastq,./TestDatasets/DifferentOverlapDegrees/Set2/TestData_R2_test.fastq
DI01,G12,TAAGGCC,TCGAGCT,LDRA,1.0,7,./TestDatasets/DifferentOverlapDegrees/Set2/TestData_R1_test.fastq,./TestDatasets/DifferentOverlapDegrees/Set2/TestData_R2_test.fastq
DI01,H01,AACCTGT,ACAGTCT,NSQF,1.0,4,./TestDatasets/DifferentOverlapDegrees/Set2/TestData_R1_test.fastq,./TestDatasets/DifferentOverlapDegrees/Set2/TestData_R2_test.fastq
DI01,H02,AGTACAC,CAGATAC,GDVG,1.0,5,./TestDatasets/DifferentOverlapDegrees/Set2/TestData_R1_test.fastq,./TestDatasets/DifferentOverlapDegrees/Set2/TestData_R2_test.fastq
DI01,H03,CTCGTAG,TACGTTC,LSGH,1.0,1,./TestDatasets/DifferentOverlapDegrees/Set2/TestData_R1_test.fastq,./TestDatasets/DifferentOverlapDegrees/Set2/TestData_R2_test.fastq
DI01,H04,CTAGGTG,ACGGTTC,AQVL,1.0,6,./TestDatasets/DifferentOverlapDegrees/Set2/TestData_R1_test.fastq,./TestDatasets/DifferentOverlapDegrees/Set2/TestData_R2_test.fastq
DI01,H05,CGATACC,CATCGTC,RSLE,1.0,3,./TestDatasets/DifferentOverlapDegrees/Set2/TestData_R1_test.fastq,./TestDatasets/DifferentOverlapDegrees/Set2/TestData_R2_test.fastq
DI01,H06,TCGGCTA,TACGCAT,MKRE,1.0,5,./TestDatasets/DifferentOverlapDegrees/Set2/TestData_R1_test.fastq,./TestDatasets/DifferentOverlapDegrees/Set2/TestData_R2_test.fastq
DI01,H07,CGGTTGT,CTTAGAC,SF*G,1.0,2,./TestDatasets/DifferentOverlapDegrees/Set2/TestData_R1_test.fastq,./TestDatasets/DifferentOverlapDegrees/Set2/TestData_R2_test.fastq
DI01,H08,ATTGCCT,AACTGAC,PENR,1.0,1,./TestDatasets/DifferentOverlapDegrees/Set2/TestData_R1_test.fastq,./TestDatasets/DifferentOverlapDegrees/Set2/TestData_R2_test.fastq
DI01,H09,CATTCGA,ACTTGCA,PQDE,1.0,1,./TestDatasets/DifferentOverlapDegrees/Set2/TestData_R1_test.fastq,./TestDatasets/DifferentOverlapDegrees/Set2/TestData_R2_test.fastq
DI01,H10,GCACAAT,ACGCGAT,GCAY,1.0,2,./TestDatasets/DifferentOverlapDegrees/Set2/TestData_R1_test.fastq,./TestDatasets/DifferentOverlapDegrees/Set2/TestData_R2_test.fastq
DI01,H11,GCAGTAA,TCGACAC,YF*E,1.0,2,./TestDatasets/DifferentOverlapDegrees/Set2/TestData_R1_test.fastq,./TestDatasets/DifferentOverlapDegrees/Set2/TestData_R2_test.fastq
DI01,H12,CCTAATC,ACTCAAC,VANS,1.0,3,./TestDatasets/DifferentOverlapDegrees/Set2/TestData_R1_test.fastq,./TestDatasets/DifferentOverlapDegrees/Set2/TestData_R2_test.fastq
