Plate,Well,F-BC,R-BC,VariantCombo,AlignmentFrequency,WellSeqDepth,R1,R2
DI04,A01,GATCATG,GTGTCTC,MPYR,1.0,2,./TestDatasets/DifferentOverlapDegrees/Set2/TestData_R1_test.fastq,./TestDatasets/DifferentOverlapDegrees/Set2/TestData_R2_test.fastq
DI04,A03,AAGCACC,GACAATC,PSLL,1.0,8,./TestDatasets/DifferentOverlapDegrees/Set2/TestData_R1_test.fastq,./TestDatasets/DifferentOverlapDegrees/Set2/TestData_R2_test.fastq
DI04,A04,TGGCTCA,CACTTGC,NPVW,1.0,3,./TestDatasets/DifferentOverlapDegrees/Set2/TestData_R1_test.fastq,./TestDatasets/DifferentOverlapDegrees/Set2/TestData_R2_test.fastq
DI04,A05,CTTGCTC,TGAACGC,MV*N,1.0,2,./TestDatasets/DifferentOverlapDegrees/Set2/TestData_R1_test.fastq,./TestDatasets/DifferentOverlapDegrees/Set2/TestData_R2_test.fastq
DI04,A07,TCTCCAT,AGGTTCC,WEPH,1.0,2,./TestDatasets/DifferentOverlapDegrees/Set2/TestData_R1_test.fastq,./TestDatasets/DifferentOverlapDegrees/Set2/TestData_R2_test.fastq
DI04,A08,TTGAAGG,GTACACA,LPAG,1.0,4,./TestDatasets/DifferentOverlapDegrees/Set2/TestData_R1_test.fastq,./TestDatasets/DifferentOverlapDegrees/Set2/TestData_R2_test.fastq
DI04,A10,ATCTCCA,TAGCCTC,PGVI,1.0,5,./TestDatasets/DifferentOverlapDegrees/Set2/TestData_R1_test.fastq,./TestDatasets/DifferentOverlapDegrees/Set2/TestData_R2_test.fastq
DI04,A11,GCGTTAT,TTCAGCC,HGRM,1.0,4,./TestDatasets/DifferentOverlapDegrees/Set2/TestData_R1_test.fastq,./TestDatasets/DifferentOverlapDegrees/Set2/TestData_R2_test.fastq
DI04,A12,TGCACCA,GGATTCA,VCEG,1.0,1,./TestDatasets/DifferentOverlapDegrees/Set2/TestData_R1_test.fastq,./TestDatasets/DifferentOverlapDegrees/Set2/TestData_R2_test.fastq
DI04,B01,TGCCTAT,TGAGCCT,IGPV,1.0,5,./TestDatasets/DifferentOverlapDegrees/Set2/TestData_R1_test.fastq,./TestDatasets/DifferentOverlapDegrees/Set2/TestData_R2_test.fastq
DI04,B04,TTGTACC,AGCATCT,SEFA,1.0,3,./TestDatasets/DifferentOverlapDegrees/Set2/TestData_R1_test.fastq,./TestDatasets/DifferentOverlapDegrees/Set2/TestData_R2_test.fastq
DI04,B05,TTCGAGT,TTGGTCT,TLIV,1.0,1,./TestDatasets/DifferentOverlapDegrees/Set2/TestData_R1_test.fastq,./TestDatasets/DifferentOverlapDegrees/Set2/TestData_R2_test.fastq
DI04,B06,CTTCAGC,CAAGGAT,MLLR,1.0,5,./TestDatasets/DifferentOverlapDegrees/Set2/TestData_R1_test.fastq,./TestDatasets/DifferentOverlapDegrees/Set2/TestData_R2_test.fastq
DI04,B07,CAGTGCA,AGACGTC,STAL,1.0,4,./TestDatasets/DifferentOverlapDegrees/Set2/TestData_R1_test.fastq,./TestDatasets/DifferentOverlapDegrees/Set2/TestData_R2_test.fastq
DI04,B10,GCCATGA,CTCTGAT,*KRT,1.0,7,./TestDatasets/DifferentOverlapDegrees/Set2/TestData_R1_test.fastq,./TestDatasets/DifferentOverlapDegrees/Set2/TestData_R2_test.fastq
DI04,B11,CACAACG,TCAAGTC,NPVG,1.0,2,./TestDatasets/DifferentOverlapDegrees/Set2/TestData_R1_test.fastq,./TestDatasets/DifferentOverlapDegrees/Set2/TestData_R2_test.fastq
DI04,B12,CTTCGCT,TCGAGCT,RGWV,1.0,7,./TestDatasets/DifferentOverlapDegrees/Set2/TestData_R1_test.fastq,./TestDatasets/DifferentOverlapDegrees/Set2/TestData_R2_test.fastq
DI04,C01,TCGTGAA,ACAGTCT,PRRI,1.0,4,./TestDatasets/DifferentOverlapDegrees/Set2/TestData_R1_test.fastq,./TestDatasets/DifferentOverlapDegrees/Set2/TestData_R2_test.fastq
DI04,C02,TTATCGG,CAGATAC,VLGI,1.0,2,./TestDatasets/DifferentOverlapDegrees/Set2/TestData_R1_test.fastq,./TestDatasets/DifferentOverlapDegrees/Set2/TestData_R2_test.fastq
DI04,C03,AGACCAT,TACGTTC,CILE,1.0,1,./TestDatasets/DifferentOverlapDegrees/Set2/TestData_R1_test.fastq,./TestDatasets/DifferentOverlapDegrees/Set2/TestData_R2_test.fastq
DI04,C04,ACATGAG,ACGGTTC,LRSA,1.0,3,./TestDatasets/DifferentOverlapDegrees/Set2/TestData_R1_test.fastq,./TestDatasets/DifferentOverlapDegrees/Set2/TestData_R2_test.fastq
DI04,C05,ACGTACT,CATCGTC,SRKD,1.0,1,./TestDatasets/DifferentOverlapDegrees/Set2/TestData_R1_test.fastq,./TestDatasets/DifferentOverlapDegrees/Set2/TestData_R2_test.fastq
DI04,C06,CACCTCA,TACGCAT,SRIS,1.0,6,./TestDatasets/DifferentOverlapDegrees/Set2/TestData_R1_test.fastq,./TestDatasets/DifferentOverlapDegrees/Set2/TestData_R2_test.fastq
DI04,C07,GTTGGAG,CTTAGAC,VQRN,1.0,3,./TestDatasets/DifferentOverlapDegrees/Set2/TestData_R1_test.fastq,./TestDatasets/DifferentOverlapDegrees/Set2/TestData_R2_test.fastq
DI04,C09,CTTACGT,ACTTGCA,LALA,1.0,2,./TestDatasets/DifferentOverlapDegrees/Set2/TestData_R1_test.fastq,./TestDatasets/DifferentOverlapDegrees/Set2/TestData_R2_test.fastq
DI04,C11,ATGGACA,TCGACAC,LARD,1.0,6,./TestDatasets/DifferentOverlapDegrees/Set2/TestData_R1_test.fastq,./TestDatasets/DifferentOverlapDegrees/Set2/TestData_R2_test.fastq
DI04,C12,ACACTGA,ACTCAAC,VGAS,1.0,6,./TestDatasets/DifferentOverlapDegrees/Set2/TestData_R1_test.fastq,./TestDatasets/DifferentOverlapDegrees/Set2/TestData_R2_test.fastq
DI04,D01,ATCTGTG,GAACTGC,PSID,1.0,2,./TestDatasets/DifferentOverlapDegrees/Set2/TestData_R1_test.fastq,./TestDatasets/DifferentOverlapDegrees/Set2/TestData_R2_test.fastq
DI04,D02,AATGTGC,ACCAGGT,VYYQ,1.0,5,./TestDatasets/DifferentOverlapDegrees/Set2/TestData_R1_test.fastq,./TestDatasets/DifferentOverlapDegrees/Set2/TestData_R2_test.fastq
DI04,D03,GAGTTGA,TCTAGAG,TLLI,1.0,3,./TestDatasets/DifferentOverlapDegrees/Set2/TestData_R1_test.fastq,./TestDatasets/DifferentOverlapDegrees/Set2/TestData_R2_test.fastq
DI04,D04,TTCTCAC,CACACAA,AHPK,1.0,2,./TestDatasets/DifferentOverlapDegrees/Set2/TestData_R1_test.fastq,./TestDatasets/DifferentOverlapDegrees/Set2/TestData_R2_test.fastq
DI04,D05,TGAAGCG,GTGGAAC,VPQG,1.0,3,./TestDatasets/DifferentOverlapDegrees/Set2/TestData_R1_test.fastq,./TestDatasets/DifferentOverlapDegrees/Set2/TestData_R2_test.fastq
DI04,D06,GCTACAA,ATATGCC,SKEK,1.0,1,./TestDatasets/DifferentOverlapDegrees/Set2/TestData_R1_test.fastq,./TestDatasets/DifferentOverlapDegrees/Set2/TestData_R2_test.fastq
DI04,D07,AGAGAAC,GGTCTGA,NCST,1.0,3,./TestDatasets/DifferentOverlapDegrees/Set2/TestData_R1_test.fastq,./TestDatasets/DifferentOverlapDegrees/Set2/TestData_R2_test.fastq
DI04,D09,TTCCGAA,TTGGCAG,SREV,1.0,1,./TestDatasets/DifferentOverlapDegrees/Set2/TestData_R1_test.fastq,./TestDatasets/DifferentOverlapDegrees/Set2/TestData_R2_test.fastq
DI04,D11,ACTCTTG,TCCGAAG,FVRY,1.0,2,./TestDatasets/DifferentOverlapDegrees/Set2/TestData_R1_test.fastq,./TestDatasets/DifferentOverlapDegrees/Set2/TestData_R2_test.fastq
DI04,D12,CCAACCA,GGCTTAC,ACTT,1.0,1,./TestDatasets/DifferentOverlapDegrees/Set2/TestData_R1_test.fastq,./TestDatasets/DifferentOverlapDegrees/Set2/TestData_R2_test.fastq
DI04,E01,CTCTAGA,AGTTGGC,P*GT,1.0,8,./TestDatasets/DifferentOverlapDegrees/Set2/TestData_R1_test.fastq,./TestDatasets/DifferentOverlapDegrees/Set2/TestData_R2_test.fastq
DI04,E02,AATCGGA,AACGATG,CWRV,1.0,3,./TestDatasets/DifferentOverlapDegrees/Set2/TestData_R1_test.fastq,./TestDatasets/DifferentOverlapDegrees/Set2/TestData_R2_test.fastq
DI04,E03,CGTCCTA,ACTACCG,HAHG,1.0,1,./TestDatasets/DifferentOverlapDegrees/Set2/TestData_R1_test.fastq,./TestDatasets/DifferentOverlapDegrees/Set2/TestData_R2_test.fastq
DI04,E04,GGAATGT,GGTGTCT,RDL*,1.0,2,./TestDatasets/DifferentOverlapDegrees/Set2/TestData_R1_test.fastq,./TestDatasets/DifferentOverlapDegrees/Set2/TestData_R2_test.fastq
DI04,E05,TCCAAGC,CCAGCTT,SNRS,1.0,1,./TestDatasets/DifferentOverlapDegrees/Set2/TestData_R1_test.fastq,./TestDatasets/DifferentOverlapDegrees/Set2/TestData_R2_test.fastq
DI04,E06,GCACCTA,TTAGACG,FGCC,1.0,1,./TestDatasets/DifferentOverlapDegrees/Set2/TestData_R1_test.fastq,./TestDatasets/DifferentOverlapDegrees/Set2/TestData_R2_test.fastq
DI04,E07,TTGCGTT,ACCATAC,SGIY,1.0,7,./TestDatasets/DifferentOverlapDegrees/Set2/TestData_R1_test.fastq,./TestDatasets/DifferentOverlapDegrees/Set2/TestData_R2_test.fastq
DI04,E08,CAGGATT,GACGACT,*NLK,1.0,1,./TestDatasets/DifferentOverlapDegrees/Set2/TestData_R1_test.fastq,./TestDatasets/DifferentOverlapDegrees/Set2/TestData_R2_test.fastq
DI04,E09,CTGCATA,GTCACCT,GQVP,1.0,1,./TestDatasets/DifferentOverlapDegrees/Set2/TestData_R1_test.fastq,./TestDatasets/DifferentOverlapDegrees/Set2/TestData_R2_test.fastq
DI04,E10,CGTTGAG,CGTGATG,LSYF,1.0,2,./TestDatasets/DifferentOverlapDegrees/Set2/TestData_R1_test.fastq,./TestDatasets/DifferentOverlapDegrees/Set2/TestData_R2_test.fastq
DI04,E11,TGCTACT,GCTTCCT,TRDI,1.0,1,./TestDatasets/DifferentOverlapDegrees/Set2/TestData_R1_test.fastq,./TestDatasets/DifferentOverlapDegrees/Set2/TestData_R2_test.fastq
DI04,E12,GTGATCC,TAGACGT,KEAL,1.0,1,./TestDatasets/DifferentOverlapDegrees/Set2/TestData_R1_test.fastq,./TestDatasets/DifferentOverlapDegrees/Set2/TestData_R2_test.fastq
DI04,F01,GCATGGT,CGGACTT,CQPA,1.0,3,./TestDatasets/DifferentOverlapDegrees/Set2/TestData_R1_test.fastq,./TestDatasets/DifferentOverlapDegrees/Set2/TestData_R2_test.fastq
DI04,F02,GTCGTTA,ACCGGAA,LAVA,1.0,3,./TestDatasets/DifferentOverlapDegrees/Set2/TestData_R1_test.fastq,./TestDatasets/DifferentOverlapDegrees/Set2/TestData_R2_test.fastq
DI04,F03,CCTGACA,CCGAAGT,YLST,1.0,6,./TestDatasets/DifferentOverlapDegrees/Set2/TestData_R1_test.fastq,./TestDatasets/DifferentOverlapDegrees/Set2/TestData_R2_test.fastq
DI04,F04,AGTGTAG,GTTATGG,*PCS,1.0,4,./TestDatasets/DifferentOverlapDegrees/Set2/TestData_R1_test.fastq,./TestDatasets/DifferentOverlapDegrees/Set2/TestData_R2_test.fastq
DI04,F05,CGAGCAA,ATCCTCG,HSLP,1.0,3,./TestDatasets/DifferentOverlapDegrees/Set2/TestData_R1_test.fastq,./TestDatasets/DifferentOverlapDegrees/Set2/TestData_R2_test.fastq
DI04,F07,GATGCCA,TATCCGG,YQVR,1.0,4,./TestDatasets/DifferentOverlapDegrees/Set2/TestData_R1_test.fastq,./TestDatasets/DifferentOverlapDegrees/Set2/TestData_R2_test.fastq
DI04,F09,ACGTTGG,TGTCGAC,*SLS,1.0,5,./TestDatasets/DifferentOverlapDegrees/Set2/TestData_R1_test.fastq,./TestDatasets/DifferentOverlapDegrees/Set2/TestData_R2_test.fastq
DI04,F10,ATGAGCG,TTCCATG,NGLS,1.0,5,./TestDatasets/DifferentOverlapDegrees/Set2/TestData_R1_test.fastq,./TestDatasets/DifferentOverlapDegrees/Set2/TestData_R2_test.fastq
DI04,F11,TACTCCG,GCAATCG,SFGG,1.0,2,./TestDatasets/DifferentOverlapDegrees/Set2/TestData_R1_test.fastq,./TestDatasets/DifferentOverlapDegrees/Set2/TestData_R2_test.fastq
DI04,F12,GATTCAC,TGAGTGG,IVLP,1.0,7,./TestDatasets/DifferentOverlapDegrees/Set2/TestData_R1_test.fastq,./TestDatasets/DifferentOverlapDegrees/Set2/TestData_R2_test.fastq
DI04,G03,GTACTTG,GTGCTGT,MLRC,1.0,3,./TestDatasets/DifferentOverlapDegrees/Set2/TestData_R1_test.fastq,./TestDatasets/DifferentOverlapDegrees/Set2/TestData_R2_test.fastq
DI04,G04,TAGCAAG,CAACAAC,GK*S,1.0,4,./TestDatasets/DifferentOverlapDegrees/Set2/TestData_R1_test.fastq,./TestDatasets/DifferentOverlapDegrees/Set2/TestData_R2_test.fastq
DI04,G05,CTGCCAT,AATAGCC,INML,1.0,2,./TestDatasets/DifferentOverlapDegrees/Set2/TestData_R1_test.fastq,./TestDatasets/DifferentOverlapDegrees/Set2/TestData_R2_test.fastq
DI04,G07,GTATAGC,TGTGGTA,SLWF,1.0,7,./TestDatasets/DifferentOverlapDegrees/Set2/TestData_R1_test.fastq,./TestDatasets/DifferentOverlapDegrees/Set2/TestData_R2_test.fastq
DI04,G08,TGATGGA,GCGTATG,FI*T,1.0,7,./TestDatasets/DifferentOverlapDegrees/Set2/TestData_R1_test.fastq,./TestDatasets/DifferentOverlapDegrees/Set2/TestData_R2_test.fastq
DI04,G10,GAAGAAG,TTCCTGC,GRA*,1.0,5,./TestDatasets/DifferentOverlapDegrees/Set2/TestData_R1_test.fastq,./TestDatasets/DifferentOverlapDegrees/Set2/TestData_R2_test.fastq
DI04,G11,AGCGGTT,TATGTCG,IGCS,1.0,1,./TestDatasets/DifferentOverlapDegrees/Set2/TestData_R1_test.fastq,./TestDatasets/DifferentOverlapDegrees/Set2/TestData_R2_test.fastq
DI04,H01,AACCTGT,CCTTAGG,*SIS,1.0,2,./TestDatasets/DifferentOverlapDegrees/Set2/TestData_R1_test.fastq,./TestDatasets/DifferentOverlapDegrees/Set2/TestData_R2_test.fastq
DI04,H02,AGTACAC,TGTATCC,QRER,1.0,5,./TestDatasets/DifferentOverlapDegrees/Set2/TestData_R1_test.fastq,./TestDatasets/DifferentOverlapDegrees/Set2/TestData_R2_test.fastq
DI04,H04,CTAGGTG,CTGATGA,SHVG,1.0,6,./TestDatasets/DifferentOverlapDegrees/Set2/TestData_R1_test.fastq,./TestDatasets/DifferentOverlapDegrees/Set2/TestData_R2_test.fastq
DI04,H05,CGATACC,AAGACAG,PHS*,1.0,3,./TestDatasets/DifferentOverlapDegrees/Set2/TestData_R1_test.fastq,./TestDatasets/DifferentOverlapDegrees/Set2/TestData_R2_test.fastq
DI04,H06,TCGGCTA,AGCTCGT,PKHQ,1.0,4,./TestDatasets/DifferentOverlapDegrees/Set2/TestData_R1_test.fastq,./TestDatasets/DifferentOverlapDegrees/Set2/TestData_R2_test.fastq
DI04,H09,CATTCGA,TCACAGG,VTLC,1.0,5,./TestDatasets/DifferentOverlapDegrees/Set2/TestData_R1_test.fastq,./TestDatasets/DifferentOverlapDegrees/Set2/TestData_R2_test.fastq
DI04,H10,GCACAAT,AGAGCTG,GLGF,1.0,7,./TestDatasets/DifferentOverlapDegrees/Set2/TestData_R1_test.fastq,./TestDatasets/DifferentOverlapDegrees/Set2/TestData_R2_test.fastq
DI04,H11,GCAGTAA,CCTCTGT,SF*P,1.0,2,./TestDatasets/DifferentOverlapDegrees/Set2/TestData_R1_test.fastq,./TestDatasets/DifferentOverlapDegrees/Set2/TestData_R2_test.fastq
DI04,H12,CCTAATC,CCTCGAA,RTSS,1.0,3,./TestDatasets/DifferentOverlapDegrees/Set2/TestData_R1_test.fastq,./TestDatasets/DifferentOverlapDegrees/Set2/TestData_R2_test.fastq
