Plate,Well,F-BC,R-BC,VariantCombo,AlignmentFrequency,WellSeqDepth,R1,R2
DI02,A01,GATCATG,ACAGTCT,GDYI,1.0,2,./TestDatasets/DifferentOverlapDegrees/Set2/TestData_R1_test.fastq,./TestDatasets/DifferentOverlapDegrees/Set2/TestData_R2_test.fastq
DI02,A05,CTTGCTC,CATCGTC,DANA,1.0,4,./TestDatasets/DifferentOverlapDegrees/Set2/TestData_R1_test.fastq,./TestDatasets/DifferentOverlapDegrees/Set2/TestData_R2_test.fastq
DI02,A06,GAAGCGT,TACGCAT,MASK,1.0,4,./TestDatasets/DifferentOverlapDegrees/Set2/TestData_R1_test.fastq,./TestDatasets/DifferentOverlapDegrees/Set2/TestData_R2_test.fastq
DI02,A07,TCTCCAT,CTTAGAC,P*LS,1.0,5,./TestDatasets/DifferentOverlapDegrees/Set2/TestData_R1_test.fastq,./TestDatasets/DifferentOverlapDegrees/Set2/TestData_R2_test.fastq
DI02,A08,TTGAAGG,AACTGAC,YRGD,1.0,2,./TestDatasets/DifferentOverlapDegrees/Set2/TestData_R1_test.fastq,./TestDatasets/DifferentOverlapDegrees/Set2/TestData_R2_test.fastq
DI02,A10,ATCTCCA,ACGCGAT,SFAV,1.0,2,./TestDatasets/DifferentOverlapDegrees/Set2/TestData_R1_test.fastq,./TestDatasets/DifferentOverlapDegrees/Set2/TestData_R2_test.fastq
DI02,A11,GCGTTAT,TCGACAC,WINM,1.0,1,./TestDatasets/DifferentOverlapDegrees/Set2/TestData_R1_test.fastq,./TestDatasets/DifferentOverlapDegrees/Set2/TestData_R2_test.fastq
DI02,B02,AGGAATC,ACCAGGT,VL*R,1.0,2,./TestDatasets/DifferentOverlapDegrees/Set2/TestData_R1_test.fastq,./TestDatasets/DifferentOverlapDegrees/Set2/TestData_R2_test.fastq
DI02,B03,TCCACTG,TCTAGAG,DHPY,1.0,3,./TestDatasets/DifferentOverlapDegrees/Set2/TestData_R1_test.fastq,./TestDatasets/DifferentOverlapDegrees/Set2/TestData_R2_test.fastq
DI02,B04,TTGTACC,CACACAA,QTDQ,1.0,2,./TestDatasets/DifferentOverlapDegrees/Set2/TestData_R1_test.fastq,./TestDatasets/DifferentOverlapDegrees/Set2/TestData_R2_test.fastq
DI02,B05,TTCGAGT,GTGGAAC,CVDT,1.0,6,./TestDatasets/DifferentOverlapDegrees/Set2/TestData_R1_test.fastq,./TestDatasets/DifferentOverlapDegrees/Set2/TestData_R2_test.fastq
DI02,B06,CTTCAGC,ATATGCC,VGTL,1.0,6,./TestDatasets/DifferentOverlapDegrees/Set2/TestData_R1_test.fastq,./TestDatasets/DifferentOverlapDegrees/Set2/TestData_R2_test.fastq
DI02,B07,CAGTGCA,GGTCTGA,ENVD,1.0,3,./TestDatasets/DifferentOverlapDegrees/Set2/TestData_R1_test.fastq,./TestDatasets/DifferentOverlapDegrees/Set2/TestData_R2_test.fastq
DI02,B08,TGCTGTC,GTGAGAT,SLDS,1.0,2,./TestDatasets/DifferentOverlapDegrees/Set2/TestData_R1_test.fastq,./TestDatasets/DifferentOverlapDegrees/Set2/TestData_R2_test.fastq
DI02,B09,CGCCATT,TTGGCAG,DA*R,1.0,2,./TestDatasets/DifferentOverlapDegrees/Set2/TestData_R1_test.fastq,./TestDatasets/DifferentOverlapDegrees/Set2/TestData_R2_test.fastq
DI02,B10,GCCATGA,ATGCCTG,TVSL,1.0,10,./TestDatasets/DifferentOverlapDegrees/Set2/TestData_R1_test.fastq,./TestDatasets/DifferentOverlapDegrees/Set2/TestData_R2_test.fastq
DI02,B11,CACAACG,TCCGAAG,CRHL,1.0,5,./TestDatasets/DifferentOverlapDegrees/Set2/TestData_R1_test.fastq,./TestDatasets/DifferentOverlapDegrees/Set2/TestData_R2_test.fastq
DI02,C01,TCGTGAA,AGTTGGC,KDMS,1.0,11,./TestDatasets/DifferentOverlapDegrees/Set2/TestData_R1_test.fastq,./TestDatasets/DifferentOverlapDegrees/Set2/TestData_R2_test.fastq
DI02,C02,TTATCGG,AACGATG,S*TL,1.0,1,./TestDatasets/DifferentOverlapDegrees/Set2/TestData_R1_test.fastq,./TestDatasets/DifferentOverlapDegrees/Set2/TestData_R2_test.fastq
DI02,C03,AGACCAT,ACTACCG,TAFT,1.0,4,./TestDatasets/DifferentOverlapDegrees/Set2/TestData_R1_test.fastq,./TestDatasets/DifferentOverlapDegrees/Set2/TestData_R2_test.fastq
DI02,C04,ACATGAG,GGTGTCT,LGRL,1.0,7,./TestDatasets/DifferentOverlapDegrees/Set2/TestData_R1_test.fastq,./TestDatasets/DifferentOverlapDegrees/Set2/TestData_R2_test.fastq
DI02,C06,CACCTCA,TTAGACG,GV*Y,1.0,1,./TestDatasets/DifferentOverlapDegrees/Set2/TestData_R1_test.fastq,./TestDatasets/DifferentOverlapDegrees/Set2/TestData_R2_test.fastq
DI02,C07,GTTGGAG,ACCATAC,GYLT,1.0,1,./TestDatasets/DifferentOverlapDegrees/Set2/TestData_R1_test.fastq,./TestDatasets/DifferentOverlapDegrees/Set2/TestData_R2_test.fastq
DI02,C08,TGTTCTG,GACGACT,*RRP,1.0,4,./TestDatasets/DifferentOverlapDegrees/Set2/TestData_R1_test.fastq,./TestDatasets/DifferentOverlapDegrees/Set2/TestData_R2_test.fastq
DI02,C10,GAGGTTG,CGTGATG,PHCA,1.0,1,./TestDatasets/DifferentOverlapDegrees/Set2/TestData_R1_test.fastq,./TestDatasets/DifferentOverlapDegrees/Set2/TestData_R2_test.fastq
DI02,C11,ATGGACA,GCTTCCT,YDVS,1.0,4,./TestDatasets/DifferentOverlapDegrees/Set2/TestData_R1_test.fastq,./TestDatasets/DifferentOverlapDegrees/Set2/TestData_R2_test.fastq
DI02,C12,ACACTGA,TAGACGT,S*EP,1.0,5,./TestDatasets/DifferentOverlapDegrees/Set2/TestData_R1_test.fastq,./TestDatasets/DifferentOverlapDegrees/Set2/TestData_R2_test.fastq
DI02,D01,ATCTGTG,CGGACTT,ILNY,1.0,5,./TestDatasets/DifferentOverlapDegrees/Set2/TestData_R1_test.fastq,./TestDatasets/DifferentOverlapDegrees/Set2/TestData_R2_test.fastq
DI02,D02,AATGTGC,ACCGGAA,*GPL,1.0,2,./TestDatasets/DifferentOverlapDegrees/Set2/TestData_R1_test.fastq,./TestDatasets/DifferentOverlapDegrees/Set2/TestData_R2_test.fastq
DI02,D03,GAGTTGA,CCGAAGT,*FAP,1.0,3,./TestDatasets/DifferentOverlapDegrees/Set2/TestData_R1_test.fastq,./TestDatasets/DifferentOverlapDegrees/Set2/TestData_R2_test.fastq
DI02,D04,TTCTCAC,GTTATGG,HGQW,1.0,5,./TestDatasets/DifferentOverlapDegrees/Set2/TestData_R1_test.fastq,./TestDatasets/DifferentOverlapDegrees/Set2/TestData_R2_test.fastq
DI02,D05,TGAAGCG,ATCCTCG,YTKN,1.0,4,./TestDatasets/DifferentOverlapDegrees/Set2/TestData_R1_test.fastq,./TestDatasets/DifferentOverlapDegrees/Set2/TestData_R2_test.fastq
DI02,D06,GCTACAA,CGAATAG,NF*H,1.0,2,./TestDatasets/DifferentOverlapDegrees/Set2/TestData_R1_test.fastq,./TestDatasets/DifferentOverlapDegrees/Set2/TestData_R2_test.fastq
DI02,D07,AGAGAAC,TATCCGG,*AS*,1.0,3,./TestDatasets/DifferentOverlapDegrees/Set2/TestData_R1_test.fastq,./TestDatasets/DifferentOverlapDegrees/Set2/TestData_R2_test.fastq
DI02,D08,CAGAGTG,AGCAAGA,GNTP,1.0,6,./TestDatasets/DifferentOverlapDegrees/Set2/TestData_R1_test.fastq,./TestDatasets/DifferentOverlapDegrees/Set2/TestData_R2_test.fastq
DI02,D09,TTCCGAA,TGTCGAC,DWPL,1.0,4,./TestDatasets/DifferentOverlapDegrees/Set2/TestData_R1_test.fastq,./TestDatasets/DifferentOverlapDegrees/Set2/TestData_R2_test.fastq
DI02,D10,GTACGAC,TTCCATG,QGVN,1.0,5,./TestDatasets/DifferentOverlapDegrees/Set2/TestData_R1_test.fastq,./TestDatasets/DifferentOverlapDegrees/Set2/TestData_R2_test.fastq
DI02,D11,ACTCTTG,GCAATCG,ATRE,1.0,7,./TestDatasets/DifferentOverlapDegrees/Set2/TestData_R1_test.fastq,./TestDatasets/DifferentOverlapDegrees/Set2/TestData_R2_test.fastq
DI02,D12,CCAACCA,TGAGTGG,VTMN,1.0,1,./TestDatasets/DifferentOverlapDegrees/Set2/TestData_R1_test.fastq,./TestDatasets/DifferentOverlapDegrees/Set2/TestData_R2_test.fastq
DI02,E01,CTCTAGA,TAGGAGA,RCGS,1.0,1,./TestDatasets/DifferentOverlapDegrees/Set2/TestData_R1_test.fastq,./TestDatasets/DifferentOverlapDegrees/Set2/TestData_R2_test.fastq
DI02,E02,AATCGGA,AGTCAGT,SPRS,1.0,3,./TestDatasets/DifferentOverlapDegrees/Set2/TestData_R1_test.fastq,./TestDatasets/DifferentOverlapDegrees/Set2/TestData_R2_test.fastq
DI02,E04,GGAATGT,CAACAAC,KGRY,1.0,1,./TestDatasets/DifferentOverlapDegrees/Set2/TestData_R1_test.fastq,./TestDatasets/DifferentOverlapDegrees/Set2/TestData_R2_test.fastq
DI02,E05,TCCAAGC,AATAGCC,QSYH,1.0,2,./TestDatasets/DifferentOverlapDegrees/Set2/TestData_R1_test.fastq,./TestDatasets/DifferentOverlapDegrees/Set2/TestData_R2_test.fastq
DI02,E06,GCACCTA,TCTGTGA,ASRA,1.0,4,./TestDatasets/DifferentOverlapDegrees/Set2/TestData_R1_test.fastq,./TestDatasets/DifferentOverlapDegrees/Set2/TestData_R2_test.fastq
DI02,E07,TTGCGTT,TGTGGTA,REPL,1.0,4,./TestDatasets/DifferentOverlapDegrees/Set2/TestData_R1_test.fastq,./TestDatasets/DifferentOverlapDegrees/Set2/TestData_R2_test.fastq
DI02,E08,CAGGATT,GCGTATG,CPSR,1.0,4,./TestDatasets/DifferentOverlapDegrees/Set2/TestData_R1_test.fastq,./TestDatasets/DifferentOverlapDegrees/Set2/TestData_R2_test.fastq
DI02,E11,TGCTACT,TATGTCG,SPKY,1.0,7,./TestDatasets/DifferentOverlapDegrees/Set2/TestData_R1_test.fastq,./TestDatasets/DifferentOverlapDegrees/Set2/TestData_R2_test.fastq
DI02,E12,GTGATCC,GGAGAGA,VIRC,1.0,5,./TestDatasets/DifferentOverlapDegrees/Set2/TestData_R1_test.fastq,./TestDatasets/DifferentOverlapDegrees/Set2/TestData_R2_test.fastq
DI02,F02,GTCGTTA,TGTATCC,ARCT,1.0,1,./TestDatasets/DifferentOverlapDegrees/Set2/TestData_R1_test.fastq,./TestDatasets/DifferentOverlapDegrees/Set2/TestData_R2_test.fastq
DI02,F03,CCTGACA,CAACCTG,TTGF,1.0,6,./TestDatasets/DifferentOverlapDegrees/Set2/TestData_R1_test.fastq,./TestDatasets/DifferentOverlapDegrees/Set2/TestData_R2_test.fastq
DI02,F04,AGTGTAG,CTGATGA,E*L*,1.0,10,./TestDatasets/DifferentOverlapDegrees/Set2/TestData_R1_test.fastq,./TestDatasets/DifferentOverlapDegrees/Set2/TestData_R2_test.fastq
DI02,F05,CGAGCAA,AAGACAG,ACTG,1.0,1,./TestDatasets/DifferentOverlapDegrees/Set2/TestData_R1_test.fastq,./TestDatasets/DifferentOverlapDegrees/Set2/TestData_R2_test.fastq
DI02,F06,CTACTCC,AGCTCGT,P*AT,1.0,5,./TestDatasets/DifferentOverlapDegrees/Set2/TestData_R1_test.fastq,./TestDatasets/DifferentOverlapDegrees/Set2/TestData_R2_test.fastq
DI02,F07,GATGCCA,GATTGCG,AWKF,1.0,3,./TestDatasets/DifferentOverlapDegrees/Set2/TestData_R1_test.fastq,./TestDatasets/DifferentOverlapDegrees/Set2/TestData_R2_test.fastq
DI02,F08,GACCGAT,TCCTTCA,IQRM,1.0,8,./TestDatasets/DifferentOverlapDegrees/Set2/TestData_R1_test.fastq,./TestDatasets/DifferentOverlapDegrees/Set2/TestData_R2_test.fastq
DI02,F09,ACGTTGG,TCACAGG,LRAC,1.0,1,./TestDatasets/DifferentOverlapDegrees/Set2/TestData_R1_test.fastq,./TestDatasets/DifferentOverlapDegrees/Set2/TestData_R2_test.fastq
DI02,F11,TACTCCG,CCTCTGT,FTQK,1.0,4,./TestDatasets/DifferentOverlapDegrees/Set2/TestData_R1_test.fastq,./TestDatasets/DifferentOverlapDegrees/Set2/TestData_R2_test.fastq
DI02,F12,GATTCAC,CCTCGAA,FKLE,1.0,1,./TestDatasets/DifferentOverlapDegrees/Set2/TestData_R1_test.fastq,./TestDatasets/DifferentOverlapDegrees/Set2/TestData_R2_test.fastq
DI02,G02,GGTTGTT,ATTGAGG,TQST,1.0,2,./TestDatasets/DifferentOverlapDegrees/Set2/TestData_R1_test.fastq,./TestDatasets/DifferentOverlapDegrees/Set2/TestData_R2_test.fastq
DI02,G04,TAGCAAG,CACTTGC,KLPR,1.0,7,./TestDatasets/DifferentOverlapDegrees/Set2/TestData_R1_test.fastq,./TestDatasets/DifferentOverlapDegrees/Set2/TestData_R2_test.fastq
DI02,G05,CTGCCAT,TGAACGC,*LSP,1.0,5,./TestDatasets/DifferentOverlapDegrees/Set2/TestData_R1_test.fastq,./TestDatasets/DifferentOverlapDegrees/Set2/TestData_R2_test.fastq
DI02,G06,GAGAACA,CGTAGCA,LALH,1.0,4,./TestDatasets/DifferentOverlapDegrees/Set2/TestData_R1_test.fastq,./TestDatasets/DifferentOverlapDegrees/Set2/TestData_R2_test.fastq
DI02,G08,TGATGGA,GTACACA,*SEL,1.0,5,./TestDatasets/DifferentOverlapDegrees/Set2/TestData_R1_test.fastq,./TestDatasets/DifferentOverlapDegrees/Set2/TestData_R2_test.fastq
DI02,G09,GGCAGTA,GATAGGT,WFVG,1.0,5,./TestDatasets/DifferentOverlapDegrees/Set2/TestData_R1_test.fastq,./TestDatasets/DifferentOverlapDegrees/Set2/TestData_R2_test.fastq
DI02,G11,AGCGGTT,TTCAGCC,R*DL,1.0,1,./TestDatasets/DifferentOverlapDegrees/Set2/TestData_R1_test.fastq,./TestDatasets/DifferentOverlapDegrees/Set2/TestData_R2_test.fastq
DI02,H01,AACCTGT,TGAGCCT,RAA*,1.0,4,./TestDatasets/DifferentOverlapDegrees/Set2/TestData_R1_test.fastq,./TestDatasets/DifferentOverlapDegrees/Set2/TestData_R2_test.fastq
DI02,H02,AGTACAC,AACGCGA,GLTQ,1.0,2,./TestDatasets/DifferentOverlapDegrees/Set2/TestData_R1_test.fastq,./TestDatasets/DifferentOverlapDegrees/Set2/TestData_R2_test.fastq
DI02,H04,CTAGGTG,AGCATCT,HFST,1.0,2,./TestDatasets/DifferentOverlapDegrees/Set2/TestData_R1_test.fastq,./TestDatasets/DifferentOverlapDegrees/Set2/TestData_R2_test.fastq
DI02,H05,CGATACC,TTGGTCT,KASA,1.0,1,./TestDatasets/DifferentOverlapDegrees/Set2/TestData_R1_test.fastq,./TestDatasets/DifferentOverlapDegrees/Set2/TestData_R2_test.fastq
DI02,H06,TCGGCTA,CAAGGAT,QAWA,1.0,2,./TestDatasets/DifferentOverlapDegrees/Set2/TestData_R1_test.fastq,./TestDatasets/DifferentOverlapDegrees/Set2/TestData_R2_test.fastq
DI02,H07,CGGTTGT,AGACGTC,RKLI,1.0,3,./TestDatasets/DifferentOverlapDegrees/Set2/TestData_R1_test.fastq,./TestDatasets/DifferentOverlapDegrees/Set2/TestData_R2_test.fastq
DI02,H09,CATTCGA,ATGCTAC,WMPP,1.0,4,./TestDatasets/DifferentOverlapDegrees/Set2/TestData_R1_test.fastq,./TestDatasets/DifferentOverlapDegrees/Set2/TestData_R2_test.fastq
DI02,H11,GCAGTAA,TCAAGTC,DLIA,1.0,2,./TestDatasets/DifferentOverlapDegrees/Set2/TestData_R1_test.fastq,./TestDatasets/DifferentOverlapDegrees/Set2/TestData_R2_test.fastq
