Plate,Well,F-BC,R-BC,VariantCombo,AlignmentFrequency,WellSeqDepth,R1,R2,logseqdepth
DI03,A01,GATCATG,TGAGCCT,STRI,1.0,4,./TestDatasets/DifferentOverlapDegrees/Set2/TestData_R1_test.fastq,./TestDatasets/DifferentOverlapDegrees/Set2/TestData_R2_test.fastq,1.3862943611198906
DI03,A02,TACATGG,AACGCGA,SVSD,1.0,2,./TestDatasets/DifferentOverlapDegrees/Set2/TestData_R1_test.fastq,./TestDatasets/DifferentOverlapDegrees/Set2/TestData_R2_test.fastq,0.6931471805599453
DI03,A03,AAGCACC,TCATTGC,G*RE,1.0,3,./TestDatasets/DifferentOverlapDegrees/Set2/TestData_R1_test.fastq,./TestDatasets/DifferentOverlapDegrees/Set2/TestData_R2_test.fastq,1.0986122886681098
DI03,A04,TGGCTCA,AGCATCT,F*MV,1.0,1,./TestDatasets/DifferentOverlapDegrees/Set2/TestData_R1_test.fastq,./TestDatasets/DifferentOverlapDegrees/Set2/TestData_R2_test.fastq,0.0
DI03,A05,CTTGCTC,TTGGTCT,GSGK,1.0,5,./TestDatasets/DifferentOverlapDegrees/Set2/TestData_R1_test.fastq,./TestDatasets/DifferentOverlapDegrees/Set2/TestData_R2_test.fastq,1.6094379124341003
DI03,A06,GAAGCGT,CAAGGAT,RVYL,1.0,3,./TestDatasets/DifferentOverlapDegrees/Set2/TestData_R1_test.fastq,./TestDatasets/DifferentOverlapDegrees/Set2/TestData_R2_test.fastq,1.0986122886681098
DI03,A07,TCTCCAT,AGACGTC,NGGP,1.0,2,./TestDatasets/DifferentOverlapDegrees/Set2/TestData_R1_test.fastq,./TestDatasets/DifferentOverlapDegrees/Set2/TestData_R2_test.fastq,0.6931471805599453
DI03,A09,GAATGTC,ATGCTAC,PNYE,1.0,1,./TestDatasets/DifferentOverlapDegrees/Set2/TestData_R1_test.fastq,./TestDatasets/DifferentOverlapDegrees/Set2/TestData_R2_test.fastq,0.0
DI03,A10,ATCTCCA,CTCTGAT,RGHG,1.0,1,./TestDatasets/DifferentOverlapDegrees/Set2/TestData_R1_test.fastq,./TestDatasets/DifferentOverlapDegrees/Set2/TestData_R2_test.fastq,0.0
DI03,A11,GCGTTAT,TCAAGTC,ESVV,1.0,3,./TestDatasets/DifferentOverlapDegrees/Set2/TestData_R1_test.fastq,./TestDatasets/DifferentOverlapDegrees/Set2/TestData_R2_test.fastq,1.0986122886681098
DI03,B01,TGCCTAT,ACAGTCT,SRKR,1.0,1,./TestDatasets/DifferentOverlapDegrees/Set2/TestData_R1_test.fastq,./TestDatasets/DifferentOverlapDegrees/Set2/TestData_R2_test.fastq,0.0
DI03,B05,TTCGAGT,CATCGTC,*KLR,1.0,3,./TestDatasets/DifferentOverlapDegrees/Set2/TestData_R1_test.fastq,./TestDatasets/DifferentOverlapDegrees/Set2/TestData_R2_test.fastq,1.0986122886681098
DI03,B06,CTTCAGC,TACGCAT,HGVT,1.0,2,./TestDatasets/DifferentOverlapDegrees/Set2/TestData_R1_test.fastq,./TestDatasets/DifferentOverlapDegrees/Set2/TestData_R2_test.fastq,0.6931471805599453
DI03,B07,CAGTGCA,CTTAGAC,YLPR,1.0,1,./TestDatasets/DifferentOverlapDegrees/Set2/TestData_R1_test.fastq,./TestDatasets/DifferentOverlapDegrees/Set2/TestData_R2_test.fastq,0.0
DI03,B08,TGCTGTC,AACTGAC,IILV,1.0,2,./TestDatasets/DifferentOverlapDegrees/Set2/TestData_R1_test.fastq,./TestDatasets/DifferentOverlapDegrees/Set2/TestData_R2_test.fastq,0.6931471805599453
DI03,B09,CGCCATT,ACTTGCA,GHNH,1.0,2,./TestDatasets/DifferentOverlapDegrees/Set2/TestData_R1_test.fastq,./TestDatasets/DifferentOverlapDegrees/Set2/TestData_R2_test.fastq,0.6931471805599453
DI03,B10,GCCATGA,ACGCGAT,PITF,1.0,4,./TestDatasets/DifferentOverlapDegrees/Set2/TestData_R1_test.fastq,./TestDatasets/DifferentOverlapDegrees/Set2/TestData_R2_test.fastq,1.3862943611198906
DI03,B11,CACAACG,TCGACAC,FRRN,1.0,3,./TestDatasets/DifferentOverlapDegrees/Set2/TestData_R1_test.fastq,./TestDatasets/DifferentOverlapDegrees/Set2/TestData_R2_test.fastq,1.0986122886681098
DI03,B12,CTTCGCT,ACTCAAC,K*GR,1.0,9,./TestDatasets/DifferentOverlapDegrees/Set2/TestData_R1_test.fastq,./TestDatasets/DifferentOverlapDegrees/Set2/TestData_R2_test.fastq,2.1972245773362196
DI03,C01,TCGTGAA,GAACTGC,APGQ,1.0,3,./TestDatasets/DifferentOverlapDegrees/Set2/TestData_R1_test.fastq,./TestDatasets/DifferentOverlapDegrees/Set2/TestData_R2_test.fastq,1.0986122886681098
DI03,C03,AGACCAT,TCTAGAG,LLSV,1.0,6,./TestDatasets/DifferentOverlapDegrees/Set2/TestData_R1_test.fastq,./TestDatasets/DifferentOverlapDegrees/Set2/TestData_R2_test.fastq,1.791759469228055
DI03,C05,ACGTACT,GTGGAAC,FGSR,1.0,2,./TestDatasets/DifferentOverlapDegrees/Set2/TestData_R1_test.fastq,./TestDatasets/DifferentOverlapDegrees/Set2/TestData_R2_test.fastq,0.6931471805599453
DI03,C06,CACCTCA,ATATGCC,QTAQ,1.0,3,./TestDatasets/DifferentOverlapDegrees/Set2/TestData_R1_test.fastq,./TestDatasets/DifferentOverlapDegrees/Set2/TestData_R2_test.fastq,1.0986122886681098
DI03,C07,GTTGGAG,GGTCTGA,SVVV,1.0,6,./TestDatasets/DifferentOverlapDegrees/Set2/TestData_R1_test.fastq,./TestDatasets/DifferentOverlapDegrees/Set2/TestData_R2_test.fastq,1.791759469228055
DI03,C09,CTTACGT,TTGGCAG,EKNR,1.0,4,./TestDatasets/DifferentOverlapDegrees/Set2/TestData_R1_test.fastq,./TestDatasets/DifferentOverlapDegrees/Set2/TestData_R2_test.fastq,1.3862943611198906
DI03,C10,GAGGTTG,ATGCCTG,NCSM,1.0,6,./TestDatasets/DifferentOverlapDegrees/Set2/TestData_R1_test.fastq,./TestDatasets/DifferentOverlapDegrees/Set2/TestData_R2_test.fastq,1.791759469228055
DI03,C12,ACACTGA,GGCTTAC,MASV,1.0,6,./TestDatasets/DifferentOverlapDegrees/Set2/TestData_R1_test.fastq,./TestDatasets/DifferentOverlapDegrees/Set2/TestData_R2_test.fastq,1.791759469228055
DI03,D02,AATGTGC,AACGATG,EPRS,1.0,1,./TestDatasets/DifferentOverlapDegrees/Set2/TestData_R1_test.fastq,./TestDatasets/DifferentOverlapDegrees/Set2/TestData_R2_test.fastq,0.0
DI03,D04,TTCTCAC,GGTGTCT,*SGA,1.0,3,./TestDatasets/DifferentOverlapDegrees/Set2/TestData_R1_test.fastq,./TestDatasets/DifferentOverlapDegrees/Set2/TestData_R2_test.fastq,1.0986122886681098
DI03,D05,TGAAGCG,CCAGCTT,VS*L,1.0,2,./TestDatasets/DifferentOverlapDegrees/Set2/TestData_R1_test.fastq,./TestDatasets/DifferentOverlapDegrees/Set2/TestData_R2_test.fastq,0.6931471805599453
DI03,D07,AGAGAAC,ACCATAC,RRNQ,1.0,1,./TestDatasets/DifferentOverlapDegrees/Set2/TestData_R1_test.fastq,./TestDatasets/DifferentOverlapDegrees/Set2/TestData_R2_test.fastq,0.0
DI03,D09,TTCCGAA,GTCACCT,TGLA,1.0,3,./TestDatasets/DifferentOverlapDegrees/Set2/TestData_R1_test.fastq,./TestDatasets/DifferentOverlapDegrees/Set2/TestData_R2_test.fastq,1.0986122886681098
DI03,D10,GTACGAC,CGTGATG,PVIL,1.0,3,./TestDatasets/DifferentOverlapDegrees/Set2/TestData_R1_test.fastq,./TestDatasets/DifferentOverlapDegrees/Set2/TestData_R2_test.fastq,1.0986122886681098
DI03,D12,CCAACCA,TAGACGT,LQG*,1.0,6,./TestDatasets/DifferentOverlapDegrees/Set2/TestData_R1_test.fastq,./TestDatasets/DifferentOverlapDegrees/Set2/TestData_R2_test.fastq,1.791759469228055
DI03,E01,CTCTAGA,CGGACTT,LECR,1.0,4,./TestDatasets/DifferentOverlapDegrees/Set2/TestData_R1_test.fastq,./TestDatasets/DifferentOverlapDegrees/Set2/TestData_R2_test.fastq,1.3862943611198906
DI03,E02,AATCGGA,ACCGGAA,RP*A,1.0,2,./TestDatasets/DifferentOverlapDegrees/Set2/TestData_R1_test.fastq,./TestDatasets/DifferentOverlapDegrees/Set2/TestData_R2_test.fastq,0.6931471805599453
DI03,E03,CGTCCTA,CCGAAGT,RQNR,1.0,4,./TestDatasets/DifferentOverlapDegrees/Set2/TestData_R1_test.fastq,./TestDatasets/DifferentOverlapDegrees/Set2/TestData_R2_test.fastq,1.3862943611198906
DI03,E04,GGAATGT,GTTATGG,GIRI,1.0,7,./TestDatasets/DifferentOverlapDegrees/Set2/TestData_R1_test.fastq,./TestDatasets/DifferentOverlapDegrees/Set2/TestData_R2_test.fastq,1.9459101490553132
DI03,E05,TCCAAGC,ATCCTCG,LYQG,1.0,2,./TestDatasets/DifferentOverlapDegrees/Set2/TestData_R1_test.fastq,./TestDatasets/DifferentOverlapDegrees/Set2/TestData_R2_test.fastq,0.6931471805599453
DI03,E06,GCACCTA,CGAATAG,HPNR,1.0,2,./TestDatasets/DifferentOverlapDegrees/Set2/TestData_R1_test.fastq,./TestDatasets/DifferentOverlapDegrees/Set2/TestData_R2_test.fastq,0.6931471805599453
DI03,E07,TTGCGTT,TATCCGG,SSGC,1.0,3,./TestDatasets/DifferentOverlapDegrees/Set2/TestData_R1_test.fastq,./TestDatasets/DifferentOverlapDegrees/Set2/TestData_R2_test.fastq,1.0986122886681098
DI03,E09,CTGCATA,TGTCGAC,RWFS,1.0,6,./TestDatasets/DifferentOverlapDegrees/Set2/TestData_R1_test.fastq,./TestDatasets/DifferentOverlapDegrees/Set2/TestData_R2_test.fastq,1.791759469228055
DI03,E10,CGTTGAG,TTCCATG,NLHR,1.0,6,./TestDatasets/DifferentOverlapDegrees/Set2/TestData_R1_test.fastq,./TestDatasets/DifferentOverlapDegrees/Set2/TestData_R2_test.fastq,1.791759469228055
DI03,E11,TGCTACT,GCAATCG,VLGV,1.0,7,./TestDatasets/DifferentOverlapDegrees/Set2/TestData_R1_test.fastq,./TestDatasets/DifferentOverlapDegrees/Set2/TestData_R2_test.fastq,1.9459101490553132
DI03,E12,GTGATCC,TGAGTGG,*QLH,1.0,5,./TestDatasets/DifferentOverlapDegrees/Set2/TestData_R1_test.fastq,./TestDatasets/DifferentOverlapDegrees/Set2/TestData_R2_test.fastq,1.6094379124341003
DI03,F01,GCATGGT,TAGGAGA,ISEC,1.0,6,./TestDatasets/DifferentOverlapDegrees/Set2/TestData_R1_test.fastq,./TestDatasets/DifferentOverlapDegrees/Set2/TestData_R2_test.fastq,1.791759469228055
DI03,F03,CCTGACA,GTGCTGT,G*P*,1.0,3,./TestDatasets/DifferentOverlapDegrees/Set2/TestData_R1_test.fastq,./TestDatasets/DifferentOverlapDegrees/Set2/TestData_R2_test.fastq,1.0986122886681098
DI03,F04,AGTGTAG,CAACAAC,QLPP,1.0,5,./TestDatasets/DifferentOverlapDegrees/Set2/TestData_R1_test.fastq,./TestDatasets/DifferentOverlapDegrees/Set2/TestData_R2_test.fastq,1.6094379124341003
DI03,F05,CGAGCAA,AATAGCC,KLGR,1.0,2,./TestDatasets/DifferentOverlapDegrees/Set2/TestData_R1_test.fastq,./TestDatasets/DifferentOverlapDegrees/Set2/TestData_R2_test.fastq,0.6931471805599453
DI03,F07,GATGCCA,TGTGGTA,INFL,1.0,2,./TestDatasets/DifferentOverlapDegrees/Set2/TestData_R1_test.fastq,./TestDatasets/DifferentOverlapDegrees/Set2/TestData_R2_test.fastq,0.6931471805599453
DI03,F08,GACCGAT,GCGTATG,VWCK,1.0,3,./TestDatasets/DifferentOverlapDegrees/Set2/TestData_R1_test.fastq,./TestDatasets/DifferentOverlapDegrees/Set2/TestData_R2_test.fastq,1.0986122886681098
DI03,F09,ACGTTGG,AGTTACG,RFLG,1.0,1,./TestDatasets/DifferentOverlapDegrees/Set2/TestData_R1_test.fastq,./TestDatasets/DifferentOverlapDegrees/Set2/TestData_R2_test.fastq,0.0
DI03,G01,ATGACGC,CCTTAGG,ISGG,1.0,5,./TestDatasets/DifferentOverlapDegrees/Set2/TestData_R1_test.fastq,./TestDatasets/DifferentOverlapDegrees/Set2/TestData_R2_test.fastq,1.6094379124341003
DI03,G02,GGTTGTT,TGTATCC,QREP,1.0,2,./TestDatasets/DifferentOverlapDegrees/Set2/TestData_R1_test.fastq,./TestDatasets/DifferentOverlapDegrees/Set2/TestData_R2_test.fastq,0.6931471805599453
DI03,G03,GTACTTG,CAACCTG,KEYC,1.0,3,./TestDatasets/DifferentOverlapDegrees/Set2/TestData_R1_test.fastq,./TestDatasets/DifferentOverlapDegrees/Set2/TestData_R2_test.fastq,1.0986122886681098
DI03,G05,CTGCCAT,AAGACAG,DRRP,1.0,1,./TestDatasets/DifferentOverlapDegrees/Set2/TestData_R1_test.fastq,./TestDatasets/DifferentOverlapDegrees/Set2/TestData_R2_test.fastq,0.0
DI03,G06,GAGAACA,AGCTCGT,EIKN,1.0,6,./TestDatasets/DifferentOverlapDegrees/Set2/TestData_R1_test.fastq,./TestDatasets/DifferentOverlapDegrees/Set2/TestData_R2_test.fastq,1.791759469228055
DI03,G07,GTATAGC,GATTGCG,GLPW,1.0,4,./TestDatasets/DifferentOverlapDegrees/Set2/TestData_R1_test.fastq,./TestDatasets/DifferentOverlapDegrees/Set2/TestData_R2_test.fastq,1.3862943611198906
DI03,G09,GGCAGTA,TCACAGG,H*SA,1.0,5,./TestDatasets/DifferentOverlapDegrees/Set2/TestData_R1_test.fastq,./TestDatasets/DifferentOverlapDegrees/Set2/TestData_R2_test.fastq,1.6094379124341003
DI03,G10,GAAGAAG,AGAGCTG,HHAS,1.0,4,./TestDatasets/DifferentOverlapDegrees/Set2/TestData_R1_test.fastq,./TestDatasets/DifferentOverlapDegrees/Set2/TestData_R2_test.fastq,1.3862943611198906
DI03,G11,AGCGGTT,CCTCTGT,CRLR,1.0,3,./TestDatasets/DifferentOverlapDegrees/Set2/TestData_R1_test.fastq,./TestDatasets/DifferentOverlapDegrees/Set2/TestData_R2_test.fastq,1.0986122886681098
DI03,H01,AACCTGT,GTGTCTC,LVPS,1.0,3,./TestDatasets/DifferentOverlapDegrees/Set2/TestData_R1_test.fastq,./TestDatasets/DifferentOverlapDegrees/Set2/TestData_R2_test.fastq,1.0986122886681098
DI03,H02,AGTACAC,ATTGAGG,IGR*,1.0,3,./TestDatasets/DifferentOverlapDegrees/Set2/TestData_R1_test.fastq,./TestDatasets/DifferentOverlapDegrees/Set2/TestData_R2_test.fastq,1.0986122886681098
DI03,H04,CTAGGTG,CACTTGC,SSQK,1.0,2,./TestDatasets/DifferentOverlapDegrees/Set2/TestData_R1_test.fastq,./TestDatasets/DifferentOverlapDegrees/Set2/TestData_R2_test.fastq,0.6931471805599453
DI03,H05,CGATACC,TGAACGC,FLRK,1.0,1,./TestDatasets/DifferentOverlapDegrees/Set2/TestData_R1_test.fastq,./TestDatasets/DifferentOverlapDegrees/Set2/TestData_R2_test.fastq,0.0
DI03,H06,TCGGCTA,CGTAGCA,RAIT,1.0,1,./TestDatasets/DifferentOverlapDegrees/Set2/TestData_R1_test.fastq,./TestDatasets/DifferentOverlapDegrees/Set2/TestData_R2_test.fastq,0.0
DI03,H07,CGGTTGT,AGGTTCC,ILGQ,1.0,2,./TestDatasets/DifferentOverlapDegrees/Set2/TestData_R1_test.fastq,./TestDatasets/DifferentOverlapDegrees/Set2/TestData_R2_test.fastq,0.6931471805599453
DI03,H08,ATTGCCT,GTACACA,SAHP,1.0,4,./TestDatasets/DifferentOverlapDegrees/Set2/TestData_R1_test.fastq,./TestDatasets/DifferentOverlapDegrees/Set2/TestData_R2_test.fastq,1.3862943611198906
DI03,H10,GCACAAT,TAGCCTC,TALL,1.0,3,./TestDatasets/DifferentOverlapDegrees/Set2/TestData_R1_test.fastq,./TestDatasets/DifferentOverlapDegrees/Set2/TestData_R2_test.fastq,1.0986122886681098
DI03,H11,GCAGTAA,TTCAGCC,P*ST,1.0,1,./TestDatasets/DifferentOverlapDegrees/Set2/TestData_R1_test.fastq,./TestDatasets/DifferentOverlapDegrees/Set2/TestData_R2_test.fastq,0.0
DI03,H12,CCTAATC,GGATTCA,PSLR,1.0,6,./TestDatasets/DifferentOverlapDegrees/Set2/TestData_R1_test.fastq,./TestDatasets/DifferentOverlapDegrees/Set2/TestData_R2_test.fastq,1.791759469228055
