Plate,Well,F-BC,R-BC,VariantCombo,AlignmentFrequency,WellSeqDepth,R1,R2
DI02,A08,TTGAAGG,AACTGAC,CYLL,1.0,5,./TestDatasets/ForwardAndReverseDisagree/Set1/TestData_R1_test.fastq,./TestDatasets/ForwardAndReverseDisagree/Set1/TestData_R2_test.fastq
DI02,A09,GAATGTC,ACTTGCA,YSSS,1.0,3,./TestDatasets/ForwardAndReverseDisagree/Set1/TestData_R1_test.fastq,./TestDatasets/ForwardAndReverseDisagree/Set1/TestData_R2_test.fastq
DI02,A10,ATCTCCA,ACGCGAT,CYSC,1.0,8,./TestDatasets/ForwardAndReverseDisagree/Set1/TestData_R1_test.fastq,./TestDatasets/ForwardAndReverseDisagree/Set1/TestData_R2_test.fastq
DI02,B03,TCCACTG,TCTAGAG,FYSL,1.0,1,./TestDatasets/ForwardAndReverseDisagree/Set1/TestData_R1_test.fastq,./TestDatasets/ForwardAndReverseDisagree/Set1/TestData_R2_test.fastq
DI02,C04,ACATGAG,GGTGTCT,LYSY,1.0,17,./TestDatasets/ForwardAndReverseDisagree/Set1/TestData_R1_test.fastq,./TestDatasets/ForwardAndReverseDisagree/Set1/TestData_R2_test.fastq
DI02,D07,AGAGAAC,TATCCGG,SFSL,1.0,1,./TestDatasets/ForwardAndReverseDisagree/Set1/TestData_R1_test.fastq,./TestDatasets/ForwardAndReverseDisagree/Set1/TestData_R2_test.fastq
DI02,D09,TTCCGAA,TGTCGAC,SLCL,1.0,5,./TestDatasets/ForwardAndReverseDisagree/Set1/TestData_R1_test.fastq,./TestDatasets/ForwardAndReverseDisagree/Set1/TestData_R2_test.fastq
DI02,E01,CTCTAGA,TAGGAGA,YYSS,1.0,14,./TestDatasets/ForwardAndReverseDisagree/Set1/TestData_R1_test.fastq,./TestDatasets/ForwardAndReverseDisagree/Set1/TestData_R2_test.fastq
DI02,E11,TGCTACT,TATGTCG,SSFY,1.0,14,./TestDatasets/ForwardAndReverseDisagree/Set1/TestData_R1_test.fastq,./TestDatasets/ForwardAndReverseDisagree/Set1/TestData_R2_test.fastq
DI02,E12,GTGATCC,GGAGAGA,CFFY,1.0,1,./TestDatasets/ForwardAndReverseDisagree/Set1/TestData_R1_test.fastq,./TestDatasets/ForwardAndReverseDisagree/Set1/TestData_R2_test.fastq
DI02,F10,ATGAGCG,AGAGCTG,CSFS,1.0,11,./TestDatasets/ForwardAndReverseDisagree/Set1/TestData_R1_test.fastq,./TestDatasets/ForwardAndReverseDisagree/Set1/TestData_R2_test.fastq
DI02,G02,GGTTGTT,ATTGAGG,LFSS,1.0,12,./TestDatasets/ForwardAndReverseDisagree/Set1/TestData_R1_test.fastq,./TestDatasets/ForwardAndReverseDisagree/Set1/TestData_R2_test.fastq
DI02,G03,GTACTTG,GACAATC,FLSY,1.0,5,./TestDatasets/ForwardAndReverseDisagree/Set1/TestData_R1_test.fastq,./TestDatasets/ForwardAndReverseDisagree/Set1/TestData_R2_test.fastq
DI02,G07,GTATAGC,AGGTTCC,SSLC,1.0,14,./TestDatasets/ForwardAndReverseDisagree/Set1/TestData_R1_test.fastq,./TestDatasets/ForwardAndReverseDisagree/Set1/TestData_R2_test.fastq
DI02,G11,AGCGGTT,TTCAGCC,YYSY,1.0,7,./TestDatasets/ForwardAndReverseDisagree/Set1/TestData_R1_test.fastq,./TestDatasets/ForwardAndReverseDisagree/Set1/TestData_R2_test.fastq
DI02,H04,CTAGGTG,AGCATCT,SCYC,1.0,12,./TestDatasets/ForwardAndReverseDisagree/Set1/TestData_R1_test.fastq,./TestDatasets/ForwardAndReverseDisagree/Set1/TestData_R2_test.fastq
DI02,H11,GCAGTAA,TCAAGTC,SYSC,1.0,17,./TestDatasets/ForwardAndReverseDisagree/Set1/TestData_R1_test.fastq,./TestDatasets/ForwardAndReverseDisagree/Set1/TestData_R2_test.fastq
