Plate,Well,F-BC,R-BC,VariantCombo,AlignmentFrequency,WellSeqDepth,R1,R2,logseqdepth
DI08,A02,TACATGG,AACGATG,SLLY,1.0,16,./TestDatasets/ForwardAndReverseDisagree/Set1/TestData_R1_test.fastq,./TestDatasets/ForwardAndReverseDisagree/Set1/TestData_R2_test.fastq,2.772588722239781
DI08,A05,CTTGCTC,CCAGCTT,YFLY,1.0,5,./TestDatasets/ForwardAndReverseDisagree/Set1/TestData_R1_test.fastq,./TestDatasets/ForwardAndReverseDisagree/Set1/TestData_R2_test.fastq,1.6094379124341003
DI08,A12,TGCACCA,TAGACGT,FSSY,1.0,2,./TestDatasets/ForwardAndReverseDisagree/Set1/TestData_R1_test.fastq,./TestDatasets/ForwardAndReverseDisagree/Set1/TestData_R2_test.fastq,0.6931471805599453
DI08,B08,TGCTGTC,AGCAAGA,LSSC,1.0,14,./TestDatasets/ForwardAndReverseDisagree/Set1/TestData_R1_test.fastq,./TestDatasets/ForwardAndReverseDisagree/Set1/TestData_R2_test.fastq,2.6390573296152584
DI08,B09,CGCCATT,TGTCGAC,SFFL,1.0,5,./TestDatasets/ForwardAndReverseDisagree/Set1/TestData_R1_test.fastq,./TestDatasets/ForwardAndReverseDisagree/Set1/TestData_R2_test.fastq,1.6094379124341003
DI08,C03,AGACCAT,GTGCTGT,LCSS,1.0,8,./TestDatasets/ForwardAndReverseDisagree/Set1/TestData_R1_test.fastq,./TestDatasets/ForwardAndReverseDisagree/Set1/TestData_R2_test.fastq,2.0794415416798357
DI08,C06,CACCTCA,TCTGTGA,SCFY,1.0,1,./TestDatasets/ForwardAndReverseDisagree/Set1/TestData_R1_test.fastq,./TestDatasets/ForwardAndReverseDisagree/Set1/TestData_R2_test.fastq,0.0
DI08,C08,TGTTCTG,GCGTATG,FCSY,1.0,10,./TestDatasets/ForwardAndReverseDisagree/Set1/TestData_R1_test.fastq,./TestDatasets/ForwardAndReverseDisagree/Set1/TestData_R2_test.fastq,2.302585092994046
DI08,C12,ACACTGA,GGAGAGA,CFCS,1.0,12,./TestDatasets/ForwardAndReverseDisagree/Set1/TestData_R1_test.fastq,./TestDatasets/ForwardAndReverseDisagree/Set1/TestData_R2_test.fastq,2.4849066497880004
DI08,D01,ATCTGTG,CCTTAGG,YFSS,1.0,1,./TestDatasets/ForwardAndReverseDisagree/Set1/TestData_R1_test.fastq,./TestDatasets/ForwardAndReverseDisagree/Set1/TestData_R2_test.fastq,0.0
DI08,D05,TGAAGCG,AAGACAG,SSSF,1.0,1,./TestDatasets/ForwardAndReverseDisagree/Set1/TestData_R1_test.fastq,./TestDatasets/ForwardAndReverseDisagree/Set1/TestData_R2_test.fastq,0.0
DI08,D06,GCTACAA,AGCTCGT,YYSS,1.0,14,./TestDatasets/ForwardAndReverseDisagree/Set1/TestData_R1_test.fastq,./TestDatasets/ForwardAndReverseDisagree/Set1/TestData_R2_test.fastq,2.6390573296152584
DI08,D12,CCAACCA,CCTCGAA,FCCF,1.0,15,./TestDatasets/ForwardAndReverseDisagree/Set1/TestData_R1_test.fastq,./TestDatasets/ForwardAndReverseDisagree/Set1/TestData_R2_test.fastq,2.70805020110221
DI08,E01,CTCTAGA,GTGTCTC,FSCL,1.0,4,./TestDatasets/ForwardAndReverseDisagree/Set1/TestData_R1_test.fastq,./TestDatasets/ForwardAndReverseDisagree/Set1/TestData_R2_test.fastq,1.3862943611198906
DI08,E02,AATCGGA,ATTGAGG,FSSF,1.0,10,./TestDatasets/ForwardAndReverseDisagree/Set1/TestData_R1_test.fastq,./TestDatasets/ForwardAndReverseDisagree/Set1/TestData_R2_test.fastq,2.302585092994046
DI08,E04,GGAATGT,CACTTGC,YLLS,1.0,17,./TestDatasets/ForwardAndReverseDisagree/Set1/TestData_R1_test.fastq,./TestDatasets/ForwardAndReverseDisagree/Set1/TestData_R2_test.fastq,2.833213344056216
DI08,F12,GATTCAC,TCGAGCT,SFFS,1.0,4,./TestDatasets/ForwardAndReverseDisagree/Set1/TestData_R1_test.fastq,./TestDatasets/ForwardAndReverseDisagree/Set1/TestData_R2_test.fastq,1.3862943611198906
DI08,G02,GGTTGTT,CAGATAC,SCSC,1.0,11,./TestDatasets/ForwardAndReverseDisagree/Set1/TestData_R1_test.fastq,./TestDatasets/ForwardAndReverseDisagree/Set1/TestData_R2_test.fastq,2.3978952727983707
DI08,G04,TAGCAAG,ACGGTTC,CSLS,1.0,10,./TestDatasets/ForwardAndReverseDisagree/Set1/TestData_R1_test.fastq,./TestDatasets/ForwardAndReverseDisagree/Set1/TestData_R2_test.fastq,2.302585092994046
DI08,G08,TGATGGA,AACTGAC,SSFC,1.0,5,./TestDatasets/ForwardAndReverseDisagree/Set1/TestData_R1_test.fastq,./TestDatasets/ForwardAndReverseDisagree/Set1/TestData_R2_test.fastq,1.6094379124341003
DI08,G12,TAAGGCC,ACTCAAC,SSLC,1.0,10,./TestDatasets/ForwardAndReverseDisagree/Set1/TestData_R1_test.fastq,./TestDatasets/ForwardAndReverseDisagree/Set1/TestData_R2_test.fastq,2.302585092994046
DI08,H05,CGATACC,GTGGAAC,FCSL,1.0,15,./TestDatasets/ForwardAndReverseDisagree/Set1/TestData_R1_test.fastq,./TestDatasets/ForwardAndReverseDisagree/Set1/TestData_R2_test.fastq,2.70805020110221
DI08,H08,ATTGCCT,GTGAGAT,CSLC,1.0,11,./TestDatasets/ForwardAndReverseDisagree/Set1/TestData_R1_test.fastq,./TestDatasets/ForwardAndReverseDisagree/Set1/TestData_R2_test.fastq,2.3978952727983707
DI08,H11,GCAGTAA,TCCGAAG,FCSF,1.0,8,./TestDatasets/ForwardAndReverseDisagree/Set1/TestData_R1_test.fastq,./TestDatasets/ForwardAndReverseDisagree/Set1/TestData_R2_test.fastq,2.0794415416798357
