Plate,Well,F-BC,R-BC,VariantCombo,AlignmentFrequency,WellSeqDepth,R1,R2,logseqdepth
DI04,A03,AAGCACC,GACAATC,LFYS,1.0,7,./TestDatasets/ForwardAndReverseDisagree/Set1/TestData_R1_test.fastq,./TestDatasets/ForwardAndReverseDisagree/Set1/TestData_R2_test.fastq,1.9459101490553132
DI04,A05,CTTGCTC,TGAACGC,FLSF,1.0,11,./TestDatasets/ForwardAndReverseDisagree/Set1/TestData_R1_test.fastq,./TestDatasets/ForwardAndReverseDisagree/Set1/TestData_R2_test.fastq,2.3978952727983707
DI04,A10,ATCTCCA,TAGCCTC,YLSY,1.0,4,./TestDatasets/ForwardAndReverseDisagree/Set1/TestData_R1_test.fastq,./TestDatasets/ForwardAndReverseDisagree/Set1/TestData_R2_test.fastq,1.3862943611198906
DI04,A12,TGCACCA,GGATTCA,FSYL,1.0,9,./TestDatasets/ForwardAndReverseDisagree/Set1/TestData_R1_test.fastq,./TestDatasets/ForwardAndReverseDisagree/Set1/TestData_R2_test.fastq,2.1972245773362196
DI04,B01,TGCCTAT,TGAGCCT,YYSS,1.0,9,./TestDatasets/ForwardAndReverseDisagree/Set1/TestData_R1_test.fastq,./TestDatasets/ForwardAndReverseDisagree/Set1/TestData_R2_test.fastq,2.1972245773362196
DI04,B03,TCCACTG,TCATTGC,CSSY,1.0,13,./TestDatasets/ForwardAndReverseDisagree/Set1/TestData_R1_test.fastq,./TestDatasets/ForwardAndReverseDisagree/Set1/TestData_R2_test.fastq,2.5649493574615367
DI04,B04,TTGTACC,AGCATCT,LSSS,1.0,17,./TestDatasets/ForwardAndReverseDisagree/Set1/TestData_R1_test.fastq,./TestDatasets/ForwardAndReverseDisagree/Set1/TestData_R2_test.fastq,2.833213344056216
DI04,B11,CACAACG,TCAAGTC,CCFS,1.0,10,./TestDatasets/ForwardAndReverseDisagree/Set1/TestData_R1_test.fastq,./TestDatasets/ForwardAndReverseDisagree/Set1/TestData_R2_test.fastq,2.302585092994046
DI04,C01,TCGTGAA,ACAGTCT,FLSS,1.0,1,./TestDatasets/ForwardAndReverseDisagree/Set1/TestData_R1_test.fastq,./TestDatasets/ForwardAndReverseDisagree/Set1/TestData_R2_test.fastq,0.0
DI04,C03,AGACCAT,TACGTTC,FCSC,1.0,13,./TestDatasets/ForwardAndReverseDisagree/Set1/TestData_R1_test.fastq,./TestDatasets/ForwardAndReverseDisagree/Set1/TestData_R2_test.fastq,2.5649493574615367
DI04,C05,ACGTACT,CATCGTC,SSSC,1.0,6,./TestDatasets/ForwardAndReverseDisagree/Set1/TestData_R1_test.fastq,./TestDatasets/ForwardAndReverseDisagree/Set1/TestData_R2_test.fastq,1.791759469228055
DI04,C07,GTTGGAG,CTTAGAC,SCFS,1.0,1,./TestDatasets/ForwardAndReverseDisagree/Set1/TestData_R1_test.fastq,./TestDatasets/ForwardAndReverseDisagree/Set1/TestData_R2_test.fastq,0.0
DI04,C08,TGTTCTG,AACTGAC,SLSS,1.0,6,./TestDatasets/ForwardAndReverseDisagree/Set1/TestData_R1_test.fastq,./TestDatasets/ForwardAndReverseDisagree/Set1/TestData_R2_test.fastq,1.791759469228055
DI04,E04,GGAATGT,GGTGTCT,LYSC,1.0,2,./TestDatasets/ForwardAndReverseDisagree/Set1/TestData_R1_test.fastq,./TestDatasets/ForwardAndReverseDisagree/Set1/TestData_R2_test.fastq,0.6931471805599453
DI04,E12,GTGATCC,TAGACGT,LYFC,1.0,13,./TestDatasets/ForwardAndReverseDisagree/Set1/TestData_R1_test.fastq,./TestDatasets/ForwardAndReverseDisagree/Set1/TestData_R2_test.fastq,2.5649493574615367
DI04,F06,CTACTCC,CGAATAG,SFCS,1.0,5,./TestDatasets/ForwardAndReverseDisagree/Set1/TestData_R1_test.fastq,./TestDatasets/ForwardAndReverseDisagree/Set1/TestData_R2_test.fastq,1.6094379124341003
DI04,F10,ATGAGCG,TTCCATG,YYCS,1.0,12,./TestDatasets/ForwardAndReverseDisagree/Set1/TestData_R1_test.fastq,./TestDatasets/ForwardAndReverseDisagree/Set1/TestData_R2_test.fastq,2.4849066497880004
DI04,F11,TACTCCG,GCAATCG,FYSS,1.0,3,./TestDatasets/ForwardAndReverseDisagree/Set1/TestData_R1_test.fastq,./TestDatasets/ForwardAndReverseDisagree/Set1/TestData_R2_test.fastq,1.0986122886681098
DI04,G05,CTGCCAT,AATAGCC,SCSS,1.0,1,./TestDatasets/ForwardAndReverseDisagree/Set1/TestData_R1_test.fastq,./TestDatasets/ForwardAndReverseDisagree/Set1/TestData_R2_test.fastq,0.0
DI04,G07,GTATAGC,TGTGGTA,CCYC,1.0,6,./TestDatasets/ForwardAndReverseDisagree/Set1/TestData_R1_test.fastq,./TestDatasets/ForwardAndReverseDisagree/Set1/TestData_R2_test.fastq,1.791759469228055
DI04,G08,TGATGGA,GCGTATG,FSSS,1.0,10,./TestDatasets/ForwardAndReverseDisagree/Set1/TestData_R1_test.fastq,./TestDatasets/ForwardAndReverseDisagree/Set1/TestData_R2_test.fastq,2.302585092994046
DI04,H04,CTAGGTG,CTGATGA,LYFC,1.0,16,./TestDatasets/ForwardAndReverseDisagree/Set1/TestData_R1_test.fastq,./TestDatasets/ForwardAndReverseDisagree/Set1/TestData_R2_test.fastq,2.772588722239781
