Plate,Well,F-BC,R-BC,VariantCombo,AlignmentFrequency,WellSeqDepth,R1,R2,logseqdepth
DI02,A01,GATCATG,ACAGTCT,WWYH,0.984,439,./TestDatasets/RealData/CHL1_S193_L001_R1_001.fastq.gz,./TestDatasets/RealData/CHL1_S193_L001_R2_001.fastq.gz,6.0844994130751715
DI02,A02,TACATGG,CAGATAC,CCFA,0.667,3,./TestDatasets/RealData/CHL1_S193_L001_R1_001.fastq.gz,./TestDatasets/RealData/CHL1_S193_L001_R2_001.fastq.gz,1.0986122886681098
DI02,A03,AAGCACC,TACGTTC,WWCH,0.963,436,./TestDatasets/RealData/CHL1_S193_L001_R1_001.fastq.gz,./TestDatasets/RealData/CHL1_S193_L001_R2_001.fastq.gz,6.077642243349034
DI02,A04,TGGCTCA,ACGGTTC,WWFC,0.989,465,./TestDatasets/RealData/CHL1_S193_L001_R1_001.fastq.gz,./TestDatasets/RealData/CHL1_S193_L001_R2_001.fastq.gz,6.142037405587356
DI02,A05,CTTGCTC,CATCGTC,WWQL,0.973,338,./TestDatasets/RealData/CHL1_S193_L001_R1_001.fastq.gz,./TestDatasets/RealData/CHL1_S193_L001_R2_001.fastq.gz,5.823045895483019
DI02,A06,GAAGCGT,TACGCAT,SMQL,0.991,213,./TestDatasets/RealData/CHL1_S193_L001_R1_001.fastq.gz,./TestDatasets/RealData/CHL1_S193_L001_R2_001.fastq.gz,5.3612921657094255
DI02,A07,TCTCCAT,CTTAGAC,WWFA,0.84,25,./TestDatasets/RealData/CHL1_S193_L001_R1_001.fastq.gz,./TestDatasets/RealData/CHL1_S193_L001_R2_001.fastq.gz,3.2188758248682006
DI02,A08,TTGAAGG,AACTGAC,R,0.667,9,./TestDatasets/RealData/CHL1_S193_L001_R1_001.fastq.gz,./TestDatasets/RealData/CHL1_S193_L001_R2_001.fastq.gz,2.1972245773362196
DI02,A09,GAATGTC,ACTTGCA,WWCS,0.7,20,./TestDatasets/RealData/CHL1_S193_L001_R1_001.fastq.gz,./TestDatasets/RealData/CHL1_S193_L001_R2_001.fastq.gz,2.995732273553991
DI02,A10,ATCTCCA,ACGCGAT,WWLD,0.967,397,./TestDatasets/RealData/CHL1_S193_L001_R1_001.fastq.gz,./TestDatasets/RealData/CHL1_S193_L001_R2_001.fastq.gz,5.983936280687191
DI02,A11,GCGTTAT,TCGACAC,WWRP,0.985,393,./TestDatasets/RealData/CHL1_S193_L001_R1_001.fastq.gz,./TestDatasets/RealData/CHL1_S193_L001_R2_001.fastq.gz,5.973809611869261
DI02,A12,TGCACCA,ACTCAAC,WWSY,0.99,671,./TestDatasets/RealData/CHL1_S193_L001_R1_001.fastq.gz,./TestDatasets/RealData/CHL1_S193_L001_R2_001.fastq.gz,6.508769136971682
DI02,B01,TGCCTAT,GAACTGC,WWFR,0.977,347,./TestDatasets/RealData/CHL1_S193_L001_R1_001.fastq.gz,./TestDatasets/RealData/CHL1_S193_L001_R2_001.fastq.gz,5.849324779946859
DI02,B02,AGGAATC,ACCAGGT,WWLP,0.972,326,./TestDatasets/RealData/CHL1_S193_L001_R1_001.fastq.gz,./TestDatasets/RealData/CHL1_S193_L001_R2_001.fastq.gz,5.786897381366708
DI02,B03,TCCACTG,TCTAGAG,WWRS,0.981,159,./TestDatasets/RealData/CHL1_S193_L001_R1_001.fastq.gz,./TestDatasets/RealData/CHL1_S193_L001_R2_001.fastq.gz,5.0689042022202315
DI02,B04,TTGTACC,CACACAA,WWRS,0.966,325,./TestDatasets/RealData/CHL1_S193_L001_R1_001.fastq.gz,./TestDatasets/RealData/CHL1_S193_L001_R2_001.fastq.gz,5.783825182329737
DI02,B05,TTCGAGT,GTGGAAC,WWSN,0.963,214,./TestDatasets/RealData/CHL1_S193_L001_R1_001.fastq.gz,./TestDatasets/RealData/CHL1_S193_L001_R2_001.fastq.gz,5.365976015021851
DI02,B07,CAGTGCA,GGTCTGA,WWHG,0.952,126,./TestDatasets/RealData/CHL1_S193_L001_R1_001.fastq.gz,./TestDatasets/RealData/CHL1_S193_L001_R2_001.fastq.gz,4.836281906951478
DI02,B08,TGCTGTC,GTGAGAT,WWPH,0.555,371,./TestDatasets/RealData/CHL1_S193_L001_R1_001.fastq.gz,./TestDatasets/RealData/CHL1_S193_L001_R2_001.fastq.gz,5.916202062607435
DI02,B10,GCCATGA,ATGCCTG,WWRP,1.0,1,./TestDatasets/RealData/CHL1_S193_L001_R1_001.fastq.gz,./TestDatasets/RealData/CHL1_S193_L001_R2_001.fastq.gz,0.0
DI02,B11,CACAACG,TCCGAAG,WWYS,0.979,292,./TestDatasets/RealData/CHL1_S193_L001_R1_001.fastq.gz,./TestDatasets/RealData/CHL1_S193_L001_R2_001.fastq.gz,5.676753802268282
DI02,B12,CTTCGCT,GGCTTAC,WWYC,0.988,421,./TestDatasets/RealData/CHL1_S193_L001_R1_001.fastq.gz,./TestDatasets/RealData/CHL1_S193_L001_R2_001.fastq.gz,6.042632833682381
DI02,C01,TCGTGAA,AGTTGGC,WWLA,0.667,12,./TestDatasets/RealData/CHL1_S193_L001_R1_001.fastq.gz,./TestDatasets/RealData/CHL1_S193_L001_R2_001.fastq.gz,2.4849066497880004
DI02,C02,TTATCGG,AACGATG,WWRY,0.974,389,./TestDatasets/RealData/CHL1_S193_L001_R1_001.fastq.gz,./TestDatasets/RealData/CHL1_S193_L001_R2_001.fastq.gz,5.963579343618446
DI02,C03,AGACCAT,ACTACCG,DCQL,0.25,4,./TestDatasets/RealData/CHL1_S193_L001_R1_001.fastq.gz,./TestDatasets/RealData/CHL1_S193_L001_R2_001.fastq.gz,1.3862943611198906
DI02,C03,AGACCAT,ACTACCG,GCCC,0.25,4,./TestDatasets/RealData/CHL1_S193_L001_R1_001.fastq.gz,./TestDatasets/RealData/CHL1_S193_L001_R2_001.fastq.gz,1.3862943611198906
DI02,C03,AGACCAT,ACTACCG,WWYS,0.25,4,./TestDatasets/RealData/CHL1_S193_L001_R1_001.fastq.gz,./TestDatasets/RealData/CHL1_S193_L001_R2_001.fastq.gz,1.3862943611198906
DI02,C03,AGACCAT,ACTACCG,CCQL,0.25,4,./TestDatasets/RealData/CHL1_S193_L001_R1_001.fastq.gz,./TestDatasets/RealData/CHL1_S193_L001_R2_001.fastq.gz,1.3862943611198906
DI02,C04,ACATGAG,GGTGTCT,WWHS,0.986,346,./TestDatasets/RealData/CHL1_S193_L001_R1_001.fastq.gz,./TestDatasets/RealData/CHL1_S193_L001_R2_001.fastq.gz,5.846438775057725
DI02,C05,ACGTACT,CCAGCTT,WWSH,0.969,322,./TestDatasets/RealData/CHL1_S193_L001_R1_001.fastq.gz,./TestDatasets/RealData/CHL1_S193_L001_R2_001.fastq.gz,5.7745515455444085
DI02,C06,CACCTCA,TTAGACG,SMQL,0.982,274,./TestDatasets/RealData/CHL1_S193_L001_R1_001.fastq.gz,./TestDatasets/RealData/CHL1_S193_L001_R2_001.fastq.gz,5.6131281063880705
DI02,C07,GTTGGAG,ACCATAC,WWFT,0.746,279,./TestDatasets/RealData/CHL1_S193_L001_R1_001.fastq.gz,./TestDatasets/RealData/CHL1_S193_L001_R2_001.fastq.gz,5.631211781821365
DI02,C08,TGTTCTG,GACGACT,WWHP,0.983,423,./TestDatasets/RealData/CHL1_S193_L001_R1_001.fastq.gz,./TestDatasets/RealData/CHL1_S193_L001_R2_001.fastq.gz,6.0473721790462776
DI02,C09,CTTACGT,GTCACCT,WWPS,0.982,442,./TestDatasets/RealData/CHL1_S193_L001_R1_001.fastq.gz,./TestDatasets/RealData/CHL1_S193_L001_R2_001.fastq.gz,6.091309882077698
DI02,C10,GAGGTTG,CGTGATG,CCPF,0.5,2,./TestDatasets/RealData/CHL1_S193_L001_R1_001.fastq.gz,./TestDatasets/RealData/CHL1_S193_L001_R2_001.fastq.gz,0.6931471805599453
DI02,C10,GAGGTTG,CGTGATG,DRCC,0.5,2,./TestDatasets/RealData/CHL1_S193_L001_R1_001.fastq.gz,./TestDatasets/RealData/CHL1_S193_L001_R2_001.fastq.gz,0.6931471805599453
DI02,C11,ATGGACA,GCTTCCT,WWHY,0.572,346,./TestDatasets/RealData/CHL1_S193_L001_R1_001.fastq.gz,./TestDatasets/RealData/CHL1_S193_L001_R2_001.fastq.gz,5.846438775057725
DI02,C12,ACACTGA,TAGACGT,WWSY,0.98,406,./TestDatasets/RealData/CHL1_S193_L001_R1_001.fastq.gz,./TestDatasets/RealData/CHL1_S193_L001_R2_001.fastq.gz,6.0063531596017325
DI02,D01,ATCTGTG,CGGACTT,WWRY,0.993,678,./TestDatasets/RealData/CHL1_S193_L001_R1_001.fastq.gz,./TestDatasets/RealData/CHL1_S193_L001_R2_001.fastq.gz,6.519147287940395
DI02,D02,AATGTGC,ACCGGAA,WWPD,0.99,386,./TestDatasets/RealData/CHL1_S193_L001_R1_001.fastq.gz,./TestDatasets/RealData/CHL1_S193_L001_R2_001.fastq.gz,5.955837369464831
DI02,D03,GAGTTGA,CCGAAGT,WWYS,0.974,456,./TestDatasets/RealData/CHL1_S193_L001_R1_001.fastq.gz,./TestDatasets/RealData/CHL1_S193_L001_R2_001.fastq.gz,6.1224928095143865
DI02,D04,TTCTCAC,GTTATGG,WWHS,0.987,451,./TestDatasets/RealData/CHL1_S193_L001_R1_001.fastq.gz,./TestDatasets/RealData/CHL1_S193_L001_R2_001.fastq.gz,6.111467339502679
DI02,D05,TGAAGCG,ATCCTCG,WWHH,0.962,422,./TestDatasets/RealData/CHL1_S193_L001_R1_001.fastq.gz,./TestDatasets/RealData/CHL1_S193_L001_R2_001.fastq.gz,6.045005314036012
DI02,D07,AGAGAAC,TATCCGG,WWRN,0.974,266,./TestDatasets/RealData/CHL1_S193_L001_R1_001.fastq.gz,./TestDatasets/RealData/CHL1_S193_L001_R2_001.fastq.gz,5.583496308781699
DI02,D08,CAGAGTG,AGCAAGA,WWLT,0.845,271,./TestDatasets/RealData/CHL1_S193_L001_R1_001.fastq.gz,./TestDatasets/RealData/CHL1_S193_L001_R2_001.fastq.gz,5.602118820879701
DI02,D09,TTCCGAA,TGTCGAC,WWSY,0.974,387,./TestDatasets/RealData/CHL1_S193_L001_R1_001.fastq.gz,./TestDatasets/RealData/CHL1_S193_L001_R2_001.fastq.gz,5.958424693029782
DI02,D10,GTACGAC,TTCCATG,CCPC,1.0,1,./TestDatasets/RealData/CHL1_S193_L001_R1_001.fastq.gz,./TestDatasets/RealData/CHL1_S193_L001_R2_001.fastq.gz,0.0
DI02,D11,ACTCTTG,GCAATCG,WWCD,0.985,391,./TestDatasets/RealData/CHL1_S193_L001_R1_001.fastq.gz,./TestDatasets/RealData/CHL1_S193_L001_R2_001.fastq.gz,5.968707559985366
DI02,D12,CCAACCA,TGAGTGG,WWSS,0.99,409,./TestDatasets/RealData/CHL1_S193_L001_R1_001.fastq.gz,./TestDatasets/RealData/CHL1_S193_L001_R2_001.fastq.gz,6.013715156042802
DI02,E01,CTCTAGA,TAGGAGA,CCCP,0.333,6,./TestDatasets/RealData/CHL1_S193_L001_R1_001.fastq.gz,./TestDatasets/RealData/CHL1_S193_L001_R2_001.fastq.gz,1.791759469228055
DI02,E02,AATCGGA,AGTCAGT,WWSY,0.98,496,./TestDatasets/RealData/CHL1_S193_L001_R1_001.fastq.gz,./TestDatasets/RealData/CHL1_S193_L001_R2_001.fastq.gz,6.206575926724928
DI02,E03,CGTCCTA,GTGCTGT,WWHC,0.9,20,./TestDatasets/RealData/CHL1_S193_L001_R1_001.fastq.gz,./TestDatasets/RealData/CHL1_S193_L001_R2_001.fastq.gz,2.995732273553991
DI02,E04,GGAATGT,CAACAAC,WWYY,0.964,391,./TestDatasets/RealData/CHL1_S193_L001_R1_001.fastq.gz,./TestDatasets/RealData/CHL1_S193_L001_R2_001.fastq.gz,5.968707559985366
DI02,E05,TCCAAGC,AATAGCC,WWSR,0.973,299,./TestDatasets/RealData/CHL1_S193_L001_R1_001.fastq.gz,./TestDatasets/RealData/CHL1_S193_L001_R2_001.fastq.gz,5.700443573390687
DI02,E06,GCACCTA,TCTGTGA,SMQL,0.995,195,./TestDatasets/RealData/CHL1_S193_L001_R1_001.fastq.gz,./TestDatasets/RealData/CHL1_S193_L001_R2_001.fastq.gz,5.272999558563747
DI02,E07,TTGCGTT,TGTGGTA,A,0.4,10,./TestDatasets/RealData/CHL1_S193_L001_R1_001.fastq.gz,./TestDatasets/RealData/CHL1_S193_L001_R2_001.fastq.gz,2.302585092994046
DI02,E08,CAGGATT,GCGTATG,WWSS,0.966,384,./TestDatasets/RealData/CHL1_S193_L001_R1_001.fastq.gz,./TestDatasets/RealData/CHL1_S193_L001_R2_001.fastq.gz,5.950642552587727
DI02,E09,CTGCATA,AGTTACG,WWLR,0.983,409,./TestDatasets/RealData/CHL1_S193_L001_R1_001.fastq.gz,./TestDatasets/RealData/CHL1_S193_L001_R2_001.fastq.gz,6.013715156042802
DI02,E10,CGTTGAG,TTCCTGC,WWYT,0.985,391,./TestDatasets/RealData/CHL1_S193_L001_R1_001.fastq.gz,./TestDatasets/RealData/CHL1_S193_L001_R2_001.fastq.gz,5.968707559985366
DI02,E12,GTGATCC,GGAGAGA,WWST,1.0,4,./TestDatasets/RealData/CHL1_S193_L001_R1_001.fastq.gz,./TestDatasets/RealData/CHL1_S193_L001_R2_001.fastq.gz,1.3862943611198906
DI02,F01,GCATGGT,CCTTAGG,WWFS,0.972,321,./TestDatasets/RealData/CHL1_S193_L001_R1_001.fastq.gz,./TestDatasets/RealData/CHL1_S193_L001_R2_001.fastq.gz,5.771441123130016
DI02,F02,GTCGTTA,TGTATCC,WWSS,0.981,418,./TestDatasets/RealData/CHL1_S193_L001_R1_001.fastq.gz,./TestDatasets/RealData/CHL1_S193_L001_R2_001.fastq.gz,6.035481432524756
DI02,F03,CCTGACA,CAACCTG,WWFY,0.977,215,./TestDatasets/RealData/CHL1_S193_L001_R1_001.fastq.gz,./TestDatasets/RealData/CHL1_S193_L001_R2_001.fastq.gz,5.3706380281276624
DI02,F04,AGTGTAG,CTGATGA,WWRR,0.748,489,./TestDatasets/RealData/CHL1_S193_L001_R1_001.fastq.gz,./TestDatasets/RealData/CHL1_S193_L001_R2_001.fastq.gz,6.192362489474872
DI02,F05,CGAGCAA,AAGACAG,WWHY,0.986,428,./TestDatasets/RealData/CHL1_S193_L001_R1_001.fastq.gz,./TestDatasets/RealData/CHL1_S193_L001_R2_001.fastq.gz,6.059123195581797
DI02,F07,GATGCCA,GATTGCG,WWRH,0.971,138,./TestDatasets/RealData/CHL1_S193_L001_R1_001.fastq.gz,./TestDatasets/RealData/CHL1_S193_L001_R2_001.fastq.gz,4.927253685157205
DI02,F08,GACCGAT,TCCTTCA,WWYY,0.978,409,./TestDatasets/RealData/CHL1_S193_L001_R1_001.fastq.gz,./TestDatasets/RealData/CHL1_S193_L001_R2_001.fastq.gz,6.013715156042802
DI02,F09,ACGTTGG,TCACAGG,WWLH,0.786,14,./TestDatasets/RealData/CHL1_S193_L001_R1_001.fastq.gz,./TestDatasets/RealData/CHL1_S193_L001_R2_001.fastq.gz,2.6390573296152584
DI02,F10,ATGAGCG,AGAGCTG,WWPH,0.96,227,./TestDatasets/RealData/CHL1_S193_L001_R1_001.fastq.gz,./TestDatasets/RealData/CHL1_S193_L001_R2_001.fastq.gz,5.424950017481403
DI02,F11,TACTCCG,CCTCTGT,WWLT,0.97,498,./TestDatasets/RealData/CHL1_S193_L001_R1_001.fastq.gz,./TestDatasets/RealData/CHL1_S193_L001_R2_001.fastq.gz,6.210600077024653
DI02,F12,GATTCAC,CCTCGAA,WWSY,0.973,516,./TestDatasets/RealData/CHL1_S193_L001_R1_001.fastq.gz,./TestDatasets/RealData/CHL1_S193_L001_R2_001.fastq.gz,6.246106765481563
DI02,G01,ATGACGC,GTGTCTC,WWHS,0.986,568,./TestDatasets/RealData/CHL1_S193_L001_R1_001.fastq.gz,./TestDatasets/RealData/CHL1_S193_L001_R2_001.fastq.gz,6.342121418721152
DI02,G02,GGTTGTT,ATTGAGG,WWYS,0.578,360,./TestDatasets/RealData/CHL1_S193_L001_R1_001.fastq.gz,./TestDatasets/RealData/CHL1_S193_L001_R2_001.fastq.gz,5.886104031450156
DI02,G03,GTACTTG,GACAATC,WWFH,0.988,242,./TestDatasets/RealData/CHL1_S193_L001_R1_001.fastq.gz,./TestDatasets/RealData/CHL1_S193_L001_R2_001.fastq.gz,5.488937726156687
DI02,G04,TAGCAAG,CACTTGC,CCCR,0.5,2,./TestDatasets/RealData/CHL1_S193_L001_R1_001.fastq.gz,./TestDatasets/RealData/CHL1_S193_L001_R2_001.fastq.gz,0.6931471805599453
DI02,G04,TAGCAAG,CACTTGC,RCCS,0.5,2,./TestDatasets/RealData/CHL1_S193_L001_R1_001.fastq.gz,./TestDatasets/RealData/CHL1_S193_L001_R2_001.fastq.gz,0.6931471805599453
DI02,G05,CTGCCAT,TGAACGC,CCCC,1.0,1,./TestDatasets/RealData/CHL1_S193_L001_R1_001.fastq.gz,./TestDatasets/RealData/CHL1_S193_L001_R2_001.fastq.gz,0.0
DI02,G06,GAGAACA,CGTAGCA,SMQL,0.994,332,./TestDatasets/RealData/CHL1_S193_L001_R1_001.fastq.gz,./TestDatasets/RealData/CHL1_S193_L001_R2_001.fastq.gz,5.805134968916488
DI02,G07,GTATAGC,AGGTTCC,WWHH,0.962,314,./TestDatasets/RealData/CHL1_S193_L001_R1_001.fastq.gz,./TestDatasets/RealData/CHL1_S193_L001_R2_001.fastq.gz,5.749392985908253
DI02,G08,TGATGGA,GTACACA,WWPR,0.987,385,./TestDatasets/RealData/CHL1_S193_L001_R1_001.fastq.gz,./TestDatasets/RealData/CHL1_S193_L001_R2_001.fastq.gz,5.953243334287785
DI02,G09,GGCAGTA,GATAGGT,WWHT,0.983,236,./TestDatasets/RealData/CHL1_S193_L001_R1_001.fastq.gz,./TestDatasets/RealData/CHL1_S193_L001_R2_001.fastq.gz,5.4638318050256105
DI02,G10,GAAGAAG,TAGCCTC,CCWF,0.5,4,./TestDatasets/RealData/CHL1_S193_L001_R1_001.fastq.gz,./TestDatasets/RealData/CHL1_S193_L001_R2_001.fastq.gz,1.3862943611198906
DI02,G11,AGCGGTT,TTCAGCC,WWYN,0.971,275,./TestDatasets/RealData/CHL1_S193_L001_R1_001.fastq.gz,./TestDatasets/RealData/CHL1_S193_L001_R2_001.fastq.gz,5.616771097666572
DI02,G12,TAAGGCC,GGATTCA,WWPC,0.994,472,./TestDatasets/RealData/CHL1_S193_L001_R1_001.fastq.gz,./TestDatasets/RealData/CHL1_S193_L001_R2_001.fastq.gz,6.156978985585555
DI02,H01,AACCTGT,TGAGCCT,WWSC,0.978,671,./TestDatasets/RealData/CHL1_S193_L001_R1_001.fastq.gz,./TestDatasets/RealData/CHL1_S193_L001_R2_001.fastq.gz,6.508769136971682
DI02,H02,AGTACAC,AACGCGA,WWPY,0.988,517,./TestDatasets/RealData/CHL1_S193_L001_R1_001.fastq.gz,./TestDatasets/RealData/CHL1_S193_L001_R2_001.fastq.gz,6.248042874508429
DI02,H03,CTCGTAG,TCATTGC,WWLN,0.864,22,./TestDatasets/RealData/CHL1_S193_L001_R1_001.fastq.gz,./TestDatasets/RealData/CHL1_S193_L001_R2_001.fastq.gz,3.091042453358316
DI02,H04,CTAGGTG,AGCATCT,WWHN,0.981,411,./TestDatasets/RealData/CHL1_S193_L001_R1_001.fastq.gz,./TestDatasets/RealData/CHL1_S193_L001_R2_001.fastq.gz,6.018593214496234
DI02,H05,CGATACC,TTGGTCT,WWHT,0.595,410,./TestDatasets/RealData/CHL1_S193_L001_R1_001.fastq.gz,./TestDatasets/RealData/CHL1_S193_L001_R2_001.fastq.gz,6.016157159698354
DI02,H07,CGGTTGT,AGACGTC,WWCY,0.636,11,./TestDatasets/RealData/CHL1_S193_L001_R1_001.fastq.gz,./TestDatasets/RealData/CHL1_S193_L001_R2_001.fastq.gz,2.3978952727983707
DI02,H08,ATTGCCT,AGGTCAA,CCCS,0.4,5,./TestDatasets/RealData/CHL1_S193_L001_R1_001.fastq.gz,./TestDatasets/RealData/CHL1_S193_L001_R2_001.fastq.gz,1.6094379124341003
DI02,H09,CATTCGA,ATGCTAC,CCPH,0.5,2,./TestDatasets/RealData/CHL1_S193_L001_R1_001.fastq.gz,./TestDatasets/RealData/CHL1_S193_L001_R2_001.fastq.gz,0.6931471805599453
DI02,H09,CATTCGA,ATGCTAC,CCCI,0.5,2,./TestDatasets/RealData/CHL1_S193_L001_R1_001.fastq.gz,./TestDatasets/RealData/CHL1_S193_L001_R2_001.fastq.gz,0.6931471805599453
DI02,H10,GCACAAT,CTCTGAT,WWSY,0.988,344,./TestDatasets/RealData/CHL1_S193_L001_R1_001.fastq.gz,./TestDatasets/RealData/CHL1_S193_L001_R2_001.fastq.gz,5.840641657373398
DI02,H11,GCAGTAA,TCAAGTC,WWYN,0.5,2,./TestDatasets/RealData/CHL1_S193_L001_R1_001.fastq.gz,./TestDatasets/RealData/CHL1_S193_L001_R2_001.fastq.gz,0.6931471805599453
DI02,H11,GCAGTAA,TCAAGTC,CCYH,0.5,2,./TestDatasets/RealData/CHL1_S193_L001_R1_001.fastq.gz,./TestDatasets/RealData/CHL1_S193_L001_R2_001.fastq.gz,0.6931471805599453
DI02,H12,CCTAATC,TCGAGCT,WWLR,0.979,242,./TestDatasets/RealData/CHL1_S193_L001_R1_001.fastq.gz,./TestDatasets/RealData/CHL1_S193_L001_R2_001.fastq.gz,5.488937726156687
