Plate,Well,F-BC,R-BC,VariantCombo,AlignmentFrequency,WellSeqDepth,R1,R2,logseqdepth,Row,Column
DI04,A01,GATCATG,GTGTCTC,DYCC,0.976,252,./TestDatasets/RealData/CHL1_S193_L001_R1_001.fastq.gz,./TestDatasets/RealData/CHL1_S193_L001_R2_001.fastq.gz,5.529429087511423,A,1
DI04,A02,TACATGG,ATTGAGG,GTCC,0.984,386,./TestDatasets/RealData/CHL1_S193_L001_R1_001.fastq.gz,./TestDatasets/RealData/CHL1_S193_L001_R2_001.fastq.gz,5.955837369464831,A,2
DI04,A03,AAGCACC,GACAATC,DCCC,0.969,359,./TestDatasets/RealData/CHL1_S193_L001_R1_001.fastq.gz,./TestDatasets/RealData/CHL1_S193_L001_R2_001.fastq.gz,5.883322388488279,A,3
DI04,A04,TGGCTCA,CACTTGC,DHCC,0.98,357,./TestDatasets/RealData/CHL1_S193_L001_R1_001.fastq.gz,./TestDatasets/RealData/CHL1_S193_L001_R2_001.fastq.gz,5.877735781779639,A,4
DI04,A05,CTTGCTC,TGAACGC,GYCC,0.98,301,./TestDatasets/RealData/CHL1_S193_L001_R1_001.fastq.gz,./TestDatasets/RealData/CHL1_S193_L001_R2_001.fastq.gz,5.707110264748875,A,5
DI04,A06,GAAGCGT,CGTAGCA,SMQL,0.983,287,./TestDatasets/RealData/CHL1_S193_L001_R1_001.fastq.gz,./TestDatasets/RealData/CHL1_S193_L001_R2_001.fastq.gz,5.659482215759621,A,6
DI04,A07,TCTCCAT,AGGTTCC,DYCC,0.979,378,./TestDatasets/RealData/CHL1_S193_L001_R1_001.fastq.gz,./TestDatasets/RealData/CHL1_S193_L001_R2_001.fastq.gz,5.934894195619588,A,7
DI04,A08,TTGAAGG,GTACACA,CCWS,0.972,422,./TestDatasets/RealData/CHL1_S193_L001_R1_001.fastq.gz,./TestDatasets/RealData/CHL1_S193_L001_R2_001.fastq.gz,6.045005314036012,A,8
DI04,A09,GAATGTC,GATAGGT,CCWG,0.964,196,./TestDatasets/RealData/CHL1_S193_L001_R1_001.fastq.gz,./TestDatasets/RealData/CHL1_S193_L001_R2_001.fastq.gz,5.278114659230517,A,9
DI04,A10,ATCTCCA,TAGCCTC,GCCC,0.983,640,./TestDatasets/RealData/CHL1_S193_L001_R1_001.fastq.gz,./TestDatasets/RealData/CHL1_S193_L001_R2_001.fastq.gz,6.461468176353717,A,10
DI04,A11,GCGTTAT,TTCAGCC,DSCC,0.981,376,./TestDatasets/RealData/CHL1_S193_L001_R1_001.fastq.gz,./TestDatasets/RealData/CHL1_S193_L001_R2_001.fastq.gz,5.929589143389895,A,11
DI04,A12,TGCACCA,GGATTCA,DRCC,0.985,733,./TestDatasets/RealData/CHL1_S193_L001_R1_001.fastq.gz,./TestDatasets/RealData/CHL1_S193_L001_R2_001.fastq.gz,6.597145701886651,A,12
DI04,B01,TGCCTAT,TGAGCCT,WWLR,0.286,7,./TestDatasets/RealData/CHL1_S193_L001_R1_001.fastq.gz,./TestDatasets/RealData/CHL1_S193_L001_R2_001.fastq.gz,1.9459101490553132,B,1
DI04,B01,TGCCTAT,TGAGCCT,WWSC,0.286,7,./TestDatasets/RealData/CHL1_S193_L001_R1_001.fastq.gz,./TestDatasets/RealData/CHL1_S193_L001_R2_001.fastq.gz,1.9459101490553132,B,1
DI04,B01,TGCCTAT,TGAGCCT,WWFR,0.286,7,./TestDatasets/RealData/CHL1_S193_L001_R1_001.fastq.gz,./TestDatasets/RealData/CHL1_S193_L001_R2_001.fastq.gz,1.9459101490553132,B,1
DI04,B02,AGGAATC,AACGCGA,GCCC,0.958,312,./TestDatasets/RealData/CHL1_S193_L001_R1_001.fastq.gz,./TestDatasets/RealData/CHL1_S193_L001_R2_001.fastq.gz,5.7430031878094825,B,2
DI04,B03,TCCACTG,TCATTGC,DSCC,0.965,171,./TestDatasets/RealData/CHL1_S193_L001_R1_001.fastq.gz,./TestDatasets/RealData/CHL1_S193_L001_R2_001.fastq.gz,5.14166355650266,B,3
DI04,B04,TTGTACC,AGCATCT,GNCC,0.976,169,./TestDatasets/RealData/CHL1_S193_L001_R1_001.fastq.gz,./TestDatasets/RealData/CHL1_S193_L001_R2_001.fastq.gz,5.1298987149230735,B,4
DI04,B05,TTCGAGT,TTGGTCT,DTCG,0.96,100,./TestDatasets/RealData/CHL1_S193_L001_R1_001.fastq.gz,./TestDatasets/RealData/CHL1_S193_L001_R2_001.fastq.gz,4.605170185988092,B,5
DI04,B06,CTTCAGC,CAAGGAT,SMQH,0.4,10,./TestDatasets/RealData/CHL1_S193_L001_R1_001.fastq.gz,./TestDatasets/RealData/CHL1_S193_L001_R2_001.fastq.gz,2.302585092994046,B,6
DI04,B07,CAGTGCA,AGACGTC,GHCC,0.982,340,./TestDatasets/RealData/CHL1_S193_L001_R1_001.fastq.gz,./TestDatasets/RealData/CHL1_S193_L001_R2_001.fastq.gz,5.8289456176102075,B,7
DI04,B08,TGCTGTC,AGGTCAA,DSCC,0.966,235,./TestDatasets/RealData/CHL1_S193_L001_R1_001.fastq.gz,./TestDatasets/RealData/CHL1_S193_L001_R2_001.fastq.gz,5.459585514144159,B,8
DI04,B09,CGCCATT,ATGCTAC,GRCC,0.904,228,./TestDatasets/RealData/CHL1_S193_L001_R1_001.fastq.gz,./TestDatasets/RealData/CHL1_S193_L001_R2_001.fastq.gz,5.429345628954441,B,9
DI04,B10,GCCATGA,CTCTGAT,DPCG,0.987,157,./TestDatasets/RealData/CHL1_S193_L001_R1_001.fastq.gz,./TestDatasets/RealData/CHL1_S193_L001_R2_001.fastq.gz,5.056245805348308,B,10
DI04,B11,CACAACG,TCAAGTC,DSCG,0.976,166,./TestDatasets/RealData/CHL1_S193_L001_R1_001.fastq.gz,./TestDatasets/RealData/CHL1_S193_L001_R2_001.fastq.gz,5.111987788356544,B,11
DI04,B12,CTTCGCT,TCGAGCT,DNCP,0.5,2,./TestDatasets/RealData/CHL1_S193_L001_R1_001.fastq.gz,./TestDatasets/RealData/CHL1_S193_L001_R2_001.fastq.gz,0.6931471805599453,B,12
DI04,B12,CTTCGCT,TCGAGCT,WWYC,0.5,2,./TestDatasets/RealData/CHL1_S193_L001_R1_001.fastq.gz,./TestDatasets/RealData/CHL1_S193_L001_R2_001.fastq.gz,0.6931471805599453,B,12
DI04,C01,TCGTGAA,ACAGTCT,GSCC,0.978,408,./TestDatasets/RealData/CHL1_S193_L001_R1_001.fastq.gz,./TestDatasets/RealData/CHL1_S193_L001_R2_001.fastq.gz,6.0112671744041615,C,1
DI04,C02,TTATCGG,CAGATAC,DYCC,0.976,251,./TestDatasets/RealData/CHL1_S193_L001_R1_001.fastq.gz,./TestDatasets/RealData/CHL1_S193_L001_R2_001.fastq.gz,5.5254529391317835,C,2
DI04,C03,AGACCAT,TACGTTC,GCCC,0.984,501,./TestDatasets/RealData/CHL1_S193_L001_R1_001.fastq.gz,./TestDatasets/RealData/CHL1_S193_L001_R2_001.fastq.gz,6.2166061010848646,C,3
DI04,C04,ACATGAG,ACGGTTC,GSCG,0.979,94,./TestDatasets/RealData/CHL1_S193_L001_R1_001.fastq.gz,./TestDatasets/RealData/CHL1_S193_L001_R2_001.fastq.gz,4.543294782270004,C,4
DI04,C05,ACGTACT,CATCGTC,GSCC,0.981,362,./TestDatasets/RealData/CHL1_S193_L001_R1_001.fastq.gz,./TestDatasets/RealData/CHL1_S193_L001_R2_001.fastq.gz,5.8916442118257715,C,5
DI04,C06,CACCTCA,TACGCAT,SMQL,0.99,306,./TestDatasets/RealData/CHL1_S193_L001_R1_001.fastq.gz,./TestDatasets/RealData/CHL1_S193_L001_R2_001.fastq.gz,5.723585101952381,C,6
DI04,C07,GTTGGAG,CTTAGAC,DYCC,0.978,274,./TestDatasets/RealData/CHL1_S193_L001_R1_001.fastq.gz,./TestDatasets/RealData/CHL1_S193_L001_R2_001.fastq.gz,5.6131281063880705,C,7
DI04,C08,TGTTCTG,AACTGAC,DSCC,0.98,344,./TestDatasets/RealData/CHL1_S193_L001_R1_001.fastq.gz,./TestDatasets/RealData/CHL1_S193_L001_R2_001.fastq.gz,5.840641657373398,C,8
DI04,C09,CTTACGT,ACTTGCA,DSCC,0.986,485,./TestDatasets/RealData/CHL1_S193_L001_R1_001.fastq.gz,./TestDatasets/RealData/CHL1_S193_L001_R2_001.fastq.gz,6.184148890937483,C,9
DI04,C10,GAGGTTG,ACGCGAT,DRCC,0.984,435,./TestDatasets/RealData/CHL1_S193_L001_R1_001.fastq.gz,./TestDatasets/RealData/CHL1_S193_L001_R2_001.fastq.gz,6.075346031088684,C,10
DI04,C11,ATGGACA,TCGACAC,DCCC,0.989,358,./TestDatasets/RealData/CHL1_S193_L001_R1_001.fastq.gz,./TestDatasets/RealData/CHL1_S193_L001_R2_001.fastq.gz,5.8805329864007,C,11
DI04,C12,ACACTGA,ACTCAAC,GCCC,0.652,181,./TestDatasets/RealData/CHL1_S193_L001_R1_001.fastq.gz,./TestDatasets/RealData/CHL1_S193_L001_R2_001.fastq.gz,5.198497031265826,C,12
DI04,D01,ATCTGTG,GAACTGC,WWYH,0.983,354,./TestDatasets/RealData/CHL1_S193_L001_R1_001.fastq.gz,./TestDatasets/RealData/CHL1_S193_L001_R2_001.fastq.gz,5.869296913133774,D,1
DI04,D02,AATGTGC,ACCAGGT,CCVG,0.969,163,./TestDatasets/RealData/CHL1_S193_L001_R1_001.fastq.gz,./TestDatasets/RealData/CHL1_S193_L001_R2_001.fastq.gz,5.093750200806762,D,2
DI04,D03,GAGTTGA,TCTAGAG,CCFC,0.972,355,./TestDatasets/RealData/CHL1_S193_L001_R1_001.fastq.gz,./TestDatasets/RealData/CHL1_S193_L001_R2_001.fastq.gz,5.872117789475416,D,3
DI04,D04,TTCTCAC,CACACAA,CCSF,0.991,430,./TestDatasets/RealData/CHL1_S193_L001_R1_001.fastq.gz,./TestDatasets/RealData/CHL1_S193_L001_R2_001.fastq.gz,6.063785208687608,D,4
DI04,D05,TGAAGCG,GTGGAAC,CCDP,0.995,198,./TestDatasets/RealData/CHL1_S193_L001_R1_001.fastq.gz,./TestDatasets/RealData/CHL1_S193_L001_R2_001.fastq.gz,5.288267030694535,D,5
DI04,D06,GCTACAA,ATATGCC,SMQV,1.0,1,./TestDatasets/RealData/CHL1_S193_L001_R1_001.fastq.gz,./TestDatasets/RealData/CHL1_S193_L001_R2_001.fastq.gz,0.0,D,6
DI04,D07,AGAGAAC,GGTCTGA,CCDS,0.778,9,./TestDatasets/RealData/CHL1_S193_L001_R1_001.fastq.gz,./TestDatasets/RealData/CHL1_S193_L001_R2_001.fastq.gz,2.1972245773362196,D,7
DI04,D08,CAGAGTG,GTGAGAT,CCRC,0.986,420,./TestDatasets/RealData/CHL1_S193_L001_R1_001.fastq.gz,./TestDatasets/RealData/CHL1_S193_L001_R2_001.fastq.gz,6.040254711277414,D,8
DI04,D09,TTCCGAA,TTGGCAG,CCSL,0.988,331,./TestDatasets/RealData/CHL1_S193_L001_R1_001.fastq.gz,./TestDatasets/RealData/CHL1_S193_L001_R2_001.fastq.gz,5.802118375377063,D,9
DI04,D10,GTACGAC,ATGCCTG,CCAY,0.986,500,./TestDatasets/RealData/CHL1_S193_L001_R1_001.fastq.gz,./TestDatasets/RealData/CHL1_S193_L001_R2_001.fastq.gz,6.214608098422191,D,10
DI04,D11,ACTCTTG,TCCGAAG,CCCL,0.976,460,./TestDatasets/RealData/CHL1_S193_L001_R1_001.fastq.gz,./TestDatasets/RealData/CHL1_S193_L001_R2_001.fastq.gz,6.131226489483141,D,11
DI04,D12,CCAACCA,GGCTTAC,CCVV,0.982,338,./TestDatasets/RealData/CHL1_S193_L001_R1_001.fastq.gz,./TestDatasets/RealData/CHL1_S193_L001_R2_001.fastq.gz,5.823045895483019,D,12
DI04,E01,CTCTAGA,AGTTGGC,CCCP,0.985,325,./TestDatasets/RealData/CHL1_S193_L001_R1_001.fastq.gz,./TestDatasets/RealData/CHL1_S193_L001_R2_001.fastq.gz,5.783825182329737,E,1
DI04,E02,AATCGGA,AACGATG,CCYC,0.969,321,./TestDatasets/RealData/CHL1_S193_L001_R1_001.fastq.gz,./TestDatasets/RealData/CHL1_S193_L001_R2_001.fastq.gz,5.771441123130016,E,2
DI04,E03,CGTCCTA,ACTACCG,CCFD,0.976,294,./TestDatasets/RealData/CHL1_S193_L001_R1_001.fastq.gz,./TestDatasets/RealData/CHL1_S193_L001_R2_001.fastq.gz,5.683579767338681,E,3
DI04,E04,GGAATGT,GGTGTCT,CCSS,0.955,224,./TestDatasets/RealData/CHL1_S193_L001_R1_001.fastq.gz,./TestDatasets/RealData/CHL1_S193_L001_R2_001.fastq.gz,5.4116460518550396,E,4
DI04,E05,TCCAAGC,CCAGCTT,WWPR,0.527,256,./TestDatasets/RealData/CHL1_S193_L001_R1_001.fastq.gz,./TestDatasets/RealData/CHL1_S193_L001_R2_001.fastq.gz,5.545177444479562,E,5
DI04,E06,GCACCTA,TTAGACG,SMQL,0.983,178,./TestDatasets/RealData/CHL1_S193_L001_R1_001.fastq.gz,./TestDatasets/RealData/CHL1_S193_L001_R2_001.fastq.gz,5.181783550292085,E,6
DI04,E07,TTGCGTT,ACCATAC,CCAD,0.981,419,./TestDatasets/RealData/CHL1_S193_L001_R1_001.fastq.gz,./TestDatasets/RealData/CHL1_S193_L001_R2_001.fastq.gz,6.037870919922137,E,7
DI04,E08,CAGGATT,GACGACT,CCAF,0.983,478,./TestDatasets/RealData/CHL1_S193_L001_R1_001.fastq.gz,./TestDatasets/RealData/CHL1_S193_L001_R2_001.fastq.gz,6.169610732491456,E,8
DI04,E09,CTGCATA,GTCACCT,CCLC,0.975,433,./TestDatasets/RealData/CHL1_S193_L001_R1_001.fastq.gz,./TestDatasets/RealData/CHL1_S193_L001_R2_001.fastq.gz,6.07073772800249,E,9
DI04,E10,CGTTGAG,CGTGATG,CCHH,0.983,115,./TestDatasets/RealData/CHL1_S193_L001_R1_001.fastq.gz,./TestDatasets/RealData/CHL1_S193_L001_R2_001.fastq.gz,4.74493212836325,E,10
DI04,E11,TGCTACT,GCTTCCT,CCYD,1.0,8,./TestDatasets/RealData/CHL1_S193_L001_R1_001.fastq.gz,./TestDatasets/RealData/CHL1_S193_L001_R2_001.fastq.gz,2.0794415416798357,E,11
DI04,E12,GTGATCC,TAGACGT,CCRH,1.0,5,./TestDatasets/RealData/CHL1_S193_L001_R1_001.fastq.gz,./TestDatasets/RealData/CHL1_S193_L001_R2_001.fastq.gz,1.6094379124341003,E,12
DI04,F01,GCATGGT,CGGACTT,WWSD,0.978,458,./TestDatasets/RealData/CHL1_S193_L001_R1_001.fastq.gz,./TestDatasets/RealData/CHL1_S193_L001_R2_001.fastq.gz,6.126869184114185,F,1
DI04,F02,GTCGTTA,ACCGGAA,WWSA,0.974,340,./TestDatasets/RealData/CHL1_S193_L001_R1_001.fastq.gz,./TestDatasets/RealData/CHL1_S193_L001_R2_001.fastq.gz,5.8289456176102075,F,2
DI04,F03,CCTGACA,CCGAAGT,CCSA,0.959,97,./TestDatasets/RealData/CHL1_S193_L001_R1_001.fastq.gz,./TestDatasets/RealData/CHL1_S193_L001_R2_001.fastq.gz,4.574710978503383,F,3
DI04,F04,AGTGTAG,GTTATGG,CCLP,0.987,460,./TestDatasets/RealData/CHL1_S193_L001_R1_001.fastq.gz,./TestDatasets/RealData/CHL1_S193_L001_R2_001.fastq.gz,6.131226489483141,F,4
DI04,F05,CGAGCAA,ATCCTCG,CCPF,0.971,560,./TestDatasets/RealData/CHL1_S193_L001_R1_001.fastq.gz,./TestDatasets/RealData/CHL1_S193_L001_R2_001.fastq.gz,6.327936783729195,F,5
DI04,F06,CTACTCC,CGAATAG,SMQL,1.0,1,./TestDatasets/RealData/CHL1_S193_L001_R1_001.fastq.gz,./TestDatasets/RealData/CHL1_S193_L001_R2_001.fastq.gz,0.0,F,6
DI04,F07,GATGCCA,TATCCGG,WWYN,0.964,357,./TestDatasets/RealData/CHL1_S193_L001_R1_001.fastq.gz,./TestDatasets/RealData/CHL1_S193_L001_R2_001.fastq.gz,5.877735781779639,F,7
DI04,F08,GACCGAT,AGCAAGA,CCPY,0.979,573,./TestDatasets/RealData/CHL1_S193_L001_R1_001.fastq.gz,./TestDatasets/RealData/CHL1_S193_L001_R2_001.fastq.gz,6.35088571671474,F,8
DI04,F09,ACGTTGG,TGTCGAC,CCSH,0.978,504,./TestDatasets/RealData/CHL1_S193_L001_R1_001.fastq.gz,./TestDatasets/RealData/CHL1_S193_L001_R2_001.fastq.gz,6.222576268071369,F,9
DI04,F10,ATGAGCG,TTCCATG,CCLC,0.98,498,./TestDatasets/RealData/CHL1_S193_L001_R1_001.fastq.gz,./TestDatasets/RealData/CHL1_S193_L001_R2_001.fastq.gz,6.210600077024653,F,10
DI04,F11,TACTCCG,GCAATCG,CCFC,0.997,322,./TestDatasets/RealData/CHL1_S193_L001_R1_001.fastq.gz,./TestDatasets/RealData/CHL1_S193_L001_R2_001.fastq.gz,5.7745515455444085,F,11
DI04,F12,GATTCAC,TGAGTGG,CCGY,0.75,28,./TestDatasets/RealData/CHL1_S193_L001_R1_001.fastq.gz,./TestDatasets/RealData/CHL1_S193_L001_R2_001.fastq.gz,3.332204510175204,F,12
DI04,G01,ATGACGC,TAGGAGA,CCPV,0.982,383,./TestDatasets/RealData/CHL1_S193_L001_R1_001.fastq.gz,./TestDatasets/RealData/CHL1_S193_L001_R2_001.fastq.gz,5.948034989180646,G,1
DI04,G02,GGTTGTT,AGTCAGT,CCCS,0.571,7,./TestDatasets/RealData/CHL1_S193_L001_R1_001.fastq.gz,./TestDatasets/RealData/CHL1_S193_L001_R2_001.fastq.gz,1.9459101490553132,G,2
DI04,G03,GTACTTG,GTGCTGT,CCLC,0.956,160,./TestDatasets/RealData/CHL1_S193_L001_R1_001.fastq.gz,./TestDatasets/RealData/CHL1_S193_L001_R2_001.fastq.gz,5.075173815233827,G,3
DI04,G04,TAGCAAG,CAACAAC,WWDC,0.979,332,./TestDatasets/RealData/CHL1_S193_L001_R1_001.fastq.gz,./TestDatasets/RealData/CHL1_S193_L001_R2_001.fastq.gz,5.805134968916488,G,4
DI04,G05,CTGCCAT,AATAGCC,GNWP,0.967,90,./TestDatasets/RealData/CHL1_S193_L001_R1_001.fastq.gz,./TestDatasets/RealData/CHL1_S193_L001_R2_001.fastq.gz,4.499809670330265,G,5
DI04,G06,GAGAACA,TCTGTGA,SMQL,0.97,268,./TestDatasets/RealData/CHL1_S193_L001_R1_001.fastq.gz,./TestDatasets/RealData/CHL1_S193_L001_R2_001.fastq.gz,5.5909869805108565,G,6
DI04,G07,GTATAGC,TGTGGTA,CCRA,0.97,267,./TestDatasets/RealData/CHL1_S193_L001_R1_001.fastq.gz,./TestDatasets/RealData/CHL1_S193_L001_R2_001.fastq.gz,5.58724865840025,G,7
DI04,G08,TGATGGA,GCGTATG,CCDY,0.99,391,./TestDatasets/RealData/CHL1_S193_L001_R1_001.fastq.gz,./TestDatasets/RealData/CHL1_S193_L001_R2_001.fastq.gz,5.968707559985366,G,8
DI04,G09,GGCAGTA,AGTTACG,CCSL,0.667,6,./TestDatasets/RealData/CHL1_S193_L001_R1_001.fastq.gz,./TestDatasets/RealData/CHL1_S193_L001_R2_001.fastq.gz,1.791759469228055,G,9
DI04,G10,GAAGAAG,TTCCTGC,CCGG,0.967,122,./TestDatasets/RealData/CHL1_S193_L001_R1_001.fastq.gz,./TestDatasets/RealData/CHL1_S193_L001_R2_001.fastq.gz,4.804021044733257,G,10
DI04,G11,AGCGGTT,TATGTCG,CCAL,0.333,6,./TestDatasets/RealData/CHL1_S193_L001_R1_001.fastq.gz,./TestDatasets/RealData/CHL1_S193_L001_R2_001.fastq.gz,1.791759469228055,G,11
DI04,G12,TAAGGCC,GGAGAGA,CCAP,0.979,374,./TestDatasets/RealData/CHL1_S193_L001_R1_001.fastq.gz,./TestDatasets/RealData/CHL1_S193_L001_R2_001.fastq.gz,5.924255797414532,G,12
DI04,H01,AACCTGT,CCTTAGG,CCHA,0.98,712,./TestDatasets/RealData/CHL1_S193_L001_R1_001.fastq.gz,./TestDatasets/RealData/CHL1_S193_L001_R2_001.fastq.gz,6.568077911411976,H,1
DI04,H02,AGTACAC,TGTATCC,CCHP,0.583,12,./TestDatasets/RealData/CHL1_S193_L001_R1_001.fastq.gz,./TestDatasets/RealData/CHL1_S193_L001_R2_001.fastq.gz,2.4849066497880004,H,2
DI04,H03,CTCGTAG,CAACCTG,CCWD,0.836,220,./TestDatasets/RealData/CHL1_S193_L001_R1_001.fastq.gz,./TestDatasets/RealData/CHL1_S193_L001_R2_001.fastq.gz,5.393627546352362,H,3
DI04,H04,CTAGGTG,CTGATGA,CCHL,1.0,1,./TestDatasets/RealData/CHL1_S193_L001_R1_001.fastq.gz,./TestDatasets/RealData/CHL1_S193_L001_R2_001.fastq.gz,0.0,H,4
DI04,H05,CGATACC,AAGACAG,CCWP,0.98,204,./TestDatasets/RealData/CHL1_S193_L001_R1_001.fastq.gz,./TestDatasets/RealData/CHL1_S193_L001_R2_001.fastq.gz,5.318119993844216,H,5
DI04,H06,TCGGCTA,AGCTCGT,SMQN,0.667,3,./TestDatasets/RealData/CHL1_S193_L001_R1_001.fastq.gz,./TestDatasets/RealData/CHL1_S193_L001_R2_001.fastq.gz,1.0986122886681098,H,6
DI04,H07,CGGTTGT,GATTGCG,CCCR,0.984,366,./TestDatasets/RealData/CHL1_S193_L001_R1_001.fastq.gz,./TestDatasets/RealData/CHL1_S193_L001_R2_001.fastq.gz,5.902633333401366,H,7
DI04,H08,ATTGCCT,TCCTTCA,CCWA,0.969,414,./TestDatasets/RealData/CHL1_S193_L001_R1_001.fastq.gz,./TestDatasets/RealData/CHL1_S193_L001_R2_001.fastq.gz,6.025865973825314,H,8
DI04,H09,CATTCGA,TCACAGG,CCWP,0.973,298,./TestDatasets/RealData/CHL1_S193_L001_R1_001.fastq.gz,./TestDatasets/RealData/CHL1_S193_L001_R2_001.fastq.gz,5.697093486505405,H,9
DI04,H10,GCACAAT,AGAGCTG,WWCY,0.5,2,./TestDatasets/RealData/CHL1_S193_L001_R1_001.fastq.gz,./TestDatasets/RealData/CHL1_S193_L001_R2_001.fastq.gz,0.6931471805599453,H,10
DI04,H10,GCACAAT,AGAGCTG,CCYH,0.5,2,./TestDatasets/RealData/CHL1_S193_L001_R1_001.fastq.gz,./TestDatasets/RealData/CHL1_S193_L001_R2_001.fastq.gz,0.6931471805599453,H,10
DI04,H11,GCAGTAA,CCTCTGT,RCWV,0.972,181,./TestDatasets/RealData/CHL1_S193_L001_R1_001.fastq.gz,./TestDatasets/RealData/CHL1_S193_L001_R2_001.fastq.gz,5.198497031265826,H,11
DI04,H12,CCTAATC,CCTCGAA,RCCV,1.0,44,./TestDatasets/RealData/CHL1_S193_L001_R1_001.fastq.gz,./TestDatasets/RealData/CHL1_S193_L001_R2_001.fastq.gz,3.784189633918261,H,12
