Plate,Well,F-BC,R-BC,VariantCombo,AlignmentFrequency,WellSeqDepth,R1,R2,logseqdepth
DI01,A01,GATCATG,GAACTGC,DHCP,0.929,84,./TestDatasets/RealData/CHL1_S193_L001_R1_001.fastq.gz,./TestDatasets/RealData/CHL1_S193_L001_R2_001.fastq.gz,4.430816798843313
DI01,A02,TACATGG,ACCAGGT,VAWP,0.701,174,./TestDatasets/RealData/CHL1_S193_L001_R1_001.fastq.gz,./TestDatasets/RealData/CHL1_S193_L001_R2_001.fastq.gz,5.159055299214529
DI01,A03,AAGCACC,TCTAGAG,GDCP,0.861,72,./TestDatasets/RealData/CHL1_S193_L001_R1_001.fastq.gz,./TestDatasets/RealData/CHL1_S193_L001_R2_001.fastq.gz,4.276666119016055
DI01,A04,TGGCTCA,CACACAA,WWFC,0.286,7,./TestDatasets/RealData/CHL1_S193_L001_R1_001.fastq.gz,./TestDatasets/RealData/CHL1_S193_L001_R2_001.fastq.gz,1.9459101490553132
DI01,A04,TGGCTCA,CACACAA,DAWP,0.286,7,./TestDatasets/RealData/CHL1_S193_L001_R1_001.fastq.gz,./TestDatasets/RealData/CHL1_S193_L001_R2_001.fastq.gz,1.9459101490553132
DI01,A05,CTTGCTC,GTGGAAC,DACP,0.971,136,./TestDatasets/RealData/CHL1_S193_L001_R1_001.fastq.gz,./TestDatasets/RealData/CHL1_S193_L001_R2_001.fastq.gz,4.912654885736052
DI01,A06,GAAGCGT,ATATGCC,SMQL,0.972,212,./TestDatasets/RealData/CHL1_S193_L001_R1_001.fastq.gz,./TestDatasets/RealData/CHL1_S193_L001_R2_001.fastq.gz,5.356586274672012
DI01,A07,TCTCCAT,GGTCTGA,GTWP,0.865,89,./TestDatasets/RealData/CHL1_S193_L001_R1_001.fastq.gz,./TestDatasets/RealData/CHL1_S193_L001_R2_001.fastq.gz,4.48863636973214
DI01,A08,TTGAAGG,GTGAGAT,GSWP,1.0,103,./TestDatasets/RealData/CHL1_S193_L001_R1_001.fastq.gz,./TestDatasets/RealData/CHL1_S193_L001_R2_001.fastq.gz,4.634728988229636
DI01,A09,GAATGTC,TTGGCAG,GSCP,0.971,175,./TestDatasets/RealData/CHL1_S193_L001_R1_001.fastq.gz,./TestDatasets/RealData/CHL1_S193_L001_R2_001.fastq.gz,5.1647859739235145
DI01,A10,ATCTCCA,ATGCCTG,VHCP,0.845,103,./TestDatasets/RealData/CHL1_S193_L001_R1_001.fastq.gz,./TestDatasets/RealData/CHL1_S193_L001_R2_001.fastq.gz,4.634728988229636
DI01,A11,GCGTTAT,TCCGAAG,VDCP,0.965,113,./TestDatasets/RealData/CHL1_S193_L001_R1_001.fastq.gz,./TestDatasets/RealData/CHL1_S193_L001_R2_001.fastq.gz,4.727387818712341
DI01,A12,TGCACCA,GGCTTAC,VACP,0.94,117,./TestDatasets/RealData/CHL1_S193_L001_R1_001.fastq.gz,./TestDatasets/RealData/CHL1_S193_L001_R2_001.fastq.gz,4.762173934797756
DI01,B01,TGCCTAT,AGTTGGC,VNCP,0.912,57,./TestDatasets/RealData/CHL1_S193_L001_R1_001.fastq.gz,./TestDatasets/RealData/CHL1_S193_L001_R2_001.fastq.gz,4.04305126783455
DI01,B02,AGGAATC,AACGATG,VGWP,0.937,189,./TestDatasets/RealData/CHL1_S193_L001_R1_001.fastq.gz,./TestDatasets/RealData/CHL1_S193_L001_R2_001.fastq.gz,5.241747015059643
DI01,B03,TCCACTG,ACTACCG,VGCP,0.996,242,./TestDatasets/RealData/CHL1_S193_L001_R1_001.fastq.gz,./TestDatasets/RealData/CHL1_S193_L001_R2_001.fastq.gz,5.488937726156687
DI01,B04,TTGTACC,GGTGTCT,GSCP,0.96,175,./TestDatasets/RealData/CHL1_S193_L001_R1_001.fastq.gz,./TestDatasets/RealData/CHL1_S193_L001_R2_001.fastq.gz,5.1647859739235145
DI01,B05,TTCGAGT,CCAGCTT,DDCP,0.932,132,./TestDatasets/RealData/CHL1_S193_L001_R1_001.fastq.gz,./TestDatasets/RealData/CHL1_S193_L001_R2_001.fastq.gz,4.882801922586371
DI01,B07,CAGTGCA,ACCATAC,VHWP,0.937,127,./TestDatasets/RealData/CHL1_S193_L001_R1_001.fastq.gz,./TestDatasets/RealData/CHL1_S193_L001_R2_001.fastq.gz,4.844187086458591
DI01,B08,TGCTGTC,GACGACT,CCCS,0.333,6,./TestDatasets/RealData/CHL1_S193_L001_R1_001.fastq.gz,./TestDatasets/RealData/CHL1_S193_L001_R2_001.fastq.gz,1.791759469228055
DI01,B09,CGCCATT,GTCACCT,GSCP,0.979,141,./TestDatasets/RealData/CHL1_S193_L001_R1_001.fastq.gz,./TestDatasets/RealData/CHL1_S193_L001_R2_001.fastq.gz,4.948759890378168
DI01,B10,GCCATGA,CGTGATG,VSWP,0.98,204,./TestDatasets/RealData/CHL1_S193_L001_R1_001.fastq.gz,./TestDatasets/RealData/CHL1_S193_L001_R2_001.fastq.gz,5.318119993844216
DI01,B11,CACAACG,GCTTCCT,VYCP,0.917,84,./TestDatasets/RealData/CHL1_S193_L001_R1_001.fastq.gz,./TestDatasets/RealData/CHL1_S193_L001_R2_001.fastq.gz,4.430816798843313
DI01,B12,CTTCGCT,TAGACGT,DNCP,0.962,78,./TestDatasets/RealData/CHL1_S193_L001_R1_001.fastq.gz,./TestDatasets/RealData/CHL1_S193_L001_R2_001.fastq.gz,4.356708826689592
DI01,C01,TCGTGAA,CGGACTT,DYCP,0.776,98,./TestDatasets/RealData/CHL1_S193_L001_R1_001.fastq.gz,./TestDatasets/RealData/CHL1_S193_L001_R2_001.fastq.gz,4.584967478670572
DI01,C02,TTATCGG,ACCGGAA,VSCP,0.983,173,./TestDatasets/RealData/CHL1_S193_L001_R1_001.fastq.gz,./TestDatasets/RealData/CHL1_S193_L001_R2_001.fastq.gz,5.153291594497779
DI01,C03,AGACCAT,CCGAAGT,DCQL,0.976,422,./TestDatasets/RealData/CHL1_S193_L001_R1_001.fastq.gz,./TestDatasets/RealData/CHL1_S193_L001_R2_001.fastq.gz,6.045005314036012
DI01,C04,ACATGAG,GTTATGG,DSWP,0.936,156,./TestDatasets/RealData/CHL1_S193_L001_R1_001.fastq.gz,./TestDatasets/RealData/CHL1_S193_L001_R2_001.fastq.gz,5.049856007249537
DI01,C05,ACGTACT,ATCCTCG,GCCP,0.974,265,./TestDatasets/RealData/CHL1_S193_L001_R1_001.fastq.gz,./TestDatasets/RealData/CHL1_S193_L001_R2_001.fastq.gz,5.579729825986222
DI01,C06,CACCTCA,CGAATAG,SMQL,1.0,152,./TestDatasets/RealData/CHL1_S193_L001_R1_001.fastq.gz,./TestDatasets/RealData/CHL1_S193_L001_R2_001.fastq.gz,5.0238805208462765
DI01,C07,GTTGGAG,TATCCGG,VRCP,0.979,238,./TestDatasets/RealData/CHL1_S193_L001_R1_001.fastq.gz,./TestDatasets/RealData/CHL1_S193_L001_R2_001.fastq.gz,5.472270673671475
DI01,C08,TGTTCTG,AGCAAGA,DCCP,0.97,298,./TestDatasets/RealData/CHL1_S193_L001_R1_001.fastq.gz,./TestDatasets/RealData/CHL1_S193_L001_R2_001.fastq.gz,5.697093486505405
DI01,C09,CTTACGT,TGTCGAC,GHWP,0.909,88,./TestDatasets/RealData/CHL1_S193_L001_R1_001.fastq.gz,./TestDatasets/RealData/CHL1_S193_L001_R2_001.fastq.gz,4.477336814478207
DI01,C10,GAGGTTG,TTCCATG,DACP,0.993,145,./TestDatasets/RealData/CHL1_S193_L001_R1_001.fastq.gz,./TestDatasets/RealData/CHL1_S193_L001_R2_001.fastq.gz,4.976733742420574
DI01,C11,ATGGACA,GCAATCG,GCWP,0.988,249,./TestDatasets/RealData/CHL1_S193_L001_R1_001.fastq.gz,./TestDatasets/RealData/CHL1_S193_L001_R2_001.fastq.gz,5.517452896464707
DI01,C12,ACACTGA,TGAGTGG,DACP,1.0,98,./TestDatasets/RealData/CHL1_S193_L001_R1_001.fastq.gz,./TestDatasets/RealData/CHL1_S193_L001_R2_001.fastq.gz,4.584967478670572
DI01,D01,ATCTGTG,TAGGAGA,GSCP,0.977,258,./TestDatasets/RealData/CHL1_S193_L001_R1_001.fastq.gz,./TestDatasets/RealData/CHL1_S193_L001_R2_001.fastq.gz,5.552959584921617
DI01,D02,AATGTGC,AGTCAGT,GDCP,0.943,88,./TestDatasets/RealData/CHL1_S193_L001_R1_001.fastq.gz,./TestDatasets/RealData/CHL1_S193_L001_R2_001.fastq.gz,4.477336814478207
DI01,D03,GAGTTGA,GTGCTGT,GGWP,0.979,142,./TestDatasets/RealData/CHL1_S193_L001_R1_001.fastq.gz,./TestDatasets/RealData/CHL1_S193_L001_R2_001.fastq.gz,4.955827057601261
DI01,D04,TTCTCAC,CAACAAC,VYCP,0.95,120,./TestDatasets/RealData/CHL1_S193_L001_R1_001.fastq.gz,./TestDatasets/RealData/CHL1_S193_L001_R2_001.fastq.gz,4.787491742782046
DI01,D05,TGAAGCG,AATAGCC,VSCP,0.977,177,./TestDatasets/RealData/CHL1_S193_L001_R1_001.fastq.gz,./TestDatasets/RealData/CHL1_S193_L001_R2_001.fastq.gz,5.176149732573829
DI01,D07,AGAGAAC,TGTGGTA,DNWP,0.947,57,./TestDatasets/RealData/CHL1_S193_L001_R1_001.fastq.gz,./TestDatasets/RealData/CHL1_S193_L001_R2_001.fastq.gz,4.04305126783455
DI01,D08,CAGAGTG,GCGTATG,VSCP,0.941,204,./TestDatasets/RealData/CHL1_S193_L001_R1_001.fastq.gz,./TestDatasets/RealData/CHL1_S193_L001_R2_001.fastq.gz,5.318119993844216
DI01,D09,TTCCGAA,AGTTACG,DHCP,0.937,95,./TestDatasets/RealData/CHL1_S193_L001_R1_001.fastq.gz,./TestDatasets/RealData/CHL1_S193_L001_R2_001.fastq.gz,4.553876891600541
DI01,D10,GTACGAC,TTCCTGC,CCWI,0.333,3,./TestDatasets/RealData/CHL1_S193_L001_R1_001.fastq.gz,./TestDatasets/RealData/CHL1_S193_L001_R2_001.fastq.gz,1.0986122886681098
DI01,D10,GTACGAC,TTCCTGC,CCGG,0.333,3,./TestDatasets/RealData/CHL1_S193_L001_R1_001.fastq.gz,./TestDatasets/RealData/CHL1_S193_L001_R2_001.fastq.gz,1.0986122886681098
DI01,D10,GTACGAC,TTCCTGC,CCAY,0.333,3,./TestDatasets/RealData/CHL1_S193_L001_R1_001.fastq.gz,./TestDatasets/RealData/CHL1_S193_L001_R2_001.fastq.gz,1.0986122886681098
DI01,D11,ACTCTTG,TATGTCG,DTCP,0.974,76,./TestDatasets/RealData/CHL1_S193_L001_R1_001.fastq.gz,./TestDatasets/RealData/CHL1_S193_L001_R2_001.fastq.gz,4.330733340286331
DI01,D12,CCAACCA,GGAGAGA,DCWP,0.979,188,./TestDatasets/RealData/CHL1_S193_L001_R1_001.fastq.gz,./TestDatasets/RealData/CHL1_S193_L001_R2_001.fastq.gz,5.236441962829949
DI01,E01,CTCTAGA,CCTTAGG,DNCP,0.922,51,./TestDatasets/RealData/CHL1_S193_L001_R1_001.fastq.gz,./TestDatasets/RealData/CHL1_S193_L001_R2_001.fastq.gz,3.9318256327243257
DI01,E02,AATCGGA,TGTATCC,VRWP,0.959,295,./TestDatasets/RealData/CHL1_S193_L001_R1_001.fastq.gz,./TestDatasets/RealData/CHL1_S193_L001_R2_001.fastq.gz,5.68697535633982
DI01,E03,CGTCCTA,CAACCTG,DPCP,0.957,115,./TestDatasets/RealData/CHL1_S193_L001_R1_001.fastq.gz,./TestDatasets/RealData/CHL1_S193_L001_R2_001.fastq.gz,4.74493212836325
DI01,E04,GGAATGT,CTGATGA,GGCP,0.972,252,./TestDatasets/RealData/CHL1_S193_L001_R1_001.fastq.gz,./TestDatasets/RealData/CHL1_S193_L001_R2_001.fastq.gz,5.529429087511423
DI01,E05,TCCAAGC,AAGACAG,DYCP,0.933,75,./TestDatasets/RealData/CHL1_S193_L001_R1_001.fastq.gz,./TestDatasets/RealData/CHL1_S193_L001_R2_001.fastq.gz,4.31748811353631
DI01,E06,GCACCTA,AGCTCGT,SMQL,0.993,268,./TestDatasets/RealData/CHL1_S193_L001_R1_001.fastq.gz,./TestDatasets/RealData/CHL1_S193_L001_R2_001.fastq.gz,5.5909869805108565
DI01,E07,TTGCGTT,GATTGCG,GCCP,0.987,153,./TestDatasets/RealData/CHL1_S193_L001_R1_001.fastq.gz,./TestDatasets/RealData/CHL1_S193_L001_R2_001.fastq.gz,5.030437921392435
DI01,E08,CAGGATT,TCCTTCA,VDCP,0.929,126,./TestDatasets/RealData/CHL1_S193_L001_R1_001.fastq.gz,./TestDatasets/RealData/CHL1_S193_L001_R2_001.fastq.gz,4.836281906951478
DI01,E09,CTGCATA,TCACAGG,DCCP,0.978,276,./TestDatasets/RealData/CHL1_S193_L001_R1_001.fastq.gz,./TestDatasets/RealData/CHL1_S193_L001_R2_001.fastq.gz,5.62040086571715
DI01,E10,CGTTGAG,AGAGCTG,VHCP,0.956,136,./TestDatasets/RealData/CHL1_S193_L001_R1_001.fastq.gz,./TestDatasets/RealData/CHL1_S193_L001_R2_001.fastq.gz,4.912654885736052
DI01,E11,TGCTACT,CCTCTGT,GYWP,0.959,98,./TestDatasets/RealData/CHL1_S193_L001_R1_001.fastq.gz,./TestDatasets/RealData/CHL1_S193_L001_R2_001.fastq.gz,4.584967478670572
DI01,E12,GTGATCC,CCTCGAA,GTCP,0.991,226,./TestDatasets/RealData/CHL1_S193_L001_R1_001.fastq.gz,./TestDatasets/RealData/CHL1_S193_L001_R2_001.fastq.gz,5.420534999272286
DI01,F01,GCATGGT,GTGTCTC,DDCP,0.927,96,./TestDatasets/RealData/CHL1_S193_L001_R1_001.fastq.gz,./TestDatasets/RealData/CHL1_S193_L001_R2_001.fastq.gz,4.564348191467836
DI01,F02,GTCGTTA,ATTGAGG,DHCP,0.955,133,./TestDatasets/RealData/CHL1_S193_L001_R1_001.fastq.gz,./TestDatasets/RealData/CHL1_S193_L001_R2_001.fastq.gz,4.890349128221754
DI01,F03,CCTGACA,GACAATC,GCCP,0.987,238,./TestDatasets/RealData/CHL1_S193_L001_R1_001.fastq.gz,./TestDatasets/RealData/CHL1_S193_L001_R2_001.fastq.gz,5.472270673671475
DI01,F04,AGTGTAG,CACTTGC,GSCP,0.969,262,./TestDatasets/RealData/CHL1_S193_L001_R1_001.fastq.gz,./TestDatasets/RealData/CHL1_S193_L001_R2_001.fastq.gz,5.568344503761097
DI01,F05,CGAGCAA,TGAACGC,DYCP,0.938,97,./TestDatasets/RealData/CHL1_S193_L001_R1_001.fastq.gz,./TestDatasets/RealData/CHL1_S193_L001_R2_001.fastq.gz,4.574710978503383
DI01,F06,CTACTCC,CGTAGCA,SMQL,1.0,1,./TestDatasets/RealData/CHL1_S193_L001_R1_001.fastq.gz,./TestDatasets/RealData/CHL1_S193_L001_R2_001.fastq.gz,0.0
DI01,F07,GATGCCA,AGGTTCC,DDWP,0.659,91,./TestDatasets/RealData/CHL1_S193_L001_R1_001.fastq.gz,./TestDatasets/RealData/CHL1_S193_L001_R2_001.fastq.gz,4.51085950651685
DI01,F08,GACCGAT,GTACACA,DDWP,0.962,79,./TestDatasets/RealData/CHL1_S193_L001_R1_001.fastq.gz,./TestDatasets/RealData/CHL1_S193_L001_R2_001.fastq.gz,4.3694478524670215
DI01,F09,ACGTTGG,GATAGGT,DNWP,0.974,77,./TestDatasets/RealData/CHL1_S193_L001_R1_001.fastq.gz,./TestDatasets/RealData/CHL1_S193_L001_R2_001.fastq.gz,4.343805421853684
DI01,F10,ATGAGCG,TAGCCTC,VAWP,0.965,142,./TestDatasets/RealData/CHL1_S193_L001_R1_001.fastq.gz,./TestDatasets/RealData/CHL1_S193_L001_R2_001.fastq.gz,4.955827057601261
DI01,F11,TACTCCG,TTCAGCC,GGCP,0.65,137,./TestDatasets/RealData/CHL1_S193_L001_R1_001.fastq.gz,./TestDatasets/RealData/CHL1_S193_L001_R2_001.fastq.gz,4.919980925828125
DI01,F12,GATTCAC,GGATTCA,VYWP,0.864,22,./TestDatasets/RealData/CHL1_S193_L001_R1_001.fastq.gz,./TestDatasets/RealData/CHL1_S193_L001_R2_001.fastq.gz,3.091042453358316
DI01,G01,ATGACGC,TGAGCCT,GPWP,0.961,230,./TestDatasets/RealData/CHL1_S193_L001_R1_001.fastq.gz,./TestDatasets/RealData/CHL1_S193_L001_R2_001.fastq.gz,5.438079308923196
DI01,G02,GGTTGTT,AACGCGA,RCWE,0.975,393,./TestDatasets/RealData/CHL1_S193_L001_R1_001.fastq.gz,./TestDatasets/RealData/CHL1_S193_L001_R2_001.fastq.gz,5.973809611869261
DI01,G03,GTACTTG,TCATTGC,RCCL,0.974,344,./TestDatasets/RealData/CHL1_S193_L001_R1_001.fastq.gz,./TestDatasets/RealData/CHL1_S193_L001_R2_001.fastq.gz,5.840641657373398
DI01,G04,TAGCAAG,AGCATCT,RCWV,0.967,123,./TestDatasets/RealData/CHL1_S193_L001_R1_001.fastq.gz,./TestDatasets/RealData/CHL1_S193_L001_R2_001.fastq.gz,4.812184355372417
DI01,G05,CTGCCAT,TTGGTCT,CCCY,0.625,8,./TestDatasets/RealData/CHL1_S193_L001_R1_001.fastq.gz,./TestDatasets/RealData/CHL1_S193_L001_R2_001.fastq.gz,2.0794415416798357
DI01,G06,GAGAACA,CAAGGAT,SMQL,0.997,301,./TestDatasets/RealData/CHL1_S193_L001_R1_001.fastq.gz,./TestDatasets/RealData/CHL1_S193_L001_R2_001.fastq.gz,5.707110264748875
DI01,G07,GTATAGC,AGACGTC,CCWV,0.98,149,./TestDatasets/RealData/CHL1_S193_L001_R1_001.fastq.gz,./TestDatasets/RealData/CHL1_S193_L001_R2_001.fastq.gz,5.003946305945459
DI01,G08,TGATGGA,AGGTCAA,CCCS,0.983,417,./TestDatasets/RealData/CHL1_S193_L001_R1_001.fastq.gz,./TestDatasets/RealData/CHL1_S193_L001_R2_001.fastq.gz,6.0330862217988015
DI01,G09,GGCAGTA,ATGCTAC,CCCS,0.987,383,./TestDatasets/RealData/CHL1_S193_L001_R1_001.fastq.gz,./TestDatasets/RealData/CHL1_S193_L001_R2_001.fastq.gz,5.948034989180646
DI01,G10,GAAGAAG,CTCTGAT,CCWS,0.982,339,./TestDatasets/RealData/CHL1_S193_L001_R1_001.fastq.gz,./TestDatasets/RealData/CHL1_S193_L001_R2_001.fastq.gz,5.82600010738045
DI01,G11,AGCGGTT,TCAAGTC,CCW*,0.983,594,./TestDatasets/RealData/CHL1_S193_L001_R1_001.fastq.gz,./TestDatasets/RealData/CHL1_S193_L001_R2_001.fastq.gz,6.386879319362645
DI01,G12,TAAGGCC,TCGAGCT,CCWV,0.951,123,./TestDatasets/RealData/CHL1_S193_L001_R1_001.fastq.gz,./TestDatasets/RealData/CHL1_S193_L001_R2_001.fastq.gz,4.812184355372417
DI01,H01,AACCTGT,ACAGTCT,RCCT,0.98,440,./TestDatasets/RealData/CHL1_S193_L001_R1_001.fastq.gz,./TestDatasets/RealData/CHL1_S193_L001_R2_001.fastq.gz,6.0867747269123065
DI01,H02,AGTACAC,CAGATAC,CCWT,0.979,429,./TestDatasets/RealData/CHL1_S193_L001_R1_001.fastq.gz,./TestDatasets/RealData/CHL1_S193_L001_R2_001.fastq.gz,6.061456918928017
DI01,H03,CTCGTAG,TACGTTC,RCCN,0.973,332,./TestDatasets/RealData/CHL1_S193_L001_R1_001.fastq.gz,./TestDatasets/RealData/CHL1_S193_L001_R2_001.fastq.gz,5.805134968916488
DI01,H05,CGATACC,CATCGTC,RCCH,0.984,192,./TestDatasets/RealData/CHL1_S193_L001_R1_001.fastq.gz,./TestDatasets/RealData/CHL1_S193_L001_R2_001.fastq.gz,5.2574953720277815
DI01,H06,TCGGCTA,TACGCAT,SMQL,1.0,1,./TestDatasets/RealData/CHL1_S193_L001_R1_001.fastq.gz,./TestDatasets/RealData/CHL1_S193_L001_R2_001.fastq.gz,0.0
DI01,H07,CGGTTGT,CTTAGAC,CCCT,1.0,13,./TestDatasets/RealData/CHL1_S193_L001_R1_001.fastq.gz,./TestDatasets/RealData/CHL1_S193_L001_R2_001.fastq.gz,2.5649493574615367
DI01,H08,ATTGCCT,AACTGAC,CCWL,0.982,496,./TestDatasets/RealData/CHL1_S193_L001_R1_001.fastq.gz,./TestDatasets/RealData/CHL1_S193_L001_R2_001.fastq.gz,6.206575926724928
DI01,H09,CATTCGA,ACTTGCA,CCWR,0.981,479,./TestDatasets/RealData/CHL1_S193_L001_R1_001.fastq.gz,./TestDatasets/RealData/CHL1_S193_L001_R2_001.fastq.gz,6.171700597410915
DI01,H10,GCACAAT,ACGCGAT,CCCS,0.964,251,./TestDatasets/RealData/CHL1_S193_L001_R1_001.fastq.gz,./TestDatasets/RealData/CHL1_S193_L001_R2_001.fastq.gz,5.5254529391317835
DI01,H11,GCAGTAA,TCGACAC,CCCM,0.985,338,./TestDatasets/RealData/CHL1_S193_L001_R1_001.fastq.gz,./TestDatasets/RealData/CHL1_S193_L001_R2_001.fastq.gz,5.823045895483019
