Plate,Well,F-BC,R-BC,VariantCombo,AlignmentFrequency,WellSeqDepth,R1,R2,logseqdepth
DI01,C01,TCGTGAA,CGGACTT,CYSS,1.0,15,./TestDatasets/ForwardAndReverseDisagree/Set2/TestData_R1_test.fastq,./TestDatasets/ForwardAndReverseDisagree/Set2/TestData_R2_test.fastq,2.70805020110221
DI01,C03,AGACCAT,CCGAAGT,SFYC,1.0,8,./TestDatasets/ForwardAndReverseDisagree/Set2/TestData_R1_test.fastq,./TestDatasets/ForwardAndReverseDisagree/Set2/TestData_R2_test.fastq,2.0794415416798357
DI01,C10,GAGGTTG,TTCCATG,FSSC,1.0,13,./TestDatasets/ForwardAndReverseDisagree/Set2/TestData_R1_test.fastq,./TestDatasets/ForwardAndReverseDisagree/Set2/TestData_R2_test.fastq,2.5649493574615367
DI01,D08,CAGAGTG,GCGTATG,LYSL,1.0,7,./TestDatasets/ForwardAndReverseDisagree/Set2/TestData_R1_test.fastq,./TestDatasets/ForwardAndReverseDisagree/Set2/TestData_R2_test.fastq,1.9459101490553132
DI01,E05,TCCAAGC,AAGACAG,SFLC,1.0,5,./TestDatasets/ForwardAndReverseDisagree/Set2/TestData_R1_test.fastq,./TestDatasets/ForwardAndReverseDisagree/Set2/TestData_R2_test.fastq,1.6094379124341003
DI01,E12,GTGATCC,CCTCGAA,SSYS,1.0,1,./TestDatasets/ForwardAndReverseDisagree/Set2/TestData_R1_test.fastq,./TestDatasets/ForwardAndReverseDisagree/Set2/TestData_R2_test.fastq,0.0
DI01,F05,CGAGCAA,TGAACGC,LSCF,1.0,1,./TestDatasets/ForwardAndReverseDisagree/Set2/TestData_R1_test.fastq,./TestDatasets/ForwardAndReverseDisagree/Set2/TestData_R2_test.fastq,0.0
DI01,G10,GAAGAAG,CTCTGAT,CSCY,1.0,9,./TestDatasets/ForwardAndReverseDisagree/Set2/TestData_R1_test.fastq,./TestDatasets/ForwardAndReverseDisagree/Set2/TestData_R2_test.fastq,2.1972245773362196
